2026-08-15 14:49:51,950 INFO o.a.j.u.JMeterUtils: Setting Locale to en_EN
2026-08-15 14:49:51,963 INFO o.a.j.JMeter: Loading user properties from: /opt/homebrew/Cellar/jmeter/5.6.3/libexec/bin/user.properties
2026-08-15 14:49:51,963 INFO o.a.j.JMeter: Loading system properties from: /opt/homebrew/Cellar/jmeter/5.6.3/libexec/bin/system.properties
2026-08-15 14:49:51,964 INFO o.a.j.JMeter: Loading additional properties from: tools/jmeter-user.properties
2026-08-15 14:49:51,964 INFO o.a.j.JMeter: Setting JMeter property: student.id=23127178
2026-08-15 14:49:51,964 INFO o.a.j.JMeter: Setting JMeter property: scenario=Soak
2026-08-15 14:49:51,967 INFO o.a.j.JMeter: Copyright (c) 1998-2024 The Apache Software Foundation
2026-08-15 14:49:51,967 INFO o.a.j.JMeter: Version 5.6.3
2026-08-15 14:49:51,967 INFO o.a.j.JMeter: java.version=21.0.12
2026-08-15 14:49:51,967 INFO o.a.j.JMeter: java.vm.name=OpenJDK 64-Bit Server VM
2026-08-15 14:49:51,967 INFO o.a.j.JMeter: os.name=Mac OS X
2026-08-15 14:49:51,967 INFO o.a.j.JMeter: os.arch=aarch64
2026-08-15 14:49:51,967 INFO o.a.j.JMeter: os.version=26.1
2026-08-15 14:49:51,967 INFO o.a.j.JMeter: file.encoding=UTF-8
2026-08-15 14:49:51,967 INFO o.a.j.JMeter: java.awt.headless=true
2026-08-15 14:49:51,967 INFO o.a.j.JMeter: Max memory     =1073741824
2026-08-15 14:49:51,967 INFO o.a.j.JMeter: Available Processors =12
2026-08-15 14:49:51,974 INFO o.a.j.JMeter: Default Locale=English (EN)
2026-08-15 14:49:51,974 INFO o.a.j.JMeter: JMeter  Locale=English (EN)
2026-08-15 14:49:51,974 INFO o.a.j.JMeter: JMeterHome=/opt/homebrew/Cellar/jmeter/5.6.3/libexec
2026-08-15 14:49:51,974 INFO o.a.j.JMeter: user.dir  =/Users/macos/Documents/HK3_Nam3/kiem_thu/HW05-Performance-Testing
2026-08-15 14:49:51,974 INFO o.a.j.JMeter: PWD       =/Users/macos/Documents/HK3_Nam3/kiem_thu/HW05-Performance-Testing
2026-08-15 14:49:51,979 INFO o.a.j.JMeter: IP: 169.254.242.70 Name: Le-Nhut-Duy.local FullName: le-nhut-duy.local
2026-08-15 14:49:51,986 INFO o.a.j.JMeter: Setting property 'jmeter.reportgenerator.outputdir' to:'/Users/macos/Documents/HK3_Nam3/kiem_thu/HW05-Performance-Testing/endurance/html/soak'
2026-08-15 14:49:51,991 INFO o.a.j.s.FileServer: Default base='/Users/macos/Documents/HK3_Nam3/kiem_thu/HW05-Performance-Testing'
2026-08-15 14:49:51,994 INFO o.a.j.s.FileServer: Set new base='/Users/macos/Documents/HK3_Nam3/kiem_thu/HW05-Performance-Testing/test-plans'
2026-08-15 14:49:52,088 INFO o.a.j.s.SaveService: Testplan (JMX) version: 2.2. Testlog (JTL) version: 2.2
2026-08-15 14:49:52,105 INFO o.a.j.s.SaveService: Using SaveService properties version 5.0
2026-08-15 14:49:52,106 INFO o.a.j.s.SaveService: Using SaveService properties file encoding UTF-8
2026-08-15 14:49:52,107 INFO o.a.j.s.SaveService: Loading file: test-plans/23127178_Soak_20260813.jmx
2026-08-15 14:49:52,138 INFO o.a.j.p.h.s.HTTPSamplerBase: Parser for text/html is org.apache.jmeter.protocol.http.parser.LagartoBasedHtmlParser
2026-08-15 14:49:52,138 INFO o.a.j.p.h.s.HTTPSamplerBase: Parser for application/xhtml+xml is org.apache.jmeter.protocol.http.parser.LagartoBasedHtmlParser
2026-08-15 14:49:52,138 INFO o.a.j.p.h.s.HTTPSamplerBase: Parser for application/xml is org.apache.jmeter.protocol.http.parser.LagartoBasedHtmlParser
2026-08-15 14:49:52,138 INFO o.a.j.p.h.s.HTTPSamplerBase: Parser for text/xml is org.apache.jmeter.protocol.http.parser.LagartoBasedHtmlParser
2026-08-15 14:49:52,138 INFO o.a.j.p.h.s.HTTPSamplerBase: Parser for text/vnd.wap.wml is org.apache.jmeter.protocol.http.parser.RegexpHTMLParser
2026-08-15 14:49:52,138 INFO o.a.j.p.h.s.HTTPSamplerBase: Parser for text/css is org.apache.jmeter.protocol.http.parser.CssParser
2026-08-15 14:49:52,167 INFO o.a.j.JMeter: Creating summariser <summary>
2026-08-15 14:49:52,169 INFO o.a.j.r.d.ReportGenerator: ReportGenerator will use for Parsing the separator: ','
2026-08-15 14:49:52,169 INFO o.a.j.r.d.ReportGenerator: Will generate report at end of test from  results file: endurance/jtl/23127178_Soak_20260815-144951.jtl
2026-08-15 14:49:52,169 INFO o.a.j.r.d.ReportGenerator: Reading report generator properties from: /opt/homebrew/Cellar/jmeter/5.6.3/libexec/bin/reportgenerator.properties
2026-08-15 14:49:52,170 INFO o.a.j.r.d.ReportGenerator: Merging with JMeter properties
2026-08-15 14:49:52,171 INFO o.a.j.r.c.ReportGeneratorConfiguration: Property 'jmeter.reportgenerator.temp_dir' not found, using default value 'temp' instead.
2026-08-15 14:49:52,172 INFO o.a.j.r.c.ReportGeneratorConfiguration: Property 'jmeter.reportgenerator.apdex_per_transaction' not found, using default value 'null' instead.
2026-08-15 14:49:52,172 INFO o.a.j.r.c.ReportGeneratorConfiguration: apdex_per_transaction is empty, not APDEX per transaction customization
2026-08-15 14:49:52,172 INFO o.a.j.r.c.ReportGeneratorConfiguration: Property 'jmeter.reportgenerator.sample_filter' not found, using default value 'null' instead.
2026-08-15 14:49:52,172 INFO o.a.j.r.c.ReportGeneratorConfiguration: Property 'jmeter.reportgenerator.report_title' not found, using default value 'null' instead.
2026-08-15 14:49:52,172 INFO o.a.j.r.c.ReportGeneratorConfiguration: Property 'jmeter.reportgenerator.start_date' not found, using default value 'null' instead.
2026-08-15 14:49:52,172 INFO o.a.j.r.c.ReportGeneratorConfiguration: Property 'jmeter.reportgenerator.end_date' not found, using default value 'null' instead.
2026-08-15 14:49:52,172 INFO o.a.j.r.c.ReportGeneratorConfiguration: Property 'jmeter.reportgenerator.date_format' not found, using default value 'null' instead.
2026-08-15 14:49:52,172 INFO o.a.j.r.c.ReportGeneratorConfiguration: Will use date range start date: null, end date: null
2026-08-15 14:49:52,174 INFO o.a.j.r.c.ReportGeneratorConfiguration: Property 'jmeter.reportgenerator.graph.totalTPS.exclude_controllers' not found, using default value 'false' instead.
2026-08-15 14:49:52,174 INFO o.a.j.r.c.ReportGeneratorConfiguration: Property 'jmeter.reportgenerator.graph.activeThreadsOverTime.exclude_controllers' not found, using default value 'false' instead.
2026-08-15 14:49:52,174 INFO o.a.j.r.c.ReportGeneratorConfiguration: Property 'jmeter.reportgenerator.graph.timeVsThreads.exclude_controllers' not found, using default value 'false' instead.
2026-08-15 14:49:52,174 INFO o.a.j.r.c.ReportGeneratorConfiguration: Property 'jmeter.reportgenerator.graph.responseTimeDistribution.exclude_controllers' not found, using default value 'false' instead.
2026-08-15 14:49:52,174 INFO o.a.j.r.c.ReportGeneratorConfiguration: Property 'jmeter.reportgenerator.graph.transactionsPerSecond.exclude_controllers' not found, using default value 'false' instead.
2026-08-15 14:49:52,174 INFO o.a.j.r.c.ReportGeneratorConfiguration: Property 'jmeter.reportgenerator.graph.responseTimePercentiles.exclude_controllers' not found, using default value 'false' instead.
2026-08-15 14:49:52,174 INFO o.a.j.r.c.ReportGeneratorConfiguration: Property 'jmeter.reportgenerator.graph.responseTimePercentilesOverTime.exclude_controllers' not found, using default value 'false' instead.
2026-08-15 14:49:52,174 INFO o.a.j.r.c.ReportGeneratorConfiguration: Property 'jmeter.reportgenerator.graph.responseTimesOverTime.exclude_controllers' not found, using default value 'false' instead.
2026-08-15 14:49:52,175 INFO o.a.j.r.c.ReportGeneratorConfiguration: Property 'jmeter.reportgenerator.graph.connectTimeOverTime.exclude_controllers' not found, using default value 'false' instead.
2026-08-15 14:49:52,175 INFO o.a.j.r.c.ReportGeneratorConfiguration: Property 'jmeter.reportgenerator.graph.latenciesOverTime.exclude_controllers' not found, using default value 'false' instead.
2026-08-15 14:49:52,175 INFO o.a.j.r.c.ReportGeneratorConfiguration: Property 'jmeter.reportgenerator.exporter.json.filters_only_sample_series' not found, using default value 'true' instead.
2026-08-15 14:49:52,175 INFO o.a.j.r.c.ReportGeneratorConfiguration: Property 'jmeter.reportgenerator.exporter.json.series_filter' not found, using default value '' instead.
2026-08-15 14:49:52,175 INFO o.a.j.r.c.ReportGeneratorConfiguration: Property 'jmeter.reportgenerator.exporter.json.show_controllers_only' not found, using default value 'false' instead.
2026-08-15 14:49:52,175 INFO o.a.j.r.c.ReportGeneratorConfiguration: Property 'jmeter.reportgenerator.exporter.html.filters_only_sample_series' not found, using default value 'true' instead.
2026-08-15 14:49:52,175 INFO o.a.j.r.c.ReportGeneratorConfiguration: Property 'jmeter.reportgenerator.exporter.html.series_filter' not found, using default value '' instead.
2026-08-15 14:49:52,175 INFO o.a.j.r.c.ReportGeneratorConfiguration: Property 'jmeter.reportgenerator.exporter.html.show_controllers_only' not found, using default value 'false' instead.
2026-08-15 14:49:52,181 INFO o.a.j.e.StandardJMeterEngine: Running the test!
2026-08-15 14:49:52,181 INFO o.a.j.s.SampleEvent: List of sample_variables: []
2026-08-15 14:49:52,181 INFO o.a.j.s.SampleEvent: List of sample_variables: []
2026-08-15 14:49:52,183 INFO o.a.j.e.u.CompoundVariable: Note: Function class names must contain the string: '.functions.'
2026-08-15 14:49:52,183 INFO o.a.j.e.u.CompoundVariable: Note: Function class names must not contain the string: '.gui.'
2026-08-15 14:49:52,201 INFO o.a.j.r.ClassFinder: Will scan jar /opt/homebrew/Cellar/jmeter/5.6.3/libexec/lib/ext/jmeter-plugins-manager-1.9.jar with filter ExtendsClassFilter [parents=[interface org.apache.jmeter.functions.Function], inner=false, contains=null, notContains=null]. Consider exposing JMeter plugins via META-INF/services, and add JMeter-Skip-Class-Scanning=true manifest attribute so JMeter can skip classfile scanning
2026-08-15 14:49:52,343 INFO o.a.j.JMeter: Running test (1786780192343)
2026-08-15 14:49:52,356 INFO o.a.j.e.StandardJMeterEngine: Starting ThreadGroup: 1 : Thread Group — soak
2026-08-15 14:49:52,356 INFO o.a.j.e.StandardJMeterEngine: Starting 20 threads for group Thread Group — soak.
2026-08-15 14:49:52,356 INFO o.a.j.e.StandardJMeterEngine: Thread will continue on error
2026-08-15 14:49:52,356 INFO o.a.j.t.ThreadGroup: Starting thread group... number=1 threads=20 ramp-up=60 delayedStart=false
2026-08-15 14:49:52,368 INFO o.a.j.t.JMeterThread: Thread started: Thread Group — soak 1-1
2026-08-15 14:49:52,368 INFO o.a.j.s.FileServer: Stored: data/orders.csv
2026-08-15 14:49:52,370 INFO o.a.j.t.ThreadGroup: Started thread group number 1
2026-08-15 14:49:52,371 INFO o.a.j.e.StandardJMeterEngine: Starting ThreadGroup: 2 : TG-lockout — nhanh account-lockout (2 VU)
2026-08-15 14:49:52,371 INFO o.a.j.e.StandardJMeterEngine: Starting 2 threads for group TG-lockout — nhanh account-lockout (2 VU).
2026-08-15 14:49:52,371 INFO o.a.j.e.StandardJMeterEngine: Thread will continue on error
2026-08-15 14:49:52,371 INFO o.a.j.t.ThreadGroup: Starting thread group... number=2 threads=2 ramp-up=1 delayedStart=false
2026-08-15 14:49:52,371 INFO o.a.j.t.ThreadGroup: Started thread group number 2
2026-08-15 14:49:52,371 INFO o.a.j.e.StandardJMeterEngine: All thread groups have been started
2026-08-15 14:49:52,376 INFO o.a.j.s.FileServer: Stored: data/products_import.csv
2026-08-15 14:49:52,376 INFO o.a.j.s.FileServer: Stored: data/users.csv
2026-08-15 14:49:52,762 INFO o.a.j.p.h.s.HTTPHCAbstractImpl: Local host = Le-Nhut-Duy.local
2026-08-15 14:49:52,765 INFO o.a.j.p.h.s.HTTPHC4Impl: HTTP request retry count = 0
2026-08-15 14:49:52,766 INFO o.a.j.s.SampleResult: Note: Sample TimeStamps are START times
2026-08-15 14:49:52,766 INFO o.a.j.s.SampleResult: sampleresult.default.encoding is set to UTF-8
2026-08-15 14:49:52,766 INFO o.a.j.s.SampleResult: sampleresult.useNanoTime=true
2026-08-15 14:49:52,766 INFO o.a.j.s.SampleResult: sampleresult.nanoThreadSleep=5000
2026-08-15 14:49:54,724 INFO o.a.j.u.JsseSSLManager: Using default SSL protocol: TLS
2026-08-15 14:49:54,724 INFO o.a.j.u.JsseSSLManager: SSL session context: per-thread
2026-08-15 14:49:55,369 INFO o.a.j.t.JMeterThread: Thread started: Thread Group — soak 1-2
2026-08-15 14:49:58,368 INFO o.a.j.t.JMeterThread: Thread started: Thread Group — soak 1-3
2026-08-15 14:50:00,062 INFO o.a.j.r.Summariser: summary +     44 in 00:00:08 =    5.7/s Avg:     5 Min:     1 Max:    18 Err:     0 (0.00%) Active: 3 Started: 3 Finished: 0
2026-08-15 14:50:01,365 INFO o.a.j.t.JMeterThread: Thread started: Thread Group — soak 1-4
2026-08-15 14:50:02,377 INFO o.a.j.t.JMeterThread: Thread started: TG-lockout — nhanh account-lockout (2 VU) 2-1
2026-08-15 14:50:02,378 INFO o.a.j.s.FileServer: Stored: data/users_lockout.csv
2026-08-15 14:50:02,880 INFO o.a.j.t.JMeterThread: Thread started: TG-lockout — nhanh account-lockout (2 VU) 2-2
2026-08-15 14:50:04,366 INFO o.a.j.t.JMeterThread: Thread started: Thread Group — soak 1-5
2026-08-15 14:50:07,367 INFO o.a.j.t.JMeterThread: Thread started: Thread Group — soak 1-6
2026-08-15 14:50:10,365 INFO o.a.j.t.JMeterThread: Thread started: Thread Group — soak 1-7
2026-08-15 14:50:13,366 INFO o.a.j.t.JMeterThread: Thread started: Thread Group — soak 1-8
2026-08-15 14:50:16,365 INFO o.a.j.t.JMeterThread: Thread started: Thread Group — soak 1-9
2026-08-15 14:50:19,361 INFO o.a.j.t.JMeterThread: Thread started: Thread Group — soak 1-10
2026-08-15 14:50:22,361 INFO o.a.j.t.JMeterThread: Thread started: Thread Group — soak 1-11
2026-08-15 14:50:25,360 INFO o.a.j.t.JMeterThread: Thread started: Thread Group — soak 1-12
2026-08-15 14:50:28,357 INFO o.a.j.t.JMeterThread: Thread started: Thread Group — soak 1-13
2026-08-15 14:50:30,004 INFO o.a.j.r.Summariser: summary +    806 in 00:00:30 =   26.9/s Avg:     3 Min:     0 Max:    27 Err:     0 (0.00%) Active: 15 Started: 15 Finished: 0
2026-08-15 14:50:30,005 INFO o.a.j.r.Summariser: summary =    850 in 00:00:38 =   22.6/s Avg:     3 Min:     0 Max:    27 Err:     0 (0.00%)
2026-08-15 14:50:31,360 INFO o.a.j.t.JMeterThread: Thread started: Thread Group — soak 1-14
2026-08-15 14:50:34,362 INFO o.a.j.t.JMeterThread: Thread started: Thread Group — soak 1-15
2026-08-15 14:50:37,363 INFO o.a.j.t.JMeterThread: Thread started: Thread Group — soak 1-16
2026-08-15 14:50:40,360 INFO o.a.j.t.JMeterThread: Thread started: Thread Group — soak 1-17
2026-08-15 14:50:43,362 INFO o.a.j.t.JMeterThread: Thread started: Thread Group — soak 1-18
2026-08-15 14:50:46,361 INFO o.a.j.t.JMeterThread: Thread started: Thread Group — soak 1-19
2026-08-15 14:50:49,359 INFO o.a.j.t.JMeterThread: Thread started: Thread Group — soak 1-20
2026-08-15 14:51:00,005 INFO o.a.j.r.Summariser: summary +   1725 in 00:00:30 =   57.5/s Avg:     3 Min:     0 Max:    39 Err:     0 (0.00%) Active: 22 Started: 22 Finished: 0
2026-08-15 14:51:00,006 INFO o.a.j.r.Summariser: summary =   2575 in 00:01:08 =   38.1/s Avg:     3 Min:     0 Max:    39 Err:     0 (0.00%)
2026-08-15 14:51:30,003 INFO o.a.j.r.Summariser: summary +   1979 in 00:00:30 =   66.0/s Avg:     2 Min:     0 Max:    26 Err:     0 (0.00%) Active: 22 Started: 22 Finished: 0
2026-08-15 14:51:30,005 INFO o.a.j.r.Summariser: summary =   4554 in 00:01:38 =   46.6/s Avg:     2 Min:     0 Max:    39 Err:     0 (0.00%)
2026-08-15 14:52:00,001 INFO o.a.j.r.Summariser: summary +   1977 in 00:00:30 =   65.9/s Avg:     2 Min:     0 Max:    31 Err:     0 (0.00%) Active: 22 Started: 22 Finished: 0
2026-08-15 14:52:00,001 INFO o.a.j.r.Summariser: summary =   6531 in 00:02:08 =   51.2/s Avg:     2 Min:     0 Max:    39 Err:     0 (0.00%)
2026-08-15 14:52:01,047 INFO o.a.j.t.JMeterThread: Thread finished: TG-lockout — nhanh account-lockout (2 VU) 2-1
2026-08-15 14:52:01,280 INFO o.a.j.t.JMeterThread: Thread finished: TG-lockout — nhanh account-lockout (2 VU) 2-2
2026-08-15 14:52:30,026 INFO o.a.j.r.Summariser: summary +   1972 in 00:00:30 =   65.7/s Avg:     2 Min:     0 Max:    16 Err:     0 (0.00%) Active: 20 Started: 22 Finished: 2
2026-08-15 14:52:30,027 INFO o.a.j.r.Summariser: summary =   8503 in 00:02:38 =   53.9/s Avg:     2 Min:     0 Max:    39 Err:     0 (0.00%)
2026-08-15 14:53:00,020 INFO o.a.j.r.Summariser: summary +   1953 in 00:00:30 =   65.1/s Avg:     2 Min:     0 Max:    86 Err:     0 (0.00%) Active: 20 Started: 22 Finished: 2
2026-08-15 14:53:00,021 INFO o.a.j.r.Summariser: summary =  10456 in 00:03:08 =   55.7/s Avg:     2 Min:     0 Max:    86 Err:     0 (0.00%)
2026-08-15 14:53:30,020 INFO o.a.j.r.Summariser: summary +   1963 in 00:00:30 =   65.4/s Avg:     2 Min:     0 Max:    21 Err:     0 (0.00%) Active: 20 Started: 22 Finished: 2
2026-08-15 14:53:30,021 INFO o.a.j.r.Summariser: summary =  12419 in 00:03:38 =   57.1/s Avg:     2 Min:     0 Max:    86 Err:     0 (0.00%)
2026-08-15 14:54:00,035 INFO o.a.j.r.Summariser: summary +   1953 in 00:00:30 =   65.1/s Avg:     2 Min:     0 Max:    30 Err:     0 (0.00%) Active: 20 Started: 22 Finished: 2
2026-08-15 14:54:00,037 INFO o.a.j.r.Summariser: summary =  14372 in 00:04:08 =   58.0/s Avg:     2 Min:     0 Max:    86 Err:     0 (0.00%)
2026-08-15 14:54:30,010 INFO o.a.j.r.Summariser: summary +   1968 in 00:00:30 =   65.7/s Avg:     2 Min:     0 Max:    33 Err:     0 (0.00%) Active: 20 Started: 22 Finished: 2
2026-08-15 14:54:30,011 INFO o.a.j.r.Summariser: summary =  16340 in 00:04:38 =   58.8/s Avg:     2 Min:     0 Max:    86 Err:     0 (0.00%)
2026-08-15 14:55:00,018 INFO o.a.j.r.Summariser: summary +   1951 in 00:00:30 =   65.0/s Avg:     2 Min:     0 Max:    43 Err:     0 (0.00%) Active: 20 Started: 22 Finished: 2
2026-08-15 14:55:00,020 INFO o.a.j.r.Summariser: summary =  18291 in 00:05:08 =   59.5/s Avg:     2 Min:     0 Max:    86 Err:     0 (0.00%)
2026-08-15 14:55:30,007 INFO o.a.j.r.Summariser: summary +   1952 in 00:00:30 =   65.1/s Avg:     2 Min:     0 Max:    24 Err:     0 (0.00%) Active: 20 Started: 22 Finished: 2
2026-08-15 14:55:30,012 INFO o.a.j.r.Summariser: summary =  20243 in 00:05:38 =   60.0/s Avg:     2 Min:     0 Max:    86 Err:     0 (0.00%)
2026-08-15 14:56:00,008 INFO o.a.j.r.Summariser: summary +   1980 in 00:00:30 =   66.0/s Avg:     2 Min:     0 Max:    44 Err:     0 (0.00%) Active: 20 Started: 22 Finished: 2
2026-08-15 14:56:00,009 INFO o.a.j.r.Summariser: summary =  22223 in 00:06:08 =   60.4/s Avg:     2 Min:     0 Max:    86 Err:     0 (0.00%)
2026-08-15 14:56:30,022 INFO o.a.j.r.Summariser: summary +   1964 in 00:00:30 =   65.4/s Avg:     2 Min:     0 Max:    12 Err:     0 (0.00%) Active: 20 Started: 22 Finished: 2
2026-08-15 14:56:30,024 INFO o.a.j.r.Summariser: summary =  24187 in 00:06:38 =   60.8/s Avg:     2 Min:     0 Max:    86 Err:     0 (0.00%)
2026-08-15 14:57:00,009 INFO o.a.j.r.Summariser: summary +   1941 in 00:00:30 =   64.7/s Avg:     2 Min:     0 Max:    43 Err:     0 (0.00%) Active: 20 Started: 22 Finished: 2
2026-08-15 14:57:00,011 INFO o.a.j.r.Summariser: summary =  26128 in 00:07:08 =   61.1/s Avg:     2 Min:     0 Max:    86 Err:     0 (0.00%)
2026-08-15 14:57:30,003 INFO o.a.j.r.Summariser: summary +   1948 in 00:00:30 =   64.9/s Avg:     2 Min:     0 Max:   119 Err:     0 (0.00%) Active: 20 Started: 22 Finished: 2
2026-08-15 14:57:30,005 INFO o.a.j.r.Summariser: summary =  28076 in 00:07:38 =   61.3/s Avg:     2 Min:     0 Max:   119 Err:     0 (0.00%)
2026-08-15 14:58:00,016 INFO o.a.j.r.Summariser: summary +   1958 in 00:00:30 =   65.2/s Avg:     2 Min:     0 Max:    38 Err:     0 (0.00%) Active: 20 Started: 22 Finished: 2
2026-08-15 14:58:00,017 INFO o.a.j.r.Summariser: summary =  30034 in 00:08:08 =   61.6/s Avg:     2 Min:     0 Max:   119 Err:     0 (0.00%)
2026-08-15 14:58:30,033 INFO o.a.j.r.Summariser: summary +   1961 in 00:00:30 =   65.3/s Avg:     2 Min:     0 Max:    30 Err:     0 (0.00%) Active: 20 Started: 22 Finished: 2
2026-08-15 14:58:30,034 INFO o.a.j.r.Summariser: summary =  31995 in 00:08:38 =   61.8/s Avg:     2 Min:     0 Max:   119 Err:     0 (0.00%)
2026-08-15 14:59:00,013 INFO o.a.j.r.Summariser: summary +   1977 in 00:00:30 =   65.9/s Avg:     2 Min:     0 Max:    24 Err:     0 (0.00%) Active: 20 Started: 22 Finished: 2
2026-08-15 14:59:00,014 INFO o.a.j.r.Summariser: summary =  33972 in 00:09:08 =   62.0/s Avg:     2 Min:     0 Max:   119 Err:     0 (0.00%)
2026-08-15 14:59:30,025 INFO o.a.j.r.Summariser: summary +   1955 in 00:00:30 =   65.1/s Avg:     2 Min:     0 Max:    35 Err:     0 (0.00%) Active: 20 Started: 22 Finished: 2
2026-08-15 14:59:30,027 INFO o.a.j.r.Summariser: summary =  35927 in 00:09:38 =   62.2/s Avg:     2 Min:     0 Max:   119 Err:     0 (0.00%)
2026-08-15 15:00:00,046 INFO o.a.j.r.Summariser: summary +   1969 in 00:00:30 =   65.6/s Avg:     2 Min:     0 Max:    51 Err:     0 (0.00%) Active: 20 Started: 22 Finished: 2
2026-08-15 15:00:00,047 INFO o.a.j.r.Summariser: summary =  37896 in 00:10:08 =   62.4/s Avg:     2 Min:     0 Max:   119 Err:     0 (0.00%)
2026-08-15 15:00:30,007 INFO o.a.j.r.Summariser: summary +   1956 in 00:00:30 =   65.3/s Avg:     3 Min:     0 Max:   155 Err:     0 (0.00%) Active: 20 Started: 22 Finished: 2
2026-08-15 15:00:30,008 INFO o.a.j.r.Summariser: summary =  39852 in 00:10:38 =   62.5/s Avg:     2 Min:     0 Max:   155 Err:     0 (0.00%)
2026-08-15 15:01:00,002 INFO o.a.j.r.Summariser: summary +   1959 in 00:00:30 =   65.3/s Avg:     2 Min:     0 Max:    12 Err:     0 (0.00%) Active: 20 Started: 22 Finished: 2
2026-08-15 15:01:00,003 INFO o.a.j.r.Summariser: summary =  41811 in 00:11:08 =   62.6/s Avg:     2 Min:     0 Max:   155 Err:     0 (0.00%)
2026-08-15 15:01:30,059 INFO o.a.j.r.Summariser: summary +   1961 in 00:00:30 =   65.2/s Avg:     2 Min:     0 Max:    70 Err:     0 (0.00%) Active: 20 Started: 22 Finished: 2
2026-08-15 15:01:30,060 INFO o.a.j.r.Summariser: summary =  43772 in 00:11:38 =   62.7/s Avg:     2 Min:     0 Max:   155 Err:     0 (0.00%)
2026-08-15 15:01:52,061 INFO o.a.j.t.JMeterThread: Thread finished: Thread Group — soak 1-11
2026-08-15 15:01:52,084 INFO o.a.j.t.JMeterThread: Thread finished: Thread Group — soak 1-20
2026-08-15 15:01:52,120 INFO o.a.j.t.JMeterThread: Thread finished: Thread Group — soak 1-9
2026-08-15 15:01:52,122 INFO o.a.j.t.JMeterThread: Thread finished: Thread Group — soak 1-4
2026-08-15 15:01:52,139 INFO o.a.j.t.JMeterThread: Thread finished: Thread Group — soak 1-13
2026-08-15 15:01:52,142 INFO o.a.j.t.JMeterThread: Thread finished: Thread Group — soak 1-1
2026-08-15 15:01:52,149 INFO o.a.j.t.JMeterThread: Thread finished: Thread Group — soak 1-15
2026-08-15 15:01:52,181 INFO o.a.j.t.JMeterThread: Thread finished: Thread Group — soak 1-3
2026-08-15 15:01:52,223 INFO o.a.j.t.JMeterThread: Thread finished: Thread Group — soak 1-8
2026-08-15 15:01:52,231 INFO o.a.j.t.JMeterThread: Thread finished: Thread Group — soak 1-2
2026-08-15 15:01:52,232 INFO o.a.j.t.JMeterThread: Thread finished: Thread Group — soak 1-18
2026-08-15 15:01:52,243 INFO o.a.j.t.JMeterThread: Thread finished: Thread Group — soak 1-12
2026-08-15 15:01:52,258 INFO o.a.j.t.JMeterThread: Thread finished: Thread Group — soak 1-19
2026-08-15 15:01:52,269 INFO o.a.j.t.JMeterThread: Thread finished: Thread Group — soak 1-16
2026-08-15 15:01:52,284 INFO o.a.j.t.JMeterThread: Thread finished: Thread Group — soak 1-17
2026-08-15 15:01:52,302 INFO o.a.j.t.JMeterThread: Thread finished: Thread Group — soak 1-14
2026-08-15 15:01:52,310 INFO o.a.j.t.JMeterThread: Thread finished: Thread Group — soak 1-7
2026-08-15 15:01:52,312 INFO o.a.j.t.JMeterThread: Thread finished: Thread Group — soak 1-5
2026-08-15 15:01:52,327 INFO o.a.j.t.JMeterThread: Thread finished: Thread Group — soak 1-6
2026-08-15 15:01:52,359 INFO o.a.j.t.JMeterThread: Thread finished: Thread Group — soak 1-10
2026-08-15 15:01:52,360 INFO o.a.j.e.StandardJMeterEngine: Notifying test listeners of end of test
2026-08-15 15:01:52,360 INFO o.a.j.s.FileServer: Close: data/products_import.csv
2026-08-15 15:01:52,360 INFO o.a.j.s.FileServer: Close: data/orders.csv
2026-08-15 15:01:52,360 INFO o.a.j.s.FileServer: Close: data/users.csv
2026-08-15 15:01:52,360 INFO o.a.j.s.FileServer: Close: data/users_lockout.csv
2026-08-15 15:01:52,377 INFO o.a.j.r.Summariser: summary +   1448 in 00:00:22 =   64.9/s Avg:     4 Min:     0 Max:   230 Err:     0 (0.00%) Active: 0 Started: 22 Finished: 22
2026-08-15 15:01:52,378 INFO o.a.j.r.Summariser: summary =  45220 in 00:12:00 =   62.8/s Avg:     2 Min:     0 Max:   230 Err:     0 (0.00%)
2026-08-15 15:01:52,379 INFO o.a.j.JMeter: Generating Dashboard
2026-08-15 15:01:52,379 INFO o.a.j.r.d.ReportGenerator: Flushing result collector before report Generation
2026-08-15 15:01:52,404 INFO o.a.j.r.p.NormalizerSampleConsumer: Using format, 'ms', to parse timeStamp field
2026-08-15 15:01:53,332 INFO o.a.j.r.p.AbstractSampleConsumer: class org.apache.jmeter.report.processor.AggregateConsumer#stopProducing(): beginDate produced 0 samples
2026-08-15 15:01:53,333 INFO o.a.j.r.p.AbstractSampleConsumer: class org.apache.jmeter.report.processor.AggregateConsumer#stopProducing(): endDate produced 0 samples
2026-08-15 15:01:53,334 INFO o.a.j.r.p.AbstractSampleConsumer: class org.apache.jmeter.report.processor.ApdexSummaryConsumer#stopProducing(): apdexSummary produced 0 samples
2026-08-15 15:01:53,334 INFO o.a.j.r.p.AbstractSampleConsumer: class org.apache.jmeter.report.processor.RequestsSummaryConsumer#stopProducing(): requestsSummary produced 0 samples
2026-08-15 15:01:53,348 INFO o.a.j.r.p.AbstractSampleConsumer: class org.apache.jmeter.report.processor.StatisticsSummaryConsumer#stopProducing(): statisticsSummary produced 0 samples
2026-08-15 15:01:53,354 INFO o.a.j.r.p.AbstractSampleConsumer: class org.apache.jmeter.report.processor.Top5ErrorsBySamplerConsumer#stopProducing(): top5ErrorsBySampler produced 0 samples
2026-08-15 15:01:53,354 INFO o.a.j.r.p.AbstractSampleConsumer: class org.apache.jmeter.report.processor.ErrorsSummaryConsumer#stopProducing(): errorsSummary produced 0 samples
2026-08-15 15:01:53,354 INFO o.a.j.r.p.AbstractSampleConsumer: class org.apache.jmeter.report.processor.graph.impl.HitsPerSecondGraphConsumer#stopProducing(): hitsPerSecond produced 0 samples
2026-08-15 15:01:53,676 INFO o.a.j.r.p.AbstractSampleConsumer: class org.apache.jmeter.report.processor.graph.impl.LatencyVSRequestGraphConsumer#stopProducing(): latencyVsRequest produced 0 samples
2026-08-15 15:01:53,678 INFO o.a.j.r.p.AbstractSampleConsumer: class org.apache.jmeter.report.processor.graph.impl.SyntheticResponseTimeDistributionGraphConsumer#stopProducing(): syntheticResponseTimeDistribution produced 0 samples
2026-08-15 15:01:53,679 INFO o.a.j.r.p.AbstractSampleConsumer: class org.apache.jmeter.report.processor.graph.impl.BytesThroughputGraphConsumer#stopProducing(): bytesThroughputOverTime produced 0 samples
2026-08-15 15:01:53,680 INFO o.a.j.r.p.AbstractSampleConsumer: class org.apache.jmeter.report.processor.graph.impl.CodesPerSecondGraphConsumer#stopProducing(): codesPerSecond produced 0 samples
2026-08-15 15:01:53,908 INFO o.a.j.r.p.AbstractSampleConsumer: class org.apache.jmeter.report.processor.graph.impl.ResponseTimeVSRequestGraphConsumer#stopProducing(): responseTimeVsRequest produced 0 samples
2026-08-15 15:01:53,911 INFO o.a.j.r.p.AbstractSampleConsumer: class org.apache.jmeter.report.processor.FilterConsumer#stopProducing(): startIntervalControlerFilter produced 316540 samples
2026-08-15 15:01:53,911 INFO o.a.j.r.p.AbstractSampleConsumer: class org.apache.jmeter.report.processor.graph.impl.TotalTPSGraphConsumer#stopProducing(): totalTPS produced 0 samples
2026-08-15 15:01:53,912 INFO o.a.j.r.p.AbstractSampleConsumer: class org.apache.jmeter.report.processor.graph.impl.ActiveThreadsGraphConsumer#stopProducing(): activeThreadsOverTime produced 0 samples
2026-08-15 15:01:53,913 INFO o.a.j.r.p.AbstractSampleConsumer: class org.apache.jmeter.report.processor.graph.impl.TimeVSThreadGraphConsumer#stopProducing(): timeVsThreads produced 0 samples
2026-08-15 15:01:53,913 INFO o.a.j.r.p.AbstractSampleConsumer: class org.apache.jmeter.report.processor.graph.impl.ResponseTimeDistributionGraphConsumer#stopProducing(): responseTimeDistribution produced 0 samples
2026-08-15 15:01:53,913 INFO o.a.j.r.p.AbstractSampleConsumer: class org.apache.jmeter.report.processor.graph.impl.TransactionsPerSecondGraphConsumer#stopProducing(): transactionsPerSecond produced 0 samples
2026-08-15 15:01:53,914 INFO o.a.j.r.p.AbstractSampleConsumer: class org.apache.jmeter.report.processor.graph.impl.ResponseTimePercentilesGraphConsumer#stopProducing(): responseTimePercentiles produced 0 samples
2026-08-15 15:01:53,917 INFO o.a.j.r.p.AbstractSampleConsumer: class org.apache.jmeter.report.processor.graph.impl.ResponseTimePercentilesOverTimeGraphConsumer#stopProducing(): responseTimePercentilesOverTime produced 0 samples
2026-08-15 15:01:53,925 INFO o.a.j.r.p.AbstractSampleConsumer: class org.apache.jmeter.report.processor.graph.impl.ResponseTimeOverTimeGraphConsumer#stopProducing(): responseTimesOverTime produced 0 samples
2026-08-15 15:01:53,927 INFO o.a.j.r.p.AbstractSampleConsumer: class org.apache.jmeter.report.processor.graph.impl.ConnectTimeOverTimeGraphConsumer#stopProducing(): connectTimeOverTime produced 0 samples
2026-08-15 15:01:53,928 INFO o.a.j.r.p.AbstractSampleConsumer: class org.apache.jmeter.report.processor.graph.impl.LatencyOverTimeGraphConsumer#stopProducing(): latenciesOverTime produced 0 samples
2026-08-15 15:01:53,930 INFO o.a.j.r.p.AbstractSampleConsumer: class org.apache.jmeter.report.processor.FilterConsumer#stopProducing(): nameFilter produced 678300 samples
2026-08-15 15:01:53,930 INFO o.a.j.r.p.AbstractSampleConsumer: class org.apache.jmeter.report.processor.FilterConsumer#stopProducing(): dateRangeFilter produced 135660 samples
2026-08-15 15:01:53,930 INFO o.a.j.r.p.AbstractSampleConsumer: class org.apache.jmeter.report.processor.NormalizerSampleConsumer#stopProducing(): normalizer produced 45220 samples
2026-08-15 15:01:53,930 INFO o.a.j.r.p.CsvFileSampleSource: produce(): 45220 samples produced in 1s 509 ms on channel 0
2026-08-15 15:01:53,931 INFO o.a.j.r.d.ReportGenerator: Exporting data using exporter:'json' of className:'org.apache.jmeter.report.dashboard.JsonExporter'
2026-08-15 15:01:53,989 INFO o.a.j.r.d.JsonExporter: Found data for consumer statisticsSummary in context
2026-08-15 15:01:53,989 INFO o.a.j.r.d.JsonExporter: Creating statistics for overall
2026-08-15 15:01:53,989 INFO o.a.j.r.d.JsonExporter: Creating statistics for other transactions
2026-08-15 15:01:53,990 INFO o.a.j.r.d.JsonExporter: Checking output folder
2026-08-15 15:01:53,990 INFO o.a.j.r.d.JsonExporter: Writing statistics JSON to /Users/macos/Documents/HK3_Nam3/kiem_thu/HW05-Performance-Testing/endurance/html/soak/statistics.json
2026-08-15 15:01:54,015 INFO o.a.j.r.d.ReportGenerator: Exporting data using exporter:'html' of className:'org.apache.jmeter.report.dashboard.HtmlTemplateExporter'
2026-08-15 15:01:54,017 INFO o.a.j.r.d.HtmlTemplateExporter: Will generate dashboard in folder: /Users/macos/Documents/HK3_Nam3/kiem_thu/HW05-Performance-Testing/endurance/html/soak
2026-08-15 15:01:54,106 INFO o.a.j.r.d.HtmlTemplateExporter: Report will be generated in: /Users/macos/Documents/HK3_Nam3/kiem_thu/HW05-Performance-Testing/endurance/html/soak, creating folder structure
2026-08-15 15:01:54,118 INFO o.a.j.r.d.TemplateVisitor: Copying folder from '/opt/homebrew/Cellar/jmeter/5.6.3/libexec/bin/report-template' to '/Users/macos/Documents/HK3_Nam3/kiem_thu/HW05-Performance-Testing/endurance/html/soak', got message: /Users/macos/Documents/HK3_Nam3/kiem_thu/HW05-Performance-Testing/endurance/html/soak, found non empty folder with following content [/Users/macos/Documents/HK3_Nam3/kiem_thu/HW05-Performance-Testing/endurance/html/soak/statistics.json], will be ignored
2026-08-15 15:01:54,264 INFO o.a.j.JMeter: Dashboard generated
