2026-08-13 13:35:16,709 INFO o.a.j.u.JMeterUtils: Setting Locale to en_EN
2026-08-13 13:35:16,725 INFO o.a.j.JMeter: Loading user properties from: /opt/homebrew/Cellar/jmeter/5.6.3/libexec/bin/user.properties
2026-08-13 13:35:16,726 INFO o.a.j.JMeter: Loading system properties from: /opt/homebrew/Cellar/jmeter/5.6.3/libexec/bin/system.properties
2026-08-13 13:35:16,726 INFO o.a.j.JMeter: Loading additional properties from: tools/jmeter-user.properties
2026-08-13 13:35:16,727 INFO o.a.j.JMeter: Setting JMeter property: student.id=23127178
2026-08-13 13:35:16,727 INFO o.a.j.JMeter: Setting JMeter property: scenario=Soak
2026-08-13 13:35:16,731 INFO o.a.j.JMeter: Copyright (c) 1998-2024 The Apache Software Foundation
2026-08-13 13:35:16,731 INFO o.a.j.JMeter: Version 5.6.3
2026-08-13 13:35:16,731 INFO o.a.j.JMeter: java.version=21.0.12
2026-08-13 13:35:16,731 INFO o.a.j.JMeter: java.vm.name=OpenJDK 64-Bit Server VM
2026-08-13 13:35:16,731 INFO o.a.j.JMeter: os.name=Mac OS X
2026-08-13 13:35:16,731 INFO o.a.j.JMeter: os.arch=aarch64
2026-08-13 13:35:16,731 INFO o.a.j.JMeter: os.version=26.1
2026-08-13 13:35:16,731 INFO o.a.j.JMeter: file.encoding=UTF-8
2026-08-13 13:35:16,731 INFO o.a.j.JMeter: java.awt.headless=true
2026-08-13 13:35:16,731 INFO o.a.j.JMeter: Max memory     =1073741824
2026-08-13 13:35:16,731 INFO o.a.j.JMeter: Available Processors =12
2026-08-13 13:35:16,738 INFO o.a.j.JMeter: Default Locale=English (EN)
2026-08-13 13:35:16,738 INFO o.a.j.JMeter: JMeter  Locale=English (EN)
2026-08-13 13:35:16,738 INFO o.a.j.JMeter: JMeterHome=/opt/homebrew/Cellar/jmeter/5.6.3/libexec
2026-08-13 13:35:16,738 INFO o.a.j.JMeter: user.dir  =/Users/macos/Documents/HK3_Nam3/kiem_thu/HW05-Performance-Testing
2026-08-13 13:35:16,738 INFO o.a.j.JMeter: PWD       =/Users/macos/Documents/HK3_Nam3/kiem_thu/HW05-Performance-Testing
2026-08-13 13:35:16,741 INFO o.a.j.JMeter: IP: 127.0.0.1 Name: Le-Nhut-Duy.local FullName: localhost
2026-08-13 13:35:16,749 INFO o.a.j.JMeter: Setting property 'jmeter.reportgenerator.outputdir' to:'/Users/macos/Documents/HK3_Nam3/kiem_thu/HW05-Performance-Testing/endurance/html/soak'
2026-08-13 13:35:16,751 INFO o.a.j.s.FileServer: Default base='/Users/macos/Documents/HK3_Nam3/kiem_thu/HW05-Performance-Testing'
2026-08-13 13:35:16,752 INFO o.a.j.s.FileServer: Set new base='/Users/macos/Documents/HK3_Nam3/kiem_thu/HW05-Performance-Testing/test-plans'
2026-08-13 13:35:16,849 INFO o.a.j.s.SaveService: Testplan (JMX) version: 2.2. Testlog (JTL) version: 2.2
2026-08-13 13:35:16,869 INFO o.a.j.s.SaveService: Using SaveService properties version 5.0
2026-08-13 13:35:16,870 INFO o.a.j.s.SaveService: Using SaveService properties file encoding UTF-8
2026-08-13 13:35:16,872 INFO o.a.j.s.SaveService: Loading file: test-plans/23127178_Soak_20260813.jmx
2026-08-13 13:35:16,908 INFO o.a.j.p.h.s.HTTPSamplerBase: Parser for text/html is org.apache.jmeter.protocol.http.parser.LagartoBasedHtmlParser
2026-08-13 13:35:16,908 INFO o.a.j.p.h.s.HTTPSamplerBase: Parser for application/xhtml+xml is org.apache.jmeter.protocol.http.parser.LagartoBasedHtmlParser
2026-08-13 13:35:16,908 INFO o.a.j.p.h.s.HTTPSamplerBase: Parser for application/xml is org.apache.jmeter.protocol.http.parser.LagartoBasedHtmlParser
2026-08-13 13:35:16,908 INFO o.a.j.p.h.s.HTTPSamplerBase: Parser for text/xml is org.apache.jmeter.protocol.http.parser.LagartoBasedHtmlParser
2026-08-13 13:35:16,908 INFO o.a.j.p.h.s.HTTPSamplerBase: Parser for text/vnd.wap.wml is org.apache.jmeter.protocol.http.parser.RegexpHTMLParser
2026-08-13 13:35:16,908 INFO o.a.j.p.h.s.HTTPSamplerBase: Parser for text/css is org.apache.jmeter.protocol.http.parser.CssParser
2026-08-13 13:35:16,941 INFO o.a.j.JMeter: Creating summariser <summary>
2026-08-13 13:35:16,943 INFO o.a.j.r.d.ReportGenerator: ReportGenerator will use for Parsing the separator: ','
2026-08-13 13:35:16,943 INFO o.a.j.r.d.ReportGenerator: Will generate report at end of test from  results file: endurance/jtl/23127178_Soak_20260813-133515.jtl
2026-08-13 13:35:16,943 INFO o.a.j.r.d.ReportGenerator: Reading report generator properties from: /opt/homebrew/Cellar/jmeter/5.6.3/libexec/bin/reportgenerator.properties
2026-08-13 13:35:16,944 INFO o.a.j.r.d.ReportGenerator: Merging with JMeter properties
2026-08-13 13:35:16,946 INFO o.a.j.r.c.ReportGeneratorConfiguration: Property 'jmeter.reportgenerator.temp_dir' not found, using default value 'temp' instead.
2026-08-13 13:35:16,946 INFO o.a.j.r.c.ReportGeneratorConfiguration: Property 'jmeter.reportgenerator.apdex_per_transaction' not found, using default value 'null' instead.
2026-08-13 13:35:16,946 INFO o.a.j.r.c.ReportGeneratorConfiguration: apdex_per_transaction is empty, not APDEX per transaction customization
2026-08-13 13:35:16,947 INFO o.a.j.r.c.ReportGeneratorConfiguration: Property 'jmeter.reportgenerator.sample_filter' not found, using default value 'null' instead.
2026-08-13 13:35:16,947 INFO o.a.j.r.c.ReportGeneratorConfiguration: Property 'jmeter.reportgenerator.report_title' not found, using default value 'null' instead.
2026-08-13 13:35:16,947 INFO o.a.j.r.c.ReportGeneratorConfiguration: Property 'jmeter.reportgenerator.start_date' not found, using default value 'null' instead.
2026-08-13 13:35:16,947 INFO o.a.j.r.c.ReportGeneratorConfiguration: Property 'jmeter.reportgenerator.end_date' not found, using default value 'null' instead.
2026-08-13 13:35:16,947 INFO o.a.j.r.c.ReportGeneratorConfiguration: Property 'jmeter.reportgenerator.date_format' not found, using default value 'null' instead.
2026-08-13 13:35:16,947 INFO o.a.j.r.c.ReportGeneratorConfiguration: Will use date range start date: null, end date: null
2026-08-13 13:35:16,949 INFO o.a.j.r.c.ReportGeneratorConfiguration: Property 'jmeter.reportgenerator.graph.totalTPS.exclude_controllers' not found, using default value 'false' instead.
2026-08-13 13:35:16,949 INFO o.a.j.r.c.ReportGeneratorConfiguration: Property 'jmeter.reportgenerator.graph.activeThreadsOverTime.exclude_controllers' not found, using default value 'false' instead.
2026-08-13 13:35:16,949 INFO o.a.j.r.c.ReportGeneratorConfiguration: Property 'jmeter.reportgenerator.graph.timeVsThreads.exclude_controllers' not found, using default value 'false' instead.
2026-08-13 13:35:16,949 INFO o.a.j.r.c.ReportGeneratorConfiguration: Property 'jmeter.reportgenerator.graph.responseTimeDistribution.exclude_controllers' not found, using default value 'false' instead.
2026-08-13 13:35:16,949 INFO o.a.j.r.c.ReportGeneratorConfiguration: Property 'jmeter.reportgenerator.graph.transactionsPerSecond.exclude_controllers' not found, using default value 'false' instead.
2026-08-13 13:35:16,949 INFO o.a.j.r.c.ReportGeneratorConfiguration: Property 'jmeter.reportgenerator.graph.responseTimePercentiles.exclude_controllers' not found, using default value 'false' instead.
2026-08-13 13:35:16,949 INFO o.a.j.r.c.ReportGeneratorConfiguration: Property 'jmeter.reportgenerator.graph.responseTimePercentilesOverTime.exclude_controllers' not found, using default value 'false' instead.
2026-08-13 13:35:16,949 INFO o.a.j.r.c.ReportGeneratorConfiguration: Property 'jmeter.reportgenerator.graph.responseTimesOverTime.exclude_controllers' not found, using default value 'false' instead.
2026-08-13 13:35:16,949 INFO o.a.j.r.c.ReportGeneratorConfiguration: Property 'jmeter.reportgenerator.graph.connectTimeOverTime.exclude_controllers' not found, using default value 'false' instead.
2026-08-13 13:35:16,950 INFO o.a.j.r.c.ReportGeneratorConfiguration: Property 'jmeter.reportgenerator.graph.latenciesOverTime.exclude_controllers' not found, using default value 'false' instead.
2026-08-13 13:35:16,950 INFO o.a.j.r.c.ReportGeneratorConfiguration: Property 'jmeter.reportgenerator.exporter.json.filters_only_sample_series' not found, using default value 'true' instead.
2026-08-13 13:35:16,950 INFO o.a.j.r.c.ReportGeneratorConfiguration: Property 'jmeter.reportgenerator.exporter.json.series_filter' not found, using default value '' instead.
2026-08-13 13:35:16,950 INFO o.a.j.r.c.ReportGeneratorConfiguration: Property 'jmeter.reportgenerator.exporter.json.show_controllers_only' not found, using default value 'false' instead.
2026-08-13 13:35:16,950 INFO o.a.j.r.c.ReportGeneratorConfiguration: Property 'jmeter.reportgenerator.exporter.html.filters_only_sample_series' not found, using default value 'true' instead.
2026-08-13 13:35:16,950 INFO o.a.j.r.c.ReportGeneratorConfiguration: Property 'jmeter.reportgenerator.exporter.html.series_filter' not found, using default value '' instead.
2026-08-13 13:35:16,950 INFO o.a.j.r.c.ReportGeneratorConfiguration: Property 'jmeter.reportgenerator.exporter.html.show_controllers_only' not found, using default value 'false' instead.
2026-08-13 13:35:16,956 INFO o.a.j.e.StandardJMeterEngine: Running the test!
2026-08-13 13:35:16,956 INFO o.a.j.s.SampleEvent: List of sample_variables: []
2026-08-13 13:35:16,956 INFO o.a.j.s.SampleEvent: List of sample_variables: []
2026-08-13 13:35:16,958 INFO o.a.j.e.u.CompoundVariable: Note: Function class names must contain the string: '.functions.'
2026-08-13 13:35:16,958 INFO o.a.j.e.u.CompoundVariable: Note: Function class names must not contain the string: '.gui.'
2026-08-13 13:35:16,979 INFO o.a.j.r.ClassFinder: Will scan jar /opt/homebrew/Cellar/jmeter/5.6.3/libexec/lib/ext/jmeter-plugins-manager-1.9.jar with filter ExtendsClassFilter [parents=[interface org.apache.jmeter.functions.Function], inner=false, contains=null, notContains=null]. Consider exposing JMeter plugins via META-INF/services, and add JMeter-Skip-Class-Scanning=true manifest attribute so JMeter can skip classfile scanning
2026-08-13 13:35:17,138 INFO o.a.j.JMeter: Running test (1786602917138)
2026-08-13 13:35:17,149 INFO o.a.j.e.StandardJMeterEngine: Starting ThreadGroup: 1 : Thread Group — soak
2026-08-13 13:35:17,150 INFO o.a.j.e.StandardJMeterEngine: Starting 20 threads for group Thread Group — soak.
2026-08-13 13:35:17,150 INFO o.a.j.e.StandardJMeterEngine: Thread will continue on error
2026-08-13 13:35:17,150 INFO o.a.j.t.ThreadGroup: Starting thread group... number=1 threads=20 ramp-up=60 delayedStart=false
2026-08-13 13:35:17,160 INFO o.a.j.t.JMeterThread: Thread started: Thread Group — soak 1-1
2026-08-13 13:35:17,160 INFO o.a.j.s.FileServer: Stored: data/orders.csv
2026-08-13 13:35:17,162 INFO o.a.j.t.ThreadGroup: Started thread group number 1
2026-08-13 13:35:17,163 INFO o.a.j.e.StandardJMeterEngine: Starting ThreadGroup: 2 : TG-lockout — nhanh account-lockout (2 VU)
2026-08-13 13:35:17,163 INFO o.a.j.e.StandardJMeterEngine: Starting 2 threads for group TG-lockout — nhanh account-lockout (2 VU).
2026-08-13 13:35:17,163 INFO o.a.j.e.StandardJMeterEngine: Thread will continue on error
2026-08-13 13:35:17,163 INFO o.a.j.t.ThreadGroup: Starting thread group... number=2 threads=2 ramp-up=1 delayedStart=false
2026-08-13 13:35:17,163 INFO o.a.j.t.ThreadGroup: Started thread group number 2
2026-08-13 13:35:17,163 INFO o.a.j.e.StandardJMeterEngine: All thread groups have been started
2026-08-13 13:35:17,169 INFO o.a.j.s.FileServer: Stored: data/products_import.csv
2026-08-13 13:35:17,169 INFO o.a.j.s.FileServer: Stored: data/users.csv
2026-08-13 13:35:17,490 INFO o.a.j.p.h.s.HTTPHCAbstractImpl: Local host = Le-Nhut-Duy.local
2026-08-13 13:35:17,494 INFO o.a.j.p.h.s.HTTPHC4Impl: HTTP request retry count = 0
2026-08-13 13:35:17,495 INFO o.a.j.s.SampleResult: Note: Sample TimeStamps are START times
2026-08-13 13:35:17,495 INFO o.a.j.s.SampleResult: sampleresult.default.encoding is set to UTF-8
2026-08-13 13:35:17,495 INFO o.a.j.s.SampleResult: sampleresult.useNanoTime=true
2026-08-13 13:35:17,495 INFO o.a.j.s.SampleResult: sampleresult.nanoThreadSleep=5000
2026-08-13 13:35:19,639 INFO o.a.j.u.JsseSSLManager: Using default SSL protocol: TLS
2026-08-13 13:35:19,639 INFO o.a.j.u.JsseSSLManager: SSL session context: per-thread
2026-08-13 13:35:20,162 INFO o.a.j.t.JMeterThread: Thread started: Thread Group — soak 1-2
2026-08-13 13:35:23,161 INFO o.a.j.t.JMeterThread: Thread started: Thread Group — soak 1-3
2026-08-13 13:35:26,157 INFO o.a.j.t.JMeterThread: Thread started: Thread Group — soak 1-4
2026-08-13 13:35:27,168 INFO o.a.j.t.JMeterThread: Thread started: TG-lockout — nhanh account-lockout (2 VU) 2-1
2026-08-13 13:35:27,170 INFO o.a.j.s.FileServer: Stored: data/users_lockout.csv
2026-08-13 13:35:27,670 INFO o.a.j.t.JMeterThread: Thread started: TG-lockout — nhanh account-lockout (2 VU) 2-2
2026-08-13 13:35:29,157 INFO o.a.j.t.JMeterThread: Thread started: Thread Group — soak 1-5
2026-08-13 13:35:30,029 INFO o.a.j.r.Summariser: summary +    104 in 00:00:13 =    8.1/s Avg:     4 Min:     1 Max:    47 Err:     0 (0.00%) Active: 7 Started: 7 Finished: 0
2026-08-13 13:35:32,158 INFO o.a.j.t.JMeterThread: Thread started: Thread Group — soak 1-6
2026-08-13 13:35:35,158 INFO o.a.j.t.JMeterThread: Thread started: Thread Group — soak 1-7
2026-08-13 13:35:38,160 INFO o.a.j.t.JMeterThread: Thread started: Thread Group — soak 1-8
2026-08-13 13:35:41,155 INFO o.a.j.t.JMeterThread: Thread started: Thread Group — soak 1-9
2026-08-13 13:35:44,159 INFO o.a.j.t.JMeterThread: Thread started: Thread Group — soak 1-10
2026-08-13 13:35:47,158 INFO o.a.j.t.JMeterThread: Thread started: Thread Group — soak 1-11
2026-08-13 13:35:50,157 INFO o.a.j.t.JMeterThread: Thread started: Thread Group — soak 1-12
2026-08-13 13:35:53,151 INFO o.a.j.t.JMeterThread: Thread started: Thread Group — soak 1-13
2026-08-13 13:35:56,156 INFO o.a.j.t.JMeterThread: Thread started: Thread Group — soak 1-14
2026-08-13 13:35:59,153 INFO o.a.j.t.JMeterThread: Thread started: Thread Group — soak 1-15
2026-08-13 13:36:00,085 INFO o.a.j.r.Summariser: summary +    980 in 00:00:30 =   32.6/s Avg:     2 Min:     0 Max:    18 Err:     0 (0.00%) Active: 17 Started: 17 Finished: 0
2026-08-13 13:36:00,086 INFO o.a.j.r.Summariser: summary =   1084 in 00:00:43 =   25.2/s Avg:     3 Min:     0 Max:    47 Err:     0 (0.00%)
2026-08-13 13:36:02,156 INFO o.a.j.t.JMeterThread: Thread started: Thread Group — soak 1-16
2026-08-13 13:36:05,152 INFO o.a.j.t.JMeterThread: Thread started: Thread Group — soak 1-17
2026-08-13 13:36:08,154 INFO o.a.j.t.JMeterThread: Thread started: Thread Group — soak 1-18
2026-08-13 13:36:11,155 INFO o.a.j.t.JMeterThread: Thread started: Thread Group — soak 1-19
2026-08-13 13:36:14,156 INFO o.a.j.t.JMeterThread: Thread started: Thread Group — soak 1-20
2026-08-13 13:36:30,003 INFO o.a.j.r.Summariser: summary +   1858 in 00:00:30 =   62.1/s Avg:     2 Min:     0 Max:    33 Err:     0 (0.00%) Active: 22 Started: 22 Finished: 0
2026-08-13 13:36:30,004 INFO o.a.j.r.Summariser: summary =   2942 in 00:01:13 =   40.4/s Avg:     2 Min:     0 Max:    47 Err:     0 (0.00%)
2026-08-13 13:37:00,028 INFO o.a.j.r.Summariser: summary +   1979 in 00:00:30 =   65.9/s Avg:     2 Min:     0 Max:    47 Err:     0 (0.00%) Active: 22 Started: 22 Finished: 0
2026-08-13 13:37:00,030 INFO o.a.j.r.Summariser: summary =   4921 in 00:01:43 =   47.8/s Avg:     2 Min:     0 Max:    47 Err:     0 (0.00%)
2026-08-13 13:37:26,599 INFO o.a.j.t.JMeterThread: Thread finished: TG-lockout — nhanh account-lockout (2 VU) 2-2
2026-08-13 13:37:26,850 INFO o.a.j.t.JMeterThread: Thread finished: TG-lockout — nhanh account-lockout (2 VU) 2-1
2026-08-13 13:37:30,010 INFO o.a.j.r.Summariser: summary +   1991 in 00:00:30 =   66.4/s Avg:     2 Min:     0 Max:    38 Err:     0 (0.00%) Active: 20 Started: 22 Finished: 2
2026-08-13 13:37:30,011 INFO o.a.j.r.Summariser: summary =   6912 in 00:02:13 =   52.0/s Avg:     2 Min:     0 Max:    47 Err:     0 (0.00%)
2026-08-13 13:38:00,031 INFO o.a.j.r.Summariser: summary +   1956 in 00:00:30 =   65.2/s Avg:     2 Min:     0 Max:    29 Err:     0 (0.00%) Active: 20 Started: 22 Finished: 2
2026-08-13 13:38:00,033 INFO o.a.j.r.Summariser: summary =   8868 in 00:02:43 =   54.4/s Avg:     2 Min:     0 Max:    47 Err:     0 (0.00%)
2026-08-13 13:38:30,026 INFO o.a.j.r.Summariser: summary +   1978 in 00:00:30 =   66.0/s Avg:     3 Min:     0 Max:   160 Err:     0 (0.00%) Active: 20 Started: 22 Finished: 2
2026-08-13 13:38:30,030 INFO o.a.j.r.Summariser: summary =  10846 in 00:03:13 =   56.2/s Avg:     2 Min:     0 Max:   160 Err:     0 (0.00%)
2026-08-13 13:39:00,016 INFO o.a.j.r.Summariser: summary +   1978 in 00:00:30 =   65.9/s Avg:     2 Min:     0 Max:    62 Err:     0 (0.00%) Active: 20 Started: 22 Finished: 2
2026-08-13 13:39:00,018 INFO o.a.j.r.Summariser: summary =  12824 in 00:03:43 =   57.5/s Avg:     2 Min:     0 Max:   160 Err:     0 (0.00%)
2026-08-13 13:39:30,027 INFO o.a.j.r.Summariser: summary +   1964 in 00:00:30 =   65.5/s Avg:     3 Min:     0 Max:    93 Err:     0 (0.00%) Active: 20 Started: 22 Finished: 2
2026-08-13 13:39:30,030 INFO o.a.j.r.Summariser: summary =  14788 in 00:04:13 =   58.5/s Avg:     2 Min:     0 Max:   160 Err:     0 (0.00%)
2026-08-13 13:40:00,005 INFO o.a.j.r.Summariser: summary +   1964 in 00:00:30 =   65.5/s Avg:     3 Min:     0 Max:    87 Err:     0 (0.00%) Active: 20 Started: 22 Finished: 2
2026-08-13 13:40:00,006 INFO o.a.j.r.Summariser: summary =  16752 in 00:04:43 =   59.2/s Avg:     2 Min:     0 Max:   160 Err:     0 (0.00%)
2026-08-13 13:40:30,035 INFO o.a.j.r.Summariser: summary +   1965 in 00:00:30 =   65.4/s Avg:     2 Min:     0 Max:    41 Err:     0 (0.00%) Active: 20 Started: 22 Finished: 2
2026-08-13 13:40:30,037 INFO o.a.j.r.Summariser: summary =  18717 in 00:05:13 =   59.8/s Avg:     2 Min:     0 Max:   160 Err:     0 (0.00%)
2026-08-13 13:41:00,004 INFO o.a.j.r.Summariser: summary +   1960 in 00:00:30 =   65.4/s Avg:     2 Min:     0 Max:    18 Err:     0 (0.00%) Active: 20 Started: 22 Finished: 2
2026-08-13 13:41:00,005 INFO o.a.j.r.Summariser: summary =  20677 in 00:05:43 =   60.3/s Avg:     2 Min:     0 Max:   160 Err:     0 (0.00%)
2026-08-13 13:41:30,040 INFO o.a.j.r.Summariser: summary +   1956 in 00:00:30 =   65.1/s Avg:     3 Min:     0 Max:    65 Err:     0 (0.00%) Active: 20 Started: 22 Finished: 2
2026-08-13 13:41:30,042 INFO o.a.j.r.Summariser: summary =  22633 in 00:06:13 =   60.7/s Avg:     2 Min:     0 Max:   160 Err:     0 (0.00%)
2026-08-13 13:42:00,058 INFO o.a.j.r.Summariser: summary +   1949 in 00:00:30 =   64.9/s Avg:     3 Min:     0 Max:    46 Err:     0 (0.00%) Active: 20 Started: 22 Finished: 2
2026-08-13 13:42:00,060 INFO o.a.j.r.Summariser: summary =  24582 in 00:06:43 =   61.0/s Avg:     2 Min:     0 Max:   160 Err:     0 (0.00%)
2026-08-13 13:42:30,028 INFO o.a.j.r.Summariser: summary +   1951 in 00:00:30 =   65.1/s Avg:     2 Min:     0 Max:    48 Err:     0 (0.00%) Active: 20 Started: 22 Finished: 2
2026-08-13 13:42:30,029 INFO o.a.j.r.Summariser: summary =  26533 in 00:07:13 =   61.3/s Avg:     2 Min:     0 Max:   160 Err:     0 (0.00%)
2026-08-13 13:43:00,057 INFO o.a.j.r.Summariser: summary +   1973 in 00:00:30 =   65.7/s Avg:     2 Min:     0 Max:    93 Err:     0 (0.00%) Active: 20 Started: 22 Finished: 2
2026-08-13 13:43:00,060 INFO o.a.j.r.Summariser: summary =  28506 in 00:07:43 =   61.6/s Avg:     2 Min:     0 Max:   160 Err:     0 (0.00%)
2026-08-13 13:43:30,063 INFO o.a.j.r.Summariser: summary +   1971 in 00:00:30 =   65.7/s Avg:     2 Min:     0 Max:    59 Err:     0 (0.00%) Active: 20 Started: 22 Finished: 2
2026-08-13 13:43:30,064 INFO o.a.j.r.Summariser: summary =  30477 in 00:08:13 =   61.8/s Avg:     2 Min:     0 Max:   160 Err:     0 (0.00%)
2026-08-13 13:44:00,008 INFO o.a.j.r.Summariser: summary +   1973 in 00:00:30 =   65.9/s Avg:     2 Min:     0 Max:    28 Err:     0 (0.00%) Active: 20 Started: 22 Finished: 2
2026-08-13 13:44:00,012 INFO o.a.j.r.Summariser: summary =  32450 in 00:08:43 =   62.1/s Avg:     2 Min:     0 Max:   160 Err:     0 (0.00%)
2026-08-13 13:44:30,029 INFO o.a.j.r.Summariser: summary +   1978 in 00:00:30 =   65.9/s Avg:     2 Min:     0 Max:    27 Err:     0 (0.00%) Active: 20 Started: 22 Finished: 2
2026-08-13 13:44:30,030 INFO o.a.j.r.Summariser: summary =  34428 in 00:09:13 =   62.3/s Avg:     2 Min:     0 Max:   160 Err:     0 (0.00%)
2026-08-13 13:45:00,020 INFO o.a.j.r.Summariser: summary +   1958 in 00:00:30 =   65.3/s Avg:     2 Min:     0 Max:    63 Err:     0 (0.00%) Active: 20 Started: 22 Finished: 2
2026-08-13 13:45:00,021 INFO o.a.j.r.Summariser: summary =  36386 in 00:09:43 =   62.4/s Avg:     2 Min:     0 Max:   160 Err:     0 (0.00%)
2026-08-13 13:45:30,024 INFO o.a.j.r.Summariser: summary +   1966 in 00:00:30 =   65.5/s Avg:     2 Min:     0 Max:    36 Err:     0 (0.00%) Active: 20 Started: 22 Finished: 2
2026-08-13 13:45:30,026 INFO o.a.j.r.Summariser: summary =  38352 in 00:10:13 =   62.6/s Avg:     2 Min:     0 Max:   160 Err:     0 (0.00%)
2026-08-13 13:46:00,027 INFO o.a.j.r.Summariser: summary +   1962 in 00:00:30 =   65.4/s Avg:     2 Min:     0 Max:    43 Err:     0 (0.00%) Active: 20 Started: 22 Finished: 2
2026-08-13 13:46:00,029 INFO o.a.j.r.Summariser: summary =  40314 in 00:10:43 =   62.7/s Avg:     2 Min:     0 Max:   160 Err:     0 (0.00%)
2026-08-13 13:46:30,068 INFO o.a.j.r.Summariser: summary +   1968 in 00:00:30 =   65.5/s Avg:     2 Min:     0 Max:    35 Err:     0 (0.00%) Active: 20 Started: 22 Finished: 2
2026-08-13 13:46:30,069 INFO o.a.j.r.Summariser: summary =  42282 in 00:11:13 =   62.8/s Avg:     2 Min:     0 Max:   160 Err:     0 (0.00%)
2026-08-13 13:47:00,008 INFO o.a.j.r.Summariser: summary +   1967 in 00:00:30 =   65.7/s Avg:     2 Min:     0 Max:    18 Err:     0 (0.00%) Active: 20 Started: 22 Finished: 2
2026-08-13 13:47:00,010 INFO o.a.j.r.Summariser: summary =  44249 in 00:11:43 =   63.0/s Avg:     2 Min:     0 Max:   160 Err:     0 (0.00%)
2026-08-13 13:47:16,772 INFO o.a.j.t.JMeterThread: Thread finished: Thread Group — soak 1-8
2026-08-13 13:47:16,791 INFO o.a.j.t.JMeterThread: Thread finished: Thread Group — soak 1-1
2026-08-13 13:47:16,822 INFO o.a.j.t.JMeterThread: Thread finished: Thread Group — soak 1-4
2026-08-13 13:47:16,837 INFO o.a.j.t.JMeterThread: Thread finished: Thread Group — soak 1-10
2026-08-13 13:47:16,855 INFO o.a.j.t.JMeterThread: Thread finished: Thread Group — soak 1-13
2026-08-13 13:47:16,879 INFO o.a.j.t.JMeterThread: Thread finished: Thread Group — soak 1-7
2026-08-13 13:47:16,948 INFO o.a.j.t.JMeterThread: Thread finished: Thread Group — soak 1-19
2026-08-13 13:47:16,956 INFO o.a.j.t.JMeterThread: Thread finished: Thread Group — soak 1-2
2026-08-13 13:47:16,956 INFO o.a.j.t.JMeterThread: Thread finished: Thread Group — soak 1-14
2026-08-13 13:47:17,012 INFO o.a.j.t.JMeterThread: Thread finished: Thread Group — soak 1-11
2026-08-13 13:47:17,020 INFO o.a.j.t.JMeterThread: Thread finished: Thread Group — soak 1-17
2026-08-13 13:47:17,033 INFO o.a.j.t.JMeterThread: Thread finished: Thread Group — soak 1-15
2026-08-13 13:47:17,039 INFO o.a.j.t.JMeterThread: Thread finished: Thread Group — soak 1-12
2026-08-13 13:47:17,039 INFO o.a.j.t.JMeterThread: Thread finished: Thread Group — soak 1-3
2026-08-13 13:47:17,087 INFO o.a.j.t.JMeterThread: Thread finished: Thread Group — soak 1-9
2026-08-13 13:47:17,090 INFO o.a.j.t.JMeterThread: Thread finished: Thread Group — soak 1-5
2026-08-13 13:47:17,097 INFO o.a.j.t.JMeterThread: Thread finished: Thread Group — soak 1-6
2026-08-13 13:47:17,100 INFO o.a.j.t.JMeterThread: Thread finished: Thread Group — soak 1-16
2026-08-13 13:47:17,120 INFO o.a.j.t.JMeterThread: Thread finished: Thread Group — soak 1-18
2026-08-13 13:47:17,146 INFO o.a.j.t.JMeterThread: Thread finished: Thread Group — soak 1-20
2026-08-13 13:47:17,147 INFO o.a.j.e.StandardJMeterEngine: Notifying test listeners of end of test
2026-08-13 13:47:17,147 INFO o.a.j.s.FileServer: Close: data/products_import.csv
2026-08-13 13:47:17,147 INFO o.a.j.s.FileServer: Close: data/orders.csv
2026-08-13 13:47:17,148 INFO o.a.j.s.FileServer: Close: data/users.csv
2026-08-13 13:47:17,148 INFO o.a.j.s.FileServer: Close: data/users_lockout.csv
2026-08-13 13:47:17,168 INFO o.a.j.r.Summariser: summary +   1116 in 00:00:17 =   65.0/s Avg:     2 Min:     0 Max:    17 Err:     0 (0.00%) Active: 0 Started: 22 Finished: 22
2026-08-13 13:47:17,168 INFO o.a.j.r.Summariser: summary =  45365 in 00:12:00 =   63.0/s Avg:     2 Min:     0 Max:   160 Err:     0 (0.00%)
2026-08-13 13:47:17,169 INFO o.a.j.JMeter: Generating Dashboard
2026-08-13 13:47:17,169 INFO o.a.j.r.d.ReportGenerator: Flushing result collector before report Generation
2026-08-13 13:47:17,197 INFO o.a.j.r.p.NormalizerSampleConsumer: Using format, 'ms', to parse timeStamp field
2026-08-13 13:47:17,981 INFO o.a.j.r.p.AbstractSampleConsumer: class org.apache.jmeter.report.processor.AggregateConsumer#stopProducing(): beginDate produced 0 samples
2026-08-13 13:47:17,981 INFO o.a.j.r.p.AbstractSampleConsumer: class org.apache.jmeter.report.processor.AggregateConsumer#stopProducing(): endDate produced 0 samples
2026-08-13 13:47:17,983 INFO o.a.j.r.p.AbstractSampleConsumer: class org.apache.jmeter.report.processor.ApdexSummaryConsumer#stopProducing(): apdexSummary produced 0 samples
2026-08-13 13:47:17,983 INFO o.a.j.r.p.AbstractSampleConsumer: class org.apache.jmeter.report.processor.RequestsSummaryConsumer#stopProducing(): requestsSummary produced 0 samples
2026-08-13 13:47:17,996 INFO o.a.j.r.p.AbstractSampleConsumer: class org.apache.jmeter.report.processor.StatisticsSummaryConsumer#stopProducing(): statisticsSummary produced 0 samples
2026-08-13 13:47:17,999 INFO o.a.j.r.p.AbstractSampleConsumer: class org.apache.jmeter.report.processor.Top5ErrorsBySamplerConsumer#stopProducing(): top5ErrorsBySampler produced 0 samples
2026-08-13 13:47:17,999 INFO o.a.j.r.p.AbstractSampleConsumer: class org.apache.jmeter.report.processor.ErrorsSummaryConsumer#stopProducing(): errorsSummary produced 0 samples
2026-08-13 13:47:17,999 INFO o.a.j.r.p.AbstractSampleConsumer: class org.apache.jmeter.report.processor.graph.impl.HitsPerSecondGraphConsumer#stopProducing(): hitsPerSecond produced 0 samples
2026-08-13 13:47:18,241 INFO o.a.j.r.p.AbstractSampleConsumer: class org.apache.jmeter.report.processor.graph.impl.LatencyVSRequestGraphConsumer#stopProducing(): latencyVsRequest produced 0 samples
2026-08-13 13:47:18,243 INFO o.a.j.r.p.AbstractSampleConsumer: class org.apache.jmeter.report.processor.graph.impl.SyntheticResponseTimeDistributionGraphConsumer#stopProducing(): syntheticResponseTimeDistribution produced 0 samples
2026-08-13 13:47:18,244 INFO o.a.j.r.p.AbstractSampleConsumer: class org.apache.jmeter.report.processor.graph.impl.BytesThroughputGraphConsumer#stopProducing(): bytesThroughputOverTime produced 0 samples
2026-08-13 13:47:18,246 INFO o.a.j.r.p.AbstractSampleConsumer: class org.apache.jmeter.report.processor.graph.impl.CodesPerSecondGraphConsumer#stopProducing(): codesPerSecond produced 0 samples
2026-08-13 13:47:18,442 INFO o.a.j.r.p.AbstractSampleConsumer: class org.apache.jmeter.report.processor.graph.impl.ResponseTimeVSRequestGraphConsumer#stopProducing(): responseTimeVsRequest produced 0 samples
2026-08-13 13:47:18,443 INFO o.a.j.r.p.AbstractSampleConsumer: class org.apache.jmeter.report.processor.FilterConsumer#stopProducing(): startIntervalControlerFilter produced 317555 samples
2026-08-13 13:47:18,443 INFO o.a.j.r.p.AbstractSampleConsumer: class org.apache.jmeter.report.processor.graph.impl.TotalTPSGraphConsumer#stopProducing(): totalTPS produced 0 samples
2026-08-13 13:47:18,443 INFO o.a.j.r.p.AbstractSampleConsumer: class org.apache.jmeter.report.processor.graph.impl.ActiveThreadsGraphConsumer#stopProducing(): activeThreadsOverTime produced 0 samples
2026-08-13 13:47:18,444 INFO o.a.j.r.p.AbstractSampleConsumer: class org.apache.jmeter.report.processor.graph.impl.TimeVSThreadGraphConsumer#stopProducing(): timeVsThreads produced 0 samples
2026-08-13 13:47:18,444 INFO o.a.j.r.p.AbstractSampleConsumer: class org.apache.jmeter.report.processor.graph.impl.ResponseTimeDistributionGraphConsumer#stopProducing(): responseTimeDistribution produced 0 samples
2026-08-13 13:47:18,444 INFO o.a.j.r.p.AbstractSampleConsumer: class org.apache.jmeter.report.processor.graph.impl.TransactionsPerSecondGraphConsumer#stopProducing(): transactionsPerSecond produced 0 samples
2026-08-13 13:47:18,447 INFO o.a.j.r.p.AbstractSampleConsumer: class org.apache.jmeter.report.processor.graph.impl.ResponseTimePercentilesGraphConsumer#stopProducing(): responseTimePercentiles produced 0 samples
2026-08-13 13:47:18,448 INFO o.a.j.r.p.AbstractSampleConsumer: class org.apache.jmeter.report.processor.graph.impl.ResponseTimePercentilesOverTimeGraphConsumer#stopProducing(): responseTimePercentilesOverTime produced 0 samples
2026-08-13 13:47:18,494 INFO o.a.j.r.p.AbstractSampleConsumer: class org.apache.jmeter.report.processor.graph.impl.ResponseTimeOverTimeGraphConsumer#stopProducing(): responseTimesOverTime produced 0 samples
2026-08-13 13:47:18,496 INFO o.a.j.r.p.AbstractSampleConsumer: class org.apache.jmeter.report.processor.graph.impl.ConnectTimeOverTimeGraphConsumer#stopProducing(): connectTimeOverTime produced 0 samples
2026-08-13 13:47:18,497 INFO o.a.j.r.p.AbstractSampleConsumer: class org.apache.jmeter.report.processor.graph.impl.LatencyOverTimeGraphConsumer#stopProducing(): latenciesOverTime produced 0 samples
2026-08-13 13:47:18,499 INFO o.a.j.r.p.AbstractSampleConsumer: class org.apache.jmeter.report.processor.FilterConsumer#stopProducing(): nameFilter produced 680475 samples
2026-08-13 13:47:18,499 INFO o.a.j.r.p.AbstractSampleConsumer: class org.apache.jmeter.report.processor.FilterConsumer#stopProducing(): dateRangeFilter produced 136095 samples
2026-08-13 13:47:18,499 INFO o.a.j.r.p.AbstractSampleConsumer: class org.apache.jmeter.report.processor.NormalizerSampleConsumer#stopProducing(): normalizer produced 45365 samples
2026-08-13 13:47:18,499 INFO o.a.j.r.p.CsvFileSampleSource: produce(): 45365 samples produced in 1s 282 ms on channel 0
2026-08-13 13:47:18,499 INFO o.a.j.r.d.ReportGenerator: Exporting data using exporter:'json' of className:'org.apache.jmeter.report.dashboard.JsonExporter'
2026-08-13 13:47:18,553 INFO o.a.j.r.d.JsonExporter: Found data for consumer statisticsSummary in context
2026-08-13 13:47:18,553 INFO o.a.j.r.d.JsonExporter: Creating statistics for overall
2026-08-13 13:47:18,553 INFO o.a.j.r.d.JsonExporter: Creating statistics for other transactions
2026-08-13 13:47:18,553 INFO o.a.j.r.d.JsonExporter: Checking output folder
2026-08-13 13:47:18,553 INFO o.a.j.r.d.JsonExporter: Writing statistics JSON to /Users/macos/Documents/HK3_Nam3/kiem_thu/HW05-Performance-Testing/endurance/html/soak/statistics.json
2026-08-13 13:47:18,576 INFO o.a.j.r.d.ReportGenerator: Exporting data using exporter:'html' of className:'org.apache.jmeter.report.dashboard.HtmlTemplateExporter'
2026-08-13 13:47:18,577 INFO o.a.j.r.d.HtmlTemplateExporter: Will generate dashboard in folder: /Users/macos/Documents/HK3_Nam3/kiem_thu/HW05-Performance-Testing/endurance/html/soak
2026-08-13 13:47:18,656 INFO o.a.j.r.d.HtmlTemplateExporter: Report will be generated in: /Users/macos/Documents/HK3_Nam3/kiem_thu/HW05-Performance-Testing/endurance/html/soak, creating folder structure
2026-08-13 13:47:18,673 INFO o.a.j.r.d.TemplateVisitor: Copying folder from '/opt/homebrew/Cellar/jmeter/5.6.3/libexec/bin/report-template' to '/Users/macos/Documents/HK3_Nam3/kiem_thu/HW05-Performance-Testing/endurance/html/soak', got message: /Users/macos/Documents/HK3_Nam3/kiem_thu/HW05-Performance-Testing/endurance/html/soak, found non empty folder with following content [/Users/macos/Documents/HK3_Nam3/kiem_thu/HW05-Performance-Testing/endurance/html/soak/statistics.json], will be ignored
2026-08-13 13:47:18,826 INFO o.a.j.JMeter: Dashboard generated
