2026-08-15 15:52:40,976 INFO o.a.j.u.JMeterUtils: Setting Locale to en_EN
2026-08-15 15:52:40,989 INFO o.a.j.JMeter: Loading user properties from: /opt/homebrew/Cellar/jmeter/5.6.3/libexec/bin/user.properties
2026-08-15 15:52:40,990 INFO o.a.j.JMeter: Loading system properties from: /opt/homebrew/Cellar/jmeter/5.6.3/libexec/bin/system.properties
2026-08-15 15:52:40,990 INFO o.a.j.JMeter: Loading additional properties from: tools/jmeter-user.properties
2026-08-15 15:52:40,991 INFO o.a.j.JMeter: Setting JMeter property: student.id=23127178
2026-08-15 15:52:40,991 INFO o.a.j.JMeter: Setting JMeter property: scenario=Soak
2026-08-15 15:52:40,993 INFO o.a.j.JMeter: Copyright (c) 1998-2024 The Apache Software Foundation
2026-08-15 15:52:40,993 INFO o.a.j.JMeter: Version 5.6.3
2026-08-15 15:52:40,993 INFO o.a.j.JMeter: java.version=21.0.12
2026-08-15 15:52:40,993 INFO o.a.j.JMeter: java.vm.name=OpenJDK 64-Bit Server VM
2026-08-15 15:52:40,993 INFO o.a.j.JMeter: os.name=Mac OS X
2026-08-15 15:52:40,993 INFO o.a.j.JMeter: os.arch=aarch64
2026-08-15 15:52:40,994 INFO o.a.j.JMeter: os.version=26.1
2026-08-15 15:52:40,994 INFO o.a.j.JMeter: file.encoding=UTF-8
2026-08-15 15:52:40,994 INFO o.a.j.JMeter: java.awt.headless=true
2026-08-15 15:52:40,994 INFO o.a.j.JMeter: Max memory     =1073741824
2026-08-15 15:52:40,994 INFO o.a.j.JMeter: Available Processors =12
2026-08-15 15:52:41,000 INFO o.a.j.JMeter: Default Locale=English (EN)
2026-08-15 15:52:41,000 INFO o.a.j.JMeter: JMeter  Locale=English (EN)
2026-08-15 15:52:41,000 INFO o.a.j.JMeter: JMeterHome=/opt/homebrew/Cellar/jmeter/5.6.3/libexec
2026-08-15 15:52:41,000 INFO o.a.j.JMeter: user.dir  =/Users/macos/Documents/HK3_Nam3/kiem_thu/HW05-Performance-Testing
2026-08-15 15:52:41,000 INFO o.a.j.JMeter: PWD       =/Users/macos/Documents/HK3_Nam3/kiem_thu/HW05-Performance-Testing
2026-08-15 15:52:41,004 INFO o.a.j.JMeter: IP: 192.168.0.125 Name: Le-Nhut-Duy.local FullName: 192.168.0.125
2026-08-15 15:52:41,010 INFO o.a.j.JMeter: Setting property 'jmeter.reportgenerator.outputdir' to:'/Users/macos/Documents/HK3_Nam3/kiem_thu/HW05-Performance-Testing/endurance/html/soak'
2026-08-15 15:52:41,012 INFO o.a.j.s.FileServer: Default base='/Users/macos/Documents/HK3_Nam3/kiem_thu/HW05-Performance-Testing'
2026-08-15 15:52:41,013 INFO o.a.j.s.FileServer: Set new base='/Users/macos/Documents/HK3_Nam3/kiem_thu/HW05-Performance-Testing/test-plans'
2026-08-15 15:52:41,102 INFO o.a.j.s.SaveService: Testplan (JMX) version: 2.2. Testlog (JTL) version: 2.2
2026-08-15 15:52:41,121 INFO o.a.j.s.SaveService: Using SaveService properties version 5.0
2026-08-15 15:52:41,123 INFO o.a.j.s.SaveService: Using SaveService properties file encoding UTF-8
2026-08-15 15:52:41,124 INFO o.a.j.s.SaveService: Loading file: test-plans/23127178_Soak_20260813.jmx
2026-08-15 15:52:41,156 INFO o.a.j.p.h.s.HTTPSamplerBase: Parser for text/html is org.apache.jmeter.protocol.http.parser.LagartoBasedHtmlParser
2026-08-15 15:52:41,157 INFO o.a.j.p.h.s.HTTPSamplerBase: Parser for application/xhtml+xml is org.apache.jmeter.protocol.http.parser.LagartoBasedHtmlParser
2026-08-15 15:52:41,157 INFO o.a.j.p.h.s.HTTPSamplerBase: Parser for application/xml is org.apache.jmeter.protocol.http.parser.LagartoBasedHtmlParser
2026-08-15 15:52:41,157 INFO o.a.j.p.h.s.HTTPSamplerBase: Parser for text/xml is org.apache.jmeter.protocol.http.parser.LagartoBasedHtmlParser
2026-08-15 15:52:41,157 INFO o.a.j.p.h.s.HTTPSamplerBase: Parser for text/vnd.wap.wml is org.apache.jmeter.protocol.http.parser.RegexpHTMLParser
2026-08-15 15:52:41,157 INFO o.a.j.p.h.s.HTTPSamplerBase: Parser for text/css is org.apache.jmeter.protocol.http.parser.CssParser
2026-08-15 15:52:41,186 INFO o.a.j.JMeter: Creating summariser <summary>
2026-08-15 15:52:41,188 INFO o.a.j.r.d.ReportGenerator: ReportGenerator will use for Parsing the separator: ','
2026-08-15 15:52:41,188 INFO o.a.j.r.d.ReportGenerator: Will generate report at end of test from  results file: endurance/jtl/23127178_Soak_20260815-155240.jtl
2026-08-15 15:52:41,188 INFO o.a.j.r.d.ReportGenerator: Reading report generator properties from: /opt/homebrew/Cellar/jmeter/5.6.3/libexec/bin/reportgenerator.properties
2026-08-15 15:52:41,189 INFO o.a.j.r.d.ReportGenerator: Merging with JMeter properties
2026-08-15 15:52:41,191 INFO o.a.j.r.c.ReportGeneratorConfiguration: Property 'jmeter.reportgenerator.temp_dir' not found, using default value 'temp' instead.
2026-08-15 15:52:41,191 INFO o.a.j.r.c.ReportGeneratorConfiguration: Property 'jmeter.reportgenerator.apdex_per_transaction' not found, using default value 'null' instead.
2026-08-15 15:52:41,191 INFO o.a.j.r.c.ReportGeneratorConfiguration: apdex_per_transaction is empty, not APDEX per transaction customization
2026-08-15 15:52:41,191 INFO o.a.j.r.c.ReportGeneratorConfiguration: Property 'jmeter.reportgenerator.sample_filter' not found, using default value 'null' instead.
2026-08-15 15:52:41,191 INFO o.a.j.r.c.ReportGeneratorConfiguration: Property 'jmeter.reportgenerator.report_title' not found, using default value 'null' instead.
2026-08-15 15:52:41,191 INFO o.a.j.r.c.ReportGeneratorConfiguration: Property 'jmeter.reportgenerator.start_date' not found, using default value 'null' instead.
2026-08-15 15:52:41,192 INFO o.a.j.r.c.ReportGeneratorConfiguration: Property 'jmeter.reportgenerator.end_date' not found, using default value 'null' instead.
2026-08-15 15:52:41,192 INFO o.a.j.r.c.ReportGeneratorConfiguration: Property 'jmeter.reportgenerator.date_format' not found, using default value 'null' instead.
2026-08-15 15:52:41,192 INFO o.a.j.r.c.ReportGeneratorConfiguration: Will use date range start date: null, end date: null
2026-08-15 15:52:41,193 INFO o.a.j.r.c.ReportGeneratorConfiguration: Property 'jmeter.reportgenerator.graph.totalTPS.exclude_controllers' not found, using default value 'false' instead.
2026-08-15 15:52:41,194 INFO o.a.j.r.c.ReportGeneratorConfiguration: Property 'jmeter.reportgenerator.graph.activeThreadsOverTime.exclude_controllers' not found, using default value 'false' instead.
2026-08-15 15:52:41,194 INFO o.a.j.r.c.ReportGeneratorConfiguration: Property 'jmeter.reportgenerator.graph.timeVsThreads.exclude_controllers' not found, using default value 'false' instead.
2026-08-15 15:52:41,194 INFO o.a.j.r.c.ReportGeneratorConfiguration: Property 'jmeter.reportgenerator.graph.responseTimeDistribution.exclude_controllers' not found, using default value 'false' instead.
2026-08-15 15:52:41,194 INFO o.a.j.r.c.ReportGeneratorConfiguration: Property 'jmeter.reportgenerator.graph.transactionsPerSecond.exclude_controllers' not found, using default value 'false' instead.
2026-08-15 15:52:41,194 INFO o.a.j.r.c.ReportGeneratorConfiguration: Property 'jmeter.reportgenerator.graph.responseTimePercentiles.exclude_controllers' not found, using default value 'false' instead.
2026-08-15 15:52:41,194 INFO o.a.j.r.c.ReportGeneratorConfiguration: Property 'jmeter.reportgenerator.graph.responseTimePercentilesOverTime.exclude_controllers' not found, using default value 'false' instead.
2026-08-15 15:52:41,194 INFO o.a.j.r.c.ReportGeneratorConfiguration: Property 'jmeter.reportgenerator.graph.responseTimesOverTime.exclude_controllers' not found, using default value 'false' instead.
2026-08-15 15:52:41,194 INFO o.a.j.r.c.ReportGeneratorConfiguration: Property 'jmeter.reportgenerator.graph.connectTimeOverTime.exclude_controllers' not found, using default value 'false' instead.
2026-08-15 15:52:41,194 INFO o.a.j.r.c.ReportGeneratorConfiguration: Property 'jmeter.reportgenerator.graph.latenciesOverTime.exclude_controllers' not found, using default value 'false' instead.
2026-08-15 15:52:41,194 INFO o.a.j.r.c.ReportGeneratorConfiguration: Property 'jmeter.reportgenerator.exporter.json.filters_only_sample_series' not found, using default value 'true' instead.
2026-08-15 15:52:41,194 INFO o.a.j.r.c.ReportGeneratorConfiguration: Property 'jmeter.reportgenerator.exporter.json.series_filter' not found, using default value '' instead.
2026-08-15 15:52:41,194 INFO o.a.j.r.c.ReportGeneratorConfiguration: Property 'jmeter.reportgenerator.exporter.json.show_controllers_only' not found, using default value 'false' instead.
2026-08-15 15:52:41,195 INFO o.a.j.r.c.ReportGeneratorConfiguration: Property 'jmeter.reportgenerator.exporter.html.filters_only_sample_series' not found, using default value 'true' instead.
2026-08-15 15:52:41,195 INFO o.a.j.r.c.ReportGeneratorConfiguration: Property 'jmeter.reportgenerator.exporter.html.series_filter' not found, using default value '' instead.
2026-08-15 15:52:41,195 INFO o.a.j.r.c.ReportGeneratorConfiguration: Property 'jmeter.reportgenerator.exporter.html.show_controllers_only' not found, using default value 'false' instead.
2026-08-15 15:52:41,201 INFO o.a.j.e.StandardJMeterEngine: Running the test!
2026-08-15 15:52:41,201 INFO o.a.j.s.SampleEvent: List of sample_variables: []
2026-08-15 15:52:41,201 INFO o.a.j.s.SampleEvent: List of sample_variables: []
2026-08-15 15:52:41,203 INFO o.a.j.e.u.CompoundVariable: Note: Function class names must contain the string: '.functions.'
2026-08-15 15:52:41,203 INFO o.a.j.e.u.CompoundVariable: Note: Function class names must not contain the string: '.gui.'
2026-08-15 15:52:41,221 INFO o.a.j.r.ClassFinder: Will scan jar /opt/homebrew/Cellar/jmeter/5.6.3/libexec/lib/ext/jmeter-plugins-manager-1.9.jar with filter ExtendsClassFilter [parents=[interface org.apache.jmeter.functions.Function], inner=false, contains=null, notContains=null]. Consider exposing JMeter plugins via META-INF/services, and add JMeter-Skip-Class-Scanning=true manifest attribute so JMeter can skip classfile scanning
2026-08-15 15:52:41,371 INFO o.a.j.JMeter: Running test (1786783961371)
2026-08-15 15:52:41,382 INFO o.a.j.e.StandardJMeterEngine: Starting ThreadGroup: 1 : Thread Group — soak
2026-08-15 15:52:41,382 INFO o.a.j.e.StandardJMeterEngine: Starting 20 threads for group Thread Group — soak.
2026-08-15 15:52:41,382 INFO o.a.j.e.StandardJMeterEngine: Thread will continue on error
2026-08-15 15:52:41,382 INFO o.a.j.t.ThreadGroup: Starting thread group... number=1 threads=20 ramp-up=60 delayedStart=false
2026-08-15 15:52:41,392 INFO o.a.j.t.JMeterThread: Thread started: Thread Group — soak 1-1
2026-08-15 15:52:41,393 INFO o.a.j.s.FileServer: Stored: data/orders.csv
2026-08-15 15:52:41,395 INFO o.a.j.t.ThreadGroup: Started thread group number 1
2026-08-15 15:52:41,395 INFO o.a.j.e.StandardJMeterEngine: Starting ThreadGroup: 2 : TG-lockout — nhanh account-lockout (2 VU)
2026-08-15 15:52:41,395 INFO o.a.j.e.StandardJMeterEngine: Starting 2 threads for group TG-lockout — nhanh account-lockout (2 VU).
2026-08-15 15:52:41,395 INFO o.a.j.e.StandardJMeterEngine: Thread will continue on error
2026-08-15 15:52:41,395 INFO o.a.j.t.ThreadGroup: Starting thread group... number=2 threads=2 ramp-up=1 delayedStart=false
2026-08-15 15:52:41,396 INFO o.a.j.t.ThreadGroup: Started thread group number 2
2026-08-15 15:52:41,396 INFO o.a.j.e.StandardJMeterEngine: All thread groups have been started
2026-08-15 15:52:41,400 INFO o.a.j.s.FileServer: Stored: data/products_import.csv
2026-08-15 15:52:41,401 INFO o.a.j.s.FileServer: Stored: data/users.csv
2026-08-15 15:52:41,742 INFO o.a.j.p.h.s.HTTPHCAbstractImpl: Local host = Le-Nhut-Duy.local
2026-08-15 15:52:41,746 INFO o.a.j.p.h.s.HTTPHC4Impl: HTTP request retry count = 0
2026-08-15 15:52:41,747 INFO o.a.j.s.SampleResult: Note: Sample TimeStamps are START times
2026-08-15 15:52:41,747 INFO o.a.j.s.SampleResult: sampleresult.default.encoding is set to UTF-8
2026-08-15 15:52:41,747 INFO o.a.j.s.SampleResult: sampleresult.useNanoTime=true
2026-08-15 15:52:41,747 INFO o.a.j.s.SampleResult: sampleresult.nanoThreadSleep=5000
2026-08-15 15:52:43,485 INFO o.a.j.u.JsseSSLManager: Using default SSL protocol: TLS
2026-08-15 15:52:43,485 INFO o.a.j.u.JsseSSLManager: SSL session context: per-thread
2026-08-15 15:52:44,394 INFO o.a.j.t.JMeterThread: Thread started: Thread Group — soak 1-2
2026-08-15 15:52:47,392 INFO o.a.j.t.JMeterThread: Thread started: Thread Group — soak 1-3
2026-08-15 15:52:50,396 INFO o.a.j.t.JMeterThread: Thread started: Thread Group — soak 1-4
2026-08-15 15:52:51,396 INFO o.a.j.t.JMeterThread: Thread started: TG-lockout — nhanh account-lockout (2 VU) 2-1
2026-08-15 15:52:51,398 INFO o.a.j.s.FileServer: Stored: data/users_lockout.csv
2026-08-15 15:52:51,902 INFO o.a.j.t.JMeterThread: Thread started: TG-lockout — nhanh account-lockout (2 VU) 2-2
2026-08-15 15:52:53,391 INFO o.a.j.t.JMeterThread: Thread started: Thread Group — soak 1-5
2026-08-15 15:52:56,390 INFO o.a.j.t.JMeterThread: Thread started: Thread Group — soak 1-6
2026-08-15 15:52:59,392 INFO o.a.j.t.JMeterThread: Thread started: Thread Group — soak 1-7
2026-08-15 15:53:00,026 INFO o.a.j.r.Summariser: summary +    218 in 00:00:19 =   11.7/s Avg:     5 Min:     2 Max:    23 Err:     0 (0.00%) Active: 9 Started: 9 Finished: 0
2026-08-15 15:53:02,391 INFO o.a.j.t.JMeterThread: Thread started: Thread Group — soak 1-8
2026-08-15 15:53:05,386 INFO o.a.j.t.JMeterThread: Thread started: Thread Group — soak 1-9
2026-08-15 15:53:08,386 INFO o.a.j.t.JMeterThread: Thread started: Thread Group — soak 1-10
2026-08-15 15:53:11,385 INFO o.a.j.t.JMeterThread: Thread started: Thread Group — soak 1-11
2026-08-15 15:53:14,389 INFO o.a.j.t.JMeterThread: Thread started: Thread Group — soak 1-12
2026-08-15 15:53:17,388 INFO o.a.j.t.JMeterThread: Thread started: Thread Group — soak 1-13
2026-08-15 15:53:20,388 INFO o.a.j.t.JMeterThread: Thread started: Thread Group — soak 1-14
2026-08-15 15:53:23,386 INFO o.a.j.t.JMeterThread: Thread started: Thread Group — soak 1-15
2026-08-15 15:53:26,388 INFO o.a.j.t.JMeterThread: Thread started: Thread Group — soak 1-16
2026-08-15 15:53:29,387 INFO o.a.j.t.JMeterThread: Thread started: Thread Group — soak 1-17
2026-08-15 15:53:30,022 INFO o.a.j.r.Summariser: summary +   1160 in 00:00:30 =   38.7/s Avg:     4 Min:     0 Max:    25 Err:     0 (0.00%) Active: 19 Started: 19 Finished: 0
2026-08-15 15:53:30,023 INFO o.a.j.r.Summariser: summary =   1378 in 00:00:49 =   28.3/s Avg:     4 Min:     0 Max:    25 Err:     0 (0.00%)
2026-08-15 15:53:32,385 INFO o.a.j.t.JMeterThread: Thread started: Thread Group — soak 1-18
2026-08-15 15:53:35,388 INFO o.a.j.t.JMeterThread: Thread started: Thread Group — soak 1-19
2026-08-15 15:53:38,387 INFO o.a.j.t.JMeterThread: Thread started: Thread Group — soak 1-20
2026-08-15 15:54:00,021 INFO o.a.j.r.Summariser: summary +   1930 in 00:00:30 =   64.3/s Avg:     3 Min:     0 Max:    17 Err:     0 (0.00%) Active: 22 Started: 22 Finished: 0
2026-08-15 15:54:00,022 INFO o.a.j.r.Summariser: summary =   3308 in 00:01:19 =   42.1/s Avg:     3 Min:     0 Max:    25 Err:     0 (0.00%)
2026-08-15 15:54:30,011 INFO o.a.j.r.Summariser: summary +   1978 in 00:00:30 =   66.0/s Avg:     3 Min:     0 Max:    30 Err:     0 (0.00%) Active: 22 Started: 22 Finished: 0
2026-08-15 15:54:30,012 INFO o.a.j.r.Summariser: summary =   5286 in 00:01:49 =   48.7/s Avg:     3 Min:     0 Max:    30 Err:     0 (0.00%)
2026-08-15 15:54:50,473 INFO o.a.j.t.JMeterThread: Thread finished: TG-lockout — nhanh account-lockout (2 VU) 2-1
2026-08-15 15:54:51,025 INFO o.a.j.t.JMeterThread: Thread finished: TG-lockout — nhanh account-lockout (2 VU) 2-2
2026-08-15 15:55:00,002 INFO o.a.j.r.Summariser: summary +   1972 in 00:00:30 =   65.8/s Avg:     3 Min:     0 Max:   192 Err:     0 (0.00%) Active: 20 Started: 22 Finished: 2
2026-08-15 15:55:00,004 INFO o.a.j.r.Summariser: summary =   7258 in 00:02:19 =   52.4/s Avg:     3 Min:     0 Max:   192 Err:     0 (0.00%)
2026-08-15 15:55:30,021 INFO o.a.j.r.Summariser: summary +   1952 in 00:00:30 =   65.0/s Avg:     2 Min:     0 Max:    25 Err:     0 (0.00%) Active: 20 Started: 22 Finished: 2
2026-08-15 15:55:30,021 INFO o.a.j.r.Summariser: summary =   9210 in 00:02:49 =   54.6/s Avg:     3 Min:     0 Max:   192 Err:     0 (0.00%)
2026-08-15 15:56:00,010 INFO o.a.j.r.Summariser: summary +   1953 in 00:00:30 =   65.1/s Avg:     3 Min:     0 Max:    15 Err:     0 (0.00%) Active: 20 Started: 22 Finished: 2
2026-08-15 15:56:00,012 INFO o.a.j.r.Summariser: summary =  11163 in 00:03:19 =   56.2/s Avg:     3 Min:     0 Max:   192 Err:     0 (0.00%)
2026-08-15 15:56:30,032 INFO o.a.j.r.Summariser: summary +   1961 in 00:00:30 =   65.3/s Avg:     4 Min:     0 Max:    85 Err:     0 (0.00%) Active: 20 Started: 22 Finished: 2
2026-08-15 15:56:30,033 INFO o.a.j.r.Summariser: summary =  13124 in 00:03:49 =   57.4/s Avg:     3 Min:     0 Max:   192 Err:     0 (0.00%)
2026-08-15 15:57:00,011 INFO o.a.j.r.Summariser: summary +   1969 in 00:00:30 =   65.7/s Avg:     3 Min:     0 Max:    17 Err:     0 (0.00%) Active: 20 Started: 22 Finished: 2
2026-08-15 15:57:00,013 INFO o.a.j.r.Summariser: summary =  15093 in 00:04:19 =   58.4/s Avg:     3 Min:     0 Max:   192 Err:     0 (0.00%)
2026-08-15 15:57:30,002 INFO o.a.j.r.Summariser: summary +   1951 in 00:00:30 =   65.1/s Avg:     3 Min:     0 Max:    43 Err:     0 (0.00%) Active: 20 Started: 22 Finished: 2
2026-08-15 15:57:30,003 INFO o.a.j.r.Summariser: summary =  17044 in 00:04:49 =   59.1/s Avg:     3 Min:     0 Max:   192 Err:     0 (0.00%)
2026-08-15 15:58:00,006 INFO o.a.j.r.Summariser: summary +   1955 in 00:00:30 =   65.2/s Avg:     3 Min:     0 Max:    23 Err:     0 (0.00%) Active: 20 Started: 22 Finished: 2
2026-08-15 15:58:00,008 INFO o.a.j.r.Summariser: summary =  18999 in 00:05:19 =   59.6/s Avg:     3 Min:     0 Max:   192 Err:     0 (0.00%)
2026-08-15 15:58:30,010 INFO o.a.j.r.Summariser: summary +   1957 in 00:00:30 =   65.2/s Avg:     4 Min:     0 Max:    76 Err:     0 (0.00%) Active: 20 Started: 22 Finished: 2
2026-08-15 15:58:30,011 INFO o.a.j.r.Summariser: summary =  20956 in 00:05:49 =   60.1/s Avg:     3 Min:     0 Max:   192 Err:     0 (0.00%)
2026-08-15 15:59:00,033 INFO o.a.j.r.Summariser: summary +   1960 in 00:00:30 =   65.3/s Avg:     3 Min:     0 Max:    35 Err:     0 (0.00%) Active: 20 Started: 22 Finished: 2
2026-08-15 15:59:00,035 INFO o.a.j.r.Summariser: summary =  22916 in 00:06:19 =   60.5/s Avg:     3 Min:     0 Max:   192 Err:     0 (0.00%)
2026-08-15 15:59:30,023 INFO o.a.j.r.Summariser: summary +   1952 in 00:00:30 =   65.1/s Avg:     3 Min:     0 Max:    42 Err:     0 (0.00%) Active: 20 Started: 22 Finished: 2
2026-08-15 15:59:30,024 INFO o.a.j.r.Summariser: summary =  24868 in 00:06:49 =   60.9/s Avg:     3 Min:     0 Max:   192 Err:     0 (0.00%)
2026-08-15 16:00:00,020 INFO o.a.j.r.Summariser: summary +   1952 in 00:00:30 =   65.1/s Avg:     3 Min:     0 Max:    33 Err:     0 (0.00%) Active: 20 Started: 22 Finished: 2
2026-08-15 16:00:00,022 INFO o.a.j.r.Summariser: summary =  26820 in 00:07:19 =   61.1/s Avg:     3 Min:     0 Max:   192 Err:     0 (0.00%)
2026-08-15 16:00:30,013 INFO o.a.j.r.Summariser: summary +   1951 in 00:00:30 =   65.1/s Avg:     3 Min:     0 Max:    20 Err:     0 (0.00%) Active: 20 Started: 22 Finished: 2
2026-08-15 16:00:30,016 INFO o.a.j.r.Summariser: summary =  28771 in 00:07:49 =   61.4/s Avg:     3 Min:     0 Max:   192 Err:     0 (0.00%)
2026-08-15 16:01:00,016 INFO o.a.j.r.Summariser: summary +   1963 in 00:00:30 =   65.4/s Avg:     3 Min:     0 Max:    18 Err:     0 (0.00%) Active: 20 Started: 22 Finished: 2
2026-08-15 16:01:00,018 INFO o.a.j.r.Summariser: summary =  30734 in 00:08:19 =   61.6/s Avg:     3 Min:     0 Max:   192 Err:     0 (0.00%)
2026-08-15 16:01:30,039 INFO o.a.j.r.Summariser: summary +   1963 in 00:00:30 =   65.4/s Avg:     3 Min:     0 Max:    24 Err:     0 (0.00%) Active: 20 Started: 22 Finished: 2
2026-08-15 16:01:30,042 INFO o.a.j.r.Summariser: summary =  32697 in 00:08:49 =   61.8/s Avg:     3 Min:     0 Max:   192 Err:     0 (0.00%)
2026-08-15 16:02:00,014 INFO o.a.j.r.Summariser: summary +   1957 in 00:00:30 =   65.3/s Avg:     3 Min:     0 Max:    14 Err:     0 (0.00%) Active: 20 Started: 22 Finished: 2
2026-08-15 16:02:00,015 INFO o.a.j.r.Summariser: summary =  34654 in 00:09:19 =   62.0/s Avg:     3 Min:     0 Max:   192 Err:     0 (0.00%)
2026-08-15 16:02:30,039 INFO o.a.j.r.Summariser: summary +   1959 in 00:00:30 =   65.2/s Avg:     3 Min:     0 Max:    21 Err:     0 (0.00%) Active: 20 Started: 22 Finished: 2
2026-08-15 16:02:30,041 INFO o.a.j.r.Summariser: summary =  36613 in 00:09:49 =   62.2/s Avg:     3 Min:     0 Max:   192 Err:     0 (0.00%)
2026-08-15 16:03:00,021 INFO o.a.j.r.Summariser: summary +   1941 in 00:00:30 =   64.7/s Avg:     3 Min:     0 Max:    23 Err:     0 (0.00%) Active: 20 Started: 22 Finished: 2
2026-08-15 16:03:00,025 INFO o.a.j.r.Summariser: summary =  38554 in 00:10:19 =   62.3/s Avg:     3 Min:     0 Max:   192 Err:     0 (0.00%)
2026-08-15 16:03:30,005 INFO o.a.j.r.Summariser: summary +   1942 in 00:00:30 =   64.8/s Avg:     3 Min:     0 Max:    30 Err:     0 (0.00%) Active: 20 Started: 22 Finished: 2
2026-08-15 16:03:30,007 INFO o.a.j.r.Summariser: summary =  40496 in 00:10:49 =   62.4/s Avg:     3 Min:     0 Max:   192 Err:     0 (0.00%)
2026-08-15 16:04:00,007 INFO o.a.j.r.Summariser: summary +   1958 in 00:00:30 =   65.3/s Avg:     3 Min:     0 Max:    15 Err:     0 (0.00%) Active: 20 Started: 22 Finished: 2
2026-08-15 16:04:00,009 INFO o.a.j.r.Summariser: summary =  42454 in 00:11:19 =   62.6/s Avg:     3 Min:     0 Max:   192 Err:     0 (0.00%)
2026-08-15 16:04:30,012 INFO o.a.j.r.Summariser: summary +   1961 in 00:00:30 =   65.4/s Avg:     3 Min:     0 Max:    21 Err:     0 (0.00%) Active: 20 Started: 22 Finished: 2
2026-08-15 16:04:30,014 INFO o.a.j.r.Summariser: summary =  44415 in 00:11:49 =   62.7/s Avg:     3 Min:     0 Max:   192 Err:     0 (0.00%)
2026-08-15 16:04:41,082 INFO o.a.j.t.JMeterThread: Thread finished: Thread Group — soak 1-17
2026-08-15 16:04:41,161 INFO o.a.j.t.JMeterThread: Thread finished: Thread Group — soak 1-10
2026-08-15 16:04:41,186 INFO o.a.j.t.JMeterThread: Thread finished: Thread Group — soak 1-11
2026-08-15 16:04:41,203 INFO o.a.j.t.JMeterThread: Thread finished: Thread Group — soak 1-15
2026-08-15 16:04:41,214 INFO o.a.j.t.JMeterThread: Thread finished: Thread Group — soak 1-18
2026-08-15 16:04:41,224 INFO o.a.j.t.JMeterThread: Thread finished: Thread Group — soak 1-14
2026-08-15 16:04:41,238 INFO o.a.j.t.JMeterThread: Thread finished: Thread Group — soak 1-19
2026-08-15 16:04:41,278 INFO o.a.j.t.JMeterThread: Thread finished: Thread Group — soak 1-1
2026-08-15 16:04:41,295 INFO o.a.j.t.JMeterThread: Thread finished: Thread Group — soak 1-13
2026-08-15 16:04:41,307 INFO o.a.j.t.JMeterThread: Thread finished: Thread Group — soak 1-3
2026-08-15 16:04:41,320 INFO o.a.j.t.JMeterThread: Thread finished: Thread Group — soak 1-12
2026-08-15 16:04:41,322 INFO o.a.j.t.JMeterThread: Thread finished: Thread Group — soak 1-4
2026-08-15 16:04:41,346 INFO o.a.j.t.JMeterThread: Thread finished: Thread Group — soak 1-8
2026-08-15 16:04:41,351 INFO o.a.j.t.JMeterThread: Thread finished: Thread Group — soak 1-9
2026-08-15 16:04:41,356 INFO o.a.j.t.JMeterThread: Thread finished: Thread Group — soak 1-16
2026-08-15 16:04:41,371 INFO o.a.j.t.JMeterThread: Thread finished: Thread Group — soak 1-6
2026-08-15 16:04:41,385 INFO o.a.j.t.JMeterThread: Thread finished: Thread Group — soak 1-5
2026-08-15 16:04:41,391 INFO o.a.j.t.JMeterThread: Stopping because end time detected by thread: Thread Group — soak 1-2
2026-08-15 16:04:41,391 INFO o.a.j.t.JMeterThread: Thread finished: Thread Group — soak 1-2
2026-08-15 16:04:41,392 INFO o.a.j.t.JMeterThread: Stopping because end time detected by thread: Thread Group — soak 1-7
2026-08-15 16:04:41,392 INFO o.a.j.t.JMeterThread: Thread finished: Thread Group — soak 1-7
2026-08-15 16:04:41,394 INFO o.a.j.t.JMeterThread: Thread finished: Thread Group — soak 1-20
2026-08-15 16:04:41,394 INFO o.a.j.e.StandardJMeterEngine: Notifying test listeners of end of test
2026-08-15 16:04:41,394 INFO o.a.j.s.FileServer: Close: data/products_import.csv
2026-08-15 16:04:41,395 INFO o.a.j.s.FileServer: Close: data/orders.csv
2026-08-15 16:04:41,395 INFO o.a.j.s.FileServer: Close: data/users.csv
2026-08-15 16:04:41,395 INFO o.a.j.s.FileServer: Close: data/users_lockout.csv
2026-08-15 16:04:41,409 INFO o.a.j.r.Summariser: summary +    751 in 00:00:11 =   65.9/s Avg:     3 Min:     0 Max:    13 Err:     0 (0.00%) Active: 0 Started: 22 Finished: 22
2026-08-15 16:04:41,409 INFO o.a.j.r.Summariser: summary =  45166 in 00:12:00 =   62.7/s Avg:     3 Min:     0 Max:   192 Err:     0 (0.00%)
2026-08-15 16:04:41,409 INFO o.a.j.JMeter: Generating Dashboard
2026-08-15 16:04:41,409 INFO o.a.j.r.d.ReportGenerator: Flushing result collector before report Generation
2026-08-15 16:04:41,422 INFO o.a.j.r.p.NormalizerSampleConsumer: Using format, 'ms', to parse timeStamp field
2026-08-15 16:04:42,225 INFO o.a.j.r.p.AbstractSampleConsumer: class org.apache.jmeter.report.processor.AggregateConsumer#stopProducing(): beginDate produced 0 samples
2026-08-15 16:04:42,225 INFO o.a.j.r.p.AbstractSampleConsumer: class org.apache.jmeter.report.processor.AggregateConsumer#stopProducing(): endDate produced 0 samples
2026-08-15 16:04:42,226 INFO o.a.j.r.p.AbstractSampleConsumer: class org.apache.jmeter.report.processor.ApdexSummaryConsumer#stopProducing(): apdexSummary produced 0 samples
2026-08-15 16:04:42,226 INFO o.a.j.r.p.AbstractSampleConsumer: class org.apache.jmeter.report.processor.RequestsSummaryConsumer#stopProducing(): requestsSummary produced 0 samples
2026-08-15 16:04:42,235 INFO o.a.j.r.p.AbstractSampleConsumer: class org.apache.jmeter.report.processor.StatisticsSummaryConsumer#stopProducing(): statisticsSummary produced 0 samples
2026-08-15 16:04:42,238 INFO o.a.j.r.p.AbstractSampleConsumer: class org.apache.jmeter.report.processor.Top5ErrorsBySamplerConsumer#stopProducing(): top5ErrorsBySampler produced 0 samples
2026-08-15 16:04:42,238 INFO o.a.j.r.p.AbstractSampleConsumer: class org.apache.jmeter.report.processor.ErrorsSummaryConsumer#stopProducing(): errorsSummary produced 0 samples
2026-08-15 16:04:42,238 INFO o.a.j.r.p.AbstractSampleConsumer: class org.apache.jmeter.report.processor.graph.impl.HitsPerSecondGraphConsumer#stopProducing(): hitsPerSecond produced 0 samples
2026-08-15 16:04:42,445 INFO o.a.j.r.p.AbstractSampleConsumer: class org.apache.jmeter.report.processor.graph.impl.LatencyVSRequestGraphConsumer#stopProducing(): latencyVsRequest produced 0 samples
2026-08-15 16:04:42,446 INFO o.a.j.r.p.AbstractSampleConsumer: class org.apache.jmeter.report.processor.graph.impl.SyntheticResponseTimeDistributionGraphConsumer#stopProducing(): syntheticResponseTimeDistribution produced 0 samples
2026-08-15 16:04:42,446 INFO o.a.j.r.p.AbstractSampleConsumer: class org.apache.jmeter.report.processor.graph.impl.BytesThroughputGraphConsumer#stopProducing(): bytesThroughputOverTime produced 0 samples
2026-08-15 16:04:42,447 INFO o.a.j.r.p.AbstractSampleConsumer: class org.apache.jmeter.report.processor.graph.impl.CodesPerSecondGraphConsumer#stopProducing(): codesPerSecond produced 0 samples
2026-08-15 16:04:42,611 INFO o.a.j.r.p.AbstractSampleConsumer: class org.apache.jmeter.report.processor.graph.impl.ResponseTimeVSRequestGraphConsumer#stopProducing(): responseTimeVsRequest produced 0 samples
2026-08-15 16:04:42,612 INFO o.a.j.r.p.AbstractSampleConsumer: class org.apache.jmeter.report.processor.FilterConsumer#stopProducing(): startIntervalControlerFilter produced 316162 samples
2026-08-15 16:04:42,612 INFO o.a.j.r.p.AbstractSampleConsumer: class org.apache.jmeter.report.processor.graph.impl.TotalTPSGraphConsumer#stopProducing(): totalTPS produced 0 samples
2026-08-15 16:04:42,612 INFO o.a.j.r.p.AbstractSampleConsumer: class org.apache.jmeter.report.processor.graph.impl.ActiveThreadsGraphConsumer#stopProducing(): activeThreadsOverTime produced 0 samples
2026-08-15 16:04:42,612 INFO o.a.j.r.p.AbstractSampleConsumer: class org.apache.jmeter.report.processor.graph.impl.TimeVSThreadGraphConsumer#stopProducing(): timeVsThreads produced 0 samples
2026-08-15 16:04:42,612 INFO o.a.j.r.p.AbstractSampleConsumer: class org.apache.jmeter.report.processor.graph.impl.ResponseTimeDistributionGraphConsumer#stopProducing(): responseTimeDistribution produced 0 samples
2026-08-15 16:04:42,613 INFO o.a.j.r.p.AbstractSampleConsumer: class org.apache.jmeter.report.processor.graph.impl.TransactionsPerSecondGraphConsumer#stopProducing(): transactionsPerSecond produced 0 samples
2026-08-15 16:04:42,614 INFO o.a.j.r.p.AbstractSampleConsumer: class org.apache.jmeter.report.processor.graph.impl.ResponseTimePercentilesGraphConsumer#stopProducing(): responseTimePercentiles produced 0 samples
2026-08-15 16:04:42,615 INFO o.a.j.r.p.AbstractSampleConsumer: class org.apache.jmeter.report.processor.graph.impl.ResponseTimePercentilesOverTimeGraphConsumer#stopProducing(): responseTimePercentilesOverTime produced 0 samples
2026-08-15 16:04:42,622 INFO o.a.j.r.p.AbstractSampleConsumer: class org.apache.jmeter.report.processor.graph.impl.ResponseTimeOverTimeGraphConsumer#stopProducing(): responseTimesOverTime produced 0 samples
2026-08-15 16:04:42,623 INFO o.a.j.r.p.AbstractSampleConsumer: class org.apache.jmeter.report.processor.graph.impl.ConnectTimeOverTimeGraphConsumer#stopProducing(): connectTimeOverTime produced 0 samples
2026-08-15 16:04:42,624 INFO o.a.j.r.p.AbstractSampleConsumer: class org.apache.jmeter.report.processor.graph.impl.LatencyOverTimeGraphConsumer#stopProducing(): latenciesOverTime produced 0 samples
2026-08-15 16:04:42,624 INFO o.a.j.r.p.AbstractSampleConsumer: class org.apache.jmeter.report.processor.FilterConsumer#stopProducing(): nameFilter produced 677490 samples
2026-08-15 16:04:42,624 INFO o.a.j.r.p.AbstractSampleConsumer: class org.apache.jmeter.report.processor.FilterConsumer#stopProducing(): dateRangeFilter produced 135498 samples
2026-08-15 16:04:42,624 INFO o.a.j.r.p.AbstractSampleConsumer: class org.apache.jmeter.report.processor.NormalizerSampleConsumer#stopProducing(): normalizer produced 45166 samples
2026-08-15 16:04:42,625 INFO o.a.j.r.p.CsvFileSampleSource: produce(): 45166 samples produced in 1s 193 ms on channel 0
2026-08-15 16:04:42,625 INFO o.a.j.r.d.ReportGenerator: Exporting data using exporter:'json' of className:'org.apache.jmeter.report.dashboard.JsonExporter'
2026-08-15 16:04:42,661 INFO o.a.j.r.d.JsonExporter: Found data for consumer statisticsSummary in context
2026-08-15 16:04:42,661 INFO o.a.j.r.d.JsonExporter: Creating statistics for overall
2026-08-15 16:04:42,661 INFO o.a.j.r.d.JsonExporter: Creating statistics for other transactions
2026-08-15 16:04:42,661 INFO o.a.j.r.d.JsonExporter: Checking output folder
2026-08-15 16:04:42,662 INFO o.a.j.r.d.JsonExporter: Writing statistics JSON to /Users/macos/Documents/HK3_Nam3/kiem_thu/HW05-Performance-Testing/endurance/html/soak/statistics.json
2026-08-15 16:04:42,681 INFO o.a.j.r.d.ReportGenerator: Exporting data using exporter:'html' of className:'org.apache.jmeter.report.dashboard.HtmlTemplateExporter'
2026-08-15 16:04:42,682 INFO o.a.j.r.d.HtmlTemplateExporter: Will generate dashboard in folder: /Users/macos/Documents/HK3_Nam3/kiem_thu/HW05-Performance-Testing/endurance/html/soak
2026-08-15 16:04:42,761 INFO o.a.j.r.d.HtmlTemplateExporter: Report will be generated in: /Users/macos/Documents/HK3_Nam3/kiem_thu/HW05-Performance-Testing/endurance/html/soak, creating folder structure
2026-08-15 16:04:42,762 INFO o.a.j.r.d.TemplateVisitor: Copying folder from '/opt/homebrew/Cellar/jmeter/5.6.3/libexec/bin/report-template' to '/Users/macos/Documents/HK3_Nam3/kiem_thu/HW05-Performance-Testing/endurance/html/soak', got message: /Users/macos/Documents/HK3_Nam3/kiem_thu/HW05-Performance-Testing/endurance/html/soak, found non empty folder with following content [/Users/macos/Documents/HK3_Nam3/kiem_thu/HW05-Performance-Testing/endurance/html/soak/statistics.json], will be ignored
2026-08-15 16:04:42,898 INFO o.a.j.JMeter: Dashboard generated
