2026-08-14 10:32:46,772 INFO o.a.j.u.JMeterUtils: Setting Locale to en_EN
2026-08-14 10:32:46,787 INFO o.a.j.JMeter: Loading user properties from: /opt/homebrew/Cellar/jmeter/5.6.3/libexec/bin/user.properties
2026-08-14 10:32:46,787 INFO o.a.j.JMeter: Loading system properties from: /opt/homebrew/Cellar/jmeter/5.6.3/libexec/bin/system.properties
2026-08-14 10:32:46,788 INFO o.a.j.JMeter: Loading additional properties from: tools/jmeter-user.properties
2026-08-14 10:32:46,788 INFO o.a.j.JMeter: Setting JMeter property: student.id=23127178
2026-08-14 10:32:46,788 INFO o.a.j.JMeter: Setting JMeter property: scenario=Soak
2026-08-14 10:32:46,792 INFO o.a.j.JMeter: Copyright (c) 1998-2024 The Apache Software Foundation
2026-08-14 10:32:46,792 INFO o.a.j.JMeter: Version 5.6.3
2026-08-14 10:32:46,792 INFO o.a.j.JMeter: java.version=21.0.12
2026-08-14 10:32:46,792 INFO o.a.j.JMeter: java.vm.name=OpenJDK 64-Bit Server VM
2026-08-14 10:32:46,792 INFO o.a.j.JMeter: os.name=Mac OS X
2026-08-14 10:32:46,792 INFO o.a.j.JMeter: os.arch=aarch64
2026-08-14 10:32:46,792 INFO o.a.j.JMeter: os.version=26.1
2026-08-14 10:32:46,792 INFO o.a.j.JMeter: file.encoding=UTF-8
2026-08-14 10:32:46,792 INFO o.a.j.JMeter: java.awt.headless=true
2026-08-14 10:32:46,792 INFO o.a.j.JMeter: Max memory     =1073741824
2026-08-14 10:32:46,792 INFO o.a.j.JMeter: Available Processors =12
2026-08-14 10:32:46,800 INFO o.a.j.JMeter: Default Locale=English (EN)
2026-08-14 10:32:46,801 INFO o.a.j.JMeter: JMeter  Locale=English (EN)
2026-08-14 10:32:46,802 INFO o.a.j.JMeter: JMeterHome=/opt/homebrew/Cellar/jmeter/5.6.3/libexec
2026-08-14 10:32:46,802 INFO o.a.j.JMeter: user.dir  =/Users/macos/Documents/HK3_Nam3/kiem_thu/HW05-Performance-Testing
2026-08-14 10:32:46,802 INFO o.a.j.JMeter: PWD       =/Users/macos/Documents/HK3_Nam3/kiem_thu/HW05-Performance-Testing
2026-08-14 10:32:46,810 INFO o.a.j.JMeter: IP: 127.0.0.1 Name: Le-Nhut-Duy.local FullName: localhost
2026-08-14 10:32:46,828 INFO o.a.j.JMeter: Setting property 'jmeter.reportgenerator.outputdir' to:'/Users/macos/Documents/HK3_Nam3/kiem_thu/HW05-Performance-Testing/endurance/html/soak'
2026-08-14 10:32:46,830 INFO o.a.j.s.FileServer: Default base='/Users/macos/Documents/HK3_Nam3/kiem_thu/HW05-Performance-Testing'
2026-08-14 10:32:46,830 INFO o.a.j.s.FileServer: Set new base='/Users/macos/Documents/HK3_Nam3/kiem_thu/HW05-Performance-Testing/test-plans'
2026-08-14 10:32:47,327 INFO o.a.j.s.SaveService: Testplan (JMX) version: 2.2. Testlog (JTL) version: 2.2
2026-08-14 10:32:47,361 INFO o.a.j.s.SaveService: Using SaveService properties version 5.0
2026-08-14 10:32:47,363 INFO o.a.j.s.SaveService: Using SaveService properties file encoding UTF-8
2026-08-14 10:32:47,365 INFO o.a.j.s.SaveService: Loading file: test-plans/23127178_Soak_20260813.jmx
2026-08-14 10:32:47,509 INFO o.a.j.p.h.s.HTTPSamplerBase: Parser for text/html is org.apache.jmeter.protocol.http.parser.LagartoBasedHtmlParser
2026-08-14 10:32:47,509 INFO o.a.j.p.h.s.HTTPSamplerBase: Parser for application/xhtml+xml is org.apache.jmeter.protocol.http.parser.LagartoBasedHtmlParser
2026-08-14 10:32:47,509 INFO o.a.j.p.h.s.HTTPSamplerBase: Parser for application/xml is org.apache.jmeter.protocol.http.parser.LagartoBasedHtmlParser
2026-08-14 10:32:47,509 INFO o.a.j.p.h.s.HTTPSamplerBase: Parser for text/xml is org.apache.jmeter.protocol.http.parser.LagartoBasedHtmlParser
2026-08-14 10:32:47,509 INFO o.a.j.p.h.s.HTTPSamplerBase: Parser for text/vnd.wap.wml is org.apache.jmeter.protocol.http.parser.RegexpHTMLParser
2026-08-14 10:32:47,509 INFO o.a.j.p.h.s.HTTPSamplerBase: Parser for text/css is org.apache.jmeter.protocol.http.parser.CssParser
2026-08-14 10:32:47,653 INFO o.a.j.JMeter: Creating summariser <summary>
2026-08-14 10:32:47,658 INFO o.a.j.r.d.ReportGenerator: ReportGenerator will use for Parsing the separator: ','
2026-08-14 10:32:47,659 INFO o.a.j.r.d.ReportGenerator: Will generate report at end of test from  results file: endurance/jtl/23127178_Soak_20260814-103245.jtl
2026-08-14 10:32:47,659 INFO o.a.j.r.d.ReportGenerator: Reading report generator properties from: /opt/homebrew/Cellar/jmeter/5.6.3/libexec/bin/reportgenerator.properties
2026-08-14 10:32:47,660 INFO o.a.j.r.d.ReportGenerator: Merging with JMeter properties
2026-08-14 10:32:47,666 INFO o.a.j.r.c.ReportGeneratorConfiguration: Property 'jmeter.reportgenerator.temp_dir' not found, using default value 'temp' instead.
2026-08-14 10:32:47,669 INFO o.a.j.r.c.ReportGeneratorConfiguration: Property 'jmeter.reportgenerator.apdex_per_transaction' not found, using default value 'null' instead.
2026-08-14 10:32:47,669 INFO o.a.j.r.c.ReportGeneratorConfiguration: apdex_per_transaction is empty, not APDEX per transaction customization
2026-08-14 10:32:47,669 INFO o.a.j.r.c.ReportGeneratorConfiguration: Property 'jmeter.reportgenerator.sample_filter' not found, using default value 'null' instead.
2026-08-14 10:32:47,669 INFO o.a.j.r.c.ReportGeneratorConfiguration: Property 'jmeter.reportgenerator.report_title' not found, using default value 'null' instead.
2026-08-14 10:32:47,669 INFO o.a.j.r.c.ReportGeneratorConfiguration: Property 'jmeter.reportgenerator.start_date' not found, using default value 'null' instead.
2026-08-14 10:32:47,669 INFO o.a.j.r.c.ReportGeneratorConfiguration: Property 'jmeter.reportgenerator.end_date' not found, using default value 'null' instead.
2026-08-14 10:32:47,669 INFO o.a.j.r.c.ReportGeneratorConfiguration: Property 'jmeter.reportgenerator.date_format' not found, using default value 'null' instead.
2026-08-14 10:32:47,670 INFO o.a.j.r.c.ReportGeneratorConfiguration: Will use date range start date: null, end date: null
2026-08-14 10:32:47,672 INFO o.a.j.r.c.ReportGeneratorConfiguration: Property 'jmeter.reportgenerator.graph.totalTPS.exclude_controllers' not found, using default value 'false' instead.
2026-08-14 10:32:47,672 INFO o.a.j.r.c.ReportGeneratorConfiguration: Property 'jmeter.reportgenerator.graph.activeThreadsOverTime.exclude_controllers' not found, using default value 'false' instead.
2026-08-14 10:32:47,672 INFO o.a.j.r.c.ReportGeneratorConfiguration: Property 'jmeter.reportgenerator.graph.timeVsThreads.exclude_controllers' not found, using default value 'false' instead.
2026-08-14 10:32:47,672 INFO o.a.j.r.c.ReportGeneratorConfiguration: Property 'jmeter.reportgenerator.graph.responseTimeDistribution.exclude_controllers' not found, using default value 'false' instead.
2026-08-14 10:32:47,672 INFO o.a.j.r.c.ReportGeneratorConfiguration: Property 'jmeter.reportgenerator.graph.transactionsPerSecond.exclude_controllers' not found, using default value 'false' instead.
2026-08-14 10:32:47,672 INFO o.a.j.r.c.ReportGeneratorConfiguration: Property 'jmeter.reportgenerator.graph.responseTimePercentiles.exclude_controllers' not found, using default value 'false' instead.
2026-08-14 10:32:47,672 INFO o.a.j.r.c.ReportGeneratorConfiguration: Property 'jmeter.reportgenerator.graph.responseTimePercentilesOverTime.exclude_controllers' not found, using default value 'false' instead.
2026-08-14 10:32:47,672 INFO o.a.j.r.c.ReportGeneratorConfiguration: Property 'jmeter.reportgenerator.graph.responseTimesOverTime.exclude_controllers' not found, using default value 'false' instead.
2026-08-14 10:32:47,672 INFO o.a.j.r.c.ReportGeneratorConfiguration: Property 'jmeter.reportgenerator.graph.connectTimeOverTime.exclude_controllers' not found, using default value 'false' instead.
2026-08-14 10:32:47,673 INFO o.a.j.r.c.ReportGeneratorConfiguration: Property 'jmeter.reportgenerator.graph.latenciesOverTime.exclude_controllers' not found, using default value 'false' instead.
2026-08-14 10:32:47,673 INFO o.a.j.r.c.ReportGeneratorConfiguration: Property 'jmeter.reportgenerator.exporter.json.filters_only_sample_series' not found, using default value 'true' instead.
2026-08-14 10:32:47,673 INFO o.a.j.r.c.ReportGeneratorConfiguration: Property 'jmeter.reportgenerator.exporter.json.series_filter' not found, using default value '' instead.
2026-08-14 10:32:47,673 INFO o.a.j.r.c.ReportGeneratorConfiguration: Property 'jmeter.reportgenerator.exporter.json.show_controllers_only' not found, using default value 'false' instead.
2026-08-14 10:32:47,673 INFO o.a.j.r.c.ReportGeneratorConfiguration: Property 'jmeter.reportgenerator.exporter.html.filters_only_sample_series' not found, using default value 'true' instead.
2026-08-14 10:32:47,673 INFO o.a.j.r.c.ReportGeneratorConfiguration: Property 'jmeter.reportgenerator.exporter.html.series_filter' not found, using default value '' instead.
2026-08-14 10:32:47,674 INFO o.a.j.r.c.ReportGeneratorConfiguration: Property 'jmeter.reportgenerator.exporter.html.show_controllers_only' not found, using default value 'false' instead.
2026-08-14 10:32:47,682 INFO o.a.j.e.StandardJMeterEngine: Running the test!
2026-08-14 10:32:47,682 INFO o.a.j.s.SampleEvent: List of sample_variables: []
2026-08-14 10:32:47,682 INFO o.a.j.s.SampleEvent: List of sample_variables: []
2026-08-14 10:32:47,685 INFO o.a.j.e.u.CompoundVariable: Note: Function class names must contain the string: '.functions.'
2026-08-14 10:32:47,685 INFO o.a.j.e.u.CompoundVariable: Note: Function class names must not contain the string: '.gui.'
2026-08-14 10:32:47,719 INFO o.a.j.r.ClassFinder: Will scan jar /opt/homebrew/Cellar/jmeter/5.6.3/libexec/lib/ext/jmeter-plugins-manager-1.9.jar with filter ExtendsClassFilter [parents=[interface org.apache.jmeter.functions.Function], inner=false, contains=null, notContains=null]. Consider exposing JMeter plugins via META-INF/services, and add JMeter-Skip-Class-Scanning=true manifest attribute so JMeter can skip classfile scanning
2026-08-14 10:32:47,959 INFO o.a.j.JMeter: Running test (1786678367959)
2026-08-14 10:32:47,973 INFO o.a.j.e.StandardJMeterEngine: Starting ThreadGroup: 1 : Thread Group — soak
2026-08-14 10:32:47,973 INFO o.a.j.e.StandardJMeterEngine: Starting 20 threads for group Thread Group — soak.
2026-08-14 10:32:47,974 INFO o.a.j.e.StandardJMeterEngine: Thread will continue on error
2026-08-14 10:32:47,974 INFO o.a.j.t.ThreadGroup: Starting thread group... number=1 threads=20 ramp-up=60 delayedStart=false
2026-08-14 10:32:47,984 INFO o.a.j.t.JMeterThread: Thread started: Thread Group — soak 1-1
2026-08-14 10:32:47,985 INFO o.a.j.s.FileServer: Stored: data/orders.csv
2026-08-14 10:32:47,988 INFO o.a.j.t.ThreadGroup: Started thread group number 1
2026-08-14 10:32:47,988 INFO o.a.j.e.StandardJMeterEngine: Starting ThreadGroup: 2 : TG-lockout — nhanh account-lockout (2 VU)
2026-08-14 10:32:47,988 INFO o.a.j.e.StandardJMeterEngine: Starting 2 threads for group TG-lockout — nhanh account-lockout (2 VU).
2026-08-14 10:32:47,988 INFO o.a.j.e.StandardJMeterEngine: Thread will continue on error
2026-08-14 10:32:47,988 INFO o.a.j.t.ThreadGroup: Starting thread group... number=2 threads=2 ramp-up=1 delayedStart=false
2026-08-14 10:32:47,988 INFO o.a.j.t.ThreadGroup: Started thread group number 2
2026-08-14 10:32:47,988 INFO o.a.j.e.StandardJMeterEngine: All thread groups have been started
2026-08-14 10:32:47,997 INFO o.a.j.s.FileServer: Stored: data/products_import.csv
2026-08-14 10:32:47,997 INFO o.a.j.s.FileServer: Stored: data/users.csv
2026-08-14 10:32:48,267 INFO o.a.j.p.h.s.HTTPHCAbstractImpl: Local host = Le-Nhut-Duy.local
2026-08-14 10:32:48,270 INFO o.a.j.p.h.s.HTTPHC4Impl: HTTP request retry count = 0
2026-08-14 10:32:48,271 INFO o.a.j.s.SampleResult: Note: Sample TimeStamps are START times
2026-08-14 10:32:48,271 INFO o.a.j.s.SampleResult: sampleresult.default.encoding is set to UTF-8
2026-08-14 10:32:48,271 INFO o.a.j.s.SampleResult: sampleresult.useNanoTime=true
2026-08-14 10:32:48,271 INFO o.a.j.s.SampleResult: sampleresult.nanoThreadSleep=5000
2026-08-14 10:32:50,318 INFO o.a.j.u.JsseSSLManager: Using default SSL protocol: TLS
2026-08-14 10:32:50,318 INFO o.a.j.u.JsseSSLManager: SSL session context: per-thread
2026-08-14 10:32:50,982 INFO o.a.j.t.JMeterThread: Thread started: Thread Group — soak 1-2
2026-08-14 10:32:53,982 INFO o.a.j.t.JMeterThread: Thread started: Thread Group — soak 1-3
2026-08-14 10:32:56,984 INFO o.a.j.t.JMeterThread: Thread started: Thread Group — soak 1-4
2026-08-14 10:32:57,992 INFO o.a.j.t.JMeterThread: Thread started: TG-lockout — nhanh account-lockout (2 VU) 2-1
2026-08-14 10:32:57,993 INFO o.a.j.s.FileServer: Stored: data/users_lockout.csv
2026-08-14 10:32:58,497 INFO o.a.j.t.JMeterThread: Thread started: TG-lockout — nhanh account-lockout (2 VU) 2-2
2026-08-14 10:32:59,983 INFO o.a.j.t.JMeterThread: Thread started: Thread Group — soak 1-5
2026-08-14 10:33:00,107 INFO o.a.j.r.Summariser: summary +     91 in 00:00:12 =    7.5/s Avg:     3 Min:     1 Max:    41 Err:     0 (0.00%) Active: 7 Started: 7 Finished: 0
2026-08-14 10:33:02,985 INFO o.a.j.t.JMeterThread: Thread started: Thread Group — soak 1-6
2026-08-14 10:33:05,979 INFO o.a.j.t.JMeterThread: Thread started: Thread Group — soak 1-7
2026-08-14 10:33:08,983 INFO o.a.j.t.JMeterThread: Thread started: Thread Group — soak 1-8
2026-08-14 10:33:11,978 INFO o.a.j.t.JMeterThread: Thread started: Thread Group — soak 1-9
2026-08-14 10:33:14,984 INFO o.a.j.t.JMeterThread: Thread started: Thread Group — soak 1-10
2026-08-14 10:33:17,982 INFO o.a.j.t.JMeterThread: Thread started: Thread Group — soak 1-11
2026-08-14 10:33:20,978 INFO o.a.j.t.JMeterThread: Thread started: Thread Group — soak 1-12
2026-08-14 10:33:23,981 INFO o.a.j.t.JMeterThread: Thread started: Thread Group — soak 1-13
2026-08-14 10:33:26,979 INFO o.a.j.t.JMeterThread: Thread started: Thread Group — soak 1-14
2026-08-14 10:33:29,979 INFO o.a.j.t.JMeterThread: Thread started: Thread Group — soak 1-15
2026-08-14 10:33:30,046 INFO o.a.j.r.Summariser: summary +    950 in 00:00:30 =   31.7/s Avg:     3 Min:     0 Max:    19 Err:     0 (0.00%) Active: 17 Started: 17 Finished: 0
2026-08-14 10:33:30,046 INFO o.a.j.r.Summariser: summary =   1041 in 00:00:42 =   24.7/s Avg:     3 Min:     0 Max:    41 Err:     0 (0.00%)
2026-08-14 10:33:32,981 INFO o.a.j.t.JMeterThread: Thread started: Thread Group — soak 1-16
2026-08-14 10:33:35,976 INFO o.a.j.t.JMeterThread: Thread started: Thread Group — soak 1-17
2026-08-14 10:33:38,981 INFO o.a.j.t.JMeterThread: Thread started: Thread Group — soak 1-18
2026-08-14 10:33:41,977 INFO o.a.j.t.JMeterThread: Thread started: Thread Group — soak 1-19
2026-08-14 10:33:44,978 INFO o.a.j.t.JMeterThread: Thread started: Thread Group — soak 1-20
2026-08-14 10:34:00,035 INFO o.a.j.r.Summariser: summary +   1834 in 00:00:30 =   61.2/s Avg:     2 Min:     0 Max:    73 Err:     0 (0.00%) Active: 22 Started: 22 Finished: 0
2026-08-14 10:34:00,035 INFO o.a.j.r.Summariser: summary =   2875 in 00:01:12 =   39.9/s Avg:     2 Min:     0 Max:    73 Err:     0 (0.00%)
2026-08-14 10:34:30,026 INFO o.a.j.r.Summariser: summary +   1999 in 00:00:30 =   66.7/s Avg:     2 Min:     0 Max:    35 Err:     0 (0.00%) Active: 22 Started: 22 Finished: 0
2026-08-14 10:34:30,028 INFO o.a.j.r.Summariser: summary =   4874 in 00:01:42 =   47.8/s Avg:     2 Min:     0 Max:    73 Err:     0 (0.00%)
2026-08-14 10:34:56,515 INFO o.a.j.t.JMeterThread: Thread finished: TG-lockout — nhanh account-lockout (2 VU) 2-1
2026-08-14 10:34:57,154 INFO o.a.j.t.JMeterThread: Thread finished: TG-lockout — nhanh account-lockout (2 VU) 2-2
2026-08-14 10:35:00,011 INFO o.a.j.r.Summariser: summary +   1977 in 00:00:30 =   65.9/s Avg:     2 Min:     0 Max:    81 Err:     0 (0.00%) Active: 20 Started: 22 Finished: 2
2026-08-14 10:35:00,012 INFO o.a.j.r.Summariser: summary =   6851 in 00:02:12 =   51.9/s Avg:     2 Min:     0 Max:    81 Err:     0 (0.00%)
2026-08-14 10:35:30,054 INFO o.a.j.r.Summariser: summary +   1966 in 00:00:30 =   65.4/s Avg:     2 Min:     0 Max:    37 Err:     0 (0.00%) Active: 20 Started: 22 Finished: 2
2026-08-14 10:35:30,058 INFO o.a.j.r.Summariser: summary =   8817 in 00:02:42 =   54.4/s Avg:     2 Min:     0 Max:    81 Err:     0 (0.00%)
2026-08-14 10:36:00,011 INFO o.a.j.r.Summariser: summary +   1957 in 00:00:30 =   65.3/s Avg:     2 Min:     0 Max:    59 Err:     0 (0.00%) Active: 20 Started: 22 Finished: 2
2026-08-14 10:36:00,012 INFO o.a.j.r.Summariser: summary =  10774 in 00:03:12 =   56.1/s Avg:     2 Min:     0 Max:    81 Err:     0 (0.00%)
2026-08-14 10:36:30,010 INFO o.a.j.r.Summariser: summary +   1968 in 00:00:30 =   65.6/s Avg:     2 Min:     0 Max:    28 Err:     0 (0.00%) Active: 20 Started: 22 Finished: 2
2026-08-14 10:36:30,012 INFO o.a.j.r.Summariser: summary =  12742 in 00:03:42 =   57.4/s Avg:     2 Min:     0 Max:    81 Err:     0 (0.00%)
2026-08-14 10:37:00,005 INFO o.a.j.r.Summariser: summary +   1978 in 00:00:30 =   65.9/s Avg:     2 Min:     0 Max:    58 Err:     0 (0.00%) Active: 20 Started: 22 Finished: 2
2026-08-14 10:37:00,008 INFO o.a.j.r.Summariser: summary =  14720 in 00:04:12 =   58.4/s Avg:     2 Min:     0 Max:    81 Err:     0 (0.00%)
2026-08-14 10:37:30,005 INFO o.a.j.r.Summariser: summary +   1955 in 00:00:30 =   65.2/s Avg:     3 Min:     0 Max:    90 Err:     0 (0.00%) Active: 20 Started: 22 Finished: 2
2026-08-14 10:37:30,011 INFO o.a.j.r.Summariser: summary =  16675 in 00:04:42 =   59.1/s Avg:     2 Min:     0 Max:    90 Err:     0 (0.00%)
2026-08-14 10:38:00,003 INFO o.a.j.r.Summariser: summary +   1953 in 00:00:30 =   65.1/s Avg:     3 Min:     0 Max:   103 Err:     0 (0.00%) Active: 20 Started: 22 Finished: 2
2026-08-14 10:38:00,004 INFO o.a.j.r.Summariser: summary =  18628 in 00:05:12 =   59.7/s Avg:     2 Min:     0 Max:   103 Err:     0 (0.00%)
2026-08-14 10:38:30,019 INFO o.a.j.r.Summariser: summary +   1963 in 00:00:30 =   65.4/s Avg:     2 Min:     0 Max:    26 Err:     0 (0.00%) Active: 20 Started: 22 Finished: 2
2026-08-14 10:38:30,020 INFO o.a.j.r.Summariser: summary =  20591 in 00:05:42 =   60.2/s Avg:     2 Min:     0 Max:   103 Err:     0 (0.00%)
2026-08-14 10:39:00,002 INFO o.a.j.r.Summariser: summary +   1959 in 00:00:30 =   65.3/s Avg:     2 Min:     0 Max:    98 Err:     0 (0.00%) Active: 20 Started: 22 Finished: 2
2026-08-14 10:39:00,003 INFO o.a.j.r.Summariser: summary =  22550 in 00:06:12 =   60.6/s Avg:     2 Min:     0 Max:   103 Err:     0 (0.00%)
2026-08-14 10:39:30,011 INFO o.a.j.r.Summariser: summary +   1968 in 00:00:30 =   65.6/s Avg:     3 Min:     0 Max:    69 Err:     0 (0.00%) Active: 20 Started: 22 Finished: 2
2026-08-14 10:39:30,012 INFO o.a.j.r.Summariser: summary =  24518 in 00:06:42 =   61.0/s Avg:     2 Min:     0 Max:   103 Err:     0 (0.00%)
2026-08-14 10:40:00,015 INFO o.a.j.r.Summariser: summary +   1959 in 00:00:30 =   65.3/s Avg:     2 Min:     0 Max:    30 Err:     0 (0.00%) Active: 20 Started: 22 Finished: 2
2026-08-14 10:40:00,016 INFO o.a.j.r.Summariser: summary =  26477 in 00:07:12 =   61.3/s Avg:     2 Min:     0 Max:   103 Err:     0 (0.00%)
2026-08-14 10:40:30,009 INFO o.a.j.r.Summariser: summary +   1962 in 00:00:30 =   65.4/s Avg:     2 Min:     0 Max:    53 Err:     0 (0.00%) Active: 20 Started: 22 Finished: 2
2026-08-14 10:40:30,012 INFO o.a.j.r.Summariser: summary =  28439 in 00:07:42 =   61.6/s Avg:     2 Min:     0 Max:   103 Err:     0 (0.00%)
2026-08-14 10:41:00,015 INFO o.a.j.r.Summariser: summary +   1923 in 00:00:30 =   64.1/s Avg:     8 Min:     0 Max:   365 Err:     0 (0.00%) Active: 20 Started: 22 Finished: 2
2026-08-14 10:41:00,021 INFO o.a.j.r.Summariser: summary =  30362 in 00:08:12 =   61.7/s Avg:     3 Min:     0 Max:   365 Err:     0 (0.00%)
2026-08-14 10:41:30,011 INFO o.a.j.r.Summariser: summary +   1962 in 00:00:30 =   65.4/s Avg:     3 Min:     0 Max:    81 Err:     0 (0.00%) Active: 20 Started: 22 Finished: 2
2026-08-14 10:41:30,013 INFO o.a.j.r.Summariser: summary =  32324 in 00:08:42 =   61.9/s Avg:     3 Min:     0 Max:   365 Err:     0 (0.00%)
2026-08-14 10:42:00,015 INFO o.a.j.r.Summariser: summary +   1966 in 00:00:30 =   65.5/s Avg:     2 Min:     0 Max:    46 Err:     0 (0.00%) Active: 20 Started: 22 Finished: 2
2026-08-14 10:42:00,016 INFO o.a.j.r.Summariser: summary =  34290 in 00:09:12 =   62.1/s Avg:     3 Min:     0 Max:   365 Err:     0 (0.00%)
2026-08-14 10:42:30,002 INFO o.a.j.r.Summariser: summary +   1960 in 00:00:30 =   65.4/s Avg:     2 Min:     0 Max:    30 Err:     0 (0.00%) Active: 20 Started: 22 Finished: 2
2026-08-14 10:42:30,003 INFO o.a.j.r.Summariser: summary =  36250 in 00:09:42 =   62.3/s Avg:     3 Min:     0 Max:   365 Err:     0 (0.00%)
2026-08-14 10:43:00,008 INFO o.a.j.r.Summariser: summary +   1960 in 00:00:30 =   65.3/s Avg:     2 Min:     0 Max:    29 Err:     0 (0.00%) Active: 20 Started: 22 Finished: 2
2026-08-14 10:43:00,011 INFO o.a.j.r.Summariser: summary =  38210 in 00:10:12 =   62.4/s Avg:     3 Min:     0 Max:   365 Err:     0 (0.00%)
2026-08-14 10:43:30,064 INFO o.a.j.r.Summariser: summary +   1958 in 00:00:30 =   65.1/s Avg:     3 Min:     0 Max:   115 Err:     0 (0.00%) Active: 20 Started: 22 Finished: 2
2026-08-14 10:43:30,065 INFO o.a.j.r.Summariser: summary =  40168 in 00:10:42 =   62.6/s Avg:     3 Min:     0 Max:   365 Err:     0 (0.00%)
2026-08-14 10:44:00,012 INFO o.a.j.r.Summariser: summary +   1976 in 00:00:30 =   66.0/s Avg:     2 Min:     0 Max:    27 Err:     0 (0.00%) Active: 20 Started: 22 Finished: 2
2026-08-14 10:44:00,013 INFO o.a.j.r.Summariser: summary =  42144 in 00:11:12 =   62.7/s Avg:     3 Min:     0 Max:   365 Err:     0 (0.00%)
2026-08-14 10:44:30,021 INFO o.a.j.r.Summariser: summary +   1957 in 00:00:30 =   65.2/s Avg:     2 Min:     0 Max:    27 Err:     0 (0.00%) Active: 20 Started: 22 Finished: 2
2026-08-14 10:44:30,022 INFO o.a.j.r.Summariser: summary =  44101 in 00:11:42 =   62.8/s Avg:     3 Min:     0 Max:   365 Err:     0 (0.00%)
2026-08-14 10:44:47,678 INFO o.a.j.t.JMeterThread: Thread finished: Thread Group — soak 1-19
2026-08-14 10:44:47,770 INFO o.a.j.t.JMeterThread: Thread finished: Thread Group — soak 1-15
2026-08-14 10:44:47,791 INFO o.a.j.t.JMeterThread: Thread finished: Thread Group — soak 1-11
2026-08-14 10:44:47,791 INFO o.a.j.t.JMeterThread: Thread finished: Thread Group — soak 1-18
2026-08-14 10:44:47,802 INFO o.a.j.t.JMeterThread: Thread finished: Thread Group — soak 1-1
2026-08-14 10:44:47,821 INFO o.a.j.t.JMeterThread: Thread finished: Thread Group — soak 1-5
2026-08-14 10:44:47,823 INFO o.a.j.t.JMeterThread: Thread finished: Thread Group — soak 1-2
2026-08-14 10:44:47,830 INFO o.a.j.t.JMeterThread: Thread finished: Thread Group — soak 1-9
2026-08-14 10:44:47,840 INFO o.a.j.t.JMeterThread: Thread finished: Thread Group — soak 1-10
2026-08-14 10:44:47,866 INFO o.a.j.t.JMeterThread: Thread finished: Thread Group — soak 1-20
2026-08-14 10:44:47,867 INFO o.a.j.t.JMeterThread: Thread finished: Thread Group — soak 1-14
2026-08-14 10:44:47,875 INFO o.a.j.t.JMeterThread: Thread finished: Thread Group — soak 1-6
2026-08-14 10:44:47,878 INFO o.a.j.t.JMeterThread: Thread finished: Thread Group — soak 1-13
2026-08-14 10:44:47,913 INFO o.a.j.t.JMeterThread: Thread finished: Thread Group — soak 1-4
2026-08-14 10:44:47,925 INFO o.a.j.t.JMeterThread: Thread finished: Thread Group — soak 1-7
2026-08-14 10:44:47,945 INFO o.a.j.t.JMeterThread: Thread finished: Thread Group — soak 1-8
2026-08-14 10:44:47,946 INFO o.a.j.t.JMeterThread: Thread finished: Thread Group — soak 1-3
2026-08-14 10:44:47,964 INFO o.a.j.t.JMeterThread: Thread finished: Thread Group — soak 1-12
2026-08-14 10:44:47,967 INFO o.a.j.t.JMeterThread: Thread finished: Thread Group — soak 1-16
2026-08-14 10:44:47,985 INFO o.a.j.t.JMeterThread: Thread finished: Thread Group — soak 1-17
2026-08-14 10:44:47,987 INFO o.a.j.e.StandardJMeterEngine: Notifying test listeners of end of test
2026-08-14 10:44:47,988 INFO o.a.j.s.FileServer: Close: data/products_import.csv
2026-08-14 10:44:47,989 INFO o.a.j.s.FileServer: Close: data/orders.csv
2026-08-14 10:44:47,989 INFO o.a.j.s.FileServer: Close: data/users.csv
2026-08-14 10:44:47,989 INFO o.a.j.s.FileServer: Close: data/users_lockout.csv
2026-08-14 10:44:48,025 INFO o.a.j.r.Summariser: summary +   1187 in 00:00:18 =   65.9/s Avg:     2 Min:     0 Max:    32 Err:     0 (0.00%) Active: 0 Started: 22 Finished: 22
2026-08-14 10:44:48,025 INFO o.a.j.r.Summariser: summary =  45288 in 00:12:00 =   62.9/s Avg:     3 Min:     0 Max:   365 Err:     0 (0.00%)
2026-08-14 10:44:48,026 INFO o.a.j.JMeter: Generating Dashboard
2026-08-14 10:44:48,026 INFO o.a.j.r.d.ReportGenerator: Flushing result collector before report Generation
2026-08-14 10:44:48,065 INFO o.a.j.r.p.NormalizerSampleConsumer: Using format, 'ms', to parse timeStamp field
2026-08-14 10:44:49,026 INFO o.a.j.r.p.AbstractSampleConsumer: class org.apache.jmeter.report.processor.AggregateConsumer#stopProducing(): beginDate produced 0 samples
2026-08-14 10:44:49,026 INFO o.a.j.r.p.AbstractSampleConsumer: class org.apache.jmeter.report.processor.AggregateConsumer#stopProducing(): endDate produced 0 samples
2026-08-14 10:44:49,028 INFO o.a.j.r.p.AbstractSampleConsumer: class org.apache.jmeter.report.processor.ApdexSummaryConsumer#stopProducing(): apdexSummary produced 0 samples
2026-08-14 10:44:49,028 INFO o.a.j.r.p.AbstractSampleConsumer: class org.apache.jmeter.report.processor.RequestsSummaryConsumer#stopProducing(): requestsSummary produced 0 samples
2026-08-14 10:44:49,038 INFO o.a.j.r.p.AbstractSampleConsumer: class org.apache.jmeter.report.processor.StatisticsSummaryConsumer#stopProducing(): statisticsSummary produced 0 samples
2026-08-14 10:44:49,041 INFO o.a.j.r.p.AbstractSampleConsumer: class org.apache.jmeter.report.processor.Top5ErrorsBySamplerConsumer#stopProducing(): top5ErrorsBySampler produced 0 samples
2026-08-14 10:44:49,041 INFO o.a.j.r.p.AbstractSampleConsumer: class org.apache.jmeter.report.processor.ErrorsSummaryConsumer#stopProducing(): errorsSummary produced 0 samples
2026-08-14 10:44:49,041 INFO o.a.j.r.p.AbstractSampleConsumer: class org.apache.jmeter.report.processor.graph.impl.HitsPerSecondGraphConsumer#stopProducing(): hitsPerSecond produced 0 samples
2026-08-14 10:44:49,277 INFO o.a.j.r.p.AbstractSampleConsumer: class org.apache.jmeter.report.processor.graph.impl.LatencyVSRequestGraphConsumer#stopProducing(): latencyVsRequest produced 0 samples
2026-08-14 10:44:49,279 INFO o.a.j.r.p.AbstractSampleConsumer: class org.apache.jmeter.report.processor.graph.impl.SyntheticResponseTimeDistributionGraphConsumer#stopProducing(): syntheticResponseTimeDistribution produced 0 samples
2026-08-14 10:44:49,279 INFO o.a.j.r.p.AbstractSampleConsumer: class org.apache.jmeter.report.processor.graph.impl.BytesThroughputGraphConsumer#stopProducing(): bytesThroughputOverTime produced 0 samples
2026-08-14 10:44:49,280 INFO o.a.j.r.p.AbstractSampleConsumer: class org.apache.jmeter.report.processor.graph.impl.CodesPerSecondGraphConsumer#stopProducing(): codesPerSecond produced 0 samples
2026-08-14 10:44:49,478 INFO o.a.j.r.p.AbstractSampleConsumer: class org.apache.jmeter.report.processor.graph.impl.ResponseTimeVSRequestGraphConsumer#stopProducing(): responseTimeVsRequest produced 0 samples
2026-08-14 10:44:49,479 INFO o.a.j.r.p.AbstractSampleConsumer: class org.apache.jmeter.report.processor.FilterConsumer#stopProducing(): startIntervalControlerFilter produced 317016 samples
2026-08-14 10:44:49,479 INFO o.a.j.r.p.AbstractSampleConsumer: class org.apache.jmeter.report.processor.graph.impl.TotalTPSGraphConsumer#stopProducing(): totalTPS produced 0 samples
2026-08-14 10:44:49,479 INFO o.a.j.r.p.AbstractSampleConsumer: class org.apache.jmeter.report.processor.graph.impl.ActiveThreadsGraphConsumer#stopProducing(): activeThreadsOverTime produced 0 samples
2026-08-14 10:44:49,479 INFO o.a.j.r.p.AbstractSampleConsumer: class org.apache.jmeter.report.processor.graph.impl.TimeVSThreadGraphConsumer#stopProducing(): timeVsThreads produced 0 samples
2026-08-14 10:44:49,480 INFO o.a.j.r.p.AbstractSampleConsumer: class org.apache.jmeter.report.processor.graph.impl.ResponseTimeDistributionGraphConsumer#stopProducing(): responseTimeDistribution produced 0 samples
2026-08-14 10:44:49,480 INFO o.a.j.r.p.AbstractSampleConsumer: class org.apache.jmeter.report.processor.graph.impl.TransactionsPerSecondGraphConsumer#stopProducing(): transactionsPerSecond produced 0 samples
2026-08-14 10:44:49,481 INFO o.a.j.r.p.AbstractSampleConsumer: class org.apache.jmeter.report.processor.graph.impl.ResponseTimePercentilesGraphConsumer#stopProducing(): responseTimePercentiles produced 0 samples
2026-08-14 10:44:49,482 INFO o.a.j.r.p.AbstractSampleConsumer: class org.apache.jmeter.report.processor.graph.impl.ResponseTimePercentilesOverTimeGraphConsumer#stopProducing(): responseTimePercentilesOverTime produced 0 samples
2026-08-14 10:44:49,489 INFO o.a.j.r.p.AbstractSampleConsumer: class org.apache.jmeter.report.processor.graph.impl.ResponseTimeOverTimeGraphConsumer#stopProducing(): responseTimesOverTime produced 0 samples
2026-08-14 10:44:49,490 INFO o.a.j.r.p.AbstractSampleConsumer: class org.apache.jmeter.report.processor.graph.impl.ConnectTimeOverTimeGraphConsumer#stopProducing(): connectTimeOverTime produced 0 samples
2026-08-14 10:44:49,491 INFO o.a.j.r.p.AbstractSampleConsumer: class org.apache.jmeter.report.processor.graph.impl.LatencyOverTimeGraphConsumer#stopProducing(): latenciesOverTime produced 0 samples
2026-08-14 10:44:49,492 INFO o.a.j.r.p.AbstractSampleConsumer: class org.apache.jmeter.report.processor.FilterConsumer#stopProducing(): nameFilter produced 679320 samples
2026-08-14 10:44:49,493 INFO o.a.j.r.p.AbstractSampleConsumer: class org.apache.jmeter.report.processor.FilterConsumer#stopProducing(): dateRangeFilter produced 135864 samples
2026-08-14 10:44:49,493 INFO o.a.j.r.p.AbstractSampleConsumer: class org.apache.jmeter.report.processor.NormalizerSampleConsumer#stopProducing(): normalizer produced 45288 samples
2026-08-14 10:44:49,493 INFO o.a.j.r.p.CsvFileSampleSource: produce(): 45288 samples produced in 1s 407 ms on channel 0
2026-08-14 10:44:49,493 INFO o.a.j.r.d.ReportGenerator: Exporting data using exporter:'json' of className:'org.apache.jmeter.report.dashboard.JsonExporter'
2026-08-14 10:44:49,536 INFO o.a.j.r.d.JsonExporter: Found data for consumer statisticsSummary in context
2026-08-14 10:44:49,537 INFO o.a.j.r.d.JsonExporter: Creating statistics for overall
2026-08-14 10:44:49,538 INFO o.a.j.r.d.JsonExporter: Creating statistics for other transactions
2026-08-14 10:44:49,538 INFO o.a.j.r.d.JsonExporter: Checking output folder
2026-08-14 10:44:49,538 INFO o.a.j.r.d.JsonExporter: Writing statistics JSON to /Users/macos/Documents/HK3_Nam3/kiem_thu/HW05-Performance-Testing/endurance/html/soak/statistics.json
2026-08-14 10:44:49,566 INFO o.a.j.r.d.ReportGenerator: Exporting data using exporter:'html' of className:'org.apache.jmeter.report.dashboard.HtmlTemplateExporter'
2026-08-14 10:44:49,567 INFO o.a.j.r.d.HtmlTemplateExporter: Will generate dashboard in folder: /Users/macos/Documents/HK3_Nam3/kiem_thu/HW05-Performance-Testing/endurance/html/soak
2026-08-14 10:44:49,649 INFO o.a.j.r.d.HtmlTemplateExporter: Report will be generated in: /Users/macos/Documents/HK3_Nam3/kiem_thu/HW05-Performance-Testing/endurance/html/soak, creating folder structure
2026-08-14 10:44:49,651 INFO o.a.j.r.d.TemplateVisitor: Copying folder from '/opt/homebrew/Cellar/jmeter/5.6.3/libexec/bin/report-template' to '/Users/macos/Documents/HK3_Nam3/kiem_thu/HW05-Performance-Testing/endurance/html/soak', got message: /Users/macos/Documents/HK3_Nam3/kiem_thu/HW05-Performance-Testing/endurance/html/soak, found non empty folder with following content [/Users/macos/Documents/HK3_Nam3/kiem_thu/HW05-Performance-Testing/endurance/html/soak/statistics.json], will be ignored
2026-08-14 10:44:49,808 INFO o.a.j.JMeter: Dashboard generated
