2026-08-14 23:43:08,286 INFO o.a.j.u.JMeterUtils: Setting Locale to en_EN
2026-08-14 23:43:08,301 INFO o.a.j.JMeter: Loading user properties from: /opt/homebrew/Cellar/jmeter/5.6.3/libexec/bin/user.properties
2026-08-14 23:43:08,302 INFO o.a.j.JMeter: Loading system properties from: /opt/homebrew/Cellar/jmeter/5.6.3/libexec/bin/system.properties
2026-08-14 23:43:08,302 INFO o.a.j.JMeter: Loading additional properties from: tools/jmeter-user.properties
2026-08-14 23:43:08,302 INFO o.a.j.JMeter: Setting JMeter property: student.id=23127178
2026-08-14 23:43:08,302 INFO o.a.j.JMeter: Setting JMeter property: scenario=Load
2026-08-14 23:43:08,306 INFO o.a.j.JMeter: Copyright (c) 1998-2024 The Apache Software Foundation
2026-08-14 23:43:08,306 INFO o.a.j.JMeter: Version 5.6.3
2026-08-14 23:43:08,306 INFO o.a.j.JMeter: java.version=21.0.12
2026-08-14 23:43:08,306 INFO o.a.j.JMeter: java.vm.name=OpenJDK 64-Bit Server VM
2026-08-14 23:43:08,306 INFO o.a.j.JMeter: os.name=Mac OS X
2026-08-14 23:43:08,306 INFO o.a.j.JMeter: os.arch=aarch64
2026-08-14 23:43:08,306 INFO o.a.j.JMeter: os.version=26.1
2026-08-14 23:43:08,306 INFO o.a.j.JMeter: file.encoding=UTF-8
2026-08-14 23:43:08,306 INFO o.a.j.JMeter: java.awt.headless=true
2026-08-14 23:43:08,306 INFO o.a.j.JMeter: Max memory     =1073741824
2026-08-14 23:43:08,306 INFO o.a.j.JMeter: Available Processors =12
2026-08-14 23:43:08,312 INFO o.a.j.JMeter: Default Locale=English (EN)
2026-08-14 23:43:08,313 INFO o.a.j.JMeter: JMeter  Locale=English (EN)
2026-08-14 23:43:08,313 INFO o.a.j.JMeter: JMeterHome=/opt/homebrew/Cellar/jmeter/5.6.3/libexec
2026-08-14 23:43:08,313 INFO o.a.j.JMeter: user.dir  =/Users/macos/Documents/HK3_Nam3/kiem_thu/HW05-Performance-Testing
2026-08-14 23:43:08,313 INFO o.a.j.JMeter: PWD       =/Users/macos/Documents/HK3_Nam3/kiem_thu/HW05-Performance-Testing
2026-08-14 23:43:08,316 INFO o.a.j.JMeter: IP: 192.168.1.25 Name: Le-Nhut-Duy.local FullName: 192.168.1.25
2026-08-14 23:43:08,324 INFO o.a.j.JMeter: Setting property 'jmeter.reportgenerator.outputdir' to:'/Users/macos/Documents/HK3_Nam3/kiem_thu/HW05-Performance-Testing/results/html/load'
2026-08-14 23:43:08,325 INFO o.a.j.s.FileServer: Default base='/Users/macos/Documents/HK3_Nam3/kiem_thu/HW05-Performance-Testing'
2026-08-14 23:43:08,326 INFO o.a.j.s.FileServer: Set new base='/Users/macos/Documents/HK3_Nam3/kiem_thu/HW05-Performance-Testing/test-plans'
2026-08-14 23:43:08,420 INFO o.a.j.s.SaveService: Testplan (JMX) version: 2.2. Testlog (JTL) version: 2.2
2026-08-14 23:43:08,438 INFO o.a.j.s.SaveService: Using SaveService properties version 5.0
2026-08-14 23:43:08,439 INFO o.a.j.s.SaveService: Using SaveService properties file encoding UTF-8
2026-08-14 23:43:08,441 INFO o.a.j.s.SaveService: Loading file: test-plans/23127178_Load_20260813.jmx
2026-08-14 23:43:08,476 INFO o.a.j.p.h.s.HTTPSamplerBase: Parser for text/html is org.apache.jmeter.protocol.http.parser.LagartoBasedHtmlParser
2026-08-14 23:43:08,476 INFO o.a.j.p.h.s.HTTPSamplerBase: Parser for application/xhtml+xml is org.apache.jmeter.protocol.http.parser.LagartoBasedHtmlParser
2026-08-14 23:43:08,476 INFO o.a.j.p.h.s.HTTPSamplerBase: Parser for application/xml is org.apache.jmeter.protocol.http.parser.LagartoBasedHtmlParser
2026-08-14 23:43:08,476 INFO o.a.j.p.h.s.HTTPSamplerBase: Parser for text/xml is org.apache.jmeter.protocol.http.parser.LagartoBasedHtmlParser
2026-08-14 23:43:08,476 INFO o.a.j.p.h.s.HTTPSamplerBase: Parser for text/vnd.wap.wml is org.apache.jmeter.protocol.http.parser.RegexpHTMLParser
2026-08-14 23:43:08,476 INFO o.a.j.p.h.s.HTTPSamplerBase: Parser for text/css is org.apache.jmeter.protocol.http.parser.CssParser
2026-08-14 23:43:08,509 INFO o.a.j.JMeter: Creating summariser <summary>
2026-08-14 23:43:08,511 INFO o.a.j.r.d.ReportGenerator: ReportGenerator will use for Parsing the separator: ','
2026-08-14 23:43:08,511 INFO o.a.j.r.d.ReportGenerator: Will generate report at end of test from  results file: results/jtl/23127178_Load_20260814-234307.jtl
2026-08-14 23:43:08,512 INFO o.a.j.r.d.ReportGenerator: Reading report generator properties from: /opt/homebrew/Cellar/jmeter/5.6.3/libexec/bin/reportgenerator.properties
2026-08-14 23:43:08,512 INFO o.a.j.r.d.ReportGenerator: Merging with JMeter properties
2026-08-14 23:43:08,514 INFO o.a.j.r.c.ReportGeneratorConfiguration: Property 'jmeter.reportgenerator.temp_dir' not found, using default value 'temp' instead.
2026-08-14 23:43:08,515 INFO o.a.j.r.c.ReportGeneratorConfiguration: Property 'jmeter.reportgenerator.apdex_per_transaction' not found, using default value 'null' instead.
2026-08-14 23:43:08,515 INFO o.a.j.r.c.ReportGeneratorConfiguration: apdex_per_transaction is empty, not APDEX per transaction customization
2026-08-14 23:43:08,515 INFO o.a.j.r.c.ReportGeneratorConfiguration: Property 'jmeter.reportgenerator.sample_filter' not found, using default value 'null' instead.
2026-08-14 23:43:08,515 INFO o.a.j.r.c.ReportGeneratorConfiguration: Property 'jmeter.reportgenerator.report_title' not found, using default value 'null' instead.
2026-08-14 23:43:08,515 INFO o.a.j.r.c.ReportGeneratorConfiguration: Property 'jmeter.reportgenerator.start_date' not found, using default value 'null' instead.
2026-08-14 23:43:08,515 INFO o.a.j.r.c.ReportGeneratorConfiguration: Property 'jmeter.reportgenerator.end_date' not found, using default value 'null' instead.
2026-08-14 23:43:08,515 INFO o.a.j.r.c.ReportGeneratorConfiguration: Property 'jmeter.reportgenerator.date_format' not found, using default value 'null' instead.
2026-08-14 23:43:08,515 INFO o.a.j.r.c.ReportGeneratorConfiguration: Will use date range start date: null, end date: null
2026-08-14 23:43:08,517 INFO o.a.j.r.c.ReportGeneratorConfiguration: Property 'jmeter.reportgenerator.graph.totalTPS.exclude_controllers' not found, using default value 'false' instead.
2026-08-14 23:43:08,517 INFO o.a.j.r.c.ReportGeneratorConfiguration: Property 'jmeter.reportgenerator.graph.activeThreadsOverTime.exclude_controllers' not found, using default value 'false' instead.
2026-08-14 23:43:08,517 INFO o.a.j.r.c.ReportGeneratorConfiguration: Property 'jmeter.reportgenerator.graph.timeVsThreads.exclude_controllers' not found, using default value 'false' instead.
2026-08-14 23:43:08,517 INFO o.a.j.r.c.ReportGeneratorConfiguration: Property 'jmeter.reportgenerator.graph.responseTimeDistribution.exclude_controllers' not found, using default value 'false' instead.
2026-08-14 23:43:08,517 INFO o.a.j.r.c.ReportGeneratorConfiguration: Property 'jmeter.reportgenerator.graph.transactionsPerSecond.exclude_controllers' not found, using default value 'false' instead.
2026-08-14 23:43:08,517 INFO o.a.j.r.c.ReportGeneratorConfiguration: Property 'jmeter.reportgenerator.graph.responseTimePercentiles.exclude_controllers' not found, using default value 'false' instead.
2026-08-14 23:43:08,518 INFO o.a.j.r.c.ReportGeneratorConfiguration: Property 'jmeter.reportgenerator.graph.responseTimePercentilesOverTime.exclude_controllers' not found, using default value 'false' instead.
2026-08-14 23:43:08,518 INFO o.a.j.r.c.ReportGeneratorConfiguration: Property 'jmeter.reportgenerator.graph.responseTimesOverTime.exclude_controllers' not found, using default value 'false' instead.
2026-08-14 23:43:08,518 INFO o.a.j.r.c.ReportGeneratorConfiguration: Property 'jmeter.reportgenerator.graph.connectTimeOverTime.exclude_controllers' not found, using default value 'false' instead.
2026-08-14 23:43:08,518 INFO o.a.j.r.c.ReportGeneratorConfiguration: Property 'jmeter.reportgenerator.graph.latenciesOverTime.exclude_controllers' not found, using default value 'false' instead.
2026-08-14 23:43:08,518 INFO o.a.j.r.c.ReportGeneratorConfiguration: Property 'jmeter.reportgenerator.exporter.json.filters_only_sample_series' not found, using default value 'true' instead.
2026-08-14 23:43:08,518 INFO o.a.j.r.c.ReportGeneratorConfiguration: Property 'jmeter.reportgenerator.exporter.json.series_filter' not found, using default value '' instead.
2026-08-14 23:43:08,518 INFO o.a.j.r.c.ReportGeneratorConfiguration: Property 'jmeter.reportgenerator.exporter.json.show_controllers_only' not found, using default value 'false' instead.
2026-08-14 23:43:08,518 INFO o.a.j.r.c.ReportGeneratorConfiguration: Property 'jmeter.reportgenerator.exporter.html.filters_only_sample_series' not found, using default value 'true' instead.
2026-08-14 23:43:08,518 INFO o.a.j.r.c.ReportGeneratorConfiguration: Property 'jmeter.reportgenerator.exporter.html.series_filter' not found, using default value '' instead.
2026-08-14 23:43:08,518 INFO o.a.j.r.c.ReportGeneratorConfiguration: Property 'jmeter.reportgenerator.exporter.html.show_controllers_only' not found, using default value 'false' instead.
2026-08-14 23:43:08,525 INFO o.a.j.e.StandardJMeterEngine: Running the test!
2026-08-14 23:43:08,525 INFO o.a.j.s.SampleEvent: List of sample_variables: []
2026-08-14 23:43:08,525 INFO o.a.j.s.SampleEvent: List of sample_variables: []
2026-08-14 23:43:08,527 INFO o.a.j.e.u.CompoundVariable: Note: Function class names must contain the string: '.functions.'
2026-08-14 23:43:08,527 INFO o.a.j.e.u.CompoundVariable: Note: Function class names must not contain the string: '.gui.'
2026-08-14 23:43:08,547 INFO o.a.j.r.ClassFinder: Will scan jar /opt/homebrew/Cellar/jmeter/5.6.3/libexec/lib/ext/jmeter-plugins-manager-1.9.jar with filter ExtendsClassFilter [parents=[interface org.apache.jmeter.functions.Function], inner=false, contains=null, notContains=null]. Consider exposing JMeter plugins via META-INF/services, and add JMeter-Skip-Class-Scanning=true manifest attribute so JMeter can skip classfile scanning
2026-08-14 23:43:08,709 INFO o.a.j.JMeter: Running test (1786725788708)
2026-08-14 23:43:08,722 INFO o.a.j.e.StandardJMeterEngine: Starting ThreadGroup: 1 : Thread Group — tai on dinh
2026-08-14 23:43:08,722 INFO o.a.j.e.StandardJMeterEngine: Starting 20 threads for group Thread Group — tai on dinh.
2026-08-14 23:43:08,722 INFO o.a.j.e.StandardJMeterEngine: Thread will continue on error
2026-08-14 23:43:08,723 INFO o.a.j.t.ThreadGroup: Starting thread group... number=1 threads=20 ramp-up=60 delayedStart=false
2026-08-14 23:43:08,733 INFO o.a.j.t.JMeterThread: Thread started: Thread Group — tai on dinh 1-1
2026-08-14 23:43:08,733 INFO o.a.j.s.FileServer: Stored: data/orders.csv
2026-08-14 23:43:08,734 INFO o.a.j.t.ThreadGroup: Started thread group number 1
2026-08-14 23:43:08,734 INFO o.a.j.e.StandardJMeterEngine: Starting ThreadGroup: 2 : TG-lockout — nhanh account-lockout (2 VU)
2026-08-14 23:43:08,734 INFO o.a.j.e.StandardJMeterEngine: Starting 2 threads for group TG-lockout — nhanh account-lockout (2 VU).
2026-08-14 23:43:08,734 INFO o.a.j.e.StandardJMeterEngine: Thread will continue on error
2026-08-14 23:43:08,734 INFO o.a.j.t.ThreadGroup: Starting thread group... number=2 threads=2 ramp-up=1 delayedStart=false
2026-08-14 23:43:08,735 INFO o.a.j.t.ThreadGroup: Started thread group number 2
2026-08-14 23:43:08,735 INFO o.a.j.e.StandardJMeterEngine: All thread groups have been started
2026-08-14 23:43:08,741 INFO o.a.j.s.FileServer: Stored: data/products_import.csv
2026-08-14 23:43:08,741 INFO o.a.j.s.FileServer: Stored: data/users.csv
2026-08-14 23:43:09,018 INFO o.a.j.p.h.s.HTTPHCAbstractImpl: Local host = Le-Nhut-Duy.local
2026-08-14 23:43:09,020 INFO o.a.j.p.h.s.HTTPHC4Impl: HTTP request retry count = 0
2026-08-14 23:43:09,021 INFO o.a.j.s.SampleResult: Note: Sample TimeStamps are START times
2026-08-14 23:43:09,021 INFO o.a.j.s.SampleResult: sampleresult.default.encoding is set to UTF-8
2026-08-14 23:43:09,021 INFO o.a.j.s.SampleResult: sampleresult.useNanoTime=true
2026-08-14 23:43:09,021 INFO o.a.j.s.SampleResult: sampleresult.nanoThreadSleep=5000
2026-08-14 23:43:11,110 INFO o.a.j.u.JsseSSLManager: Using default SSL protocol: TLS
2026-08-14 23:43:11,111 INFO o.a.j.u.JsseSSLManager: SSL session context: per-thread
2026-08-14 23:43:11,735 INFO o.a.j.t.JMeterThread: Thread started: Thread Group — tai on dinh 1-2
2026-08-14 23:43:14,734 INFO o.a.j.t.JMeterThread: Thread started: Thread Group — tai on dinh 1-3
2026-08-14 23:43:17,734 INFO o.a.j.t.JMeterThread: Thread started: Thread Group — tai on dinh 1-4
2026-08-14 23:43:18,740 INFO o.a.j.t.JMeterThread: Thread started: TG-lockout — nhanh account-lockout (2 VU) 2-1
2026-08-14 23:43:18,740 INFO o.a.j.s.FileServer: Stored: data/users_lockout.csv
2026-08-14 23:43:19,238 INFO o.a.j.t.JMeterThread: Thread started: TG-lockout — nhanh account-lockout (2 VU) 2-2
2026-08-14 23:43:20,732 INFO o.a.j.t.JMeterThread: Thread started: Thread Group — tai on dinh 1-5
2026-08-14 23:43:23,733 INFO o.a.j.t.JMeterThread: Thread started: Thread Group — tai on dinh 1-6
2026-08-14 23:43:26,734 INFO o.a.j.t.JMeterThread: Thread started: Thread Group — tai on dinh 1-7
2026-08-14 23:43:29,728 INFO o.a.j.t.JMeterThread: Thread started: Thread Group — tai on dinh 1-8
2026-08-14 23:43:30,038 INFO o.a.j.r.Summariser: summary +    213 in 00:00:21 =   10.0/s Avg:     4 Min:     1 Max:    57 Err:     0 (0.00%) Active: 10 Started: 10 Finished: 0
2026-08-14 23:43:32,729 INFO o.a.j.t.JMeterThread: Thread started: Thread Group — tai on dinh 1-9
2026-08-14 23:43:35,727 INFO o.a.j.t.JMeterThread: Thread started: Thread Group — tai on dinh 1-10
2026-08-14 23:43:38,729 INFO o.a.j.t.JMeterThread: Thread started: Thread Group — tai on dinh 1-11
2026-08-14 23:43:41,726 INFO o.a.j.t.JMeterThread: Thread started: Thread Group — tai on dinh 1-12
2026-08-14 23:43:44,731 INFO o.a.j.t.JMeterThread: Thread started: Thread Group — tai on dinh 1-13
2026-08-14 23:43:47,729 INFO o.a.j.t.JMeterThread: Thread started: Thread Group — tai on dinh 1-14
2026-08-14 23:43:50,726 INFO o.a.j.t.JMeterThread: Thread started: Thread Group — tai on dinh 1-15
2026-08-14 23:43:53,729 INFO o.a.j.t.JMeterThread: Thread started: Thread Group — tai on dinh 1-16
2026-08-14 23:43:56,724 INFO o.a.j.t.JMeterThread: Thread started: Thread Group — tai on dinh 1-17
2026-08-14 23:43:59,725 INFO o.a.j.t.JMeterThread: Thread started: Thread Group — tai on dinh 1-18
2026-08-14 23:44:00,010 INFO o.a.j.r.Summariser: summary +    963 in 00:00:30 =   32.1/s Avg:     2 Min:     0 Max:    33 Err:     0 (0.00%) Active: 20 Started: 20 Finished: 0
2026-08-14 23:44:00,011 INFO o.a.j.r.Summariser: summary =   1176 in 00:00:51 =   22.9/s Avg:     3 Min:     0 Max:    57 Err:     0 (0.00%)
2026-08-14 23:44:02,725 INFO o.a.j.t.JMeterThread: Thread started: Thread Group — tai on dinh 1-19
2026-08-14 23:44:05,725 INFO o.a.j.t.JMeterThread: Thread started: Thread Group — tai on dinh 1-20
2026-08-14 23:44:30,148 INFO o.a.j.r.Summariser: summary +   1470 in 00:00:30 =   48.8/s Avg:     2 Min:     0 Max:    41 Err:     0 (0.00%) Active: 22 Started: 22 Finished: 0
2026-08-14 23:44:30,150 INFO o.a.j.r.Summariser: summary =   2646 in 00:01:21 =   32.5/s Avg:     2 Min:     0 Max:    57 Err:     0 (0.00%)
2026-08-14 23:45:00,021 INFO o.a.j.r.Summariser: summary +   1511 in 00:00:30 =   50.6/s Avg:     2 Min:     0 Max:    33 Err:     0 (0.00%) Active: 22 Started: 22 Finished: 0
2026-08-14 23:45:00,022 INFO o.a.j.r.Summariser: summary =   4157 in 00:01:51 =   37.3/s Avg:     2 Min:     0 Max:    57 Err:     0 (0.00%)
2026-08-14 23:45:16,291 INFO o.a.j.t.JMeterThread: Thread finished: TG-lockout — nhanh account-lockout (2 VU) 2-2
2026-08-14 23:45:17,710 INFO o.a.j.t.JMeterThread: Thread finished: TG-lockout — nhanh account-lockout (2 VU) 2-1
2026-08-14 23:45:30,015 INFO o.a.j.r.Summariser: summary +   1486 in 00:00:30 =   49.5/s Avg:     2 Min:     0 Max:    32 Err:     0 (0.00%) Active: 20 Started: 22 Finished: 2
2026-08-14 23:45:30,017 INFO o.a.j.r.Summariser: summary =   5643 in 00:02:21 =   39.9/s Avg:     2 Min:     0 Max:    57 Err:     0 (0.00%)
2026-08-14 23:46:00,039 INFO o.a.j.r.Summariser: summary +   1468 in 00:00:30 =   48.9/s Avg:     2 Min:     0 Max:    20 Err:     0 (0.00%) Active: 20 Started: 22 Finished: 2
2026-08-14 23:46:00,041 INFO o.a.j.r.Summariser: summary =   7111 in 00:02:51 =   41.5/s Avg:     2 Min:     0 Max:    57 Err:     0 (0.00%)
2026-08-14 23:46:30,043 INFO o.a.j.r.Summariser: summary +   1457 in 00:00:30 =   48.6/s Avg:     2 Min:     0 Max:    34 Err:     0 (0.00%) Active: 20 Started: 22 Finished: 2
2026-08-14 23:46:30,045 INFO o.a.j.r.Summariser: summary =   8568 in 00:03:21 =   42.6/s Avg:     2 Min:     0 Max:    57 Err:     0 (0.00%)
2026-08-14 23:47:00,018 INFO o.a.j.r.Summariser: summary +   1460 in 00:00:30 =   48.7/s Avg:     2 Min:     0 Max:    32 Err:     0 (0.00%) Active: 20 Started: 22 Finished: 2
2026-08-14 23:47:00,019 INFO o.a.j.r.Summariser: summary =  10028 in 00:03:51 =   43.4/s Avg:     2 Min:     0 Max:    57 Err:     0 (0.00%)
2026-08-14 23:47:30,045 INFO o.a.j.r.Summariser: summary +   1464 in 00:00:30 =   48.8/s Avg:     2 Min:     0 Max:    47 Err:     0 (0.00%) Active: 20 Started: 22 Finished: 2
2026-08-14 23:47:30,048 INFO o.a.j.r.Summariser: summary =  11492 in 00:04:21 =   44.0/s Avg:     2 Min:     0 Max:    57 Err:     0 (0.00%)
2026-08-14 23:48:00,029 INFO o.a.j.r.Summariser: summary +   1467 in 00:00:30 =   48.9/s Avg:     2 Min:     0 Max:    31 Err:     0 (0.00%) Active: 20 Started: 22 Finished: 2
2026-08-14 23:48:00,030 INFO o.a.j.r.Summariser: summary =  12959 in 00:04:51 =   44.5/s Avg:     2 Min:     0 Max:    57 Err:     0 (0.00%)
2026-08-14 23:48:30,007 INFO o.a.j.r.Summariser: summary +   1468 in 00:00:30 =   49.0/s Avg:     2 Min:     0 Max:    48 Err:     0 (0.00%) Active: 20 Started: 22 Finished: 2
2026-08-14 23:48:30,008 INFO o.a.j.r.Summariser: summary =  14427 in 00:05:21 =   44.9/s Avg:     2 Min:     0 Max:    57 Err:     0 (0.00%)
2026-08-14 23:49:00,010 INFO o.a.j.r.Summariser: summary +   1485 in 00:00:30 =   49.5/s Avg:     2 Min:     0 Max:    32 Err:     0 (0.00%) Active: 20 Started: 22 Finished: 2
2026-08-14 23:49:00,011 INFO o.a.j.r.Summariser: summary =  15912 in 00:05:51 =   45.3/s Avg:     2 Min:     0 Max:    57 Err:     0 (0.00%)
2026-08-14 23:49:08,201 INFO o.a.j.t.JMeterThread: Thread finished: Thread Group — tai on dinh 1-16
2026-08-14 23:49:08,311 INFO o.a.j.t.JMeterThread: Thread finished: Thread Group — tai on dinh 1-14
2026-08-14 23:49:08,340 INFO o.a.j.t.JMeterThread: Thread finished: Thread Group — tai on dinh 1-17
2026-08-14 23:49:08,383 INFO o.a.j.t.JMeterThread: Thread finished: Thread Group — tai on dinh 1-3
2026-08-14 23:49:08,440 INFO o.a.j.t.JMeterThread: Thread finished: Thread Group — tai on dinh 1-6
2026-08-14 23:49:08,461 INFO o.a.j.t.JMeterThread: Thread finished: Thread Group — tai on dinh 1-15
2026-08-14 23:49:08,471 INFO o.a.j.t.JMeterThread: Thread finished: Thread Group — tai on dinh 1-2
2026-08-14 23:49:08,493 INFO o.a.j.t.JMeterThread: Thread finished: Thread Group — tai on dinh 1-18
2026-08-14 23:49:08,511 INFO o.a.j.t.JMeterThread: Thread finished: Thread Group — tai on dinh 1-9
2026-08-14 23:49:08,529 INFO o.a.j.t.JMeterThread: Thread finished: Thread Group — tai on dinh 1-4
2026-08-14 23:49:08,532 INFO o.a.j.t.JMeterThread: Thread finished: Thread Group — tai on dinh 1-20
2026-08-14 23:49:08,566 INFO o.a.j.t.JMeterThread: Thread finished: Thread Group — tai on dinh 1-1
2026-08-14 23:49:08,568 INFO o.a.j.t.JMeterThread: Thread finished: Thread Group — tai on dinh 1-8
2026-08-14 23:49:08,580 INFO o.a.j.t.JMeterThread: Thread finished: Thread Group — tai on dinh 1-13
2026-08-14 23:49:08,589 INFO o.a.j.t.JMeterThread: Thread finished: Thread Group — tai on dinh 1-12
2026-08-14 23:49:08,618 INFO o.a.j.t.JMeterThread: Thread finished: Thread Group — tai on dinh 1-7
2026-08-14 23:49:08,618 INFO o.a.j.t.JMeterThread: Thread finished: Thread Group — tai on dinh 1-10
2026-08-14 23:49:08,630 INFO o.a.j.t.JMeterThread: Thread finished: Thread Group — tai on dinh 1-19
2026-08-14 23:49:08,644 INFO o.a.j.t.JMeterThread: Thread finished: Thread Group — tai on dinh 1-11
2026-08-14 23:49:08,671 INFO o.a.j.t.JMeterThread: Thread finished: Thread Group — tai on dinh 1-5
2026-08-14 23:49:08,672 INFO o.a.j.e.StandardJMeterEngine: Notifying test listeners of end of test
2026-08-14 23:49:08,672 INFO o.a.j.s.FileServer: Close: data/products_import.csv
2026-08-14 23:49:08,672 INFO o.a.j.s.FileServer: Close: data/orders.csv
2026-08-14 23:49:08,672 INFO o.a.j.s.FileServer: Close: data/users.csv
2026-08-14 23:49:08,672 INFO o.a.j.s.FileServer: Close: data/users_lockout.csv
2026-08-14 23:49:08,689 INFO o.a.j.r.Summariser: summary +    436 in 00:00:09 =   50.3/s Avg:     2 Min:     0 Max:    14 Err:     0 (0.00%) Active: 0 Started: 22 Finished: 22
2026-08-14 23:49:08,690 INFO o.a.j.r.Summariser: summary =  16348 in 00:06:00 =   45.4/s Avg:     2 Min:     0 Max:    57 Err:     0 (0.00%)
2026-08-14 23:49:08,691 INFO o.a.j.JMeter: Generating Dashboard
2026-08-14 23:49:08,691 INFO o.a.j.r.d.ReportGenerator: Flushing result collector before report Generation
2026-08-14 23:49:08,709 INFO o.a.j.r.p.NormalizerSampleConsumer: Using format, 'ms', to parse timeStamp field
2026-08-14 23:49:09,063 INFO o.a.j.r.p.AbstractSampleConsumer: class org.apache.jmeter.report.processor.AggregateConsumer#stopProducing(): beginDate produced 0 samples
2026-08-14 23:49:09,063 INFO o.a.j.r.p.AbstractSampleConsumer: class org.apache.jmeter.report.processor.AggregateConsumer#stopProducing(): endDate produced 0 samples
2026-08-14 23:49:09,068 INFO o.a.j.r.p.AbstractSampleConsumer: class org.apache.jmeter.report.processor.ApdexSummaryConsumer#stopProducing(): apdexSummary produced 0 samples
2026-08-14 23:49:09,068 INFO o.a.j.r.p.AbstractSampleConsumer: class org.apache.jmeter.report.processor.RequestsSummaryConsumer#stopProducing(): requestsSummary produced 0 samples
2026-08-14 23:49:09,075 INFO o.a.j.r.p.AbstractSampleConsumer: class org.apache.jmeter.report.processor.StatisticsSummaryConsumer#stopProducing(): statisticsSummary produced 0 samples
2026-08-14 23:49:09,077 INFO o.a.j.r.p.AbstractSampleConsumer: class org.apache.jmeter.report.processor.Top5ErrorsBySamplerConsumer#stopProducing(): top5ErrorsBySampler produced 0 samples
2026-08-14 23:49:09,077 INFO o.a.j.r.p.AbstractSampleConsumer: class org.apache.jmeter.report.processor.ErrorsSummaryConsumer#stopProducing(): errorsSummary produced 0 samples
2026-08-14 23:49:09,077 INFO o.a.j.r.p.AbstractSampleConsumer: class org.apache.jmeter.report.processor.graph.impl.HitsPerSecondGraphConsumer#stopProducing(): hitsPerSecond produced 0 samples
2026-08-14 23:49:09,182 INFO o.a.j.r.p.AbstractSampleConsumer: class org.apache.jmeter.report.processor.graph.impl.LatencyVSRequestGraphConsumer#stopProducing(): latencyVsRequest produced 0 samples
2026-08-14 23:49:09,183 INFO o.a.j.r.p.AbstractSampleConsumer: class org.apache.jmeter.report.processor.graph.impl.SyntheticResponseTimeDistributionGraphConsumer#stopProducing(): syntheticResponseTimeDistribution produced 0 samples
2026-08-14 23:49:09,183 INFO o.a.j.r.p.AbstractSampleConsumer: class org.apache.jmeter.report.processor.graph.impl.BytesThroughputGraphConsumer#stopProducing(): bytesThroughputOverTime produced 0 samples
2026-08-14 23:49:09,183 INFO o.a.j.r.p.AbstractSampleConsumer: class org.apache.jmeter.report.processor.graph.impl.CodesPerSecondGraphConsumer#stopProducing(): codesPerSecond produced 0 samples
2026-08-14 23:49:09,297 INFO o.a.j.r.p.AbstractSampleConsumer: class org.apache.jmeter.report.processor.graph.impl.ResponseTimeVSRequestGraphConsumer#stopProducing(): responseTimeVsRequest produced 0 samples
2026-08-14 23:49:09,299 INFO o.a.j.r.p.AbstractSampleConsumer: class org.apache.jmeter.report.processor.FilterConsumer#stopProducing(): startIntervalControlerFilter produced 114436 samples
2026-08-14 23:49:09,299 INFO o.a.j.r.p.AbstractSampleConsumer: class org.apache.jmeter.report.processor.graph.impl.TotalTPSGraphConsumer#stopProducing(): totalTPS produced 0 samples
2026-08-14 23:49:09,300 INFO o.a.j.r.p.AbstractSampleConsumer: class org.apache.jmeter.report.processor.graph.impl.ActiveThreadsGraphConsumer#stopProducing(): activeThreadsOverTime produced 0 samples
2026-08-14 23:49:09,300 INFO o.a.j.r.p.AbstractSampleConsumer: class org.apache.jmeter.report.processor.graph.impl.TimeVSThreadGraphConsumer#stopProducing(): timeVsThreads produced 0 samples
2026-08-14 23:49:09,301 INFO o.a.j.r.p.AbstractSampleConsumer: class org.apache.jmeter.report.processor.graph.impl.ResponseTimeDistributionGraphConsumer#stopProducing(): responseTimeDistribution produced 0 samples
2026-08-14 23:49:09,301 INFO o.a.j.r.p.AbstractSampleConsumer: class org.apache.jmeter.report.processor.graph.impl.TransactionsPerSecondGraphConsumer#stopProducing(): transactionsPerSecond produced 0 samples
2026-08-14 23:49:09,303 INFO o.a.j.r.p.AbstractSampleConsumer: class org.apache.jmeter.report.processor.graph.impl.ResponseTimePercentilesGraphConsumer#stopProducing(): responseTimePercentiles produced 0 samples
2026-08-14 23:49:09,305 INFO o.a.j.r.p.AbstractSampleConsumer: class org.apache.jmeter.report.processor.graph.impl.ResponseTimePercentilesOverTimeGraphConsumer#stopProducing(): responseTimePercentilesOverTime produced 0 samples
2026-08-14 23:49:09,312 INFO o.a.j.r.p.AbstractSampleConsumer: class org.apache.jmeter.report.processor.graph.impl.ResponseTimeOverTimeGraphConsumer#stopProducing(): responseTimesOverTime produced 0 samples
2026-08-14 23:49:09,314 INFO o.a.j.r.p.AbstractSampleConsumer: class org.apache.jmeter.report.processor.graph.impl.ConnectTimeOverTimeGraphConsumer#stopProducing(): connectTimeOverTime produced 0 samples
2026-08-14 23:49:09,316 INFO o.a.j.r.p.AbstractSampleConsumer: class org.apache.jmeter.report.processor.graph.impl.LatencyOverTimeGraphConsumer#stopProducing(): latenciesOverTime produced 0 samples
2026-08-14 23:49:09,317 INFO o.a.j.r.p.AbstractSampleConsumer: class org.apache.jmeter.report.processor.FilterConsumer#stopProducing(): nameFilter produced 245220 samples
2026-08-14 23:49:09,317 INFO o.a.j.r.p.AbstractSampleConsumer: class org.apache.jmeter.report.processor.FilterConsumer#stopProducing(): dateRangeFilter produced 49044 samples
2026-08-14 23:49:09,317 INFO o.a.j.r.p.AbstractSampleConsumer: class org.apache.jmeter.report.processor.NormalizerSampleConsumer#stopProducing(): normalizer produced 16348 samples
2026-08-14 23:49:09,317 INFO o.a.j.r.p.CsvFileSampleSource: produce(): 16348 samples produced in 595ms on channel 0
2026-08-14 23:49:09,317 INFO o.a.j.r.d.ReportGenerator: Exporting data using exporter:'json' of className:'org.apache.jmeter.report.dashboard.JsonExporter'
2026-08-14 23:49:09,358 INFO o.a.j.r.d.JsonExporter: Found data for consumer statisticsSummary in context
2026-08-14 23:49:09,358 INFO o.a.j.r.d.JsonExporter: Creating statistics for overall
2026-08-14 23:49:09,358 INFO o.a.j.r.d.JsonExporter: Creating statistics for other transactions
2026-08-14 23:49:09,358 INFO o.a.j.r.d.JsonExporter: Checking output folder
2026-08-14 23:49:09,358 INFO o.a.j.r.d.JsonExporter: Writing statistics JSON to /Users/macos/Documents/HK3_Nam3/kiem_thu/HW05-Performance-Testing/results/html/load/statistics.json
2026-08-14 23:49:09,379 INFO o.a.j.r.d.ReportGenerator: Exporting data using exporter:'html' of className:'org.apache.jmeter.report.dashboard.HtmlTemplateExporter'
2026-08-14 23:49:09,380 INFO o.a.j.r.d.HtmlTemplateExporter: Will generate dashboard in folder: /Users/macos/Documents/HK3_Nam3/kiem_thu/HW05-Performance-Testing/results/html/load
2026-08-14 23:49:09,462 INFO o.a.j.r.d.HtmlTemplateExporter: Report will be generated in: /Users/macos/Documents/HK3_Nam3/kiem_thu/HW05-Performance-Testing/results/html/load, creating folder structure
2026-08-14 23:49:09,463 INFO o.a.j.r.d.TemplateVisitor: Copying folder from '/opt/homebrew/Cellar/jmeter/5.6.3/libexec/bin/report-template' to '/Users/macos/Documents/HK3_Nam3/kiem_thu/HW05-Performance-Testing/results/html/load', got message: /Users/macos/Documents/HK3_Nam3/kiem_thu/HW05-Performance-Testing/results/html/load, found non empty folder with following content [/Users/macos/Documents/HK3_Nam3/kiem_thu/HW05-Performance-Testing/results/html/load/statistics.json], will be ignored
2026-08-14 23:49:09,619 INFO o.a.j.JMeter: Dashboard generated
