2026-08-15 15:37:17,960 INFO o.a.j.u.JMeterUtils: Setting Locale to en_EN
2026-08-15 15:37:17,973 INFO o.a.j.JMeter: Loading user properties from: /opt/homebrew/Cellar/jmeter/5.6.3/libexec/bin/user.properties
2026-08-15 15:37:17,974 INFO o.a.j.JMeter: Loading system properties from: /opt/homebrew/Cellar/jmeter/5.6.3/libexec/bin/system.properties
2026-08-15 15:37:17,974 INFO o.a.j.JMeter: Loading additional properties from: tools/jmeter-user.properties
2026-08-15 15:37:17,974 INFO o.a.j.JMeter: Setting JMeter property: student.id=23127178
2026-08-15 15:37:17,975 INFO o.a.j.JMeter: Setting JMeter property: scenario=Stress
2026-08-15 15:37:17,977 INFO o.a.j.JMeter: Copyright (c) 1998-2024 The Apache Software Foundation
2026-08-15 15:37:17,978 INFO o.a.j.JMeter: Version 5.6.3
2026-08-15 15:37:17,978 INFO o.a.j.JMeter: java.version=21.0.12
2026-08-15 15:37:17,978 INFO o.a.j.JMeter: java.vm.name=OpenJDK 64-Bit Server VM
2026-08-15 15:37:17,978 INFO o.a.j.JMeter: os.name=Mac OS X
2026-08-15 15:37:17,978 INFO o.a.j.JMeter: os.arch=aarch64
2026-08-15 15:37:17,978 INFO o.a.j.JMeter: os.version=26.1
2026-08-15 15:37:17,978 INFO o.a.j.JMeter: file.encoding=UTF-8
2026-08-15 15:37:17,978 INFO o.a.j.JMeter: java.awt.headless=true
2026-08-15 15:37:17,978 INFO o.a.j.JMeter: Max memory     =1073741824
2026-08-15 15:37:17,978 INFO o.a.j.JMeter: Available Processors =12
2026-08-15 15:37:17,986 INFO o.a.j.JMeter: Default Locale=English (EN)
2026-08-15 15:37:17,986 INFO o.a.j.JMeter: JMeter  Locale=English (EN)
2026-08-15 15:37:17,986 INFO o.a.j.JMeter: JMeterHome=/opt/homebrew/Cellar/jmeter/5.6.3/libexec
2026-08-15 15:37:17,986 INFO o.a.j.JMeter: user.dir  =/Users/macos/Documents/HK3_Nam3/kiem_thu/HW05-Performance-Testing
2026-08-15 15:37:17,986 INFO o.a.j.JMeter: PWD       =/Users/macos/Documents/HK3_Nam3/kiem_thu/HW05-Performance-Testing
2026-08-15 15:37:18,023 INFO o.a.j.JMeter: IP: 192.168.0.125 Name: Le-Nhut-Duy.local FullName: 192.168.0.125
2026-08-15 15:37:18,032 INFO o.a.j.JMeter: Setting property 'jmeter.reportgenerator.outputdir' to:'/Users/macos/Documents/HK3_Nam3/kiem_thu/HW05-Performance-Testing/results/html/stress'
2026-08-15 15:37:18,034 INFO o.a.j.s.FileServer: Default base='/Users/macos/Documents/HK3_Nam3/kiem_thu/HW05-Performance-Testing'
2026-08-15 15:37:18,035 INFO o.a.j.s.FileServer: Set new base='/Users/macos/Documents/HK3_Nam3/kiem_thu/HW05-Performance-Testing/test-plans'
2026-08-15 15:37:18,124 INFO o.a.j.s.SaveService: Testplan (JMX) version: 2.2. Testlog (JTL) version: 2.2
2026-08-15 15:37:18,142 INFO o.a.j.s.SaveService: Using SaveService properties version 5.0
2026-08-15 15:37:18,144 INFO o.a.j.s.SaveService: Using SaveService properties file encoding UTF-8
2026-08-15 15:37:18,145 INFO o.a.j.s.SaveService: Loading file: test-plans/23127178_Stress_20260813.jmx
2026-08-15 15:37:18,176 INFO o.a.j.p.h.s.HTTPSamplerBase: Parser for text/html is org.apache.jmeter.protocol.http.parser.LagartoBasedHtmlParser
2026-08-15 15:37:18,176 INFO o.a.j.p.h.s.HTTPSamplerBase: Parser for application/xhtml+xml is org.apache.jmeter.protocol.http.parser.LagartoBasedHtmlParser
2026-08-15 15:37:18,177 INFO o.a.j.p.h.s.HTTPSamplerBase: Parser for application/xml is org.apache.jmeter.protocol.http.parser.LagartoBasedHtmlParser
2026-08-15 15:37:18,177 INFO o.a.j.p.h.s.HTTPSamplerBase: Parser for text/xml is org.apache.jmeter.protocol.http.parser.LagartoBasedHtmlParser
2026-08-15 15:37:18,177 INFO o.a.j.p.h.s.HTTPSamplerBase: Parser for text/vnd.wap.wml is org.apache.jmeter.protocol.http.parser.RegexpHTMLParser
2026-08-15 15:37:18,177 INFO o.a.j.p.h.s.HTTPSamplerBase: Parser for text/css is org.apache.jmeter.protocol.http.parser.CssParser
2026-08-15 15:37:18,216 INFO o.a.j.JMeter: Creating summariser <summary>
2026-08-15 15:37:18,219 INFO o.a.j.r.d.ReportGenerator: ReportGenerator will use for Parsing the separator: ','
2026-08-15 15:37:18,219 INFO o.a.j.r.d.ReportGenerator: Will generate report at end of test from  results file: results/jtl/23127178_Stress_20260815-153717.jtl
2026-08-15 15:37:18,219 INFO o.a.j.r.d.ReportGenerator: Reading report generator properties from: /opt/homebrew/Cellar/jmeter/5.6.3/libexec/bin/reportgenerator.properties
2026-08-15 15:37:18,219 INFO o.a.j.r.d.ReportGenerator: Merging with JMeter properties
2026-08-15 15:37:18,221 INFO o.a.j.r.c.ReportGeneratorConfiguration: Property 'jmeter.reportgenerator.temp_dir' not found, using default value 'temp' instead.
2026-08-15 15:37:18,222 INFO o.a.j.r.c.ReportGeneratorConfiguration: Property 'jmeter.reportgenerator.apdex_per_transaction' not found, using default value 'null' instead.
2026-08-15 15:37:18,222 INFO o.a.j.r.c.ReportGeneratorConfiguration: apdex_per_transaction is empty, not APDEX per transaction customization
2026-08-15 15:37:18,222 INFO o.a.j.r.c.ReportGeneratorConfiguration: Property 'jmeter.reportgenerator.sample_filter' not found, using default value 'null' instead.
2026-08-15 15:37:18,222 INFO o.a.j.r.c.ReportGeneratorConfiguration: Property 'jmeter.reportgenerator.report_title' not found, using default value 'null' instead.
2026-08-15 15:37:18,222 INFO o.a.j.r.c.ReportGeneratorConfiguration: Property 'jmeter.reportgenerator.start_date' not found, using default value 'null' instead.
2026-08-15 15:37:18,222 INFO o.a.j.r.c.ReportGeneratorConfiguration: Property 'jmeter.reportgenerator.end_date' not found, using default value 'null' instead.
2026-08-15 15:37:18,222 INFO o.a.j.r.c.ReportGeneratorConfiguration: Property 'jmeter.reportgenerator.date_format' not found, using default value 'null' instead.
2026-08-15 15:37:18,222 INFO o.a.j.r.c.ReportGeneratorConfiguration: Will use date range start date: null, end date: null
2026-08-15 15:37:18,224 INFO o.a.j.r.c.ReportGeneratorConfiguration: Property 'jmeter.reportgenerator.graph.totalTPS.exclude_controllers' not found, using default value 'false' instead.
2026-08-15 15:37:18,224 INFO o.a.j.r.c.ReportGeneratorConfiguration: Property 'jmeter.reportgenerator.graph.activeThreadsOverTime.exclude_controllers' not found, using default value 'false' instead.
2026-08-15 15:37:18,224 INFO o.a.j.r.c.ReportGeneratorConfiguration: Property 'jmeter.reportgenerator.graph.timeVsThreads.exclude_controllers' not found, using default value 'false' instead.
2026-08-15 15:37:18,224 INFO o.a.j.r.c.ReportGeneratorConfiguration: Property 'jmeter.reportgenerator.graph.responseTimeDistribution.exclude_controllers' not found, using default value 'false' instead.
2026-08-15 15:37:18,224 INFO o.a.j.r.c.ReportGeneratorConfiguration: Property 'jmeter.reportgenerator.graph.transactionsPerSecond.exclude_controllers' not found, using default value 'false' instead.
2026-08-15 15:37:18,225 INFO o.a.j.r.c.ReportGeneratorConfiguration: Property 'jmeter.reportgenerator.graph.responseTimePercentiles.exclude_controllers' not found, using default value 'false' instead.
2026-08-15 15:37:18,225 INFO o.a.j.r.c.ReportGeneratorConfiguration: Property 'jmeter.reportgenerator.graph.responseTimePercentilesOverTime.exclude_controllers' not found, using default value 'false' instead.
2026-08-15 15:37:18,225 INFO o.a.j.r.c.ReportGeneratorConfiguration: Property 'jmeter.reportgenerator.graph.responseTimesOverTime.exclude_controllers' not found, using default value 'false' instead.
2026-08-15 15:37:18,225 INFO o.a.j.r.c.ReportGeneratorConfiguration: Property 'jmeter.reportgenerator.graph.connectTimeOverTime.exclude_controllers' not found, using default value 'false' instead.
2026-08-15 15:37:18,225 INFO o.a.j.r.c.ReportGeneratorConfiguration: Property 'jmeter.reportgenerator.graph.latenciesOverTime.exclude_controllers' not found, using default value 'false' instead.
2026-08-15 15:37:18,225 INFO o.a.j.r.c.ReportGeneratorConfiguration: Property 'jmeter.reportgenerator.exporter.json.filters_only_sample_series' not found, using default value 'true' instead.
2026-08-15 15:37:18,225 INFO o.a.j.r.c.ReportGeneratorConfiguration: Property 'jmeter.reportgenerator.exporter.json.series_filter' not found, using default value '' instead.
2026-08-15 15:37:18,225 INFO o.a.j.r.c.ReportGeneratorConfiguration: Property 'jmeter.reportgenerator.exporter.json.show_controllers_only' not found, using default value 'false' instead.
2026-08-15 15:37:18,226 INFO o.a.j.r.c.ReportGeneratorConfiguration: Property 'jmeter.reportgenerator.exporter.html.filters_only_sample_series' not found, using default value 'true' instead.
2026-08-15 15:37:18,226 INFO o.a.j.r.c.ReportGeneratorConfiguration: Property 'jmeter.reportgenerator.exporter.html.series_filter' not found, using default value '' instead.
2026-08-15 15:37:18,226 INFO o.a.j.r.c.ReportGeneratorConfiguration: Property 'jmeter.reportgenerator.exporter.html.show_controllers_only' not found, using default value 'false' instead.
2026-08-15 15:37:18,232 INFO o.a.j.e.StandardJMeterEngine: Running the test!
2026-08-15 15:37:18,232 INFO o.a.j.s.SampleEvent: List of sample_variables: []
2026-08-15 15:37:18,232 INFO o.a.j.s.SampleEvent: List of sample_variables: []
2026-08-15 15:37:18,234 INFO o.a.j.e.u.CompoundVariable: Note: Function class names must contain the string: '.functions.'
2026-08-15 15:37:18,234 INFO o.a.j.e.u.CompoundVariable: Note: Function class names must not contain the string: '.gui.'
2026-08-15 15:37:18,265 INFO o.a.j.r.ClassFinder: Will scan jar /opt/homebrew/Cellar/jmeter/5.6.3/libexec/lib/ext/jmeter-plugins-manager-1.9.jar with filter ExtendsClassFilter [parents=[interface org.apache.jmeter.functions.Function], inner=false, contains=null, notContains=null]. Consider exposing JMeter plugins via META-INF/services, and add JMeter-Skip-Class-Scanning=true manifest attribute so JMeter can skip classfile scanning
2026-08-15 15:37:18,416 INFO o.a.j.JMeter: Running test (1786783038416)
2026-08-15 15:37:18,428 INFO o.a.j.e.StandardJMeterEngine: Starting ThreadGroup: 1 : Bac 1 — 25 VU
2026-08-15 15:37:18,428 INFO o.a.j.e.StandardJMeterEngine: Starting 25 threads for group Bac 1 — 25 VU.
2026-08-15 15:37:18,428 INFO o.a.j.e.StandardJMeterEngine: Thread will continue on error
2026-08-15 15:37:18,428 INFO o.a.j.t.ThreadGroup: Starting thread group... number=1 threads=25 ramp-up=30 delayedStart=false
2026-08-15 15:37:18,437 INFO o.a.j.t.JMeterThread: Thread started: Bac 1 — 25 VU 1-1
2026-08-15 15:37:18,439 INFO o.a.j.s.FileServer: Stored: data/orders.csv
2026-08-15 15:37:18,440 INFO o.a.j.t.ThreadGroup: Started thread group number 1
2026-08-15 15:37:18,440 INFO o.a.j.e.StandardJMeterEngine: Starting ThreadGroup: 2 : Bac 2 — +25 VU (tong 50)
2026-08-15 15:37:18,440 INFO o.a.j.e.StandardJMeterEngine: Starting 25 threads for group Bac 2 — +25 VU (tong 50).
2026-08-15 15:37:18,440 INFO o.a.j.e.StandardJMeterEngine: Thread will continue on error
2026-08-15 15:37:18,440 INFO o.a.j.t.ThreadGroup: Starting thread group... number=2 threads=25 ramp-up=30 delayedStart=false
2026-08-15 15:37:18,447 INFO o.a.j.s.FileServer: Stored: data/products_import.csv
2026-08-15 15:37:18,447 INFO o.a.j.s.FileServer: Stored: data/users.csv
2026-08-15 15:37:18,447 INFO o.a.j.t.ThreadGroup: Started thread group number 2
2026-08-15 15:37:18,447 INFO o.a.j.e.StandardJMeterEngine: Starting ThreadGroup: 3 : Bac 3 — +50 VU (tong 100)
2026-08-15 15:37:18,447 INFO o.a.j.e.StandardJMeterEngine: Starting 50 threads for group Bac 3 — +50 VU (tong 100).
2026-08-15 15:37:18,447 INFO o.a.j.e.StandardJMeterEngine: Thread will continue on error
2026-08-15 15:37:18,447 INFO o.a.j.t.ThreadGroup: Starting thread group... number=3 threads=50 ramp-up=30 delayedStart=false
2026-08-15 15:37:18,458 INFO o.a.j.t.ThreadGroup: Started thread group number 3
2026-08-15 15:37:18,458 INFO o.a.j.e.StandardJMeterEngine: Starting ThreadGroup: 4 : Bac 4 — +100 VU (tong 200)
2026-08-15 15:37:18,458 INFO o.a.j.e.StandardJMeterEngine: Starting 100 threads for group Bac 4 — +100 VU (tong 200).
2026-08-15 15:37:18,459 INFO o.a.j.e.StandardJMeterEngine: Thread will continue on error
2026-08-15 15:37:18,459 INFO o.a.j.t.ThreadGroup: Starting thread group... number=4 threads=100 ramp-up=30 delayedStart=false
2026-08-15 15:37:18,480 INFO o.a.j.t.ThreadGroup: Started thread group number 4
2026-08-15 15:37:18,480 INFO o.a.j.e.StandardJMeterEngine: Starting ThreadGroup: 5 : TG-lockout — nhanh account-lockout (2 VU)
2026-08-15 15:37:18,480 INFO o.a.j.e.StandardJMeterEngine: Starting 2 threads for group TG-lockout — nhanh account-lockout (2 VU).
2026-08-15 15:37:18,480 INFO o.a.j.e.StandardJMeterEngine: Thread will continue on error
2026-08-15 15:37:18,480 INFO o.a.j.t.ThreadGroup: Starting thread group... number=5 threads=2 ramp-up=1 delayedStart=false
2026-08-15 15:37:18,481 INFO o.a.j.t.ThreadGroup: Started thread group number 5
2026-08-15 15:37:18,481 INFO o.a.j.e.StandardJMeterEngine: All thread groups have been started
2026-08-15 15:37:18,583 INFO o.a.j.p.h.s.HTTPHCAbstractImpl: Local host = Le-Nhut-Duy.local
2026-08-15 15:37:18,586 INFO o.a.j.p.h.s.HTTPHC4Impl: HTTP request retry count = 0
2026-08-15 15:37:18,586 INFO o.a.j.s.SampleResult: Note: Sample TimeStamps are START times
2026-08-15 15:37:18,586 INFO o.a.j.s.SampleResult: sampleresult.default.encoding is set to UTF-8
2026-08-15 15:37:18,586 INFO o.a.j.s.SampleResult: sampleresult.useNanoTime=true
2026-08-15 15:37:18,587 INFO o.a.j.s.SampleResult: sampleresult.nanoThreadSleep=5000
2026-08-15 15:37:19,641 INFO o.a.j.t.JMeterThread: Thread started: Bac 1 — 25 VU 1-2
2026-08-15 15:37:19,749 INFO o.a.j.u.JsseSSLManager: Using default SSL protocol: TLS
2026-08-15 15:37:19,749 INFO o.a.j.u.JsseSSLManager: SSL session context: per-thread
2026-08-15 15:37:20,836 INFO o.a.j.t.JMeterThread: Thread started: Bac 1 — 25 VU 1-3
2026-08-15 15:37:22,039 INFO o.a.j.t.JMeterThread: Thread started: Bac 1 — 25 VU 1-4
2026-08-15 15:37:23,238 INFO o.a.j.t.JMeterThread: Thread started: Bac 1 — 25 VU 1-5
2026-08-15 15:37:24,437 INFO o.a.j.t.JMeterThread: Thread started: Bac 1 — 25 VU 1-6
2026-08-15 15:37:25,635 INFO o.a.j.t.JMeterThread: Thread started: Bac 1 — 25 VU 1-7
2026-08-15 15:37:26,834 INFO o.a.j.t.JMeterThread: Thread started: Bac 1 — 25 VU 1-8
2026-08-15 15:37:28,037 INFO o.a.j.t.JMeterThread: Thread started: Bac 1 — 25 VU 1-9
2026-08-15 15:37:28,485 INFO o.a.j.t.JMeterThread: Thread started: TG-lockout — nhanh account-lockout (2 VU) 5-1
2026-08-15 15:37:28,486 INFO o.a.j.s.FileServer: Stored: data/users_lockout.csv
2026-08-15 15:37:28,984 INFO o.a.j.t.JMeterThread: Thread started: TG-lockout — nhanh account-lockout (2 VU) 5-2
2026-08-15 15:37:29,237 INFO o.a.j.t.JMeterThread: Thread started: Bac 1 — 25 VU 1-10
2026-08-15 15:37:30,037 INFO o.a.j.r.Summariser: summary +    380 in 00:00:12 =   32.7/s Avg:     4 Min:     1 Max:    29 Err:     0 (0.00%) Active: 12 Started: 12 Finished: 0
2026-08-15 15:37:30,432 INFO o.a.j.t.JMeterThread: Thread started: Bac 1 — 25 VU 1-11
2026-08-15 15:37:31,632 INFO o.a.j.t.JMeterThread: Thread started: Bac 1 — 25 VU 1-12
2026-08-15 15:37:32,833 INFO o.a.j.t.JMeterThread: Thread started: Bac 1 — 25 VU 1-13
2026-08-15 15:37:34,036 INFO o.a.j.t.JMeterThread: Thread started: Bac 1 — 25 VU 1-14
2026-08-15 15:37:35,230 INFO o.a.j.t.JMeterThread: Thread started: Bac 1 — 25 VU 1-15
2026-08-15 15:37:36,433 INFO o.a.j.t.JMeterThread: Thread started: Bac 1 — 25 VU 1-16
2026-08-15 15:37:37,632 INFO o.a.j.t.JMeterThread: Thread started: Bac 1 — 25 VU 1-17
2026-08-15 15:37:38,833 INFO o.a.j.t.JMeterThread: Thread started: Bac 1 — 25 VU 1-18
2026-08-15 15:37:40,031 INFO o.a.j.t.JMeterThread: Thread started: Bac 1 — 25 VU 1-19
2026-08-15 15:37:41,231 INFO o.a.j.t.JMeterThread: Thread started: Bac 1 — 25 VU 1-20
2026-08-15 15:37:42,432 INFO o.a.j.t.JMeterThread: Thread started: Bac 1 — 25 VU 1-21
2026-08-15 15:37:43,674 INFO o.a.j.t.JMeterThread: Thread started: Bac 1 — 25 VU 1-22
2026-08-15 15:37:44,834 INFO o.a.j.t.JMeterThread: Thread started: Bac 1 — 25 VU 1-23
2026-08-15 15:37:46,033 INFO o.a.j.t.JMeterThread: Thread started: Bac 1 — 25 VU 1-24
2026-08-15 15:37:47,228 INFO o.a.j.t.JMeterThread: Thread started: Bac 1 — 25 VU 1-25
2026-08-15 15:38:00,005 INFO o.a.j.r.Summariser: summary +   3959 in 00:00:30 =  132.1/s Avg:     2 Min:     0 Max:    55 Err:     0 (0.00%) Active: 27 Started: 27 Finished: 0
2026-08-15 15:38:00,006 INFO o.a.j.r.Summariser: summary =   4339 in 00:00:42 =  104.3/s Avg:     2 Min:     0 Max:    55 Err:     0 (0.00%)
2026-08-15 15:38:30,004 INFO o.a.j.r.Summariser: summary +   4804 in 00:00:30 =  160.1/s Avg:     3 Min:     0 Max:   214 Err:     0 (0.00%) Active: 27 Started: 27 Finished: 0
2026-08-15 15:38:30,005 INFO o.a.j.r.Summariser: summary =   9143 in 00:01:12 =  127.7/s Avg:     3 Min:     0 Max:   214 Err:     0 (0.00%)
2026-08-15 15:39:00,011 INFO o.a.j.r.Summariser: summary +   4855 in 00:00:30 =  161.8/s Avg:     2 Min:     0 Max:    40 Err:     0 (0.00%) Active: 27 Started: 27 Finished: 0
2026-08-15 15:39:00,015 INFO o.a.j.r.Summariser: summary =  13998 in 00:01:42 =  137.8/s Avg:     2 Min:     0 Max:   214 Err:     0 (0.00%)
2026-08-15 15:39:18,445 INFO o.a.j.t.JMeterThread: Thread started: Bac 2 — +25 VU (tong 50) 2-1
2026-08-15 15:39:19,648 INFO o.a.j.t.JMeterThread: Thread started: Bac 2 — +25 VU (tong 50) 2-2
2026-08-15 15:39:20,851 INFO o.a.j.t.JMeterThread: Thread started: Bac 2 — +25 VU (tong 50) 2-3
2026-08-15 15:39:22,046 INFO o.a.j.t.JMeterThread: Thread started: Bac 2 — +25 VU (tong 50) 2-4
2026-08-15 15:39:23,246 INFO o.a.j.t.JMeterThread: Thread started: Bac 2 — +25 VU (tong 50) 2-5
2026-08-15 15:39:24,443 INFO o.a.j.t.JMeterThread: Thread started: Bac 2 — +25 VU (tong 50) 2-6
2026-08-15 15:39:25,643 INFO o.a.j.t.JMeterThread: Thread started: Bac 2 — +25 VU (tong 50) 2-7
2026-08-15 15:39:26,848 INFO o.a.j.t.JMeterThread: Thread started: Bac 2 — +25 VU (tong 50) 2-8
2026-08-15 15:39:27,508 INFO o.a.j.t.JMeterThread: Thread finished: TG-lockout — nhanh account-lockout (2 VU) 5-1
2026-08-15 15:39:28,045 INFO o.a.j.t.JMeterThread: Thread started: Bac 2 — +25 VU (tong 50) 2-9
2026-08-15 15:39:28,153 INFO o.a.j.t.JMeterThread: Thread finished: TG-lockout — nhanh account-lockout (2 VU) 5-2
2026-08-15 15:39:29,244 INFO o.a.j.t.JMeterThread: Thread started: Bac 2 — +25 VU (tong 50) 2-10
2026-08-15 15:39:30,004 INFO o.a.j.r.Summariser: summary +   5234 in 00:00:30 =  174.5/s Avg:     2 Min:     0 Max:   113 Err:     0 (0.00%) Active: 35 Started: 37 Finished: 2
2026-08-15 15:39:30,005 INFO o.a.j.r.Summariser: summary =  19232 in 00:02:12 =  146.2/s Avg:     2 Min:     0 Max:   214 Err:     0 (0.00%)
2026-08-15 15:39:30,443 INFO o.a.j.t.JMeterThread: Thread started: Bac 2 — +25 VU (tong 50) 2-11
2026-08-15 15:39:31,648 INFO o.a.j.t.JMeterThread: Thread started: Bac 2 — +25 VU (tong 50) 2-12
2026-08-15 15:39:32,847 INFO o.a.j.t.JMeterThread: Thread started: Bac 2 — +25 VU (tong 50) 2-13
2026-08-15 15:39:34,043 INFO o.a.j.t.JMeterThread: Thread started: Bac 2 — +25 VU (tong 50) 2-14
2026-08-15 15:39:35,240 INFO o.a.j.t.JMeterThread: Thread started: Bac 2 — +25 VU (tong 50) 2-15
2026-08-15 15:39:36,444 INFO o.a.j.t.JMeterThread: Thread started: Bac 2 — +25 VU (tong 50) 2-16
2026-08-15 15:39:37,652 INFO o.a.j.t.JMeterThread: Thread started: Bac 2 — +25 VU (tong 50) 2-17
2026-08-15 15:39:38,845 INFO o.a.j.t.JMeterThread: Thread started: Bac 2 — +25 VU (tong 50) 2-18
2026-08-15 15:39:40,047 INFO o.a.j.t.JMeterThread: Thread started: Bac 2 — +25 VU (tong 50) 2-19
2026-08-15 15:39:41,250 INFO o.a.j.t.JMeterThread: Thread started: Bac 2 — +25 VU (tong 50) 2-20
2026-08-15 15:39:42,446 INFO o.a.j.t.JMeterThread: Thread started: Bac 2 — +25 VU (tong 50) 2-21
2026-08-15 15:39:43,646 INFO o.a.j.t.JMeterThread: Thread started: Bac 2 — +25 VU (tong 50) 2-22
2026-08-15 15:39:44,845 INFO o.a.j.t.JMeterThread: Thread started: Bac 2 — +25 VU (tong 50) 2-23
2026-08-15 15:39:46,049 INFO o.a.j.t.JMeterThread: Thread started: Bac 2 — +25 VU (tong 50) 2-24
2026-08-15 15:39:47,247 INFO o.a.j.t.JMeterThread: Thread started: Bac 2 — +25 VU (tong 50) 2-25
2026-08-15 15:40:00,003 INFO o.a.j.r.Summariser: summary +   8793 in 00:00:30 =  293.1/s Avg:     2 Min:     0 Max:    73 Err:     0 (0.00%) Active: 50 Started: 52 Finished: 2
2026-08-15 15:40:00,006 INFO o.a.j.r.Summariser: summary =  28025 in 00:02:42 =  173.4/s Avg:     2 Min:     0 Max:   214 Err:     0 (0.00%)
2026-08-15 15:40:30,006 INFO o.a.j.r.Summariser: summary +   9683 in 00:00:30 =  322.8/s Avg:     2 Min:     0 Max:    31 Err:     0 (0.00%) Active: 50 Started: 52 Finished: 2
2026-08-15 15:40:30,008 INFO o.a.j.r.Summariser: summary =  37708 in 00:03:12 =  196.8/s Avg:     2 Min:     0 Max:   214 Err:     0 (0.00%)
2026-08-15 15:41:00,004 INFO o.a.j.r.Summariser: summary +   9719 in 00:00:30 =  324.0/s Avg:     2 Min:     0 Max:    29 Err:     0 (0.00%) Active: 50 Started: 52 Finished: 2
2026-08-15 15:41:00,008 INFO o.a.j.r.Summariser: summary =  47427 in 00:03:42 =  214.0/s Avg:     2 Min:     0 Max:   214 Err:     0 (0.00%)
2026-08-15 15:41:18,450 INFO o.a.j.t.JMeterThread: Thread started: Bac 3 — +50 VU (tong 100) 3-1
2026-08-15 15:41:19,054 INFO o.a.j.t.JMeterThread: Thread started: Bac 3 — +50 VU (tong 100) 3-2
2026-08-15 15:41:19,653 INFO o.a.j.t.JMeterThread: Thread started: Bac 3 — +50 VU (tong 100) 3-3
2026-08-15 15:41:20,256 INFO o.a.j.t.JMeterThread: Thread started: Bac 3 — +50 VU (tong 100) 3-4
2026-08-15 15:41:20,853 INFO o.a.j.t.JMeterThread: Thread started: Bac 3 — +50 VU (tong 100) 3-5
2026-08-15 15:41:21,454 INFO o.a.j.t.JMeterThread: Thread started: Bac 3 — +50 VU (tong 100) 3-6
2026-08-15 15:41:22,049 INFO o.a.j.t.JMeterThread: Thread started: Bac 3 — +50 VU (tong 100) 3-7
2026-08-15 15:41:22,653 INFO o.a.j.t.JMeterThread: Thread started: Bac 3 — +50 VU (tong 100) 3-8
2026-08-15 15:41:23,250 INFO o.a.j.t.JMeterThread: Thread started: Bac 3 — +50 VU (tong 100) 3-9
2026-08-15 15:41:23,849 INFO o.a.j.t.JMeterThread: Thread started: Bac 3 — +50 VU (tong 100) 3-10
2026-08-15 15:41:24,457 INFO o.a.j.t.JMeterThread: Thread started: Bac 3 — +50 VU (tong 100) 3-11
2026-08-15 15:41:25,054 INFO o.a.j.t.JMeterThread: Thread started: Bac 3 — +50 VU (tong 100) 3-12
2026-08-15 15:41:25,653 INFO o.a.j.t.JMeterThread: Thread started: Bac 3 — +50 VU (tong 100) 3-13
2026-08-15 15:41:26,253 INFO o.a.j.t.JMeterThread: Thread started: Bac 3 — +50 VU (tong 100) 3-14
2026-08-15 15:41:26,853 INFO o.a.j.t.JMeterThread: Thread started: Bac 3 — +50 VU (tong 100) 3-15
2026-08-15 15:41:27,456 INFO o.a.j.t.JMeterThread: Thread started: Bac 3 — +50 VU (tong 100) 3-16
2026-08-15 15:41:28,048 INFO o.a.j.t.JMeterThread: Thread started: Bac 3 — +50 VU (tong 100) 3-17
2026-08-15 15:41:28,658 INFO o.a.j.t.JMeterThread: Thread started: Bac 3 — +50 VU (tong 100) 3-18
2026-08-15 15:41:29,253 INFO o.a.j.t.JMeterThread: Thread started: Bac 3 — +50 VU (tong 100) 3-19
2026-08-15 15:41:29,851 INFO o.a.j.t.JMeterThread: Thread started: Bac 3 — +50 VU (tong 100) 3-20
2026-08-15 15:41:30,002 INFO o.a.j.r.Summariser: summary +  10452 in 00:00:30 =  348.4/s Avg:     2 Min:     0 Max:    30 Err:     0 (0.00%) Active: 70 Started: 72 Finished: 2
2026-08-15 15:41:30,003 INFO o.a.j.r.Summariser: summary =  57879 in 00:04:12 =  230.1/s Avg:     2 Min:     0 Max:   214 Err:     0 (0.00%)
2026-08-15 15:41:30,452 INFO o.a.j.t.JMeterThread: Thread started: Bac 3 — +50 VU (tong 100) 3-21
2026-08-15 15:41:31,055 INFO o.a.j.t.JMeterThread: Thread started: Bac 3 — +50 VU (tong 100) 3-22
2026-08-15 15:41:31,653 INFO o.a.j.t.JMeterThread: Thread started: Bac 3 — +50 VU (tong 100) 3-23
2026-08-15 15:41:32,252 INFO o.a.j.t.JMeterThread: Thread started: Bac 3 — +50 VU (tong 100) 3-24
2026-08-15 15:41:32,854 INFO o.a.j.t.JMeterThread: Thread started: Bac 3 — +50 VU (tong 100) 3-25
2026-08-15 15:41:33,454 INFO o.a.j.t.JMeterThread: Thread started: Bac 3 — +50 VU (tong 100) 3-26
2026-08-15 15:41:34,055 INFO o.a.j.t.JMeterThread: Thread started: Bac 3 — +50 VU (tong 100) 3-27
2026-08-15 15:41:34,651 INFO o.a.j.t.JMeterThread: Thread started: Bac 3 — +50 VU (tong 100) 3-28
2026-08-15 15:41:35,251 INFO o.a.j.t.JMeterThread: Thread started: Bac 3 — +50 VU (tong 100) 3-29
2026-08-15 15:41:35,852 INFO o.a.j.t.JMeterThread: Thread started: Bac 3 — +50 VU (tong 100) 3-30
2026-08-15 15:41:36,451 INFO o.a.j.t.JMeterThread: Thread started: Bac 3 — +50 VU (tong 100) 3-31
2026-08-15 15:41:37,052 INFO o.a.j.t.JMeterThread: Thread started: Bac 3 — +50 VU (tong 100) 3-32
2026-08-15 15:41:37,651 INFO o.a.j.t.JMeterThread: Thread started: Bac 3 — +50 VU (tong 100) 3-33
2026-08-15 15:41:38,251 INFO o.a.j.t.JMeterThread: Thread started: Bac 3 — +50 VU (tong 100) 3-34
2026-08-15 15:41:38,853 INFO o.a.j.t.JMeterThread: Thread started: Bac 3 — +50 VU (tong 100) 3-35
2026-08-15 15:41:39,451 INFO o.a.j.t.JMeterThread: Thread started: Bac 3 — +50 VU (tong 100) 3-36
2026-08-15 15:41:40,052 INFO o.a.j.t.JMeterThread: Thread started: Bac 3 — +50 VU (tong 100) 3-37
2026-08-15 15:41:40,653 INFO o.a.j.t.JMeterThread: Thread started: Bac 3 — +50 VU (tong 100) 3-38
2026-08-15 15:41:41,253 INFO o.a.j.t.JMeterThread: Thread started: Bac 3 — +50 VU (tong 100) 3-39
2026-08-15 15:41:41,853 INFO o.a.j.t.JMeterThread: Thread started: Bac 3 — +50 VU (tong 100) 3-40
2026-08-15 15:41:42,451 INFO o.a.j.t.JMeterThread: Thread started: Bac 3 — +50 VU (tong 100) 3-41
2026-08-15 15:41:43,056 INFO o.a.j.t.JMeterThread: Thread started: Bac 3 — +50 VU (tong 100) 3-42
2026-08-15 15:41:43,654 INFO o.a.j.t.JMeterThread: Thread started: Bac 3 — +50 VU (tong 100) 3-43
2026-08-15 15:41:44,255 INFO o.a.j.t.JMeterThread: Thread started: Bac 3 — +50 VU (tong 100) 3-44
2026-08-15 15:41:44,852 INFO o.a.j.t.JMeterThread: Thread started: Bac 3 — +50 VU (tong 100) 3-45
2026-08-15 15:41:45,452 INFO o.a.j.t.JMeterThread: Thread started: Bac 3 — +50 VU (tong 100) 3-46
2026-08-15 15:41:46,054 INFO o.a.j.t.JMeterThread: Thread started: Bac 3 — +50 VU (tong 100) 3-47
2026-08-15 15:41:46,650 INFO o.a.j.t.JMeterThread: Thread started: Bac 3 — +50 VU (tong 100) 3-48
2026-08-15 15:41:47,256 INFO o.a.j.t.JMeterThread: Thread started: Bac 3 — +50 VU (tong 100) 3-49
2026-08-15 15:41:47,850 INFO o.a.j.t.JMeterThread: Thread started: Bac 3 — +50 VU (tong 100) 3-50
2026-08-15 15:42:00,005 INFO o.a.j.r.Summariser: summary +  17579 in 00:00:30 =  586.0/s Avg:     1 Min:     0 Max:    66 Err:     0 (0.00%) Active: 100 Started: 102 Finished: 2
2026-08-15 15:42:00,007 INFO o.a.j.r.Summariser: summary =  75458 in 00:04:42 =  268.0/s Avg:     2 Min:     0 Max:   214 Err:     0 (0.00%)
2026-08-15 15:42:30,004 INFO o.a.j.r.Summariser: summary +  19385 in 00:00:30 =  646.2/s Avg:     2 Min:     0 Max:    57 Err:     0 (0.00%) Active: 100 Started: 102 Finished: 2
2026-08-15 15:42:30,007 INFO o.a.j.r.Summariser: summary =  94843 in 00:05:12 =  304.4/s Avg:     2 Min:     0 Max:   214 Err:     0 (0.00%)
2026-08-15 15:43:00,012 INFO o.a.j.r.Summariser: summary +  19361 in 00:00:30 =  645.3/s Avg:     2 Min:     0 Max:    72 Err:     0 (0.00%) Active: 100 Started: 102 Finished: 2
2026-08-15 15:43:00,013 INFO o.a.j.r.Summariser: summary = 114204 in 00:05:42 =  334.3/s Avg:     2 Min:     0 Max:   214 Err:     0 (0.00%)
2026-08-15 15:43:18,464 INFO o.a.j.t.JMeterThread: Thread started: Bac 4 — +100 VU (tong 200) 4-1
2026-08-15 15:43:18,766 INFO o.a.j.t.JMeterThread: Thread started: Bac 4 — +100 VU (tong 200) 4-2
2026-08-15 15:43:19,066 INFO o.a.j.t.JMeterThread: Thread started: Bac 4 — +100 VU (tong 200) 4-3
2026-08-15 15:43:19,365 INFO o.a.j.t.JMeterThread: Thread started: Bac 4 — +100 VU (tong 200) 4-4
2026-08-15 15:43:19,668 INFO o.a.j.t.JMeterThread: Thread started: Bac 4 — +100 VU (tong 200) 4-5
2026-08-15 15:43:19,964 INFO o.a.j.t.JMeterThread: Thread started: Bac 4 — +100 VU (tong 200) 4-6
2026-08-15 15:43:20,265 INFO o.a.j.t.JMeterThread: Thread started: Bac 4 — +100 VU (tong 200) 4-7
2026-08-15 15:43:20,565 INFO o.a.j.t.JMeterThread: Thread started: Bac 4 — +100 VU (tong 200) 4-8
2026-08-15 15:43:20,865 INFO o.a.j.t.JMeterThread: Thread started: Bac 4 — +100 VU (tong 200) 4-9
2026-08-15 15:43:21,165 INFO o.a.j.t.JMeterThread: Thread started: Bac 4 — +100 VU (tong 200) 4-10
2026-08-15 15:43:21,464 INFO o.a.j.t.JMeterThread: Thread started: Bac 4 — +100 VU (tong 200) 4-11
2026-08-15 15:43:21,765 INFO o.a.j.t.JMeterThread: Thread started: Bac 4 — +100 VU (tong 200) 4-12
2026-08-15 15:43:22,066 INFO o.a.j.t.JMeterThread: Thread started: Bac 4 — +100 VU (tong 200) 4-13
2026-08-15 15:43:22,363 INFO o.a.j.t.JMeterThread: Thread started: Bac 4 — +100 VU (tong 200) 4-14
2026-08-15 15:43:22,668 INFO o.a.j.t.JMeterThread: Thread started: Bac 4 — +100 VU (tong 200) 4-15
2026-08-15 15:43:22,964 INFO o.a.j.t.JMeterThread: Thread started: Bac 4 — +100 VU (tong 200) 4-16
2026-08-15 15:43:23,266 INFO o.a.j.t.JMeterThread: Thread started: Bac 4 — +100 VU (tong 200) 4-17
2026-08-15 15:43:23,566 INFO o.a.j.t.JMeterThread: Thread started: Bac 4 — +100 VU (tong 200) 4-18
2026-08-15 15:43:23,862 INFO o.a.j.t.JMeterThread: Thread started: Bac 4 — +100 VU (tong 200) 4-19
2026-08-15 15:43:24,163 INFO o.a.j.t.JMeterThread: Thread started: Bac 4 — +100 VU (tong 200) 4-20
2026-08-15 15:43:24,466 INFO o.a.j.t.JMeterThread: Thread started: Bac 4 — +100 VU (tong 200) 4-21
2026-08-15 15:43:24,766 INFO o.a.j.t.JMeterThread: Thread started: Bac 4 — +100 VU (tong 200) 4-22
2026-08-15 15:43:25,067 INFO o.a.j.t.JMeterThread: Thread started: Bac 4 — +100 VU (tong 200) 4-23
2026-08-15 15:43:25,364 INFO o.a.j.t.JMeterThread: Thread started: Bac 4 — +100 VU (tong 200) 4-24
2026-08-15 15:43:25,661 INFO o.a.j.t.JMeterThread: Thread started: Bac 4 — +100 VU (tong 200) 4-25
2026-08-15 15:43:25,968 INFO o.a.j.t.JMeterThread: Thread started: Bac 4 — +100 VU (tong 200) 4-26
2026-08-15 15:43:26,263 INFO o.a.j.t.JMeterThread: Thread started: Bac 4 — +100 VU (tong 200) 4-27
2026-08-15 15:43:26,566 INFO o.a.j.t.JMeterThread: Thread started: Bac 4 — +100 VU (tong 200) 4-28
2026-08-15 15:43:26,865 INFO o.a.j.t.JMeterThread: Thread started: Bac 4 — +100 VU (tong 200) 4-29
2026-08-15 15:43:27,166 INFO o.a.j.t.JMeterThread: Thread started: Bac 4 — +100 VU (tong 200) 4-30
2026-08-15 15:43:27,467 INFO o.a.j.t.JMeterThread: Thread started: Bac 4 — +100 VU (tong 200) 4-31
2026-08-15 15:43:27,766 INFO o.a.j.t.JMeterThread: Thread started: Bac 4 — +100 VU (tong 200) 4-32
2026-08-15 15:43:28,065 INFO o.a.j.t.JMeterThread: Thread started: Bac 4 — +100 VU (tong 200) 4-33
2026-08-15 15:43:28,365 INFO o.a.j.t.JMeterThread: Thread started: Bac 4 — +100 VU (tong 200) 4-34
2026-08-15 15:43:28,669 INFO o.a.j.t.JMeterThread: Thread started: Bac 4 — +100 VU (tong 200) 4-35
2026-08-15 15:43:28,965 INFO o.a.j.t.JMeterThread: Thread started: Bac 4 — +100 VU (tong 200) 4-36
2026-08-15 15:43:29,268 INFO o.a.j.t.JMeterThread: Thread started: Bac 4 — +100 VU (tong 200) 4-37
2026-08-15 15:43:29,565 INFO o.a.j.t.JMeterThread: Thread started: Bac 4 — +100 VU (tong 200) 4-38
2026-08-15 15:43:29,865 INFO o.a.j.t.JMeterThread: Thread started: Bac 4 — +100 VU (tong 200) 4-39
2026-08-15 15:43:30,003 INFO o.a.j.r.Summariser: summary +  20820 in 00:00:30 =  694.1/s Avg:     2 Min:     0 Max:    52 Err:     0 (0.00%) Active: 139 Started: 141 Finished: 2
2026-08-15 15:43:30,004 INFO o.a.j.r.Summariser: summary = 135024 in 00:06:12 =  363.4/s Avg:     2 Min:     0 Max:   214 Err:     0 (0.00%)
2026-08-15 15:43:30,161 INFO o.a.j.t.JMeterThread: Thread started: Bac 4 — +100 VU (tong 200) 4-40
2026-08-15 15:43:30,465 INFO o.a.j.t.JMeterThread: Thread started: Bac 4 — +100 VU (tong 200) 4-41
2026-08-15 15:43:30,763 INFO o.a.j.t.JMeterThread: Thread started: Bac 4 — +100 VU (tong 200) 4-42
2026-08-15 15:43:31,061 INFO o.a.j.t.JMeterThread: Thread started: Bac 4 — +100 VU (tong 200) 4-43
2026-08-15 15:43:31,366 INFO o.a.j.t.JMeterThread: Thread started: Bac 4 — +100 VU (tong 200) 4-44
2026-08-15 15:43:31,663 INFO o.a.j.t.JMeterThread: Thread started: Bac 4 — +100 VU (tong 200) 4-45
2026-08-15 15:43:31,965 INFO o.a.j.t.JMeterThread: Thread started: Bac 4 — +100 VU (tong 200) 4-46
2026-08-15 15:43:32,265 INFO o.a.j.t.JMeterThread: Thread started: Bac 4 — +100 VU (tong 200) 4-47
2026-08-15 15:43:32,562 INFO o.a.j.t.JMeterThread: Thread started: Bac 4 — +100 VU (tong 200) 4-48
2026-08-15 15:43:32,868 INFO o.a.j.t.JMeterThread: Thread started: Bac 4 — +100 VU (tong 200) 4-49
2026-08-15 15:43:33,163 INFO o.a.j.t.JMeterThread: Thread started: Bac 4 — +100 VU (tong 200) 4-50
2026-08-15 15:43:33,467 INFO o.a.j.t.JMeterThread: Thread started: Bac 4 — +100 VU (tong 200) 4-51
2026-08-15 15:43:33,768 INFO o.a.j.t.JMeterThread: Thread started: Bac 4 — +100 VU (tong 200) 4-52
2026-08-15 15:43:34,064 INFO o.a.j.t.JMeterThread: Thread started: Bac 4 — +100 VU (tong 200) 4-53
2026-08-15 15:43:34,365 INFO o.a.j.t.JMeterThread: Thread started: Bac 4 — +100 VU (tong 200) 4-54
2026-08-15 15:43:34,666 INFO o.a.j.t.JMeterThread: Thread started: Bac 4 — +100 VU (tong 200) 4-55
2026-08-15 15:43:34,967 INFO o.a.j.t.JMeterThread: Thread started: Bac 4 — +100 VU (tong 200) 4-56
2026-08-15 15:43:35,261 INFO o.a.j.t.JMeterThread: Thread started: Bac 4 — +100 VU (tong 200) 4-57
2026-08-15 15:43:35,568 INFO o.a.j.t.JMeterThread: Thread started: Bac 4 — +100 VU (tong 200) 4-58
2026-08-15 15:43:35,865 INFO o.a.j.t.JMeterThread: Thread started: Bac 4 — +100 VU (tong 200) 4-59
2026-08-15 15:43:36,168 INFO o.a.j.t.JMeterThread: Thread started: Bac 4 — +100 VU (tong 200) 4-60
2026-08-15 15:43:36,467 INFO o.a.j.t.JMeterThread: Thread started: Bac 4 — +100 VU (tong 200) 4-61
2026-08-15 15:43:36,769 INFO o.a.j.t.JMeterThread: Thread started: Bac 4 — +100 VU (tong 200) 4-62
2026-08-15 15:43:37,065 INFO o.a.j.t.JMeterThread: Thread started: Bac 4 — +100 VU (tong 200) 4-63
2026-08-15 15:43:37,364 INFO o.a.j.t.JMeterThread: Thread started: Bac 4 — +100 VU (tong 200) 4-64
2026-08-15 15:43:37,666 INFO o.a.j.t.JMeterThread: Thread started: Bac 4 — +100 VU (tong 200) 4-65
2026-08-15 15:43:37,977 INFO o.a.j.t.JMeterThread: Thread started: Bac 4 — +100 VU (tong 200) 4-66
2026-08-15 15:43:38,265 INFO o.a.j.t.JMeterThread: Thread started: Bac 4 — +100 VU (tong 200) 4-67
2026-08-15 15:43:38,567 INFO o.a.j.t.JMeterThread: Thread started: Bac 4 — +100 VU (tong 200) 4-68
2026-08-15 15:43:38,869 INFO o.a.j.t.JMeterThread: Thread started: Bac 4 — +100 VU (tong 200) 4-69
2026-08-15 15:43:39,163 INFO o.a.j.t.JMeterThread: Thread started: Bac 4 — +100 VU (tong 200) 4-70
2026-08-15 15:43:39,465 INFO o.a.j.t.JMeterThread: Thread started: Bac 4 — +100 VU (tong 200) 4-71
2026-08-15 15:43:39,768 INFO o.a.j.t.JMeterThread: Thread started: Bac 4 — +100 VU (tong 200) 4-72
2026-08-15 15:43:40,067 INFO o.a.j.t.JMeterThread: Thread started: Bac 4 — +100 VU (tong 200) 4-73
2026-08-15 15:43:40,365 INFO o.a.j.t.JMeterThread: Thread started: Bac 4 — +100 VU (tong 200) 4-74
2026-08-15 15:43:40,666 INFO o.a.j.t.JMeterThread: Thread started: Bac 4 — +100 VU (tong 200) 4-75
2026-08-15 15:43:40,975 INFO o.a.j.t.JMeterThread: Thread started: Bac 4 — +100 VU (tong 200) 4-76
2026-08-15 15:43:41,266 INFO o.a.j.t.JMeterThread: Thread started: Bac 4 — +100 VU (tong 200) 4-77
2026-08-15 15:43:41,568 INFO o.a.j.t.JMeterThread: Thread started: Bac 4 — +100 VU (tong 200) 4-78
2026-08-15 15:43:41,868 INFO o.a.j.t.JMeterThread: Thread started: Bac 4 — +100 VU (tong 200) 4-79
2026-08-15 15:43:42,164 INFO o.a.j.t.JMeterThread: Thread started: Bac 4 — +100 VU (tong 200) 4-80
2026-08-15 15:43:42,463 INFO o.a.j.t.JMeterThread: Thread started: Bac 4 — +100 VU (tong 200) 4-81
2026-08-15 15:43:42,769 INFO o.a.j.t.JMeterThread: Thread started: Bac 4 — +100 VU (tong 200) 4-82
2026-08-15 15:43:43,060 INFO o.a.j.t.JMeterThread: Thread started: Bac 4 — +100 VU (tong 200) 4-83
2026-08-15 15:43:43,361 INFO o.a.j.t.JMeterThread: Thread started: Bac 4 — +100 VU (tong 200) 4-84
2026-08-15 15:43:43,664 INFO o.a.j.t.JMeterThread: Thread started: Bac 4 — +100 VU (tong 200) 4-85
2026-08-15 15:43:43,965 INFO o.a.j.t.JMeterThread: Thread started: Bac 4 — +100 VU (tong 200) 4-86
2026-08-15 15:43:44,264 INFO o.a.j.t.JMeterThread: Thread started: Bac 4 — +100 VU (tong 200) 4-87
2026-08-15 15:43:44,562 INFO o.a.j.t.JMeterThread: Thread started: Bac 4 — +100 VU (tong 200) 4-88
2026-08-15 15:43:44,861 INFO o.a.j.t.JMeterThread: Thread started: Bac 4 — +100 VU (tong 200) 4-89
2026-08-15 15:43:45,160 INFO o.a.j.t.JMeterThread: Thread started: Bac 4 — +100 VU (tong 200) 4-90
2026-08-15 15:43:45,462 INFO o.a.j.t.JMeterThread: Thread started: Bac 4 — +100 VU (tong 200) 4-91
2026-08-15 15:43:45,762 INFO o.a.j.t.JMeterThread: Thread started: Bac 4 — +100 VU (tong 200) 4-92
2026-08-15 15:43:46,066 INFO o.a.j.t.JMeterThread: Thread started: Bac 4 — +100 VU (tong 200) 4-93
2026-08-15 15:43:46,370 INFO o.a.j.t.JMeterThread: Thread started: Bac 4 — +100 VU (tong 200) 4-94
2026-08-15 15:43:46,668 INFO o.a.j.t.JMeterThread: Thread started: Bac 4 — +100 VU (tong 200) 4-95
2026-08-15 15:43:46,964 INFO o.a.j.t.JMeterThread: Thread started: Bac 4 — +100 VU (tong 200) 4-96
2026-08-15 15:43:47,269 INFO o.a.j.t.JMeterThread: Thread started: Bac 4 — +100 VU (tong 200) 4-97
2026-08-15 15:43:47,560 INFO o.a.j.t.JMeterThread: Thread started: Bac 4 — +100 VU (tong 200) 4-98
2026-08-15 15:43:47,864 INFO o.a.j.t.JMeterThread: Thread started: Bac 4 — +100 VU (tong 200) 4-99
2026-08-15 15:43:48,165 INFO o.a.j.t.JMeterThread: Thread started: Bac 4 — +100 VU (tong 200) 4-100
2026-08-15 15:44:00,166 INFO o.a.j.r.Summariser: summary +  33980 in 00:00:30 = 1132.6/s Avg:     5 Min:     0 Max:   180 Err:     0 (0.00%) Active: 200 Started: 202 Finished: 2
2026-08-15 15:44:00,185 INFO o.a.j.r.Summariser: summary = 169004 in 00:06:42 =  420.8/s Avg:     2 Min:     0 Max:   214 Err:     0 (0.00%)
2026-08-15 15:44:30,043 INFO o.a.j.r.Summariser: summary +  36240 in 00:00:30 = 1209.5/s Avg:    13 Min:     0 Max:   834 Err:     0 (0.00%) Active: 200 Started: 202 Finished: 2
2026-08-15 15:44:30,051 INFO o.a.j.r.Summariser: summary = 205244 in 00:07:12 =  475.5/s Avg:     4 Min:     0 Max:   834 Err:     0 (0.00%)
2026-08-15 15:45:00,004 INFO o.a.j.r.Summariser: summary +  31835 in 00:00:30 = 1061.4/s Avg:    36 Min:     0 Max:  3691 Err:     0 (0.00%) Active: 200 Started: 202 Finished: 2
2026-08-15 15:45:00,007 INFO o.a.j.r.Summariser: summary = 237079 in 00:07:42 =  513.6/s Avg:     8 Min:     0 Max:  3691 Err:     0 (0.00%)
2026-08-15 15:45:18,260 INFO o.a.j.t.JMeterThread: Thread finished: Bac 2 — +25 VU (tong 50) 2-9
2026-08-15 15:45:18,260 INFO o.a.j.t.JMeterThread: Thread finished: Bac 2 — +25 VU (tong 50) 2-21
2026-08-15 15:45:18,268 INFO o.a.j.t.JMeterThread: Thread finished: Bac 1 — 25 VU 1-9
2026-08-15 15:45:18,276 INFO o.a.j.t.JMeterThread: Thread finished: Bac 3 — +50 VU (tong 100) 3-22
2026-08-15 15:45:18,280 INFO o.a.j.t.JMeterThread: Thread finished: Bac 4 — +100 VU (tong 200) 4-57
2026-08-15 15:45:18,280 INFO o.a.j.t.JMeterThread: Thread finished: Bac 2 — +25 VU (tong 50) 2-5
2026-08-15 15:45:18,284 INFO o.a.j.t.JMeterThread: Thread finished: Bac 2 — +25 VU (tong 50) 2-16
2026-08-15 15:45:18,289 INFO o.a.j.t.JMeterThread: Thread finished: Bac 1 — 25 VU 1-10
2026-08-15 15:45:18,290 INFO o.a.j.t.JMeterThread: Thread finished: Bac 3 — +50 VU (tong 100) 3-8
2026-08-15 15:45:18,293 INFO o.a.j.t.JMeterThread: Thread finished: Bac 2 — +25 VU (tong 50) 2-18
2026-08-15 15:45:18,293 INFO o.a.j.t.JMeterThread: Thread finished: Bac 1 — 25 VU 1-16
2026-08-15 15:45:18,305 INFO o.a.j.t.JMeterThread: Thread finished: Bac 4 — +100 VU (tong 200) 4-86
2026-08-15 15:45:18,305 INFO o.a.j.t.JMeterThread: Thread finished: Bac 1 — 25 VU 1-12
2026-08-15 15:45:18,305 INFO o.a.j.t.JMeterThread: Thread finished: Bac 2 — +25 VU (tong 50) 2-15
2026-08-15 15:45:18,309 INFO o.a.j.t.JMeterThread: Thread finished: Bac 4 — +100 VU (tong 200) 4-37
2026-08-15 15:45:18,309 INFO o.a.j.t.JMeterThread: Thread finished: Bac 3 — +50 VU (tong 100) 3-41
2026-08-15 15:45:18,317 INFO o.a.j.t.JMeterThread: Thread finished: Bac 3 — +50 VU (tong 100) 3-42
2026-08-15 15:45:18,318 INFO o.a.j.t.JMeterThread: Thread finished: Bac 4 — +100 VU (tong 200) 4-12
2026-08-15 15:45:18,321 INFO o.a.j.t.JMeterThread: Thread finished: Bac 2 — +25 VU (tong 50) 2-14
2026-08-15 15:45:18,321 INFO o.a.j.t.JMeterThread: Thread finished: Bac 4 — +100 VU (tong 200) 4-95
2026-08-15 15:45:18,326 INFO o.a.j.t.JMeterThread: Thread finished: Bac 3 — +50 VU (tong 100) 3-1
2026-08-15 15:45:18,330 INFO o.a.j.t.JMeterThread: Thread finished: Bac 4 — +100 VU (tong 200) 4-56
2026-08-15 15:45:18,331 INFO o.a.j.t.JMeterThread: Thread finished: Bac 4 — +100 VU (tong 200) 4-68
2026-08-15 15:45:18,332 INFO o.a.j.t.JMeterThread: Thread finished: Bac 1 — 25 VU 1-14
2026-08-15 15:45:18,332 INFO o.a.j.t.JMeterThread: Thread finished: Bac 4 — +100 VU (tong 200) 4-19
2026-08-15 15:45:18,332 INFO o.a.j.t.JMeterThread: Thread finished: Bac 1 — 25 VU 1-6
2026-08-15 15:45:18,332 INFO o.a.j.t.JMeterThread: Thread finished: Bac 4 — +100 VU (tong 200) 4-28
2026-08-15 15:45:18,335 INFO o.a.j.t.JMeterThread: Thread finished: Bac 2 — +25 VU (tong 50) 2-17
2026-08-15 15:45:18,335 INFO o.a.j.t.JMeterThread: Thread finished: Bac 4 — +100 VU (tong 200) 4-98
2026-08-15 15:45:18,335 INFO o.a.j.t.JMeterThread: Thread finished: Bac 3 — +50 VU (tong 100) 3-36
2026-08-15 15:45:18,338 INFO o.a.j.t.JMeterThread: Thread finished: Bac 1 — 25 VU 1-24
2026-08-15 15:45:18,339 INFO o.a.j.t.JMeterThread: Thread finished: Bac 3 — +50 VU (tong 100) 3-2
2026-08-15 15:45:18,338 INFO o.a.j.t.JMeterThread: Thread finished: Bac 4 — +100 VU (tong 200) 4-78
2026-08-15 15:45:18,339 INFO o.a.j.t.JMeterThread: Thread finished: Bac 1 — 25 VU 1-8
2026-08-15 15:45:18,341 INFO o.a.j.t.JMeterThread: Thread finished: Bac 1 — 25 VU 1-20
2026-08-15 15:45:18,342 INFO o.a.j.t.JMeterThread: Thread finished: Bac 2 — +25 VU (tong 50) 2-7
2026-08-15 15:45:18,343 INFO o.a.j.t.JMeterThread: Thread finished: Bac 4 — +100 VU (tong 200) 4-41
2026-08-15 15:45:18,343 INFO o.a.j.t.JMeterThread: Thread finished: Bac 1 — 25 VU 1-2
2026-08-15 15:45:18,345 INFO o.a.j.t.JMeterThread: Thread finished: Bac 4 — +100 VU (tong 200) 4-88
2026-08-15 15:45:18,345 INFO o.a.j.t.JMeterThread: Thread finished: Bac 1 — 25 VU 1-13
2026-08-15 15:45:18,347 INFO o.a.j.t.JMeterThread: Thread finished: Bac 3 — +50 VU (tong 100) 3-27
2026-08-15 15:45:18,349 INFO o.a.j.t.JMeterThread: Thread finished: Bac 3 — +50 VU (tong 100) 3-5
2026-08-15 15:45:18,350 INFO o.a.j.t.JMeterThread: Thread finished: Bac 3 — +50 VU (tong 100) 3-35
2026-08-15 15:45:18,350 INFO o.a.j.t.JMeterThread: Thread finished: Bac 4 — +100 VU (tong 200) 4-47
2026-08-15 15:45:18,351 INFO o.a.j.t.JMeterThread: Thread finished: Bac 2 — +25 VU (tong 50) 2-10
2026-08-15 15:45:18,355 INFO o.a.j.t.JMeterThread: Thread finished: Bac 4 — +100 VU (tong 200) 4-97
2026-08-15 15:45:18,355 INFO o.a.j.t.JMeterThread: Thread finished: Bac 3 — +50 VU (tong 100) 3-24
2026-08-15 15:45:18,355 INFO o.a.j.t.JMeterThread: Thread finished: Bac 2 — +25 VU (tong 50) 2-4
2026-08-15 15:45:18,355 INFO o.a.j.t.JMeterThread: Thread finished: Bac 2 — +25 VU (tong 50) 2-22
2026-08-15 15:45:18,356 INFO o.a.j.t.JMeterThread: Thread finished: Bac 2 — +25 VU (tong 50) 2-11
2026-08-15 15:45:18,356 INFO o.a.j.t.JMeterThread: Thread finished: Bac 4 — +100 VU (tong 200) 4-29
2026-08-15 15:45:18,357 INFO o.a.j.t.JMeterThread: Thread finished: Bac 4 — +100 VU (tong 200) 4-7
2026-08-15 15:45:18,357 INFO o.a.j.t.JMeterThread: Thread finished: Bac 4 — +100 VU (tong 200) 4-72
2026-08-15 15:45:18,357 INFO o.a.j.t.JMeterThread: Thread finished: Bac 3 — +50 VU (tong 100) 3-6
2026-08-15 15:45:18,357 INFO o.a.j.t.JMeterThread: Thread finished: Bac 3 — +50 VU (tong 100) 3-21
2026-08-15 15:45:18,358 INFO o.a.j.t.JMeterThread: Thread finished: Bac 3 — +50 VU (tong 100) 3-9
2026-08-15 15:45:18,358 INFO o.a.j.t.JMeterThread: Thread finished: Bac 4 — +100 VU (tong 200) 4-25
2026-08-15 15:45:18,359 INFO o.a.j.t.JMeterThread: Thread finished: Bac 4 — +100 VU (tong 200) 4-53
2026-08-15 15:45:18,360 INFO o.a.j.t.JMeterThread: Thread finished: Bac 3 — +50 VU (tong 100) 3-25
2026-08-15 15:45:18,361 INFO o.a.j.t.JMeterThread: Thread finished: Bac 3 — +50 VU (tong 100) 3-33
2026-08-15 15:45:18,362 INFO o.a.j.t.JMeterThread: Thread finished: Bac 4 — +100 VU (tong 200) 4-18
2026-08-15 15:45:18,362 INFO o.a.j.t.JMeterThread: Thread finished: Bac 2 — +25 VU (tong 50) 2-24
2026-08-15 15:45:18,365 INFO o.a.j.t.JMeterThread: Thread finished: Bac 1 — 25 VU 1-11
2026-08-15 15:45:18,365 INFO o.a.j.t.JMeterThread: Thread finished: Bac 4 — +100 VU (tong 200) 4-87
2026-08-15 15:45:18,366 INFO o.a.j.t.JMeterThread: Thread finished: Bac 4 — +100 VU (tong 200) 4-39
2026-08-15 15:45:18,366 INFO o.a.j.t.JMeterThread: Thread finished: Bac 3 — +50 VU (tong 100) 3-7
2026-08-15 15:45:18,367 INFO o.a.j.t.JMeterThread: Thread finished: Bac 2 — +25 VU (tong 50) 2-3
2026-08-15 15:45:18,369 INFO o.a.j.t.JMeterThread: Thread finished: Bac 4 — +100 VU (tong 200) 4-2
2026-08-15 15:45:18,369 INFO o.a.j.t.JMeterThread: Thread finished: Bac 4 — +100 VU (tong 200) 4-61
2026-08-15 15:45:18,369 INFO o.a.j.t.JMeterThread: Thread finished: Bac 3 — +50 VU (tong 100) 3-14
2026-08-15 15:45:18,370 INFO o.a.j.t.JMeterThread: Thread finished: Bac 4 — +100 VU (tong 200) 4-44
2026-08-15 15:45:18,370 INFO o.a.j.t.JMeterThread: Thread finished: Bac 4 — +100 VU (tong 200) 4-10
2026-08-15 15:45:18,372 INFO o.a.j.t.JMeterThread: Thread finished: Bac 4 — +100 VU (tong 200) 4-31
2026-08-15 15:45:18,373 INFO o.a.j.t.JMeterThread: Thread finished: Bac 1 — 25 VU 1-18
2026-08-15 15:45:18,372 INFO o.a.j.t.JMeterThread: Thread finished: Bac 3 — +50 VU (tong 100) 3-19
2026-08-15 15:45:18,373 INFO o.a.j.t.JMeterThread: Thread finished: Bac 3 — +50 VU (tong 100) 3-11
2026-08-15 15:45:18,373 INFO o.a.j.t.JMeterThread: Thread finished: Bac 4 — +100 VU (tong 200) 4-9
2026-08-15 15:45:18,373 INFO o.a.j.t.JMeterThread: Thread finished: Bac 4 — +100 VU (tong 200) 4-5
2026-08-15 15:45:18,375 INFO o.a.j.t.JMeterThread: Thread finished: Bac 4 — +100 VU (tong 200) 4-27
2026-08-15 15:45:18,375 INFO o.a.j.t.JMeterThread: Thread finished: Bac 3 — +50 VU (tong 100) 3-4
2026-08-15 15:45:18,376 INFO o.a.j.t.JMeterThread: Thread finished: Bac 3 — +50 VU (tong 100) 3-16
2026-08-15 15:45:18,376 INFO o.a.j.t.JMeterThread: Thread finished: Bac 3 — +50 VU (tong 100) 3-29
2026-08-15 15:45:18,377 INFO o.a.j.t.JMeterThread: Thread finished: Bac 1 — 25 VU 1-21
2026-08-15 15:45:18,377 INFO o.a.j.t.JMeterThread: Thread finished: Bac 1 — 25 VU 1-4
2026-08-15 15:45:18,377 INFO o.a.j.t.JMeterThread: Thread finished: Bac 3 — +50 VU (tong 100) 3-15
2026-08-15 15:45:18,377 INFO o.a.j.t.JMeterThread: Thread finished: Bac 4 — +100 VU (tong 200) 4-58
2026-08-15 15:45:18,378 INFO o.a.j.t.JMeterThread: Thread finished: Bac 4 — +100 VU (tong 200) 4-81
2026-08-15 15:45:18,379 INFO o.a.j.t.JMeterThread: Thread finished: Bac 2 — +25 VU (tong 50) 2-2
2026-08-15 15:45:18,379 INFO o.a.j.t.JMeterThread: Thread finished: Bac 1 — 25 VU 1-3
2026-08-15 15:45:18,380 INFO o.a.j.t.JMeterThread: Thread finished: Bac 3 — +50 VU (tong 100) 3-34
2026-08-15 15:45:18,380 INFO o.a.j.t.JMeterThread: Thread finished: Bac 4 — +100 VU (tong 200) 4-49
2026-08-15 15:45:18,380 INFO o.a.j.t.JMeterThread: Thread finished: Bac 4 — +100 VU (tong 200) 4-83
2026-08-15 15:45:18,381 INFO o.a.j.t.JMeterThread: Thread finished: Bac 1 — 25 VU 1-7
2026-08-15 15:45:18,382 INFO o.a.j.t.JMeterThread: Thread finished: Bac 3 — +50 VU (tong 100) 3-30
2026-08-15 15:45:18,382 INFO o.a.j.t.JMeterThread: Thread finished: Bac 4 — +100 VU (tong 200) 4-62
2026-08-15 15:45:18,383 INFO o.a.j.t.JMeterThread: Thread finished: Bac 4 — +100 VU (tong 200) 4-4
2026-08-15 15:45:18,383 INFO o.a.j.t.JMeterThread: Thread finished: Bac 4 — +100 VU (tong 200) 4-11
2026-08-15 15:45:18,386 INFO o.a.j.t.JMeterThread: Thread finished: Bac 4 — +100 VU (tong 200) 4-35
2026-08-15 15:45:18,387 INFO o.a.j.t.JMeterThread: Thread finished: Bac 1 — 25 VU 1-23
2026-08-15 15:45:18,387 INFO o.a.j.t.JMeterThread: Thread finished: Bac 4 — +100 VU (tong 200) 4-14
2026-08-15 15:45:18,388 INFO o.a.j.t.JMeterThread: Thread finished: Bac 2 — +25 VU (tong 50) 2-12
2026-08-15 15:45:18,391 INFO o.a.j.t.JMeterThread: Thread finished: Bac 4 — +100 VU (tong 200) 4-50
2026-08-15 15:45:18,393 INFO o.a.j.t.JMeterThread: Thread finished: Bac 4 — +100 VU (tong 200) 4-15
2026-08-15 15:45:18,393 INFO o.a.j.t.JMeterThread: Thread finished: Bac 4 — +100 VU (tong 200) 4-67
2026-08-15 15:45:18,393 INFO o.a.j.t.JMeterThread: Thread finished: Bac 3 — +50 VU (tong 100) 3-50
2026-08-15 15:45:18,394 INFO o.a.j.t.JMeterThread: Thread finished: Bac 4 — +100 VU (tong 200) 4-8
2026-08-15 15:45:18,395 INFO o.a.j.t.JMeterThread: Thread finished: Bac 1 — 25 VU 1-25
2026-08-15 15:45:18,395 INFO o.a.j.t.JMeterThread: Thread finished: Bac 3 — +50 VU (tong 100) 3-40
2026-08-15 15:45:18,395 INFO o.a.j.t.JMeterThread: Thread finished: Bac 1 — 25 VU 1-1
2026-08-15 15:45:18,395 INFO o.a.j.t.JMeterThread: Thread finished: Bac 2 — +25 VU (tong 50) 2-19
2026-08-15 15:45:18,396 INFO o.a.j.t.JMeterThread: Thread finished: Bac 1 — 25 VU 1-15
2026-08-15 15:45:18,397 INFO o.a.j.t.JMeterThread: Thread finished: Bac 2 — +25 VU (tong 50) 2-20
2026-08-15 15:45:18,397 INFO o.a.j.t.JMeterThread: Thread finished: Bac 2 — +25 VU (tong 50) 2-8
2026-08-15 15:45:18,401 INFO o.a.j.t.JMeterThread: Thread finished: Bac 4 — +100 VU (tong 200) 4-17
2026-08-15 15:45:18,401 INFO o.a.j.t.JMeterThread: Thread finished: Bac 3 — +50 VU (tong 100) 3-45
2026-08-15 15:45:18,402 INFO o.a.j.t.JMeterThread: Thread finished: Bac 4 — +100 VU (tong 200) 4-96
2026-08-15 15:45:18,402 INFO o.a.j.t.JMeterThread: Thread finished: Bac 1 — 25 VU 1-5
2026-08-15 15:45:18,402 INFO o.a.j.t.JMeterThread: Thread finished: Bac 1 — 25 VU 1-22
2026-08-15 15:45:18,402 INFO o.a.j.t.JMeterThread: Thread finished: Bac 4 — +100 VU (tong 200) 4-30
2026-08-15 15:45:18,402 INFO o.a.j.t.JMeterThread: Thread finished: Bac 4 — +100 VU (tong 200) 4-26
2026-08-15 15:45:18,403 INFO o.a.j.t.JMeterThread: Thread finished: Bac 4 — +100 VU (tong 200) 4-40
2026-08-15 15:45:18,406 INFO o.a.j.t.JMeterThread: Thread finished: Bac 3 — +50 VU (tong 100) 3-20
2026-08-15 15:45:18,407 INFO o.a.j.t.JMeterThread: Thread finished: Bac 4 — +100 VU (tong 200) 4-90
2026-08-15 15:45:18,408 INFO o.a.j.t.JMeterThread: Thread finished: Bac 3 — +50 VU (tong 100) 3-37
2026-08-15 15:45:18,408 INFO o.a.j.t.JMeterThread: Thread finished: Bac 2 — +25 VU (tong 50) 2-23
2026-08-15 15:45:18,408 INFO o.a.j.t.JMeterThread: Thread finished: Bac 3 — +50 VU (tong 100) 3-10
2026-08-15 15:45:18,409 INFO o.a.j.t.JMeterThread: Thread finished: Bac 4 — +100 VU (tong 200) 4-93
2026-08-15 15:45:18,409 INFO o.a.j.t.JMeterThread: Thread finished: Bac 4 — +100 VU (tong 200) 4-59
2026-08-15 15:45:18,409 INFO o.a.j.t.JMeterThread: Thread finished: Bac 4 — +100 VU (tong 200) 4-6
2026-08-15 15:45:18,409 INFO o.a.j.t.JMeterThread: Thread finished: Bac 3 — +50 VU (tong 100) 3-31
2026-08-15 15:45:18,411 INFO o.a.j.t.JMeterThread: Thread finished: Bac 4 — +100 VU (tong 200) 4-46
2026-08-15 15:45:18,412 INFO o.a.j.t.JMeterThread: Thread finished: Bac 4 — +100 VU (tong 200) 4-36
2026-08-15 15:45:18,412 INFO o.a.j.t.JMeterThread: Thread finished: Bac 3 — +50 VU (tong 100) 3-23
2026-08-15 15:45:18,413 INFO o.a.j.t.JMeterThread: Thread finished: Bac 4 — +100 VU (tong 200) 4-3
2026-08-15 15:45:18,414 INFO o.a.j.t.JMeterThread: Thread finished: Bac 2 — +25 VU (tong 50) 2-25
2026-08-15 15:45:18,414 INFO o.a.j.t.JMeterThread: Thread finished: Bac 4 — +100 VU (tong 200) 4-69
2026-08-15 15:45:18,415 INFO o.a.j.t.JMeterThread: Thread finished: Bac 4 — +100 VU (tong 200) 4-23
2026-08-15 15:45:18,416 INFO o.a.j.t.JMeterThread: Thread finished: Bac 4 — +100 VU (tong 200) 4-100
2026-08-15 15:45:18,417 INFO o.a.j.t.JMeterThread: Thread finished: Bac 3 — +50 VU (tong 100) 3-47
2026-08-15 15:45:18,419 INFO o.a.j.t.JMeterThread: Thread finished: Bac 3 — +50 VU (tong 100) 3-26
2026-08-15 15:45:18,419 INFO o.a.j.t.JMeterThread: Thread finished: Bac 4 — +100 VU (tong 200) 4-82
2026-08-15 15:45:18,420 INFO o.a.j.t.JMeterThread: Thread finished: Bac 4 — +100 VU (tong 200) 4-20
2026-08-15 15:45:18,422 INFO o.a.j.t.JMeterThread: Thread finished: Bac 4 — +100 VU (tong 200) 4-1
2026-08-15 15:45:18,422 INFO o.a.j.t.JMeterThread: Thread finished: Bac 3 — +50 VU (tong 100) 3-17
2026-08-15 15:45:18,422 INFO o.a.j.t.JMeterThread: Thread finished: Bac 3 — +50 VU (tong 100) 3-18
2026-08-15 15:45:18,422 INFO o.a.j.t.JMeterThread: Thread finished: Bac 4 — +100 VU (tong 200) 4-77
2026-08-15 15:45:18,423 INFO o.a.j.t.JMeterThread: Thread finished: Bac 4 — +100 VU (tong 200) 4-21
2026-08-15 15:45:18,424 INFO o.a.j.t.JMeterThread: Thread finished: Bac 4 — +100 VU (tong 200) 4-32
2026-08-15 15:45:18,426 INFO o.a.j.t.JMeterThread: Thread finished: Bac 4 — +100 VU (tong 200) 4-91
2026-08-15 15:45:18,429 INFO o.a.j.t.JMeterThread: Thread finished: Bac 4 — +100 VU (tong 200) 4-16
2026-08-15 15:45:18,430 INFO o.a.j.t.JMeterThread: Thread finished: Bac 4 — +100 VU (tong 200) 4-70
2026-08-15 15:45:18,431 INFO o.a.j.t.JMeterThread: Thread finished: Bac 4 — +100 VU (tong 200) 4-43
2026-08-15 15:45:18,432 INFO o.a.j.t.JMeterThread: Thread finished: Bac 3 — +50 VU (tong 100) 3-48
2026-08-15 15:45:18,432 INFO o.a.j.t.JMeterThread: Thread finished: Bac 2 — +25 VU (tong 50) 2-1
2026-08-15 15:45:18,432 INFO o.a.j.t.JMeterThread: Thread finished: Bac 4 — +100 VU (tong 200) 4-45
2026-08-15 15:45:18,432 INFO o.a.j.t.JMeterThread: Thread finished: Bac 4 — +100 VU (tong 200) 4-99
2026-08-15 15:45:18,432 INFO o.a.j.t.JMeterThread: Thread finished: Bac 3 — +50 VU (tong 100) 3-12
2026-08-15 15:45:18,432 INFO o.a.j.t.JMeterThread: Thread finished: Bac 3 — +50 VU (tong 100) 3-13
2026-08-15 15:45:18,433 INFO o.a.j.t.JMeterThread: Thread finished: Bac 1 — 25 VU 1-17
2026-08-15 15:45:18,434 INFO o.a.j.t.JMeterThread: Thread finished: Bac 2 — +25 VU (tong 50) 2-13
2026-08-15 15:45:18,434 INFO o.a.j.t.JMeterThread: Thread finished: Bac 4 — +100 VU (tong 200) 4-94
2026-08-15 15:45:18,434 INFO o.a.j.t.JMeterThread: Thread finished: Bac 4 — +100 VU (tong 200) 4-54
2026-08-15 15:45:18,434 INFO o.a.j.t.JMeterThread: Thread finished: Bac 3 — +50 VU (tong 100) 3-3
2026-08-15 15:45:18,435 INFO o.a.j.t.JMeterThread: Thread finished: Bac 4 — +100 VU (tong 200) 4-22
2026-08-15 15:45:18,438 INFO o.a.j.t.JMeterThread: Thread finished: Bac 4 — +100 VU (tong 200) 4-74
2026-08-15 15:45:18,439 INFO o.a.j.t.JMeterThread: Thread finished: Bac 4 — +100 VU (tong 200) 4-51
2026-08-15 15:45:18,439 INFO o.a.j.t.JMeterThread: Thread finished: Bac 4 — +100 VU (tong 200) 4-64
2026-08-15 15:45:18,440 INFO o.a.j.t.JMeterThread: Thread finished: Bac 4 — +100 VU (tong 200) 4-34
2026-08-15 15:45:18,442 INFO o.a.j.t.JMeterThread: Thread finished: Bac 4 — +100 VU (tong 200) 4-48
2026-08-15 15:45:18,443 INFO o.a.j.t.JMeterThread: Thread finished: Bac 3 — +50 VU (tong 100) 3-38
2026-08-15 15:45:18,444 INFO o.a.j.t.JMeterThread: Thread finished: Bac 4 — +100 VU (tong 200) 4-52
2026-08-15 15:45:18,444 INFO o.a.j.t.JMeterThread: Thread finished: Bac 4 — +100 VU (tong 200) 4-85
2026-08-15 15:45:18,444 INFO o.a.j.t.JMeterThread: Thread finished: Bac 4 — +100 VU (tong 200) 4-55
2026-08-15 15:45:18,445 INFO o.a.j.t.JMeterThread: Stopping because end time detected by thread: Bac 2 — +25 VU (tong 50) 2-6
2026-08-15 15:45:18,445 INFO o.a.j.t.JMeterThread: Thread finished: Bac 2 — +25 VU (tong 50) 2-6
2026-08-15 15:45:18,446 INFO o.a.j.t.JMeterThread: Stopping because end time detected by thread: Bac 1 — 25 VU 1-19
2026-08-15 15:45:18,446 INFO o.a.j.t.JMeterThread: Thread finished: Bac 1 — 25 VU 1-19
2026-08-15 15:45:18,447 INFO o.a.j.t.JMeterThread: Thread finished: Bac 4 — +100 VU (tong 200) 4-76
2026-08-15 15:45:18,447 INFO o.a.j.t.JMeterThread: Thread finished: Bac 3 — +50 VU (tong 100) 3-32
2026-08-15 15:45:18,448 INFO o.a.j.t.JMeterThread: Thread finished: Bac 4 — +100 VU (tong 200) 4-89
2026-08-15 15:45:18,449 INFO o.a.j.t.JMeterThread: Thread finished: Bac 4 — +100 VU (tong 200) 4-65
2026-08-15 15:45:18,449 INFO o.a.j.t.JMeterThread: Thread finished: Bac 4 — +100 VU (tong 200) 4-63
2026-08-15 15:45:18,449 INFO o.a.j.t.JMeterThread: Thread finished: Bac 4 — +100 VU (tong 200) 4-33
2026-08-15 15:45:18,450 INFO o.a.j.t.JMeterThread: Thread finished: Bac 4 — +100 VU (tong 200) 4-73
2026-08-15 15:45:18,450 INFO o.a.j.t.JMeterThread: Thread finished: Bac 3 — +50 VU (tong 100) 3-46
2026-08-15 15:45:18,450 INFO o.a.j.t.JMeterThread: Thread finished: Bac 3 — +50 VU (tong 100) 3-43
2026-08-15 15:45:18,451 INFO o.a.j.t.JMeterThread: Thread finished: Bac 4 — +100 VU (tong 200) 4-79
2026-08-15 15:45:18,451 INFO o.a.j.t.JMeterThread: Thread finished: Bac 4 — +100 VU (tong 200) 4-38
2026-08-15 15:45:18,453 INFO o.a.j.t.JMeterThread: Thread finished: Bac 3 — +50 VU (tong 100) 3-39
2026-08-15 15:45:18,455 INFO o.a.j.t.JMeterThread: Stopping because end time detected by thread: Bac 3 — +50 VU (tong 100) 3-28
2026-08-15 15:45:18,455 INFO o.a.j.t.JMeterThread: Thread finished: Bac 3 — +50 VU (tong 100) 3-28
2026-08-15 15:45:18,455 INFO o.a.j.t.JMeterThread: Thread finished: Bac 3 — +50 VU (tong 100) 3-44
2026-08-15 15:45:18,457 INFO o.a.j.t.JMeterThread: Thread finished: Bac 4 — +100 VU (tong 200) 4-66
2026-08-15 15:45:18,457 INFO o.a.j.t.JMeterThread: Thread finished: Bac 4 — +100 VU (tong 200) 4-92
2026-08-15 15:45:18,457 INFO o.a.j.t.JMeterThread: Thread finished: Bac 3 — +50 VU (tong 100) 3-49
2026-08-15 15:45:18,458 INFO o.a.j.t.JMeterThread: Thread finished: Bac 4 — +100 VU (tong 200) 4-24
2026-08-15 15:45:18,459 INFO o.a.j.t.JMeterThread: Thread finished: Bac 4 — +100 VU (tong 200) 4-13
2026-08-15 15:45:18,461 INFO o.a.j.t.JMeterThread: Thread finished: Bac 4 — +100 VU (tong 200) 4-84
2026-08-15 15:45:18,463 INFO o.a.j.t.JMeterThread: Thread finished: Bac 4 — +100 VU (tong 200) 4-42
2026-08-15 15:45:18,470 INFO o.a.j.t.JMeterThread: Thread finished: Bac 4 — +100 VU (tong 200) 4-60
2026-08-15 15:45:18,473 INFO o.a.j.t.JMeterThread: Thread finished: Bac 4 — +100 VU (tong 200) 4-75
2026-08-15 15:45:18,473 INFO o.a.j.t.JMeterThread: Thread finished: Bac 4 — +100 VU (tong 200) 4-80
2026-08-15 15:45:18,475 INFO o.a.j.t.JMeterThread: Stopping because end time detected by thread: Bac 4 — +100 VU (tong 200) 4-71
2026-08-15 15:45:18,475 INFO o.a.j.t.JMeterThread: Thread finished: Bac 4 — +100 VU (tong 200) 4-71
2026-08-15 15:45:18,475 INFO o.a.j.e.StandardJMeterEngine: Notifying test listeners of end of test
2026-08-15 15:45:18,476 INFO o.a.j.s.FileServer: Close: data/products_import.csv
2026-08-15 15:45:18,476 INFO o.a.j.s.FileServer: Close: data/orders.csv
2026-08-15 15:45:18,476 INFO o.a.j.s.FileServer: Close: data/users.csv
2026-08-15 15:45:18,476 INFO o.a.j.s.FileServer: Close: data/users_lockout.csv
2026-08-15 15:45:18,487 INFO o.a.j.r.Summariser: summary +  21913 in 00:00:18 = 1185.6/s Avg:    16 Min:     0 Max:   402 Err:     0 (0.00%) Active: 0 Started: 202 Finished: 202
2026-08-15 15:45:18,487 INFO o.a.j.r.Summariser: summary = 258992 in 00:08:00 =  539.5/s Avg:     9 Min:     0 Max:  3691 Err:     0 (0.00%)
2026-08-15 15:45:18,488 INFO o.a.j.JMeter: Generating Dashboard
2026-08-15 15:45:18,488 INFO o.a.j.r.d.ReportGenerator: Flushing result collector before report Generation
2026-08-15 15:45:18,501 INFO o.a.j.r.p.NormalizerSampleConsumer: Using format, 'ms', to parse timeStamp field
2026-08-15 15:45:21,327 INFO o.a.j.r.p.AbstractSampleConsumer: class org.apache.jmeter.report.processor.AggregateConsumer#stopProducing(): beginDate produced 0 samples
2026-08-15 15:45:21,327 INFO o.a.j.r.p.AbstractSampleConsumer: class org.apache.jmeter.report.processor.AggregateConsumer#stopProducing(): endDate produced 0 samples
2026-08-15 15:45:21,329 INFO o.a.j.r.p.AbstractSampleConsumer: class org.apache.jmeter.report.processor.ApdexSummaryConsumer#stopProducing(): apdexSummary produced 0 samples
2026-08-15 15:45:21,329 INFO o.a.j.r.p.AbstractSampleConsumer: class org.apache.jmeter.report.processor.RequestsSummaryConsumer#stopProducing(): requestsSummary produced 0 samples
2026-08-15 15:45:21,340 INFO o.a.j.r.p.AbstractSampleConsumer: class org.apache.jmeter.report.processor.StatisticsSummaryConsumer#stopProducing(): statisticsSummary produced 0 samples
2026-08-15 15:45:21,344 INFO o.a.j.r.p.AbstractSampleConsumer: class org.apache.jmeter.report.processor.Top5ErrorsBySamplerConsumer#stopProducing(): top5ErrorsBySampler produced 0 samples
2026-08-15 15:45:21,344 INFO o.a.j.r.p.AbstractSampleConsumer: class org.apache.jmeter.report.processor.ErrorsSummaryConsumer#stopProducing(): errorsSummary produced 0 samples
2026-08-15 15:45:21,344 INFO o.a.j.r.p.AbstractSampleConsumer: class org.apache.jmeter.report.processor.graph.impl.HitsPerSecondGraphConsumer#stopProducing(): hitsPerSecond produced 0 samples
2026-08-15 15:45:22,265 INFO o.a.j.r.p.AbstractSampleConsumer: class org.apache.jmeter.report.processor.graph.impl.LatencyVSRequestGraphConsumer#stopProducing(): latencyVsRequest produced 0 samples
2026-08-15 15:45:22,272 INFO o.a.j.r.p.AbstractSampleConsumer: class org.apache.jmeter.report.processor.graph.impl.SyntheticResponseTimeDistributionGraphConsumer#stopProducing(): syntheticResponseTimeDistribution produced 0 samples
2026-08-15 15:45:22,272 INFO o.a.j.r.p.AbstractSampleConsumer: class org.apache.jmeter.report.processor.graph.impl.BytesThroughputGraphConsumer#stopProducing(): bytesThroughputOverTime produced 0 samples
2026-08-15 15:45:22,273 INFO o.a.j.r.p.AbstractSampleConsumer: class org.apache.jmeter.report.processor.graph.impl.CodesPerSecondGraphConsumer#stopProducing(): codesPerSecond produced 0 samples
2026-08-15 15:45:23,300 INFO o.a.j.r.p.AbstractSampleConsumer: class org.apache.jmeter.report.processor.graph.impl.ResponseTimeVSRequestGraphConsumer#stopProducing(): responseTimeVsRequest produced 0 samples
2026-08-15 15:45:23,304 INFO o.a.j.r.p.AbstractSampleConsumer: class org.apache.jmeter.report.processor.FilterConsumer#stopProducing(): startIntervalControlerFilter produced 1812944 samples
2026-08-15 15:45:23,304 INFO o.a.j.r.p.AbstractSampleConsumer: class org.apache.jmeter.report.processor.graph.impl.TotalTPSGraphConsumer#stopProducing(): totalTPS produced 0 samples
2026-08-15 15:45:23,304 INFO o.a.j.r.p.AbstractSampleConsumer: class org.apache.jmeter.report.processor.graph.impl.ActiveThreadsGraphConsumer#stopProducing(): activeThreadsOverTime produced 0 samples
2026-08-15 15:45:23,304 INFO o.a.j.r.p.AbstractSampleConsumer: class org.apache.jmeter.report.processor.graph.impl.TimeVSThreadGraphConsumer#stopProducing(): timeVsThreads produced 0 samples
2026-08-15 15:45:23,305 INFO o.a.j.r.p.AbstractSampleConsumer: class org.apache.jmeter.report.processor.graph.impl.ResponseTimeDistributionGraphConsumer#stopProducing(): responseTimeDistribution produced 0 samples
2026-08-15 15:45:23,305 INFO o.a.j.r.p.AbstractSampleConsumer: class org.apache.jmeter.report.processor.graph.impl.TransactionsPerSecondGraphConsumer#stopProducing(): transactionsPerSecond produced 0 samples
2026-08-15 15:45:23,306 INFO o.a.j.r.p.AbstractSampleConsumer: class org.apache.jmeter.report.processor.graph.impl.ResponseTimePercentilesGraphConsumer#stopProducing(): responseTimePercentiles produced 0 samples
2026-08-15 15:45:23,308 INFO o.a.j.r.p.AbstractSampleConsumer: class org.apache.jmeter.report.processor.graph.impl.ResponseTimePercentilesOverTimeGraphConsumer#stopProducing(): responseTimePercentilesOverTime produced 0 samples
2026-08-15 15:45:23,318 INFO o.a.j.r.p.AbstractSampleConsumer: class org.apache.jmeter.report.processor.graph.impl.ResponseTimeOverTimeGraphConsumer#stopProducing(): responseTimesOverTime produced 0 samples
2026-08-15 15:45:23,318 INFO o.a.j.r.p.AbstractSampleConsumer: class org.apache.jmeter.report.processor.graph.impl.ConnectTimeOverTimeGraphConsumer#stopProducing(): connectTimeOverTime produced 0 samples
2026-08-15 15:45:23,319 INFO o.a.j.r.p.AbstractSampleConsumer: class org.apache.jmeter.report.processor.graph.impl.LatencyOverTimeGraphConsumer#stopProducing(): latenciesOverTime produced 0 samples
2026-08-15 15:45:23,320 INFO o.a.j.r.p.AbstractSampleConsumer: class org.apache.jmeter.report.processor.FilterConsumer#stopProducing(): nameFilter produced 3884880 samples
2026-08-15 15:45:23,320 INFO o.a.j.r.p.AbstractSampleConsumer: class org.apache.jmeter.report.processor.FilterConsumer#stopProducing(): dateRangeFilter produced 776976 samples
2026-08-15 15:45:23,320 INFO o.a.j.r.p.AbstractSampleConsumer: class org.apache.jmeter.report.processor.NormalizerSampleConsumer#stopProducing(): normalizer produced 258992 samples
2026-08-15 15:45:23,321 INFO o.a.j.r.p.CsvFileSampleSource: produce(): 258992 samples produced in 4s 805 ms on channel 0
2026-08-15 15:45:23,321 INFO o.a.j.r.d.ReportGenerator: Exporting data using exporter:'json' of className:'org.apache.jmeter.report.dashboard.JsonExporter'
2026-08-15 15:45:23,363 INFO o.a.j.r.d.JsonExporter: Found data for consumer statisticsSummary in context
2026-08-15 15:45:23,363 INFO o.a.j.r.d.JsonExporter: Creating statistics for overall
2026-08-15 15:45:23,363 INFO o.a.j.r.d.JsonExporter: Creating statistics for other transactions
2026-08-15 15:45:23,363 INFO o.a.j.r.d.JsonExporter: Checking output folder
2026-08-15 15:45:23,363 INFO o.a.j.r.d.JsonExporter: Writing statistics JSON to /Users/macos/Documents/HK3_Nam3/kiem_thu/HW05-Performance-Testing/results/html/stress/statistics.json
2026-08-15 15:45:23,385 INFO o.a.j.r.d.ReportGenerator: Exporting data using exporter:'html' of className:'org.apache.jmeter.report.dashboard.HtmlTemplateExporter'
2026-08-15 15:45:23,387 INFO o.a.j.r.d.HtmlTemplateExporter: Will generate dashboard in folder: /Users/macos/Documents/HK3_Nam3/kiem_thu/HW05-Performance-Testing/results/html/stress
2026-08-15 15:45:23,473 INFO o.a.j.r.d.HtmlTemplateExporter: Report will be generated in: /Users/macos/Documents/HK3_Nam3/kiem_thu/HW05-Performance-Testing/results/html/stress, creating folder structure
2026-08-15 15:45:23,475 INFO o.a.j.r.d.TemplateVisitor: Copying folder from '/opt/homebrew/Cellar/jmeter/5.6.3/libexec/bin/report-template' to '/Users/macos/Documents/HK3_Nam3/kiem_thu/HW05-Performance-Testing/results/html/stress', got message: /Users/macos/Documents/HK3_Nam3/kiem_thu/HW05-Performance-Testing/results/html/stress, found non empty folder with following content [/Users/macos/Documents/HK3_Nam3/kiem_thu/HW05-Performance-Testing/results/html/stress/statistics.json], will be ignored
2026-08-15 15:45:23,624 INFO o.a.j.JMeter: Dashboard generated
