2026-08-14 09:37:57,809 INFO o.a.j.u.JMeterUtils: Setting Locale to en_EN
2026-08-14 09:37:57,824 INFO o.a.j.JMeter: Loading user properties from: /opt/homebrew/Cellar/jmeter/5.6.3/libexec/bin/user.properties
2026-08-14 09:37:57,825 INFO o.a.j.JMeter: Loading system properties from: /opt/homebrew/Cellar/jmeter/5.6.3/libexec/bin/system.properties
2026-08-14 09:37:57,825 INFO o.a.j.JMeter: Loading additional properties from: tools/jmeter-user.properties
2026-08-14 09:37:57,825 INFO o.a.j.JMeter: Setting JMeter property: student.id=23127178
2026-08-14 09:37:57,825 INFO o.a.j.JMeter: Setting JMeter property: scenario=Load
2026-08-14 09:37:57,829 INFO o.a.j.JMeter: Copyright (c) 1998-2024 The Apache Software Foundation
2026-08-14 09:37:57,829 INFO o.a.j.JMeter: Version 5.6.3
2026-08-14 09:37:57,829 INFO o.a.j.JMeter: java.version=21.0.12
2026-08-14 09:37:57,829 INFO o.a.j.JMeter: java.vm.name=OpenJDK 64-Bit Server VM
2026-08-14 09:37:57,829 INFO o.a.j.JMeter: os.name=Mac OS X
2026-08-14 09:37:57,829 INFO o.a.j.JMeter: os.arch=aarch64
2026-08-14 09:37:57,829 INFO o.a.j.JMeter: os.version=26.1
2026-08-14 09:37:57,829 INFO o.a.j.JMeter: file.encoding=UTF-8
2026-08-14 09:37:57,829 INFO o.a.j.JMeter: java.awt.headless=true
2026-08-14 09:37:57,829 INFO o.a.j.JMeter: Max memory     =1073741824
2026-08-14 09:37:57,829 INFO o.a.j.JMeter: Available Processors =12
2026-08-14 09:37:57,836 INFO o.a.j.JMeter: Default Locale=English (EN)
2026-08-14 09:37:57,836 INFO o.a.j.JMeter: JMeter  Locale=English (EN)
2026-08-14 09:37:57,836 INFO o.a.j.JMeter: JMeterHome=/opt/homebrew/Cellar/jmeter/5.6.3/libexec
2026-08-14 09:37:57,836 INFO o.a.j.JMeter: user.dir  =/Users/macos/Documents/HK3_Nam3/kiem_thu/HW05-Performance-Testing
2026-08-14 09:37:57,836 INFO o.a.j.JMeter: PWD       =/Users/macos/Documents/HK3_Nam3/kiem_thu/HW05-Performance-Testing
2026-08-14 09:37:57,839 INFO o.a.j.JMeter: IP: 127.0.0.1 Name: Le-Nhut-Duy.local FullName: localhost
2026-08-14 09:37:57,847 INFO o.a.j.JMeter: Setting property 'jmeter.reportgenerator.outputdir' to:'/Users/macos/Documents/HK3_Nam3/kiem_thu/HW05-Performance-Testing/results/html/load'
2026-08-14 09:37:57,848 INFO o.a.j.s.FileServer: Default base='/Users/macos/Documents/HK3_Nam3/kiem_thu/HW05-Performance-Testing'
2026-08-14 09:37:57,849 INFO o.a.j.s.FileServer: Set new base='/Users/macos/Documents/HK3_Nam3/kiem_thu/HW05-Performance-Testing/test-plans'
2026-08-14 09:37:57,946 INFO o.a.j.s.SaveService: Testplan (JMX) version: 2.2. Testlog (JTL) version: 2.2
2026-08-14 09:37:57,965 INFO o.a.j.s.SaveService: Using SaveService properties version 5.0
2026-08-14 09:37:57,967 INFO o.a.j.s.SaveService: Using SaveService properties file encoding UTF-8
2026-08-14 09:37:57,968 INFO o.a.j.s.SaveService: Loading file: test-plans/23127178_Load_20260813.jmx
2026-08-14 09:37:58,004 INFO o.a.j.p.h.s.HTTPSamplerBase: Parser for text/html is org.apache.jmeter.protocol.http.parser.LagartoBasedHtmlParser
2026-08-14 09:37:58,004 INFO o.a.j.p.h.s.HTTPSamplerBase: Parser for application/xhtml+xml is org.apache.jmeter.protocol.http.parser.LagartoBasedHtmlParser
2026-08-14 09:37:58,004 INFO o.a.j.p.h.s.HTTPSamplerBase: Parser for application/xml is org.apache.jmeter.protocol.http.parser.LagartoBasedHtmlParser
2026-08-14 09:37:58,004 INFO o.a.j.p.h.s.HTTPSamplerBase: Parser for text/xml is org.apache.jmeter.protocol.http.parser.LagartoBasedHtmlParser
2026-08-14 09:37:58,004 INFO o.a.j.p.h.s.HTTPSamplerBase: Parser for text/vnd.wap.wml is org.apache.jmeter.protocol.http.parser.RegexpHTMLParser
2026-08-14 09:37:58,004 INFO o.a.j.p.h.s.HTTPSamplerBase: Parser for text/css is org.apache.jmeter.protocol.http.parser.CssParser
2026-08-14 09:37:58,036 INFO o.a.j.JMeter: Creating summariser <summary>
2026-08-14 09:37:58,038 INFO o.a.j.r.d.ReportGenerator: ReportGenerator will use for Parsing the separator: ','
2026-08-14 09:37:58,038 INFO o.a.j.r.d.ReportGenerator: Will generate report at end of test from  results file: results/jtl/23127178_Load_20260814-093756.jtl
2026-08-14 09:37:58,039 INFO o.a.j.r.d.ReportGenerator: Reading report generator properties from: /opt/homebrew/Cellar/jmeter/5.6.3/libexec/bin/reportgenerator.properties
2026-08-14 09:37:58,039 INFO o.a.j.r.d.ReportGenerator: Merging with JMeter properties
2026-08-14 09:37:58,041 INFO o.a.j.r.c.ReportGeneratorConfiguration: Property 'jmeter.reportgenerator.temp_dir' not found, using default value 'temp' instead.
2026-08-14 09:37:58,042 INFO o.a.j.r.c.ReportGeneratorConfiguration: Property 'jmeter.reportgenerator.apdex_per_transaction' not found, using default value 'null' instead.
2026-08-14 09:37:58,042 INFO o.a.j.r.c.ReportGeneratorConfiguration: apdex_per_transaction is empty, not APDEX per transaction customization
2026-08-14 09:37:58,042 INFO o.a.j.r.c.ReportGeneratorConfiguration: Property 'jmeter.reportgenerator.sample_filter' not found, using default value 'null' instead.
2026-08-14 09:37:58,042 INFO o.a.j.r.c.ReportGeneratorConfiguration: Property 'jmeter.reportgenerator.report_title' not found, using default value 'null' instead.
2026-08-14 09:37:58,042 INFO o.a.j.r.c.ReportGeneratorConfiguration: Property 'jmeter.reportgenerator.start_date' not found, using default value 'null' instead.
2026-08-14 09:37:58,042 INFO o.a.j.r.c.ReportGeneratorConfiguration: Property 'jmeter.reportgenerator.end_date' not found, using default value 'null' instead.
2026-08-14 09:37:58,042 INFO o.a.j.r.c.ReportGeneratorConfiguration: Property 'jmeter.reportgenerator.date_format' not found, using default value 'null' instead.
2026-08-14 09:37:58,042 INFO o.a.j.r.c.ReportGeneratorConfiguration: Will use date range start date: null, end date: null
2026-08-14 09:37:58,044 INFO o.a.j.r.c.ReportGeneratorConfiguration: Property 'jmeter.reportgenerator.graph.totalTPS.exclude_controllers' not found, using default value 'false' instead.
2026-08-14 09:37:58,044 INFO o.a.j.r.c.ReportGeneratorConfiguration: Property 'jmeter.reportgenerator.graph.activeThreadsOverTime.exclude_controllers' not found, using default value 'false' instead.
2026-08-14 09:37:58,044 INFO o.a.j.r.c.ReportGeneratorConfiguration: Property 'jmeter.reportgenerator.graph.timeVsThreads.exclude_controllers' not found, using default value 'false' instead.
2026-08-14 09:37:58,044 INFO o.a.j.r.c.ReportGeneratorConfiguration: Property 'jmeter.reportgenerator.graph.responseTimeDistribution.exclude_controllers' not found, using default value 'false' instead.
2026-08-14 09:37:58,045 INFO o.a.j.r.c.ReportGeneratorConfiguration: Property 'jmeter.reportgenerator.graph.transactionsPerSecond.exclude_controllers' not found, using default value 'false' instead.
2026-08-14 09:37:58,045 INFO o.a.j.r.c.ReportGeneratorConfiguration: Property 'jmeter.reportgenerator.graph.responseTimePercentiles.exclude_controllers' not found, using default value 'false' instead.
2026-08-14 09:37:58,045 INFO o.a.j.r.c.ReportGeneratorConfiguration: Property 'jmeter.reportgenerator.graph.responseTimePercentilesOverTime.exclude_controllers' not found, using default value 'false' instead.
2026-08-14 09:37:58,045 INFO o.a.j.r.c.ReportGeneratorConfiguration: Property 'jmeter.reportgenerator.graph.responseTimesOverTime.exclude_controllers' not found, using default value 'false' instead.
2026-08-14 09:37:58,045 INFO o.a.j.r.c.ReportGeneratorConfiguration: Property 'jmeter.reportgenerator.graph.connectTimeOverTime.exclude_controllers' not found, using default value 'false' instead.
2026-08-14 09:37:58,045 INFO o.a.j.r.c.ReportGeneratorConfiguration: Property 'jmeter.reportgenerator.graph.latenciesOverTime.exclude_controllers' not found, using default value 'false' instead.
2026-08-14 09:37:58,045 INFO o.a.j.r.c.ReportGeneratorConfiguration: Property 'jmeter.reportgenerator.exporter.json.filters_only_sample_series' not found, using default value 'true' instead.
2026-08-14 09:37:58,045 INFO o.a.j.r.c.ReportGeneratorConfiguration: Property 'jmeter.reportgenerator.exporter.json.series_filter' not found, using default value '' instead.
2026-08-14 09:37:58,045 INFO o.a.j.r.c.ReportGeneratorConfiguration: Property 'jmeter.reportgenerator.exporter.json.show_controllers_only' not found, using default value 'false' instead.
2026-08-14 09:37:58,045 INFO o.a.j.r.c.ReportGeneratorConfiguration: Property 'jmeter.reportgenerator.exporter.html.filters_only_sample_series' not found, using default value 'true' instead.
2026-08-14 09:37:58,045 INFO o.a.j.r.c.ReportGeneratorConfiguration: Property 'jmeter.reportgenerator.exporter.html.series_filter' not found, using default value '' instead.
2026-08-14 09:37:58,046 INFO o.a.j.r.c.ReportGeneratorConfiguration: Property 'jmeter.reportgenerator.exporter.html.show_controllers_only' not found, using default value 'false' instead.
2026-08-14 09:37:58,052 INFO o.a.j.e.StandardJMeterEngine: Running the test!
2026-08-14 09:37:58,052 INFO o.a.j.s.SampleEvent: List of sample_variables: []
2026-08-14 09:37:58,052 INFO o.a.j.s.SampleEvent: List of sample_variables: []
2026-08-14 09:37:58,055 INFO o.a.j.e.u.CompoundVariable: Note: Function class names must contain the string: '.functions.'
2026-08-14 09:37:58,055 INFO o.a.j.e.u.CompoundVariable: Note: Function class names must not contain the string: '.gui.'
2026-08-14 09:37:58,074 INFO o.a.j.r.ClassFinder: Will scan jar /opt/homebrew/Cellar/jmeter/5.6.3/libexec/lib/ext/jmeter-plugins-manager-1.9.jar with filter ExtendsClassFilter [parents=[interface org.apache.jmeter.functions.Function], inner=false, contains=null, notContains=null]. Consider exposing JMeter plugins via META-INF/services, and add JMeter-Skip-Class-Scanning=true manifest attribute so JMeter can skip classfile scanning
2026-08-14 09:37:58,256 INFO o.a.j.JMeter: Running test (1786675078256)
2026-08-14 09:37:58,270 INFO o.a.j.e.StandardJMeterEngine: Starting ThreadGroup: 1 : Thread Group — tai on dinh
2026-08-14 09:37:58,270 INFO o.a.j.e.StandardJMeterEngine: Starting 20 threads for group Thread Group — tai on dinh.
2026-08-14 09:37:58,270 INFO o.a.j.e.StandardJMeterEngine: Thread will continue on error
2026-08-14 09:37:58,270 INFO o.a.j.t.ThreadGroup: Starting thread group... number=1 threads=20 ramp-up=60 delayedStart=false
2026-08-14 09:37:58,279 INFO o.a.j.t.JMeterThread: Thread started: Thread Group — tai on dinh 1-1
2026-08-14 09:37:58,280 INFO o.a.j.s.FileServer: Stored: data/orders.csv
2026-08-14 09:37:58,284 INFO o.a.j.t.ThreadGroup: Started thread group number 1
2026-08-14 09:37:58,284 INFO o.a.j.e.StandardJMeterEngine: Starting ThreadGroup: 2 : TG-lockout — nhanh account-lockout (2 VU)
2026-08-14 09:37:58,284 INFO o.a.j.e.StandardJMeterEngine: Starting 2 threads for group TG-lockout — nhanh account-lockout (2 VU).
2026-08-14 09:37:58,284 INFO o.a.j.e.StandardJMeterEngine: Thread will continue on error
2026-08-14 09:37:58,284 INFO o.a.j.t.ThreadGroup: Starting thread group... number=2 threads=2 ramp-up=1 delayedStart=false
2026-08-14 09:37:58,286 INFO o.a.j.t.ThreadGroup: Started thread group number 2
2026-08-14 09:37:58,286 INFO o.a.j.e.StandardJMeterEngine: All thread groups have been started
2026-08-14 09:37:58,293 INFO o.a.j.s.FileServer: Stored: data/products_import.csv
2026-08-14 09:37:58,293 INFO o.a.j.s.FileServer: Stored: data/users.csv
2026-08-14 09:37:58,817 INFO o.a.j.p.h.s.HTTPHCAbstractImpl: Local host = Le-Nhut-Duy.local
2026-08-14 09:37:58,822 INFO o.a.j.p.h.s.HTTPHC4Impl: HTTP request retry count = 0
2026-08-14 09:37:58,823 INFO o.a.j.s.SampleResult: Note: Sample TimeStamps are START times
2026-08-14 09:37:58,823 INFO o.a.j.s.SampleResult: sampleresult.default.encoding is set to UTF-8
2026-08-14 09:37:58,823 INFO o.a.j.s.SampleResult: sampleresult.useNanoTime=true
2026-08-14 09:37:58,823 INFO o.a.j.s.SampleResult: sampleresult.nanoThreadSleep=5000
2026-08-14 09:38:00,683 INFO o.a.j.r.Summariser: summary +      5 in 00:00:02 =    2.1/s Avg:    23 Min:     2 Max:    94 Err:     0 (0.00%) Active: 1 Started: 1 Finished: 0
2026-08-14 09:38:00,895 INFO o.a.j.u.JsseSSLManager: Using default SSL protocol: TLS
2026-08-14 09:38:00,895 INFO o.a.j.u.JsseSSLManager: SSL session context: per-thread
2026-08-14 09:38:01,280 INFO o.a.j.t.JMeterThread: Thread started: Thread Group — tai on dinh 1-2
2026-08-14 09:38:04,280 INFO o.a.j.t.JMeterThread: Thread started: Thread Group — tai on dinh 1-3
2026-08-14 09:38:07,282 INFO o.a.j.t.JMeterThread: Thread started: Thread Group — tai on dinh 1-4
2026-08-14 09:38:08,288 INFO o.a.j.t.JMeterThread: Thread started: TG-lockout — nhanh account-lockout (2 VU) 2-1
2026-08-14 09:38:08,288 INFO o.a.j.s.FileServer: Stored: data/users_lockout.csv
2026-08-14 09:38:08,788 INFO o.a.j.t.JMeterThread: Thread started: TG-lockout — nhanh account-lockout (2 VU) 2-2
2026-08-14 09:38:10,277 INFO o.a.j.t.JMeterThread: Thread started: Thread Group — tai on dinh 1-5
2026-08-14 09:38:13,278 INFO o.a.j.t.JMeterThread: Thread started: Thread Group — tai on dinh 1-6
2026-08-14 09:38:16,280 INFO o.a.j.t.JMeterThread: Thread started: Thread Group — tai on dinh 1-7
2026-08-14 09:38:19,278 INFO o.a.j.t.JMeterThread: Thread started: Thread Group — tai on dinh 1-8
2026-08-14 09:38:22,276 INFO o.a.j.t.JMeterThread: Thread started: Thread Group — tai on dinh 1-9
2026-08-14 09:38:25,274 INFO o.a.j.t.JMeterThread: Thread started: Thread Group — tai on dinh 1-10
2026-08-14 09:38:28,276 INFO o.a.j.t.JMeterThread: Thread started: Thread Group — tai on dinh 1-11
2026-08-14 09:38:30,019 INFO o.a.j.r.Summariser: summary +    450 in 00:00:29 =   15.3/s Avg:     3 Min:     0 Max:    20 Err:     0 (0.00%) Active: 13 Started: 13 Finished: 0
2026-08-14 09:38:30,020 INFO o.a.j.r.Summariser: summary =    455 in 00:00:32 =   14.3/s Avg:     3 Min:     0 Max:    94 Err:     0 (0.00%)
2026-08-14 09:38:31,278 INFO o.a.j.t.JMeterThread: Thread started: Thread Group — tai on dinh 1-12
2026-08-14 09:38:34,276 INFO o.a.j.t.JMeterThread: Thread started: Thread Group — tai on dinh 1-13
2026-08-14 09:38:37,277 INFO o.a.j.t.JMeterThread: Thread started: Thread Group — tai on dinh 1-14
2026-08-14 09:38:40,275 INFO o.a.j.t.JMeterThread: Thread started: Thread Group — tai on dinh 1-15
2026-08-14 09:38:43,274 INFO o.a.j.t.JMeterThread: Thread started: Thread Group — tai on dinh 1-16
2026-08-14 09:38:46,274 INFO o.a.j.t.JMeterThread: Thread started: Thread Group — tai on dinh 1-17
2026-08-14 09:38:49,276 INFO o.a.j.t.JMeterThread: Thread started: Thread Group — tai on dinh 1-18
2026-08-14 09:38:52,277 INFO o.a.j.t.JMeterThread: Thread started: Thread Group — tai on dinh 1-19
2026-08-14 09:38:55,278 INFO o.a.j.t.JMeterThread: Thread started: Thread Group — tai on dinh 1-20
2026-08-14 09:39:00,013 INFO o.a.j.r.Summariser: summary +   1202 in 00:00:30 =   40.1/s Avg:     2 Min:     0 Max:    51 Err:     0 (0.00%) Active: 22 Started: 22 Finished: 0
2026-08-14 09:39:00,014 INFO o.a.j.r.Summariser: summary =   1657 in 00:01:02 =   26.8/s Avg:     3 Min:     0 Max:    94 Err:     0 (0.00%)
2026-08-14 09:39:30,006 INFO o.a.j.r.Summariser: summary +   1516 in 00:00:30 =   50.5/s Avg:     2 Min:     0 Max:    58 Err:     0 (0.00%) Active: 22 Started: 22 Finished: 0
2026-08-14 09:39:30,007 INFO o.a.j.r.Summariser: summary =   3173 in 00:01:32 =   34.6/s Avg:     2 Min:     0 Max:    94 Err:     0 (0.00%)
2026-08-14 09:40:00,002 INFO o.a.j.r.Summariser: summary +   1503 in 00:00:30 =   50.1/s Avg:     3 Min:     0 Max:   234 Err:     0 (0.00%) Active: 22 Started: 22 Finished: 0
2026-08-14 09:40:00,003 INFO o.a.j.r.Summariser: summary =   4676 in 00:02:02 =   38.4/s Avg:     2 Min:     0 Max:   234 Err:     0 (0.00%)
2026-08-14 09:40:07,274 INFO o.a.j.t.JMeterThread: Thread finished: TG-lockout — nhanh account-lockout (2 VU) 2-2
2026-08-14 09:40:07,850 INFO o.a.j.t.JMeterThread: Thread finished: TG-lockout — nhanh account-lockout (2 VU) 2-1
2026-08-14 09:40:30,003 INFO o.a.j.r.Summariser: summary +   1482 in 00:00:30 =   49.4/s Avg:     3 Min:     0 Max:   130 Err:     0 (0.00%) Active: 20 Started: 22 Finished: 2
2026-08-14 09:40:30,004 INFO o.a.j.r.Summariser: summary =   6158 in 00:02:32 =   40.6/s Avg:     2 Min:     0 Max:   234 Err:     0 (0.00%)
2026-08-14 09:41:00,033 INFO o.a.j.r.Summariser: summary +   1472 in 00:00:30 =   49.0/s Avg:     2 Min:     0 Max:    40 Err:     0 (0.00%) Active: 20 Started: 22 Finished: 2
2026-08-14 09:41:00,034 INFO o.a.j.r.Summariser: summary =   7630 in 00:03:02 =   42.0/s Avg:     2 Min:     0 Max:   234 Err:     0 (0.00%)
2026-08-14 09:41:30,019 INFO o.a.j.r.Summariser: summary +   1478 in 00:00:30 =   49.3/s Avg:     2 Min:     0 Max:    30 Err:     0 (0.00%) Active: 20 Started: 22 Finished: 2
2026-08-14 09:41:30,021 INFO o.a.j.r.Summariser: summary =   9108 in 00:03:32 =   43.0/s Avg:     2 Min:     0 Max:   234 Err:     0 (0.00%)
2026-08-14 09:42:00,027 INFO o.a.j.r.Summariser: summary +   1488 in 00:00:30 =   49.6/s Avg:     2 Min:     0 Max:    42 Err:     0 (0.00%) Active: 20 Started: 22 Finished: 2
2026-08-14 09:42:00,028 INFO o.a.j.r.Summariser: summary =  10596 in 00:04:02 =   43.8/s Avg:     2 Min:     0 Max:   234 Err:     0 (0.00%)
2026-08-14 09:42:30,007 INFO o.a.j.r.Summariser: summary +   1491 in 00:00:30 =   49.7/s Avg:     2 Min:     0 Max:    22 Err:     0 (0.00%) Active: 20 Started: 22 Finished: 2
2026-08-14 09:42:30,008 INFO o.a.j.r.Summariser: summary =  12087 in 00:04:32 =   44.5/s Avg:     2 Min:     0 Max:   234 Err:     0 (0.00%)
2026-08-14 09:43:00,009 INFO o.a.j.r.Summariser: summary +   1481 in 00:00:30 =   49.4/s Avg:     2 Min:     0 Max:   109 Err:     0 (0.00%) Active: 20 Started: 22 Finished: 2
2026-08-14 09:43:00,010 INFO o.a.j.r.Summariser: summary =  13568 in 00:05:02 =   45.0/s Avg:     2 Min:     0 Max:   234 Err:     0 (0.00%)
2026-08-14 09:43:30,001 INFO o.a.j.r.Summariser: summary +   1471 in 00:00:30 =   49.0/s Avg:     2 Min:     0 Max:    50 Err:     0 (0.00%) Active: 20 Started: 22 Finished: 2
2026-08-14 09:43:30,003 INFO o.a.j.r.Summariser: summary =  15039 in 00:05:32 =   45.3/s Avg:     2 Min:     0 Max:   234 Err:     0 (0.00%)
2026-08-14 09:43:57,799 INFO o.a.j.t.JMeterThread: Thread finished: Thread Group — tai on dinh 1-15
2026-08-14 09:43:57,843 INFO o.a.j.t.JMeterThread: Thread finished: Thread Group — tai on dinh 1-6
2026-08-14 09:43:57,916 INFO o.a.j.t.JMeterThread: Thread finished: Thread Group — tai on dinh 1-10
2026-08-14 09:43:57,923 INFO o.a.j.t.JMeterThread: Thread finished: Thread Group — tai on dinh 1-12
2026-08-14 09:43:57,950 INFO o.a.j.t.JMeterThread: Thread finished: Thread Group — tai on dinh 1-11
2026-08-14 09:43:57,955 INFO o.a.j.t.JMeterThread: Thread finished: Thread Group — tai on dinh 1-19
2026-08-14 09:43:57,955 INFO o.a.j.t.JMeterThread: Thread finished: Thread Group — tai on dinh 1-9
2026-08-14 09:43:57,989 INFO o.a.j.t.JMeterThread: Thread finished: Thread Group — tai on dinh 1-2
2026-08-14 09:43:58,041 INFO o.a.j.t.JMeterThread: Thread finished: Thread Group — tai on dinh 1-8
2026-08-14 09:43:58,068 INFO o.a.j.t.JMeterThread: Thread finished: Thread Group — tai on dinh 1-3
2026-08-14 09:43:58,155 INFO o.a.j.t.JMeterThread: Thread finished: Thread Group — tai on dinh 1-1
2026-08-14 09:43:58,159 INFO o.a.j.t.JMeterThread: Thread finished: Thread Group — tai on dinh 1-5
2026-08-14 09:43:58,160 INFO o.a.j.t.JMeterThread: Thread finished: Thread Group — tai on dinh 1-20
2026-08-14 09:43:58,165 INFO o.a.j.t.JMeterThread: Thread finished: Thread Group — tai on dinh 1-17
2026-08-14 09:43:58,206 INFO o.a.j.t.JMeterThread: Thread finished: Thread Group — tai on dinh 1-4
2026-08-14 09:43:58,208 INFO o.a.j.t.JMeterThread: Thread finished: Thread Group — tai on dinh 1-13
2026-08-14 09:43:58,208 INFO o.a.j.t.JMeterThread: Thread finished: Thread Group — tai on dinh 1-7
2026-08-14 09:43:58,216 INFO o.a.j.t.JMeterThread: Thread finished: Thread Group — tai on dinh 1-16
2026-08-14 09:43:58,228 INFO o.a.j.t.JMeterThread: Thread finished: Thread Group — tai on dinh 1-14
2026-08-14 09:43:58,276 INFO o.a.j.t.JMeterThread: Thread finished: Thread Group — tai on dinh 1-18
2026-08-14 09:43:58,277 INFO o.a.j.e.StandardJMeterEngine: Notifying test listeners of end of test
2026-08-14 09:43:58,278 INFO o.a.j.s.FileServer: Close: data/products_import.csv
2026-08-14 09:43:58,278 INFO o.a.j.s.FileServer: Close: data/orders.csv
2026-08-14 09:43:58,278 INFO o.a.j.s.FileServer: Close: data/users.csv
2026-08-14 09:43:58,278 INFO o.a.j.s.FileServer: Close: data/users_lockout.csv
2026-08-14 09:43:58,295 INFO o.a.j.r.Summariser: summary +   1397 in 00:00:28 =   49.4/s Avg:     2 Min:     0 Max:    26 Err:     0 (0.00%) Active: 0 Started: 22 Finished: 22
2026-08-14 09:43:58,295 INFO o.a.j.r.Summariser: summary =  16436 in 00:06:00 =   45.7/s Avg:     2 Min:     0 Max:   234 Err:     0 (0.00%)
2026-08-14 09:43:58,298 INFO o.a.j.JMeter: Generating Dashboard
2026-08-14 09:43:58,298 INFO o.a.j.r.d.ReportGenerator: Flushing result collector before report Generation
2026-08-14 09:43:58,318 INFO o.a.j.r.p.NormalizerSampleConsumer: Using format, 'ms', to parse timeStamp field
2026-08-14 09:43:58,757 INFO o.a.j.r.p.AbstractSampleConsumer: class org.apache.jmeter.report.processor.AggregateConsumer#stopProducing(): beginDate produced 0 samples
2026-08-14 09:43:58,757 INFO o.a.j.r.p.AbstractSampleConsumer: class org.apache.jmeter.report.processor.AggregateConsumer#stopProducing(): endDate produced 0 samples
2026-08-14 09:43:58,759 INFO o.a.j.r.p.AbstractSampleConsumer: class org.apache.jmeter.report.processor.ApdexSummaryConsumer#stopProducing(): apdexSummary produced 0 samples
2026-08-14 09:43:58,759 INFO o.a.j.r.p.AbstractSampleConsumer: class org.apache.jmeter.report.processor.RequestsSummaryConsumer#stopProducing(): requestsSummary produced 0 samples
2026-08-14 09:43:58,765 INFO o.a.j.r.p.AbstractSampleConsumer: class org.apache.jmeter.report.processor.StatisticsSummaryConsumer#stopProducing(): statisticsSummary produced 0 samples
2026-08-14 09:43:58,768 INFO o.a.j.r.p.AbstractSampleConsumer: class org.apache.jmeter.report.processor.Top5ErrorsBySamplerConsumer#stopProducing(): top5ErrorsBySampler produced 0 samples
2026-08-14 09:43:58,768 INFO o.a.j.r.p.AbstractSampleConsumer: class org.apache.jmeter.report.processor.ErrorsSummaryConsumer#stopProducing(): errorsSummary produced 0 samples
2026-08-14 09:43:58,768 INFO o.a.j.r.p.AbstractSampleConsumer: class org.apache.jmeter.report.processor.graph.impl.HitsPerSecondGraphConsumer#stopProducing(): hitsPerSecond produced 0 samples
2026-08-14 09:43:58,882 INFO o.a.j.r.p.AbstractSampleConsumer: class org.apache.jmeter.report.processor.graph.impl.LatencyVSRequestGraphConsumer#stopProducing(): latencyVsRequest produced 0 samples
2026-08-14 09:43:58,884 INFO o.a.j.r.p.AbstractSampleConsumer: class org.apache.jmeter.report.processor.graph.impl.SyntheticResponseTimeDistributionGraphConsumer#stopProducing(): syntheticResponseTimeDistribution produced 0 samples
2026-08-14 09:43:58,885 INFO o.a.j.r.p.AbstractSampleConsumer: class org.apache.jmeter.report.processor.graph.impl.BytesThroughputGraphConsumer#stopProducing(): bytesThroughputOverTime produced 0 samples
2026-08-14 09:43:58,885 INFO o.a.j.r.p.AbstractSampleConsumer: class org.apache.jmeter.report.processor.graph.impl.CodesPerSecondGraphConsumer#stopProducing(): codesPerSecond produced 0 samples
2026-08-14 09:43:59,010 INFO o.a.j.r.p.AbstractSampleConsumer: class org.apache.jmeter.report.processor.graph.impl.ResponseTimeVSRequestGraphConsumer#stopProducing(): responseTimeVsRequest produced 0 samples
2026-08-14 09:43:59,011 INFO o.a.j.r.p.AbstractSampleConsumer: class org.apache.jmeter.report.processor.FilterConsumer#stopProducing(): startIntervalControlerFilter produced 115052 samples
2026-08-14 09:43:59,011 INFO o.a.j.r.p.AbstractSampleConsumer: class org.apache.jmeter.report.processor.graph.impl.TotalTPSGraphConsumer#stopProducing(): totalTPS produced 0 samples
2026-08-14 09:43:59,011 INFO o.a.j.r.p.AbstractSampleConsumer: class org.apache.jmeter.report.processor.graph.impl.ActiveThreadsGraphConsumer#stopProducing(): activeThreadsOverTime produced 0 samples
2026-08-14 09:43:59,012 INFO o.a.j.r.p.AbstractSampleConsumer: class org.apache.jmeter.report.processor.graph.impl.TimeVSThreadGraphConsumer#stopProducing(): timeVsThreads produced 0 samples
2026-08-14 09:43:59,012 INFO o.a.j.r.p.AbstractSampleConsumer: class org.apache.jmeter.report.processor.graph.impl.ResponseTimeDistributionGraphConsumer#stopProducing(): responseTimeDistribution produced 0 samples
2026-08-14 09:43:59,012 INFO o.a.j.r.p.AbstractSampleConsumer: class org.apache.jmeter.report.processor.graph.impl.TransactionsPerSecondGraphConsumer#stopProducing(): transactionsPerSecond produced 0 samples
2026-08-14 09:43:59,013 INFO o.a.j.r.p.AbstractSampleConsumer: class org.apache.jmeter.report.processor.graph.impl.ResponseTimePercentilesGraphConsumer#stopProducing(): responseTimePercentiles produced 0 samples
2026-08-14 09:43:59,015 INFO o.a.j.r.p.AbstractSampleConsumer: class org.apache.jmeter.report.processor.graph.impl.ResponseTimePercentilesOverTimeGraphConsumer#stopProducing(): responseTimePercentilesOverTime produced 0 samples
2026-08-14 09:43:59,020 INFO o.a.j.r.p.AbstractSampleConsumer: class org.apache.jmeter.report.processor.graph.impl.ResponseTimeOverTimeGraphConsumer#stopProducing(): responseTimesOverTime produced 0 samples
2026-08-14 09:43:59,021 INFO o.a.j.r.p.AbstractSampleConsumer: class org.apache.jmeter.report.processor.graph.impl.ConnectTimeOverTimeGraphConsumer#stopProducing(): connectTimeOverTime produced 0 samples
2026-08-14 09:43:59,022 INFO o.a.j.r.p.AbstractSampleConsumer: class org.apache.jmeter.report.processor.graph.impl.LatencyOverTimeGraphConsumer#stopProducing(): latenciesOverTime produced 0 samples
2026-08-14 09:43:59,023 INFO o.a.j.r.p.AbstractSampleConsumer: class org.apache.jmeter.report.processor.FilterConsumer#stopProducing(): nameFilter produced 246540 samples
2026-08-14 09:43:59,023 INFO o.a.j.r.p.AbstractSampleConsumer: class org.apache.jmeter.report.processor.FilterConsumer#stopProducing(): dateRangeFilter produced 49308 samples
2026-08-14 09:43:59,023 INFO o.a.j.r.p.AbstractSampleConsumer: class org.apache.jmeter.report.processor.NormalizerSampleConsumer#stopProducing(): normalizer produced 16436 samples
2026-08-14 09:43:59,024 INFO o.a.j.r.p.CsvFileSampleSource: produce(): 16436 samples produced in 690ms on channel 0
2026-08-14 09:43:59,024 INFO o.a.j.r.d.ReportGenerator: Exporting data using exporter:'json' of className:'org.apache.jmeter.report.dashboard.JsonExporter'
2026-08-14 09:43:59,068 INFO o.a.j.r.d.JsonExporter: Found data for consumer statisticsSummary in context
2026-08-14 09:43:59,068 INFO o.a.j.r.d.JsonExporter: Creating statistics for overall
2026-08-14 09:43:59,069 INFO o.a.j.r.d.JsonExporter: Creating statistics for other transactions
2026-08-14 09:43:59,069 INFO o.a.j.r.d.JsonExporter: Checking output folder
2026-08-14 09:43:59,069 INFO o.a.j.r.d.JsonExporter: Writing statistics JSON to /Users/macos/Documents/HK3_Nam3/kiem_thu/HW05-Performance-Testing/results/html/load/statistics.json
2026-08-14 09:43:59,093 INFO o.a.j.r.d.ReportGenerator: Exporting data using exporter:'html' of className:'org.apache.jmeter.report.dashboard.HtmlTemplateExporter'
2026-08-14 09:43:59,094 INFO o.a.j.r.d.HtmlTemplateExporter: Will generate dashboard in folder: /Users/macos/Documents/HK3_Nam3/kiem_thu/HW05-Performance-Testing/results/html/load
2026-08-14 09:43:59,189 INFO o.a.j.r.d.HtmlTemplateExporter: Report will be generated in: /Users/macos/Documents/HK3_Nam3/kiem_thu/HW05-Performance-Testing/results/html/load, creating folder structure
2026-08-14 09:43:59,191 INFO o.a.j.r.d.TemplateVisitor: Copying folder from '/opt/homebrew/Cellar/jmeter/5.6.3/libexec/bin/report-template' to '/Users/macos/Documents/HK3_Nam3/kiem_thu/HW05-Performance-Testing/results/html/load', got message: /Users/macos/Documents/HK3_Nam3/kiem_thu/HW05-Performance-Testing/results/html/load, found non empty folder with following content [/Users/macos/Documents/HK3_Nam3/kiem_thu/HW05-Performance-Testing/results/html/load/statistics.json], will be ignored
2026-08-14 09:43:59,351 INFO o.a.j.JMeter: Dashboard generated
