2026-08-13 13:12:28,702 INFO o.a.j.u.JMeterUtils: Setting Locale to en_EN
2026-08-13 13:12:28,715 INFO o.a.j.JMeter: Loading user properties from: /opt/homebrew/Cellar/jmeter/5.6.3/libexec/bin/user.properties
2026-08-13 13:12:28,715 INFO o.a.j.JMeter: Loading system properties from: /opt/homebrew/Cellar/jmeter/5.6.3/libexec/bin/system.properties
2026-08-13 13:12:28,715 INFO o.a.j.JMeter: Loading additional properties from: tools/jmeter-user.properties
2026-08-13 13:12:28,716 INFO o.a.j.JMeter: Setting JMeter property: student.id=23127178
2026-08-13 13:12:28,716 INFO o.a.j.JMeter: Setting JMeter property: scenario=Load
2026-08-13 13:12:28,718 INFO o.a.j.JMeter: Copyright (c) 1998-2024 The Apache Software Foundation
2026-08-13 13:12:28,718 INFO o.a.j.JMeter: Version 5.6.3
2026-08-13 13:12:28,718 INFO o.a.j.JMeter: java.version=21.0.12
2026-08-13 13:12:28,718 INFO o.a.j.JMeter: java.vm.name=OpenJDK 64-Bit Server VM
2026-08-13 13:12:28,719 INFO o.a.j.JMeter: os.name=Mac OS X
2026-08-13 13:12:28,719 INFO o.a.j.JMeter: os.arch=aarch64
2026-08-13 13:12:28,719 INFO o.a.j.JMeter: os.version=26.1
2026-08-13 13:12:28,719 INFO o.a.j.JMeter: file.encoding=UTF-8
2026-08-13 13:12:28,719 INFO o.a.j.JMeter: java.awt.headless=true
2026-08-13 13:12:28,719 INFO o.a.j.JMeter: Max memory     =1073741824
2026-08-13 13:12:28,719 INFO o.a.j.JMeter: Available Processors =12
2026-08-13 13:12:28,723 INFO o.a.j.JMeter: Default Locale=English (EN)
2026-08-13 13:12:28,728 INFO o.a.j.JMeter: JMeter  Locale=English (EN)
2026-08-13 13:12:28,728 INFO o.a.j.JMeter: JMeterHome=/opt/homebrew/Cellar/jmeter/5.6.3/libexec
2026-08-13 13:12:28,728 INFO o.a.j.JMeter: user.dir  =/Users/macos/Documents/HK3_Nam3/kiem_thu/HW05-Performance-Testing
2026-08-13 13:12:28,728 INFO o.a.j.JMeter: PWD       =/Users/macos/Documents/HK3_Nam3/kiem_thu/HW05-Performance-Testing
2026-08-13 13:12:28,731 INFO o.a.j.JMeter: IP: 127.0.0.1 Name: Le-Nhut-Duy.local FullName: localhost
2026-08-13 13:12:28,736 INFO o.a.j.JMeter: Setting property 'jmeter.reportgenerator.outputdir' to:'/Users/macos/Documents/HK3_Nam3/kiem_thu/HW05-Performance-Testing/results/html/load'
2026-08-13 13:12:28,738 INFO o.a.j.s.FileServer: Default base='/Users/macos/Documents/HK3_Nam3/kiem_thu/HW05-Performance-Testing'
2026-08-13 13:12:28,739 INFO o.a.j.s.FileServer: Set new base='/Users/macos/Documents/HK3_Nam3/kiem_thu/HW05-Performance-Testing/test-plans'
2026-08-13 13:12:28,835 INFO o.a.j.s.SaveService: Testplan (JMX) version: 2.2. Testlog (JTL) version: 2.2
2026-08-13 13:12:28,862 INFO o.a.j.s.SaveService: Using SaveService properties version 5.0
2026-08-13 13:12:28,864 INFO o.a.j.s.SaveService: Using SaveService properties file encoding UTF-8
2026-08-13 13:12:28,866 INFO o.a.j.s.SaveService: Loading file: test-plans/23127178_Load_20260813.jmx
2026-08-13 13:12:28,927 INFO o.a.j.p.h.s.HTTPSamplerBase: Parser for text/html is org.apache.jmeter.protocol.http.parser.LagartoBasedHtmlParser
2026-08-13 13:12:28,927 INFO o.a.j.p.h.s.HTTPSamplerBase: Parser for application/xhtml+xml is org.apache.jmeter.protocol.http.parser.LagartoBasedHtmlParser
2026-08-13 13:12:28,927 INFO o.a.j.p.h.s.HTTPSamplerBase: Parser for application/xml is org.apache.jmeter.protocol.http.parser.LagartoBasedHtmlParser
2026-08-13 13:12:28,928 INFO o.a.j.p.h.s.HTTPSamplerBase: Parser for text/xml is org.apache.jmeter.protocol.http.parser.LagartoBasedHtmlParser
2026-08-13 13:12:28,928 INFO o.a.j.p.h.s.HTTPSamplerBase: Parser for text/vnd.wap.wml is org.apache.jmeter.protocol.http.parser.RegexpHTMLParser
2026-08-13 13:12:28,928 INFO o.a.j.p.h.s.HTTPSamplerBase: Parser for text/css is org.apache.jmeter.protocol.http.parser.CssParser
2026-08-13 13:12:28,974 INFO o.a.j.JMeter: Creating summariser <summary>
2026-08-13 13:12:28,977 INFO o.a.j.r.d.ReportGenerator: ReportGenerator will use for Parsing the separator: ','
2026-08-13 13:12:28,977 INFO o.a.j.r.d.ReportGenerator: Will generate report at end of test from  results file: results/jtl/23127178_Load_20260813-131228.jtl
2026-08-13 13:12:28,977 INFO o.a.j.r.d.ReportGenerator: Reading report generator properties from: /opt/homebrew/Cellar/jmeter/5.6.3/libexec/bin/reportgenerator.properties
2026-08-13 13:12:28,978 INFO o.a.j.r.d.ReportGenerator: Merging with JMeter properties
2026-08-13 13:12:28,980 INFO o.a.j.r.c.ReportGeneratorConfiguration: Property 'jmeter.reportgenerator.temp_dir' not found, using default value 'temp' instead.
2026-08-13 13:12:28,982 INFO o.a.j.r.c.ReportGeneratorConfiguration: Property 'jmeter.reportgenerator.apdex_per_transaction' not found, using default value 'null' instead.
2026-08-13 13:12:28,982 INFO o.a.j.r.c.ReportGeneratorConfiguration: apdex_per_transaction is empty, not APDEX per transaction customization
2026-08-13 13:12:28,982 INFO o.a.j.r.c.ReportGeneratorConfiguration: Property 'jmeter.reportgenerator.sample_filter' not found, using default value 'null' instead.
2026-08-13 13:12:28,982 INFO o.a.j.r.c.ReportGeneratorConfiguration: Property 'jmeter.reportgenerator.report_title' not found, using default value 'null' instead.
2026-08-13 13:12:28,982 INFO o.a.j.r.c.ReportGeneratorConfiguration: Property 'jmeter.reportgenerator.start_date' not found, using default value 'null' instead.
2026-08-13 13:12:28,982 INFO o.a.j.r.c.ReportGeneratorConfiguration: Property 'jmeter.reportgenerator.end_date' not found, using default value 'null' instead.
2026-08-13 13:12:28,982 INFO o.a.j.r.c.ReportGeneratorConfiguration: Property 'jmeter.reportgenerator.date_format' not found, using default value 'null' instead.
2026-08-13 13:12:28,982 INFO o.a.j.r.c.ReportGeneratorConfiguration: Will use date range start date: null, end date: null
2026-08-13 13:12:28,984 INFO o.a.j.r.c.ReportGeneratorConfiguration: Property 'jmeter.reportgenerator.graph.totalTPS.exclude_controllers' not found, using default value 'false' instead.
2026-08-13 13:12:28,984 INFO o.a.j.r.c.ReportGeneratorConfiguration: Property 'jmeter.reportgenerator.graph.activeThreadsOverTime.exclude_controllers' not found, using default value 'false' instead.
2026-08-13 13:12:28,984 INFO o.a.j.r.c.ReportGeneratorConfiguration: Property 'jmeter.reportgenerator.graph.timeVsThreads.exclude_controllers' not found, using default value 'false' instead.
2026-08-13 13:12:28,984 INFO o.a.j.r.c.ReportGeneratorConfiguration: Property 'jmeter.reportgenerator.graph.responseTimeDistribution.exclude_controllers' not found, using default value 'false' instead.
2026-08-13 13:12:28,984 INFO o.a.j.r.c.ReportGeneratorConfiguration: Property 'jmeter.reportgenerator.graph.transactionsPerSecond.exclude_controllers' not found, using default value 'false' instead.
2026-08-13 13:12:28,984 INFO o.a.j.r.c.ReportGeneratorConfiguration: Property 'jmeter.reportgenerator.graph.responseTimePercentiles.exclude_controllers' not found, using default value 'false' instead.
2026-08-13 13:12:28,984 INFO o.a.j.r.c.ReportGeneratorConfiguration: Property 'jmeter.reportgenerator.graph.responseTimePercentilesOverTime.exclude_controllers' not found, using default value 'false' instead.
2026-08-13 13:12:28,984 INFO o.a.j.r.c.ReportGeneratorConfiguration: Property 'jmeter.reportgenerator.graph.responseTimesOverTime.exclude_controllers' not found, using default value 'false' instead.
2026-08-13 13:12:28,985 INFO o.a.j.r.c.ReportGeneratorConfiguration: Property 'jmeter.reportgenerator.graph.connectTimeOverTime.exclude_controllers' not found, using default value 'false' instead.
2026-08-13 13:12:28,985 INFO o.a.j.r.c.ReportGeneratorConfiguration: Property 'jmeter.reportgenerator.graph.latenciesOverTime.exclude_controllers' not found, using default value 'false' instead.
2026-08-13 13:12:28,985 INFO o.a.j.r.c.ReportGeneratorConfiguration: Property 'jmeter.reportgenerator.exporter.json.filters_only_sample_series' not found, using default value 'true' instead.
2026-08-13 13:12:28,985 INFO o.a.j.r.c.ReportGeneratorConfiguration: Property 'jmeter.reportgenerator.exporter.json.series_filter' not found, using default value '' instead.
2026-08-13 13:12:28,985 INFO o.a.j.r.c.ReportGeneratorConfiguration: Property 'jmeter.reportgenerator.exporter.json.show_controllers_only' not found, using default value 'false' instead.
2026-08-13 13:12:28,985 INFO o.a.j.r.c.ReportGeneratorConfiguration: Property 'jmeter.reportgenerator.exporter.html.filters_only_sample_series' not found, using default value 'true' instead.
2026-08-13 13:12:28,985 INFO o.a.j.r.c.ReportGeneratorConfiguration: Property 'jmeter.reportgenerator.exporter.html.series_filter' not found, using default value '' instead.
2026-08-13 13:12:28,985 INFO o.a.j.r.c.ReportGeneratorConfiguration: Property 'jmeter.reportgenerator.exporter.html.show_controllers_only' not found, using default value 'false' instead.
2026-08-13 13:12:28,994 INFO o.a.j.e.StandardJMeterEngine: Running the test!
2026-08-13 13:12:28,995 INFO o.a.j.s.SampleEvent: List of sample_variables: []
2026-08-13 13:12:28,995 INFO o.a.j.s.SampleEvent: List of sample_variables: []
2026-08-13 13:12:28,998 INFO o.a.j.e.u.CompoundVariable: Note: Function class names must contain the string: '.functions.'
2026-08-13 13:12:28,999 INFO o.a.j.e.u.CompoundVariable: Note: Function class names must not contain the string: '.gui.'
2026-08-13 13:12:29,025 INFO o.a.j.r.ClassFinder: Will scan jar /opt/homebrew/Cellar/jmeter/5.6.3/libexec/lib/ext/jmeter-plugins-manager-1.9.jar with filter ExtendsClassFilter [parents=[interface org.apache.jmeter.functions.Function], inner=false, contains=null, notContains=null]. Consider exposing JMeter plugins via META-INF/services, and add JMeter-Skip-Class-Scanning=true manifest attribute so JMeter can skip classfile scanning
2026-08-13 13:12:29,198 INFO o.a.j.JMeter: Running test (1786601549198)
2026-08-13 13:12:29,210 INFO o.a.j.e.StandardJMeterEngine: Starting ThreadGroup: 1 : Thread Group — tai on dinh
2026-08-13 13:12:29,210 INFO o.a.j.e.StandardJMeterEngine: Starting 20 threads for group Thread Group — tai on dinh.
2026-08-13 13:12:29,210 INFO o.a.j.e.StandardJMeterEngine: Thread will continue on error
2026-08-13 13:12:29,210 INFO o.a.j.t.ThreadGroup: Starting thread group... number=1 threads=20 ramp-up=60 delayedStart=false
2026-08-13 13:12:29,220 INFO o.a.j.t.JMeterThread: Thread started: Thread Group — tai on dinh 1-1
2026-08-13 13:12:29,221 INFO o.a.j.s.FileServer: Stored: data/orders.csv
2026-08-13 13:12:29,222 INFO o.a.j.t.ThreadGroup: Started thread group number 1
2026-08-13 13:12:29,222 INFO o.a.j.e.StandardJMeterEngine: Starting ThreadGroup: 2 : TG-lockout — nhanh account-lockout (2 VU)
2026-08-13 13:12:29,223 INFO o.a.j.e.StandardJMeterEngine: Starting 2 threads for group TG-lockout — nhanh account-lockout (2 VU).
2026-08-13 13:12:29,223 INFO o.a.j.e.StandardJMeterEngine: Thread will continue on error
2026-08-13 13:12:29,223 INFO o.a.j.t.ThreadGroup: Starting thread group... number=2 threads=2 ramp-up=1 delayedStart=false
2026-08-13 13:12:29,223 INFO o.a.j.t.ThreadGroup: Started thread group number 2
2026-08-13 13:12:29,223 INFO o.a.j.e.StandardJMeterEngine: All thread groups have been started
2026-08-13 13:12:29,228 INFO o.a.j.s.FileServer: Stored: data/products_import.csv
2026-08-13 13:12:29,229 INFO o.a.j.s.FileServer: Stored: data/users.csv
2026-08-13 13:12:29,664 INFO o.a.j.p.h.s.HTTPHCAbstractImpl: Local host = Le-Nhut-Duy.local
2026-08-13 13:12:29,668 INFO o.a.j.p.h.s.HTTPHC4Impl: HTTP request retry count = 0
2026-08-13 13:12:29,669 INFO o.a.j.s.SampleResult: Note: Sample TimeStamps are START times
2026-08-13 13:12:29,669 INFO o.a.j.s.SampleResult: sampleresult.default.encoding is set to UTF-8
2026-08-13 13:12:29,669 INFO o.a.j.s.SampleResult: sampleresult.useNanoTime=true
2026-08-13 13:12:29,669 INFO o.a.j.s.SampleResult: sampleresult.nanoThreadSleep=5000
2026-08-13 13:12:30,152 INFO o.a.j.r.Summariser: summary +      2 in 00:00:01 =    2.1/s Avg:    10 Min:     4 Max:    16 Err:     0 (0.00%) Active: 1 Started: 1 Finished: 0
2026-08-13 13:12:31,888 INFO o.a.j.u.JsseSSLManager: Using default SSL protocol: TLS
2026-08-13 13:12:31,888 INFO o.a.j.u.JsseSSLManager: SSL session context: per-thread
2026-08-13 13:12:32,222 INFO o.a.j.t.JMeterThread: Thread started: Thread Group — tai on dinh 1-2
2026-08-13 13:12:35,221 INFO o.a.j.t.JMeterThread: Thread started: Thread Group — tai on dinh 1-3
2026-08-13 13:12:38,217 INFO o.a.j.t.JMeterThread: Thread started: Thread Group — tai on dinh 1-4
2026-08-13 13:12:39,228 INFO o.a.j.t.JMeterThread: Thread started: TG-lockout — nhanh account-lockout (2 VU) 2-1
2026-08-13 13:12:39,229 INFO o.a.j.s.FileServer: Stored: data/users_lockout.csv
2026-08-13 13:12:39,733 INFO o.a.j.t.JMeterThread: Thread started: TG-lockout — nhanh account-lockout (2 VU) 2-2
2026-08-13 13:12:41,217 INFO o.a.j.t.JMeterThread: Thread started: Thread Group — tai on dinh 1-5
2026-08-13 13:12:44,217 INFO o.a.j.t.JMeterThread: Thread started: Thread Group — tai on dinh 1-6
2026-08-13 13:12:47,217 INFO o.a.j.t.JMeterThread: Thread started: Thread Group — tai on dinh 1-7
2026-08-13 13:12:50,219 INFO o.a.j.t.JMeterThread: Thread started: Thread Group — tai on dinh 1-8
2026-08-13 13:12:53,217 INFO o.a.j.t.JMeterThread: Thread started: Thread Group — tai on dinh 1-9
2026-08-13 13:12:56,216 INFO o.a.j.t.JMeterThread: Thread started: Thread Group — tai on dinh 1-10
2026-08-13 13:12:59,218 INFO o.a.j.t.JMeterThread: Thread started: Thread Group — tai on dinh 1-11
2026-08-13 13:13:00,049 INFO o.a.j.r.Summariser: summary +    441 in 00:00:30 =   14.8/s Avg:     3 Min:     0 Max:    26 Err:     0 (0.00%) Active: 13 Started: 13 Finished: 0
2026-08-13 13:13:00,049 INFO o.a.j.r.Summariser: summary =    443 in 00:00:31 =   14.4/s Avg:     3 Min:     0 Max:    26 Err:     0 (0.00%)
2026-08-13 13:13:02,217 INFO o.a.j.t.JMeterThread: Thread started: Thread Group — tai on dinh 1-12
2026-08-13 13:13:05,213 INFO o.a.j.t.JMeterThread: Thread started: Thread Group — tai on dinh 1-13
2026-08-13 13:13:08,213 INFO o.a.j.t.JMeterThread: Thread started: Thread Group — tai on dinh 1-14
2026-08-13 13:13:11,216 INFO o.a.j.t.JMeterThread: Thread started: Thread Group — tai on dinh 1-15
2026-08-13 13:13:14,216 INFO o.a.j.t.JMeterThread: Thread started: Thread Group — tai on dinh 1-16
2026-08-13 13:13:17,213 INFO o.a.j.t.JMeterThread: Thread started: Thread Group — tai on dinh 1-17
2026-08-13 13:13:20,216 INFO o.a.j.t.JMeterThread: Thread started: Thread Group — tai on dinh 1-18
2026-08-13 13:13:23,213 INFO o.a.j.t.JMeterThread: Thread started: Thread Group — tai on dinh 1-19
2026-08-13 13:13:26,213 INFO o.a.j.t.JMeterThread: Thread started: Thread Group — tai on dinh 1-20
2026-08-13 13:13:30,028 INFO o.a.j.r.Summariser: summary +   1174 in 00:00:30 =   39.2/s Avg:     3 Min:     0 Max:    56 Err:     0 (0.00%) Active: 22 Started: 22 Finished: 0
2026-08-13 13:13:30,029 INFO o.a.j.r.Summariser: summary =   1617 in 00:01:01 =   26.6/s Avg:     3 Min:     0 Max:    56 Err:     0 (0.00%)
2026-08-13 13:14:00,006 INFO o.a.j.r.Summariser: summary +   1515 in 00:00:30 =   50.5/s Avg:     2 Min:     0 Max:    35 Err:     0 (0.00%) Active: 22 Started: 22 Finished: 0
2026-08-13 13:14:00,007 INFO o.a.j.r.Summariser: summary =   3132 in 00:01:31 =   34.5/s Avg:     2 Min:     0 Max:    56 Err:     0 (0.00%)
2026-08-13 13:14:30,036 INFO o.a.j.r.Summariser: summary +   1497 in 00:00:30 =   49.9/s Avg:     2 Min:     0 Max:    72 Err:     0 (0.00%) Active: 22 Started: 22 Finished: 0
2026-08-13 13:14:30,037 INFO o.a.j.r.Summariser: summary =   4629 in 00:02:01 =   38.3/s Avg:     2 Min:     0 Max:    72 Err:     0 (0.00%)
2026-08-13 13:14:36,956 INFO o.a.j.t.JMeterThread: Thread finished: TG-lockout — nhanh account-lockout (2 VU) 2-1
2026-08-13 13:14:38,190 INFO o.a.j.t.JMeterThread: Thread finished: TG-lockout — nhanh account-lockout (2 VU) 2-2
2026-08-13 13:15:00,021 INFO o.a.j.r.Summariser: summary +   1478 in 00:00:30 =   49.3/s Avg:     2 Min:     0 Max:    20 Err:     0 (0.00%) Active: 20 Started: 22 Finished: 2
2026-08-13 13:15:00,025 INFO o.a.j.r.Summariser: summary =   6107 in 00:02:31 =   40.5/s Avg:     2 Min:     0 Max:    72 Err:     0 (0.00%)
2026-08-13 13:15:30,005 INFO o.a.j.r.Summariser: summary +   1488 in 00:00:30 =   49.6/s Avg:     2 Min:     0 Max:    29 Err:     0 (0.00%) Active: 20 Started: 22 Finished: 2
2026-08-13 13:15:30,006 INFO o.a.j.r.Summariser: summary =   7595 in 00:03:01 =   42.0/s Avg:     2 Min:     0 Max:    72 Err:     0 (0.00%)
2026-08-13 13:16:00,004 INFO o.a.j.r.Summariser: summary +   1483 in 00:00:30 =   49.4/s Avg:     3 Min:     0 Max:   167 Err:     0 (0.00%) Active: 20 Started: 22 Finished: 2
2026-08-13 13:16:00,005 INFO o.a.j.r.Summariser: summary =   9078 in 00:03:31 =   43.1/s Avg:     2 Min:     0 Max:   167 Err:     0 (0.00%)
2026-08-13 13:16:30,048 INFO o.a.j.r.Summariser: summary +   1480 in 00:00:30 =   49.3/s Avg:     3 Min:     0 Max:    97 Err:     0 (0.00%) Active: 20 Started: 22 Finished: 2
2026-08-13 13:16:30,050 INFO o.a.j.r.Summariser: summary =  10558 in 00:04:01 =   43.8/s Avg:     2 Min:     0 Max:   167 Err:     0 (0.00%)
2026-08-13 13:17:00,018 INFO o.a.j.r.Summariser: summary +   1477 in 00:00:30 =   49.3/s Avg:     3 Min:     0 Max:    87 Err:     0 (0.00%) Active: 20 Started: 22 Finished: 2
2026-08-13 13:17:00,019 INFO o.a.j.r.Summariser: summary =  12035 in 00:04:31 =   44.4/s Avg:     3 Min:     0 Max:   167 Err:     0 (0.00%)
2026-08-13 13:17:30,013 INFO o.a.j.r.Summariser: summary +   1491 in 00:00:30 =   49.7/s Avg:     2 Min:     0 Max:    33 Err:     0 (0.00%) Active: 20 Started: 22 Finished: 2
2026-08-13 13:17:30,018 INFO o.a.j.r.Summariser: summary =  13526 in 00:05:01 =   45.0/s Avg:     2 Min:     0 Max:   167 Err:     0 (0.00%)
2026-08-13 13:18:00,083 INFO o.a.j.r.Summariser: summary +   1468 in 00:00:30 =   48.9/s Avg:     2 Min:     0 Max:    76 Err:     0 (0.00%) Active: 20 Started: 22 Finished: 2
2026-08-13 13:18:00,090 INFO o.a.j.r.Summariser: summary =  14994 in 00:05:31 =   45.3/s Avg:     2 Min:     0 Max:   167 Err:     0 (0.00%)
2026-08-13 13:18:28,735 INFO o.a.j.t.JMeterThread: Thread finished: Thread Group — tai on dinh 1-2
2026-08-13 13:18:28,799 INFO o.a.j.t.JMeterThread: Thread finished: Thread Group — tai on dinh 1-19
2026-08-13 13:18:28,818 INFO o.a.j.t.JMeterThread: Thread finished: Thread Group — tai on dinh 1-11
2026-08-13 13:18:28,843 INFO o.a.j.t.JMeterThread: Thread finished: Thread Group — tai on dinh 1-7
2026-08-13 13:18:28,850 INFO o.a.j.t.JMeterThread: Thread finished: Thread Group — tai on dinh 1-3
2026-08-13 13:18:28,856 INFO o.a.j.t.JMeterThread: Thread finished: Thread Group — tai on dinh 1-16
2026-08-13 13:18:28,886 INFO o.a.j.t.JMeterThread: Thread finished: Thread Group — tai on dinh 1-8
2026-08-13 13:18:28,886 INFO o.a.j.t.JMeterThread: Thread finished: Thread Group — tai on dinh 1-10
2026-08-13 13:18:28,973 INFO o.a.j.t.JMeterThread: Thread finished: Thread Group — tai on dinh 1-17
2026-08-13 13:18:28,974 INFO o.a.j.t.JMeterThread: Thread finished: Thread Group — tai on dinh 1-9
2026-08-13 13:18:28,979 INFO o.a.j.t.JMeterThread: Thread finished: Thread Group — tai on dinh 1-6
2026-08-13 13:18:29,022 INFO o.a.j.t.JMeterThread: Thread finished: Thread Group — tai on dinh 1-18
2026-08-13 13:18:29,023 INFO o.a.j.t.JMeterThread: Thread finished: Thread Group — tai on dinh 1-14
2026-08-13 13:18:29,035 INFO o.a.j.t.JMeterThread: Thread finished: Thread Group — tai on dinh 1-13
2026-08-13 13:18:29,065 INFO o.a.j.t.JMeterThread: Thread finished: Thread Group — tai on dinh 1-1
2026-08-13 13:18:29,128 INFO o.a.j.t.JMeterThread: Thread finished: Thread Group — tai on dinh 1-15
2026-08-13 13:18:29,151 INFO o.a.j.t.JMeterThread: Thread finished: Thread Group — tai on dinh 1-4
2026-08-13 13:18:29,166 INFO o.a.j.t.JMeterThread: Thread finished: Thread Group — tai on dinh 1-5
2026-08-13 13:18:29,167 INFO o.a.j.t.JMeterThread: Thread finished: Thread Group — tai on dinh 1-20
2026-08-13 13:18:29,218 INFO o.a.j.t.JMeterThread: Stopping because end time detected by thread: Thread Group — tai on dinh 1-12
2026-08-13 13:18:29,218 INFO o.a.j.t.JMeterThread: Thread finished: Thread Group — tai on dinh 1-12
2026-08-13 13:18:29,218 INFO o.a.j.e.StandardJMeterEngine: Notifying test listeners of end of test
2026-08-13 13:18:29,219 INFO o.a.j.s.FileServer: Close: data/products_import.csv
2026-08-13 13:18:29,219 INFO o.a.j.s.FileServer: Close: data/orders.csv
2026-08-13 13:18:29,219 INFO o.a.j.s.FileServer: Close: data/users.csv
2026-08-13 13:18:29,219 INFO o.a.j.s.FileServer: Close: data/users_lockout.csv
2026-08-13 13:18:29,234 INFO o.a.j.r.Summariser: summary +   1442 in 00:00:29 =   49.4/s Avg:     2 Min:     0 Max:    80 Err:     0 (0.00%) Active: 0 Started: 22 Finished: 22
2026-08-13 13:18:29,234 INFO o.a.j.r.Summariser: summary =  16436 in 00:06:00 =   45.7/s Avg:     2 Min:     0 Max:   167 Err:     0 (0.00%)
2026-08-13 13:18:29,235 INFO o.a.j.JMeter: Generating Dashboard
2026-08-13 13:18:29,235 INFO o.a.j.r.d.ReportGenerator: Flushing result collector before report Generation
2026-08-13 13:18:29,254 INFO o.a.j.r.p.NormalizerSampleConsumer: Using format, 'ms', to parse timeStamp field
2026-08-13 13:18:29,579 INFO o.a.j.r.p.AbstractSampleConsumer: class org.apache.jmeter.report.processor.AggregateConsumer#stopProducing(): beginDate produced 0 samples
2026-08-13 13:18:29,579 INFO o.a.j.r.p.AbstractSampleConsumer: class org.apache.jmeter.report.processor.AggregateConsumer#stopProducing(): endDate produced 0 samples
2026-08-13 13:18:29,581 INFO o.a.j.r.p.AbstractSampleConsumer: class org.apache.jmeter.report.processor.ApdexSummaryConsumer#stopProducing(): apdexSummary produced 0 samples
2026-08-13 13:18:29,581 INFO o.a.j.r.p.AbstractSampleConsumer: class org.apache.jmeter.report.processor.RequestsSummaryConsumer#stopProducing(): requestsSummary produced 0 samples
2026-08-13 13:18:29,592 INFO o.a.j.r.p.AbstractSampleConsumer: class org.apache.jmeter.report.processor.StatisticsSummaryConsumer#stopProducing(): statisticsSummary produced 0 samples
2026-08-13 13:18:29,598 INFO o.a.j.r.p.AbstractSampleConsumer: class org.apache.jmeter.report.processor.Top5ErrorsBySamplerConsumer#stopProducing(): top5ErrorsBySampler produced 0 samples
2026-08-13 13:18:29,598 INFO o.a.j.r.p.AbstractSampleConsumer: class org.apache.jmeter.report.processor.ErrorsSummaryConsumer#stopProducing(): errorsSummary produced 0 samples
2026-08-13 13:18:29,598 INFO o.a.j.r.p.AbstractSampleConsumer: class org.apache.jmeter.report.processor.graph.impl.HitsPerSecondGraphConsumer#stopProducing(): hitsPerSecond produced 0 samples
2026-08-13 13:18:29,712 INFO o.a.j.r.p.AbstractSampleConsumer: class org.apache.jmeter.report.processor.graph.impl.LatencyVSRequestGraphConsumer#stopProducing(): latencyVsRequest produced 0 samples
2026-08-13 13:18:29,713 INFO o.a.j.r.p.AbstractSampleConsumer: class org.apache.jmeter.report.processor.graph.impl.SyntheticResponseTimeDistributionGraphConsumer#stopProducing(): syntheticResponseTimeDistribution produced 0 samples
2026-08-13 13:18:29,713 INFO o.a.j.r.p.AbstractSampleConsumer: class org.apache.jmeter.report.processor.graph.impl.BytesThroughputGraphConsumer#stopProducing(): bytesThroughputOverTime produced 0 samples
2026-08-13 13:18:29,714 INFO o.a.j.r.p.AbstractSampleConsumer: class org.apache.jmeter.report.processor.graph.impl.CodesPerSecondGraphConsumer#stopProducing(): codesPerSecond produced 0 samples
2026-08-13 13:18:29,812 INFO o.a.j.r.p.AbstractSampleConsumer: class org.apache.jmeter.report.processor.graph.impl.ResponseTimeVSRequestGraphConsumer#stopProducing(): responseTimeVsRequest produced 0 samples
2026-08-13 13:18:29,813 INFO o.a.j.r.p.AbstractSampleConsumer: class org.apache.jmeter.report.processor.FilterConsumer#stopProducing(): startIntervalControlerFilter produced 115052 samples
2026-08-13 13:18:29,813 INFO o.a.j.r.p.AbstractSampleConsumer: class org.apache.jmeter.report.processor.graph.impl.TotalTPSGraphConsumer#stopProducing(): totalTPS produced 0 samples
2026-08-13 13:18:29,813 INFO o.a.j.r.p.AbstractSampleConsumer: class org.apache.jmeter.report.processor.graph.impl.ActiveThreadsGraphConsumer#stopProducing(): activeThreadsOverTime produced 0 samples
2026-08-13 13:18:29,813 INFO o.a.j.r.p.AbstractSampleConsumer: class org.apache.jmeter.report.processor.graph.impl.TimeVSThreadGraphConsumer#stopProducing(): timeVsThreads produced 0 samples
2026-08-13 13:18:29,813 INFO o.a.j.r.p.AbstractSampleConsumer: class org.apache.jmeter.report.processor.graph.impl.ResponseTimeDistributionGraphConsumer#stopProducing(): responseTimeDistribution produced 0 samples
2026-08-13 13:18:29,814 INFO o.a.j.r.p.AbstractSampleConsumer: class org.apache.jmeter.report.processor.graph.impl.TransactionsPerSecondGraphConsumer#stopProducing(): transactionsPerSecond produced 0 samples
2026-08-13 13:18:29,814 INFO o.a.j.r.p.AbstractSampleConsumer: class org.apache.jmeter.report.processor.graph.impl.ResponseTimePercentilesGraphConsumer#stopProducing(): responseTimePercentiles produced 0 samples
2026-08-13 13:18:29,816 INFO o.a.j.r.p.AbstractSampleConsumer: class org.apache.jmeter.report.processor.graph.impl.ResponseTimePercentilesOverTimeGraphConsumer#stopProducing(): responseTimePercentilesOverTime produced 0 samples
2026-08-13 13:18:29,824 INFO o.a.j.r.p.AbstractSampleConsumer: class org.apache.jmeter.report.processor.graph.impl.ResponseTimeOverTimeGraphConsumer#stopProducing(): responseTimesOverTime produced 0 samples
2026-08-13 13:18:29,825 INFO o.a.j.r.p.AbstractSampleConsumer: class org.apache.jmeter.report.processor.graph.impl.ConnectTimeOverTimeGraphConsumer#stopProducing(): connectTimeOverTime produced 0 samples
2026-08-13 13:18:29,825 INFO o.a.j.r.p.AbstractSampleConsumer: class org.apache.jmeter.report.processor.graph.impl.LatencyOverTimeGraphConsumer#stopProducing(): latenciesOverTime produced 0 samples
2026-08-13 13:18:29,826 INFO o.a.j.r.p.AbstractSampleConsumer: class org.apache.jmeter.report.processor.FilterConsumer#stopProducing(): nameFilter produced 246540 samples
2026-08-13 13:18:29,826 INFO o.a.j.r.p.AbstractSampleConsumer: class org.apache.jmeter.report.processor.FilterConsumer#stopProducing(): dateRangeFilter produced 49308 samples
2026-08-13 13:18:29,826 INFO o.a.j.r.p.AbstractSampleConsumer: class org.apache.jmeter.report.processor.NormalizerSampleConsumer#stopProducing(): normalizer produced 16436 samples
2026-08-13 13:18:29,826 INFO o.a.j.r.p.CsvFileSampleSource: produce(): 16436 samples produced in 560ms on channel 0
2026-08-13 13:18:29,827 INFO o.a.j.r.d.ReportGenerator: Exporting data using exporter:'json' of className:'org.apache.jmeter.report.dashboard.JsonExporter'
2026-08-13 13:18:29,881 INFO o.a.j.r.d.JsonExporter: Found data for consumer statisticsSummary in context
2026-08-13 13:18:29,881 INFO o.a.j.r.d.JsonExporter: Creating statistics for overall
2026-08-13 13:18:29,881 INFO o.a.j.r.d.JsonExporter: Creating statistics for other transactions
2026-08-13 13:18:29,881 INFO o.a.j.r.d.JsonExporter: Checking output folder
2026-08-13 13:18:29,881 INFO o.a.j.r.d.JsonExporter: Writing statistics JSON to /Users/macos/Documents/HK3_Nam3/kiem_thu/HW05-Performance-Testing/results/html/load/statistics.json
2026-08-13 13:18:29,906 INFO o.a.j.r.d.ReportGenerator: Exporting data using exporter:'html' of className:'org.apache.jmeter.report.dashboard.HtmlTemplateExporter'
2026-08-13 13:18:29,908 INFO o.a.j.r.d.HtmlTemplateExporter: Will generate dashboard in folder: /Users/macos/Documents/HK3_Nam3/kiem_thu/HW05-Performance-Testing/results/html/load
2026-08-13 13:18:30,080 INFO o.a.j.r.d.HtmlTemplateExporter: Report will be generated in: /Users/macos/Documents/HK3_Nam3/kiem_thu/HW05-Performance-Testing/results/html/load, creating folder structure
2026-08-13 13:18:30,081 INFO o.a.j.r.d.TemplateVisitor: Copying folder from '/opt/homebrew/Cellar/jmeter/5.6.3/libexec/bin/report-template' to '/Users/macos/Documents/HK3_Nam3/kiem_thu/HW05-Performance-Testing/results/html/load', got message: /Users/macos/Documents/HK3_Nam3/kiem_thu/HW05-Performance-Testing/results/html/load, found non empty folder with following content [/Users/macos/Documents/HK3_Nam3/kiem_thu/HW05-Performance-Testing/results/html/load/statistics.json], will be ignored
2026-08-13 13:18:30,240 INFO o.a.j.JMeter: Dashboard generated
