2026-08-15 15:47:01,283 INFO o.a.j.u.JMeterUtils: Setting Locale to en_EN
2026-08-15 15:47:01,303 INFO o.a.j.JMeter: Loading user properties from: /opt/homebrew/Cellar/jmeter/5.6.3/libexec/bin/user.properties
2026-08-15 15:47:01,303 INFO o.a.j.JMeter: Loading system properties from: /opt/homebrew/Cellar/jmeter/5.6.3/libexec/bin/system.properties
2026-08-15 15:47:01,303 INFO o.a.j.JMeter: Loading additional properties from: tools/jmeter-user.properties
2026-08-15 15:47:01,304 INFO o.a.j.JMeter: Setting JMeter property: student.id=23127178
2026-08-15 15:47:01,304 INFO o.a.j.JMeter: Setting JMeter property: scenario=Spike
2026-08-15 15:47:01,307 INFO o.a.j.JMeter: Copyright (c) 1998-2024 The Apache Software Foundation
2026-08-15 15:47:01,307 INFO o.a.j.JMeter: Version 5.6.3
2026-08-15 15:47:01,307 INFO o.a.j.JMeter: java.version=21.0.12
2026-08-15 15:47:01,307 INFO o.a.j.JMeter: java.vm.name=OpenJDK 64-Bit Server VM
2026-08-15 15:47:01,307 INFO o.a.j.JMeter: os.name=Mac OS X
2026-08-15 15:47:01,307 INFO o.a.j.JMeter: os.arch=aarch64
2026-08-15 15:47:01,307 INFO o.a.j.JMeter: os.version=26.1
2026-08-15 15:47:01,307 INFO o.a.j.JMeter: file.encoding=UTF-8
2026-08-15 15:47:01,307 INFO o.a.j.JMeter: java.awt.headless=true
2026-08-15 15:47:01,307 INFO o.a.j.JMeter: Max memory     =1073741824
2026-08-15 15:47:01,307 INFO o.a.j.JMeter: Available Processors =12
2026-08-15 15:47:01,314 INFO o.a.j.JMeter: Default Locale=English (EN)
2026-08-15 15:47:01,314 INFO o.a.j.JMeter: JMeter  Locale=English (EN)
2026-08-15 15:47:01,314 INFO o.a.j.JMeter: JMeterHome=/opt/homebrew/Cellar/jmeter/5.6.3/libexec
2026-08-15 15:47:01,314 INFO o.a.j.JMeter: user.dir  =/Users/macos/Documents/HK3_Nam3/kiem_thu/HW05-Performance-Testing
2026-08-15 15:47:01,314 INFO o.a.j.JMeter: PWD       =/Users/macos/Documents/HK3_Nam3/kiem_thu/HW05-Performance-Testing
2026-08-15 15:47:01,380 INFO o.a.j.JMeter: IP: 192.168.0.125 Name: Le-Nhut-Duy.local FullName: 192.168.0.125
2026-08-15 15:47:01,388 INFO o.a.j.JMeter: Setting property 'jmeter.reportgenerator.outputdir' to:'/Users/macos/Documents/HK3_Nam3/kiem_thu/HW05-Performance-Testing/results/html/spike'
2026-08-15 15:47:01,389 INFO o.a.j.s.FileServer: Default base='/Users/macos/Documents/HK3_Nam3/kiem_thu/HW05-Performance-Testing'
2026-08-15 15:47:01,390 INFO o.a.j.s.FileServer: Set new base='/Users/macos/Documents/HK3_Nam3/kiem_thu/HW05-Performance-Testing/test-plans'
2026-08-15 15:47:01,482 INFO o.a.j.s.SaveService: Testplan (JMX) version: 2.2. Testlog (JTL) version: 2.2
2026-08-15 15:47:01,502 INFO o.a.j.s.SaveService: Using SaveService properties version 5.0
2026-08-15 15:47:01,503 INFO o.a.j.s.SaveService: Using SaveService properties file encoding UTF-8
2026-08-15 15:47:01,505 INFO o.a.j.s.SaveService: Loading file: test-plans/23127178_Spike_20260813.jmx
2026-08-15 15:47:01,542 INFO o.a.j.p.h.s.HTTPSamplerBase: Parser for text/html is org.apache.jmeter.protocol.http.parser.LagartoBasedHtmlParser
2026-08-15 15:47:01,542 INFO o.a.j.p.h.s.HTTPSamplerBase: Parser for application/xhtml+xml is org.apache.jmeter.protocol.http.parser.LagartoBasedHtmlParser
2026-08-15 15:47:01,542 INFO o.a.j.p.h.s.HTTPSamplerBase: Parser for application/xml is org.apache.jmeter.protocol.http.parser.LagartoBasedHtmlParser
2026-08-15 15:47:01,542 INFO o.a.j.p.h.s.HTTPSamplerBase: Parser for text/xml is org.apache.jmeter.protocol.http.parser.LagartoBasedHtmlParser
2026-08-15 15:47:01,542 INFO o.a.j.p.h.s.HTTPSamplerBase: Parser for text/vnd.wap.wml is org.apache.jmeter.protocol.http.parser.RegexpHTMLParser
2026-08-15 15:47:01,542 INFO o.a.j.p.h.s.HTTPSamplerBase: Parser for text/css is org.apache.jmeter.protocol.http.parser.CssParser
2026-08-15 15:47:01,577 INFO o.a.j.JMeter: Creating summariser <summary>
2026-08-15 15:47:01,580 INFO o.a.j.r.d.ReportGenerator: ReportGenerator will use for Parsing the separator: ','
2026-08-15 15:47:01,580 INFO o.a.j.r.d.ReportGenerator: Will generate report at end of test from  results file: results/jtl/23127178_Spike_20260815-154700.jtl
2026-08-15 15:47:01,580 INFO o.a.j.r.d.ReportGenerator: Reading report generator properties from: /opt/homebrew/Cellar/jmeter/5.6.3/libexec/bin/reportgenerator.properties
2026-08-15 15:47:01,581 INFO o.a.j.r.d.ReportGenerator: Merging with JMeter properties
2026-08-15 15:47:01,582 INFO o.a.j.r.c.ReportGeneratorConfiguration: Property 'jmeter.reportgenerator.temp_dir' not found, using default value 'temp' instead.
2026-08-15 15:47:01,583 INFO o.a.j.r.c.ReportGeneratorConfiguration: Property 'jmeter.reportgenerator.apdex_per_transaction' not found, using default value 'null' instead.
2026-08-15 15:47:01,583 INFO o.a.j.r.c.ReportGeneratorConfiguration: apdex_per_transaction is empty, not APDEX per transaction customization
2026-08-15 15:47:01,583 INFO o.a.j.r.c.ReportGeneratorConfiguration: Property 'jmeter.reportgenerator.sample_filter' not found, using default value 'null' instead.
2026-08-15 15:47:01,583 INFO o.a.j.r.c.ReportGeneratorConfiguration: Property 'jmeter.reportgenerator.report_title' not found, using default value 'null' instead.
2026-08-15 15:47:01,583 INFO o.a.j.r.c.ReportGeneratorConfiguration: Property 'jmeter.reportgenerator.start_date' not found, using default value 'null' instead.
2026-08-15 15:47:01,583 INFO o.a.j.r.c.ReportGeneratorConfiguration: Property 'jmeter.reportgenerator.end_date' not found, using default value 'null' instead.
2026-08-15 15:47:01,583 INFO o.a.j.r.c.ReportGeneratorConfiguration: Property 'jmeter.reportgenerator.date_format' not found, using default value 'null' instead.
2026-08-15 15:47:01,583 INFO o.a.j.r.c.ReportGeneratorConfiguration: Will use date range start date: null, end date: null
2026-08-15 15:47:01,585 INFO o.a.j.r.c.ReportGeneratorConfiguration: Property 'jmeter.reportgenerator.graph.totalTPS.exclude_controllers' not found, using default value 'false' instead.
2026-08-15 15:47:01,585 INFO o.a.j.r.c.ReportGeneratorConfiguration: Property 'jmeter.reportgenerator.graph.activeThreadsOverTime.exclude_controllers' not found, using default value 'false' instead.
2026-08-15 15:47:01,585 INFO o.a.j.r.c.ReportGeneratorConfiguration: Property 'jmeter.reportgenerator.graph.timeVsThreads.exclude_controllers' not found, using default value 'false' instead.
2026-08-15 15:47:01,585 INFO o.a.j.r.c.ReportGeneratorConfiguration: Property 'jmeter.reportgenerator.graph.responseTimeDistribution.exclude_controllers' not found, using default value 'false' instead.
2026-08-15 15:47:01,585 INFO o.a.j.r.c.ReportGeneratorConfiguration: Property 'jmeter.reportgenerator.graph.transactionsPerSecond.exclude_controllers' not found, using default value 'false' instead.
2026-08-15 15:47:01,585 INFO o.a.j.r.c.ReportGeneratorConfiguration: Property 'jmeter.reportgenerator.graph.responseTimePercentiles.exclude_controllers' not found, using default value 'false' instead.
2026-08-15 15:47:01,585 INFO o.a.j.r.c.ReportGeneratorConfiguration: Property 'jmeter.reportgenerator.graph.responseTimePercentilesOverTime.exclude_controllers' not found, using default value 'false' instead.
2026-08-15 15:47:01,586 INFO o.a.j.r.c.ReportGeneratorConfiguration: Property 'jmeter.reportgenerator.graph.responseTimesOverTime.exclude_controllers' not found, using default value 'false' instead.
2026-08-15 15:47:01,586 INFO o.a.j.r.c.ReportGeneratorConfiguration: Property 'jmeter.reportgenerator.graph.connectTimeOverTime.exclude_controllers' not found, using default value 'false' instead.
2026-08-15 15:47:01,586 INFO o.a.j.r.c.ReportGeneratorConfiguration: Property 'jmeter.reportgenerator.graph.latenciesOverTime.exclude_controllers' not found, using default value 'false' instead.
2026-08-15 15:47:01,586 INFO o.a.j.r.c.ReportGeneratorConfiguration: Property 'jmeter.reportgenerator.exporter.json.filters_only_sample_series' not found, using default value 'true' instead.
2026-08-15 15:47:01,586 INFO o.a.j.r.c.ReportGeneratorConfiguration: Property 'jmeter.reportgenerator.exporter.json.series_filter' not found, using default value '' instead.
2026-08-15 15:47:01,586 INFO o.a.j.r.c.ReportGeneratorConfiguration: Property 'jmeter.reportgenerator.exporter.json.show_controllers_only' not found, using default value 'false' instead.
2026-08-15 15:47:01,586 INFO o.a.j.r.c.ReportGeneratorConfiguration: Property 'jmeter.reportgenerator.exporter.html.filters_only_sample_series' not found, using default value 'true' instead.
2026-08-15 15:47:01,586 INFO o.a.j.r.c.ReportGeneratorConfiguration: Property 'jmeter.reportgenerator.exporter.html.series_filter' not found, using default value '' instead.
2026-08-15 15:47:01,586 INFO o.a.j.r.c.ReportGeneratorConfiguration: Property 'jmeter.reportgenerator.exporter.html.show_controllers_only' not found, using default value 'false' instead.
2026-08-15 15:47:01,593 INFO o.a.j.e.StandardJMeterEngine: Running the test!
2026-08-15 15:47:01,594 INFO o.a.j.s.SampleEvent: List of sample_variables: []
2026-08-15 15:47:01,594 INFO o.a.j.s.SampleEvent: List of sample_variables: []
2026-08-15 15:47:01,596 INFO o.a.j.e.u.CompoundVariable: Note: Function class names must contain the string: '.functions.'
2026-08-15 15:47:01,596 INFO o.a.j.e.u.CompoundVariable: Note: Function class names must not contain the string: '.gui.'
2026-08-15 15:47:01,616 INFO o.a.j.r.ClassFinder: Will scan jar /opt/homebrew/Cellar/jmeter/5.6.3/libexec/lib/ext/jmeter-plugins-manager-1.9.jar with filter ExtendsClassFilter [parents=[interface org.apache.jmeter.functions.Function], inner=false, contains=null, notContains=null]. Consider exposing JMeter plugins via META-INF/services, and add JMeter-Skip-Class-Scanning=true manifest attribute so JMeter can skip classfile scanning
2026-08-15 15:47:01,784 INFO o.a.j.JMeter: Running test (1786783621784)
2026-08-15 15:47:01,795 INFO o.a.j.e.StandardJMeterEngine: Starting ThreadGroup: 1 : Nen — 10 VU chay xuyen luot
2026-08-15 15:47:01,795 INFO o.a.j.e.StandardJMeterEngine: Starting 10 threads for group Nen — 10 VU chay xuyen luot.
2026-08-15 15:47:01,795 INFO o.a.j.e.StandardJMeterEngine: Thread will continue on error
2026-08-15 15:47:01,795 INFO o.a.j.t.ThreadGroup: Starting thread group... number=1 threads=10 ramp-up=10 delayedStart=false
2026-08-15 15:47:01,801 INFO o.a.j.t.ThreadGroup: Started thread group number 1
2026-08-15 15:47:01,802 INFO o.a.j.e.StandardJMeterEngine: Starting ThreadGroup: 2 : Cu soc — 200 VU trong 5s
2026-08-15 15:47:01,802 INFO o.a.j.e.StandardJMeterEngine: Starting 200 threads for group Cu soc — 200 VU trong 5s.
2026-08-15 15:47:01,802 INFO o.a.j.e.StandardJMeterEngine: Thread will continue on error
2026-08-15 15:47:01,802 INFO o.a.j.t.ThreadGroup: Starting thread group... number=2 threads=200 ramp-up=5 delayedStart=false
2026-08-15 15:47:01,804 INFO o.a.j.t.JMeterThread: Thread started: Nen — 10 VU chay xuyen luot 1-1
2026-08-15 15:47:01,805 INFO o.a.j.s.FileServer: Stored: data/orders.csv
2026-08-15 15:47:01,813 INFO o.a.j.s.FileServer: Stored: data/products_import.csv
2026-08-15 15:47:01,813 INFO o.a.j.s.FileServer: Stored: data/users.csv
2026-08-15 15:47:01,853 INFO o.a.j.t.ThreadGroup: Started thread group number 2
2026-08-15 15:47:01,853 INFO o.a.j.e.StandardJMeterEngine: Starting ThreadGroup: 3 : TG-lockout — nhanh account-lockout (2 VU)
2026-08-15 15:47:01,853 INFO o.a.j.e.StandardJMeterEngine: Starting 2 threads for group TG-lockout — nhanh account-lockout (2 VU).
2026-08-15 15:47:01,853 INFO o.a.j.e.StandardJMeterEngine: Thread will continue on error
2026-08-15 15:47:01,853 INFO o.a.j.t.ThreadGroup: Starting thread group... number=3 threads=2 ramp-up=1 delayedStart=false
2026-08-15 15:47:01,853 INFO o.a.j.t.ThreadGroup: Started thread group number 3
2026-08-15 15:47:01,854 INFO o.a.j.e.StandardJMeterEngine: All thread groups have been started
2026-08-15 15:47:02,015 INFO o.a.j.p.h.s.HTTPHCAbstractImpl: Local host = Le-Nhut-Duy.local
2026-08-15 15:47:02,018 INFO o.a.j.p.h.s.HTTPHC4Impl: HTTP request retry count = 0
2026-08-15 15:47:02,019 INFO o.a.j.s.SampleResult: Note: Sample TimeStamps are START times
2026-08-15 15:47:02,019 INFO o.a.j.s.SampleResult: sampleresult.default.encoding is set to UTF-8
2026-08-15 15:47:02,019 INFO o.a.j.s.SampleResult: sampleresult.useNanoTime=true
2026-08-15 15:47:02,019 INFO o.a.j.s.SampleResult: sampleresult.nanoThreadSleep=5000
2026-08-15 15:47:02,090 INFO o.a.j.r.Summariser: summary +      1 in 00:00:00 =    3.3/s Avg:    26 Min:    26 Max:    26 Err:     0 (0.00%) Active: 1 Started: 1 Finished: 0
2026-08-15 15:47:02,807 INFO o.a.j.t.JMeterThread: Thread started: Nen — 10 VU chay xuyen luot 1-2
2026-08-15 15:47:03,514 INFO o.a.j.u.JsseSSLManager: Using default SSL protocol: TLS
2026-08-15 15:47:03,514 INFO o.a.j.u.JsseSSLManager: SSL session context: per-thread
2026-08-15 15:47:03,804 INFO o.a.j.t.JMeterThread: Thread started: Nen — 10 VU chay xuyen luot 1-3
2026-08-15 15:47:04,805 INFO o.a.j.t.JMeterThread: Thread started: Nen — 10 VU chay xuyen luot 1-4
2026-08-15 15:47:05,801 INFO o.a.j.t.JMeterThread: Thread started: Nen — 10 VU chay xuyen luot 1-5
2026-08-15 15:47:06,802 INFO o.a.j.t.JMeterThread: Thread started: Nen — 10 VU chay xuyen luot 1-6
2026-08-15 15:47:07,802 INFO o.a.j.t.JMeterThread: Thread started: Nen — 10 VU chay xuyen luot 1-7
2026-08-15 15:47:08,803 INFO o.a.j.t.JMeterThread: Thread started: Nen — 10 VU chay xuyen luot 1-8
2026-08-15 15:47:09,802 INFO o.a.j.t.JMeterThread: Thread started: Nen — 10 VU chay xuyen luot 1-9
2026-08-15 15:47:10,803 INFO o.a.j.t.JMeterThread: Thread started: Nen — 10 VU chay xuyen luot 1-10
2026-08-15 15:47:11,855 INFO o.a.j.t.JMeterThread: Thread started: TG-lockout — nhanh account-lockout (2 VU) 3-1
2026-08-15 15:47:11,857 INFO o.a.j.s.FileServer: Stored: data/users_lockout.csv
2026-08-15 15:47:12,364 INFO o.a.j.t.JMeterThread: Thread started: TG-lockout — nhanh account-lockout (2 VU) 3-2
2026-08-15 15:47:30,039 INFO o.a.j.r.Summariser: summary +   1140 in 00:00:28 =   40.8/s Avg:     4 Min:     1 Max:    36 Err:     0 (0.00%) Active: 12 Started: 12 Finished: 0
2026-08-15 15:47:30,040 INFO o.a.j.r.Summariser: summary =   1141 in 00:00:28 =   40.4/s Avg:     4 Min:     1 Max:    36 Err:     0 (0.00%)
2026-08-15 15:48:00,045 INFO o.a.j.r.Summariser: summary +   1480 in 00:00:30 =   49.3/s Avg:     4 Min:     0 Max:    55 Err:     0 (0.00%) Active: 12 Started: 12 Finished: 0
2026-08-15 15:48:00,046 INFO o.a.j.r.Summariser: summary =   2621 in 00:00:58 =   45.0/s Avg:     4 Min:     0 Max:    55 Err:     0 (0.00%)
2026-08-15 15:48:01,807 INFO o.a.j.t.JMeterThread: Thread started: Cu soc — 200 VU trong 5s 2-1
2026-08-15 15:48:01,837 INFO o.a.j.t.JMeterThread: Thread started: Cu soc — 200 VU trong 5s 2-2
2026-08-15 15:48:01,862 INFO o.a.j.t.JMeterThread: Thread started: Cu soc — 200 VU trong 5s 2-3
2026-08-15 15:48:01,887 INFO o.a.j.t.JMeterThread: Thread started: Cu soc — 200 VU trong 5s 2-4
2026-08-15 15:48:01,910 INFO o.a.j.t.JMeterThread: Thread started: Cu soc — 200 VU trong 5s 2-5
2026-08-15 15:48:01,934 INFO o.a.j.t.JMeterThread: Thread started: Cu soc — 200 VU trong 5s 2-6
2026-08-15 15:48:01,954 INFO o.a.j.t.JMeterThread: Thread started: Cu soc — 200 VU trong 5s 2-7
2026-08-15 15:48:01,985 INFO o.a.j.t.JMeterThread: Thread started: Cu soc — 200 VU trong 5s 2-8
2026-08-15 15:48:02,010 INFO o.a.j.t.JMeterThread: Thread started: Cu soc — 200 VU trong 5s 2-9
2026-08-15 15:48:02,033 INFO o.a.j.t.JMeterThread: Thread started: Cu soc — 200 VU trong 5s 2-10
2026-08-15 15:48:02,056 INFO o.a.j.t.JMeterThread: Thread started: Cu soc — 200 VU trong 5s 2-11
2026-08-15 15:48:02,094 INFO o.a.j.t.JMeterThread: Thread started: Cu soc — 200 VU trong 5s 2-12
2026-08-15 15:48:02,110 INFO o.a.j.t.JMeterThread: Thread started: Cu soc — 200 VU trong 5s 2-13
2026-08-15 15:48:02,137 INFO o.a.j.t.JMeterThread: Thread started: Cu soc — 200 VU trong 5s 2-14
2026-08-15 15:48:02,161 INFO o.a.j.t.JMeterThread: Thread started: Cu soc — 200 VU trong 5s 2-15
2026-08-15 15:48:02,181 INFO o.a.j.t.JMeterThread: Thread started: Cu soc — 200 VU trong 5s 2-16
2026-08-15 15:48:02,212 INFO o.a.j.t.JMeterThread: Thread started: Cu soc — 200 VU trong 5s 2-17
2026-08-15 15:48:02,232 INFO o.a.j.t.JMeterThread: Thread started: Cu soc — 200 VU trong 5s 2-18
2026-08-15 15:48:02,262 INFO o.a.j.t.JMeterThread: Thread started: Cu soc — 200 VU trong 5s 2-19
2026-08-15 15:48:02,283 INFO o.a.j.t.JMeterThread: Thread started: Cu soc — 200 VU trong 5s 2-20
2026-08-15 15:48:02,308 INFO o.a.j.t.JMeterThread: Thread started: Cu soc — 200 VU trong 5s 2-21
2026-08-15 15:48:02,333 INFO o.a.j.t.JMeterThread: Thread started: Cu soc — 200 VU trong 5s 2-22
2026-08-15 15:48:02,357 INFO o.a.j.t.JMeterThread: Thread started: Cu soc — 200 VU trong 5s 2-23
2026-08-15 15:48:02,380 INFO o.a.j.t.JMeterThread: Thread started: Cu soc — 200 VU trong 5s 2-24
2026-08-15 15:48:02,406 INFO o.a.j.t.JMeterThread: Thread started: Cu soc — 200 VU trong 5s 2-25
2026-08-15 15:48:02,432 INFO o.a.j.t.JMeterThread: Thread started: Cu soc — 200 VU trong 5s 2-26
2026-08-15 15:48:02,458 INFO o.a.j.t.JMeterThread: Thread started: Cu soc — 200 VU trong 5s 2-27
2026-08-15 15:48:02,483 INFO o.a.j.t.JMeterThread: Thread started: Cu soc — 200 VU trong 5s 2-28
2026-08-15 15:48:02,507 INFO o.a.j.t.JMeterThread: Thread started: Cu soc — 200 VU trong 5s 2-29
2026-08-15 15:48:02,536 INFO o.a.j.t.JMeterThread: Thread started: Cu soc — 200 VU trong 5s 2-30
2026-08-15 15:48:02,557 INFO o.a.j.t.JMeterThread: Thread started: Cu soc — 200 VU trong 5s 2-31
2026-08-15 15:48:02,583 INFO o.a.j.t.JMeterThread: Thread started: Cu soc — 200 VU trong 5s 2-32
2026-08-15 15:48:02,608 INFO o.a.j.t.JMeterThread: Thread started: Cu soc — 200 VU trong 5s 2-33
2026-08-15 15:48:02,635 INFO o.a.j.t.JMeterThread: Thread started: Cu soc — 200 VU trong 5s 2-34
2026-08-15 15:48:02,658 INFO o.a.j.t.JMeterThread: Thread started: Cu soc — 200 VU trong 5s 2-35
2026-08-15 15:48:02,687 INFO o.a.j.t.JMeterThread: Thread started: Cu soc — 200 VU trong 5s 2-36
2026-08-15 15:48:02,705 INFO o.a.j.t.JMeterThread: Thread started: Cu soc — 200 VU trong 5s 2-37
2026-08-15 15:48:02,732 INFO o.a.j.t.JMeterThread: Thread started: Cu soc — 200 VU trong 5s 2-38
2026-08-15 15:48:02,755 INFO o.a.j.t.JMeterThread: Thread started: Cu soc — 200 VU trong 5s 2-39
2026-08-15 15:48:02,782 INFO o.a.j.t.JMeterThread: Thread started: Cu soc — 200 VU trong 5s 2-40
2026-08-15 15:48:02,808 INFO o.a.j.t.JMeterThread: Thread started: Cu soc — 200 VU trong 5s 2-41
2026-08-15 15:48:02,830 INFO o.a.j.t.JMeterThread: Thread started: Cu soc — 200 VU trong 5s 2-42
2026-08-15 15:48:02,858 INFO o.a.j.t.JMeterThread: Thread started: Cu soc — 200 VU trong 5s 2-43
2026-08-15 15:48:02,881 INFO o.a.j.t.JMeterThread: Thread started: Cu soc — 200 VU trong 5s 2-44
2026-08-15 15:48:02,906 INFO o.a.j.t.JMeterThread: Thread started: Cu soc — 200 VU trong 5s 2-45
2026-08-15 15:48:02,931 INFO o.a.j.t.JMeterThread: Thread started: Cu soc — 200 VU trong 5s 2-46
2026-08-15 15:48:02,959 INFO o.a.j.t.JMeterThread: Thread started: Cu soc — 200 VU trong 5s 2-47
2026-08-15 15:48:02,982 INFO o.a.j.t.JMeterThread: Thread started: Cu soc — 200 VU trong 5s 2-48
2026-08-15 15:48:03,005 INFO o.a.j.t.JMeterThread: Thread started: Cu soc — 200 VU trong 5s 2-49
2026-08-15 15:48:03,030 INFO o.a.j.t.JMeterThread: Thread started: Cu soc — 200 VU trong 5s 2-50
2026-08-15 15:48:03,062 INFO o.a.j.t.JMeterThread: Thread started: Cu soc — 200 VU trong 5s 2-51
2026-08-15 15:48:03,082 INFO o.a.j.t.JMeterThread: Thread started: Cu soc — 200 VU trong 5s 2-52
2026-08-15 15:48:03,107 INFO o.a.j.t.JMeterThread: Thread started: Cu soc — 200 VU trong 5s 2-53
2026-08-15 15:48:03,136 INFO o.a.j.t.JMeterThread: Thread started: Cu soc — 200 VU trong 5s 2-54
2026-08-15 15:48:03,157 INFO o.a.j.t.JMeterThread: Thread started: Cu soc — 200 VU trong 5s 2-55
2026-08-15 15:48:03,183 INFO o.a.j.t.JMeterThread: Thread started: Cu soc — 200 VU trong 5s 2-56
2026-08-15 15:48:03,211 INFO o.a.j.t.JMeterThread: Thread started: Cu soc — 200 VU trong 5s 2-57
2026-08-15 15:48:03,234 INFO o.a.j.t.JMeterThread: Thread started: Cu soc — 200 VU trong 5s 2-58
2026-08-15 15:48:03,260 INFO o.a.j.t.JMeterThread: Thread started: Cu soc — 200 VU trong 5s 2-59
2026-08-15 15:48:03,282 INFO o.a.j.t.JMeterThread: Thread started: Cu soc — 200 VU trong 5s 2-60
2026-08-15 15:48:03,309 INFO o.a.j.t.JMeterThread: Thread started: Cu soc — 200 VU trong 5s 2-61
2026-08-15 15:48:03,332 INFO o.a.j.t.JMeterThread: Thread started: Cu soc — 200 VU trong 5s 2-62
2026-08-15 15:48:03,361 INFO o.a.j.t.JMeterThread: Thread started: Cu soc — 200 VU trong 5s 2-63
2026-08-15 15:48:03,383 INFO o.a.j.t.JMeterThread: Thread started: Cu soc — 200 VU trong 5s 2-64
2026-08-15 15:48:03,410 INFO o.a.j.t.JMeterThread: Thread started: Cu soc — 200 VU trong 5s 2-65
2026-08-15 15:48:03,434 INFO o.a.j.t.JMeterThread: Thread started: Cu soc — 200 VU trong 5s 2-66
2026-08-15 15:48:03,459 INFO o.a.j.t.JMeterThread: Thread started: Cu soc — 200 VU trong 5s 2-67
2026-08-15 15:48:03,485 INFO o.a.j.t.JMeterThread: Thread started: Cu soc — 200 VU trong 5s 2-68
2026-08-15 15:48:03,506 INFO o.a.j.t.JMeterThread: Thread started: Cu soc — 200 VU trong 5s 2-69
2026-08-15 15:48:03,529 INFO o.a.j.t.JMeterThread: Thread started: Cu soc — 200 VU trong 5s 2-70
2026-08-15 15:48:03,557 INFO o.a.j.t.JMeterThread: Thread started: Cu soc — 200 VU trong 5s 2-71
2026-08-15 15:48:03,580 INFO o.a.j.t.JMeterThread: Thread started: Cu soc — 200 VU trong 5s 2-72
2026-08-15 15:48:03,608 INFO o.a.j.t.JMeterThread: Thread started: Cu soc — 200 VU trong 5s 2-73
2026-08-15 15:48:03,633 INFO o.a.j.t.JMeterThread: Thread started: Cu soc — 200 VU trong 5s 2-74
2026-08-15 15:48:03,655 INFO o.a.j.t.JMeterThread: Thread started: Cu soc — 200 VU trong 5s 2-75
2026-08-15 15:48:03,682 INFO o.a.j.t.JMeterThread: Thread started: Cu soc — 200 VU trong 5s 2-76
2026-08-15 15:48:03,706 INFO o.a.j.t.JMeterThread: Thread started: Cu soc — 200 VU trong 5s 2-77
2026-08-15 15:48:03,732 INFO o.a.j.t.JMeterThread: Thread started: Cu soc — 200 VU trong 5s 2-78
2026-08-15 15:48:03,756 INFO o.a.j.t.JMeterThread: Thread started: Cu soc — 200 VU trong 5s 2-79
2026-08-15 15:48:03,784 INFO o.a.j.t.JMeterThread: Thread started: Cu soc — 200 VU trong 5s 2-80
2026-08-15 15:48:03,806 INFO o.a.j.t.JMeterThread: Thread started: Cu soc — 200 VU trong 5s 2-81
2026-08-15 15:48:03,830 INFO o.a.j.t.JMeterThread: Thread started: Cu soc — 200 VU trong 5s 2-82
2026-08-15 15:48:03,858 INFO o.a.j.t.JMeterThread: Thread started: Cu soc — 200 VU trong 5s 2-83
2026-08-15 15:48:03,880 INFO o.a.j.t.JMeterThread: Thread started: Cu soc — 200 VU trong 5s 2-84
2026-08-15 15:48:03,909 INFO o.a.j.t.JMeterThread: Thread started: Cu soc — 200 VU trong 5s 2-85
2026-08-15 15:48:03,933 INFO o.a.j.t.JMeterThread: Thread started: Cu soc — 200 VU trong 5s 2-86
2026-08-15 15:48:03,961 INFO o.a.j.t.JMeterThread: Thread started: Cu soc — 200 VU trong 5s 2-87
2026-08-15 15:48:03,979 INFO o.a.j.t.JMeterThread: Thread started: Cu soc — 200 VU trong 5s 2-88
2026-08-15 15:48:04,010 INFO o.a.j.t.JMeterThread: Thread started: Cu soc — 200 VU trong 5s 2-89
2026-08-15 15:48:04,036 INFO o.a.j.t.JMeterThread: Thread started: Cu soc — 200 VU trong 5s 2-90
2026-08-15 15:48:04,055 INFO o.a.j.t.JMeterThread: Thread started: Cu soc — 200 VU trong 5s 2-91
2026-08-15 15:48:04,081 INFO o.a.j.t.JMeterThread: Thread started: Cu soc — 200 VU trong 5s 2-92
2026-08-15 15:48:04,102 INFO o.a.j.t.JMeterThread: Thread started: Cu soc — 200 VU trong 5s 2-93
2026-08-15 15:48:04,134 INFO o.a.j.t.JMeterThread: Thread started: Cu soc — 200 VU trong 5s 2-94
2026-08-15 15:48:04,159 INFO o.a.j.t.JMeterThread: Thread started: Cu soc — 200 VU trong 5s 2-95
2026-08-15 15:48:04,181 INFO o.a.j.t.JMeterThread: Thread started: Cu soc — 200 VU trong 5s 2-96
2026-08-15 15:48:04,208 INFO o.a.j.t.JMeterThread: Thread started: Cu soc — 200 VU trong 5s 2-97
2026-08-15 15:48:04,236 INFO o.a.j.t.JMeterThread: Thread started: Cu soc — 200 VU trong 5s 2-98
2026-08-15 15:48:04,256 INFO o.a.j.t.JMeterThread: Thread started: Cu soc — 200 VU trong 5s 2-99
2026-08-15 15:48:04,280 INFO o.a.j.t.JMeterThread: Thread started: Cu soc — 200 VU trong 5s 2-100
2026-08-15 15:48:04,307 INFO o.a.j.t.JMeterThread: Thread started: Cu soc — 200 VU trong 5s 2-101
2026-08-15 15:48:04,331 INFO o.a.j.t.JMeterThread: Thread started: Cu soc — 200 VU trong 5s 2-102
2026-08-15 15:48:04,354 INFO o.a.j.t.JMeterThread: Thread started: Cu soc — 200 VU trong 5s 2-103
2026-08-15 15:48:04,383 INFO o.a.j.t.JMeterThread: Thread started: Cu soc — 200 VU trong 5s 2-104
2026-08-15 15:48:04,408 INFO o.a.j.t.JMeterThread: Thread started: Cu soc — 200 VU trong 5s 2-105
2026-08-15 15:48:04,434 INFO o.a.j.t.JMeterThread: Thread started: Cu soc — 200 VU trong 5s 2-106
2026-08-15 15:48:04,459 INFO o.a.j.t.JMeterThread: Thread started: Cu soc — 200 VU trong 5s 2-107
2026-08-15 15:48:04,483 INFO o.a.j.t.JMeterThread: Thread started: Cu soc — 200 VU trong 5s 2-108
2026-08-15 15:48:04,508 INFO o.a.j.t.JMeterThread: Thread started: Cu soc — 200 VU trong 5s 2-109
2026-08-15 15:48:04,534 INFO o.a.j.t.JMeterThread: Thread started: Cu soc — 200 VU trong 5s 2-110
2026-08-15 15:48:04,556 INFO o.a.j.t.JMeterThread: Thread started: Cu soc — 200 VU trong 5s 2-111
2026-08-15 15:48:04,582 INFO o.a.j.t.JMeterThread: Thread started: Cu soc — 200 VU trong 5s 2-112
2026-08-15 15:48:04,609 INFO o.a.j.t.JMeterThread: Thread started: Cu soc — 200 VU trong 5s 2-113
2026-08-15 15:48:04,631 INFO o.a.j.t.JMeterThread: Thread started: Cu soc — 200 VU trong 5s 2-114
2026-08-15 15:48:04,659 INFO o.a.j.t.JMeterThread: Thread started: Cu soc — 200 VU trong 5s 2-115
2026-08-15 15:48:04,686 INFO o.a.j.t.JMeterThread: Thread started: Cu soc — 200 VU trong 5s 2-116
2026-08-15 15:48:04,708 INFO o.a.j.t.JMeterThread: Thread started: Cu soc — 200 VU trong 5s 2-117
2026-08-15 15:48:04,732 INFO o.a.j.t.JMeterThread: Thread started: Cu soc — 200 VU trong 5s 2-118
2026-08-15 15:48:04,760 INFO o.a.j.t.JMeterThread: Thread started: Cu soc — 200 VU trong 5s 2-119
2026-08-15 15:48:04,782 INFO o.a.j.t.JMeterThread: Thread started: Cu soc — 200 VU trong 5s 2-120
2026-08-15 15:48:04,808 INFO o.a.j.t.JMeterThread: Thread started: Cu soc — 200 VU trong 5s 2-121
2026-08-15 15:48:04,833 INFO o.a.j.t.JMeterThread: Thread started: Cu soc — 200 VU trong 5s 2-122
2026-08-15 15:48:04,854 INFO o.a.j.t.JMeterThread: Thread started: Cu soc — 200 VU trong 5s 2-123
2026-08-15 15:48:04,886 INFO o.a.j.t.JMeterThread: Thread started: Cu soc — 200 VU trong 5s 2-124
2026-08-15 15:48:04,908 INFO o.a.j.t.JMeterThread: Thread started: Cu soc — 200 VU trong 5s 2-125
2026-08-15 15:48:04,934 INFO o.a.j.t.JMeterThread: Thread started: Cu soc — 200 VU trong 5s 2-126
2026-08-15 15:48:04,960 INFO o.a.j.t.JMeterThread: Thread started: Cu soc — 200 VU trong 5s 2-127
2026-08-15 15:48:04,983 INFO o.a.j.t.JMeterThread: Thread started: Cu soc — 200 VU trong 5s 2-128
2026-08-15 15:48:05,009 INFO o.a.j.t.JMeterThread: Thread started: Cu soc — 200 VU trong 5s 2-129
2026-08-15 15:48:05,033 INFO o.a.j.t.JMeterThread: Thread started: Cu soc — 200 VU trong 5s 2-130
2026-08-15 15:48:05,059 INFO o.a.j.t.JMeterThread: Thread started: Cu soc — 200 VU trong 5s 2-131
2026-08-15 15:48:05,081 INFO o.a.j.t.JMeterThread: Thread started: Cu soc — 200 VU trong 5s 2-132
2026-08-15 15:48:05,108 INFO o.a.j.t.JMeterThread: Thread started: Cu soc — 200 VU trong 5s 2-133
2026-08-15 15:48:05,132 INFO o.a.j.t.JMeterThread: Thread started: Cu soc — 200 VU trong 5s 2-134
2026-08-15 15:48:05,153 INFO o.a.j.t.JMeterThread: Thread started: Cu soc — 200 VU trong 5s 2-135
2026-08-15 15:48:05,182 INFO o.a.j.t.JMeterThread: Thread started: Cu soc — 200 VU trong 5s 2-136
2026-08-15 15:48:05,210 INFO o.a.j.t.JMeterThread: Thread started: Cu soc — 200 VU trong 5s 2-137
2026-08-15 15:48:05,233 INFO o.a.j.t.JMeterThread: Thread started: Cu soc — 200 VU trong 5s 2-138
2026-08-15 15:48:05,253 INFO o.a.j.t.JMeterThread: Thread started: Cu soc — 200 VU trong 5s 2-139
2026-08-15 15:48:05,287 INFO o.a.j.t.JMeterThread: Thread started: Cu soc — 200 VU trong 5s 2-140
2026-08-15 15:48:05,308 INFO o.a.j.t.JMeterThread: Thread started: Cu soc — 200 VU trong 5s 2-141
2026-08-15 15:48:05,333 INFO o.a.j.t.JMeterThread: Thread started: Cu soc — 200 VU trong 5s 2-142
2026-08-15 15:48:05,354 INFO o.a.j.t.JMeterThread: Thread started: Cu soc — 200 VU trong 5s 2-143
2026-08-15 15:48:05,387 INFO o.a.j.t.JMeterThread: Thread started: Cu soc — 200 VU trong 5s 2-144
2026-08-15 15:48:05,404 INFO o.a.j.t.JMeterThread: Thread started: Cu soc — 200 VU trong 5s 2-145
2026-08-15 15:48:05,435 INFO o.a.j.t.JMeterThread: Thread started: Cu soc — 200 VU trong 5s 2-146
2026-08-15 15:48:05,456 INFO o.a.j.t.JMeterThread: Thread started: Cu soc — 200 VU trong 5s 2-147
2026-08-15 15:48:05,483 INFO o.a.j.t.JMeterThread: Thread started: Cu soc — 200 VU trong 5s 2-148
2026-08-15 15:48:05,508 INFO o.a.j.t.JMeterThread: Thread started: Cu soc — 200 VU trong 5s 2-149
2026-08-15 15:48:05,534 INFO o.a.j.t.JMeterThread: Thread started: Cu soc — 200 VU trong 5s 2-150
2026-08-15 15:48:05,555 INFO o.a.j.t.JMeterThread: Thread started: Cu soc — 200 VU trong 5s 2-151
2026-08-15 15:48:05,586 INFO o.a.j.t.JMeterThread: Thread started: Cu soc — 200 VU trong 5s 2-152
2026-08-15 15:48:05,607 INFO o.a.j.t.JMeterThread: Thread started: Cu soc — 200 VU trong 5s 2-153
2026-08-15 15:48:05,631 INFO o.a.j.t.JMeterThread: Thread started: Cu soc — 200 VU trong 5s 2-154
2026-08-15 15:48:05,660 INFO o.a.j.t.JMeterThread: Thread started: Cu soc — 200 VU trong 5s 2-155
2026-08-15 15:48:05,681 INFO o.a.j.t.JMeterThread: Thread started: Cu soc — 200 VU trong 5s 2-156
2026-08-15 15:48:05,706 INFO o.a.j.t.JMeterThread: Thread started: Cu soc — 200 VU trong 5s 2-157
2026-08-15 15:48:05,730 INFO o.a.j.t.JMeterThread: Thread started: Cu soc — 200 VU trong 5s 2-158
2026-08-15 15:48:05,756 INFO o.a.j.t.JMeterThread: Thread started: Cu soc — 200 VU trong 5s 2-159
2026-08-15 15:48:05,785 INFO o.a.j.t.JMeterThread: Thread started: Cu soc — 200 VU trong 5s 2-160
2026-08-15 15:48:05,810 INFO o.a.j.t.JMeterThread: Thread started: Cu soc — 200 VU trong 5s 2-161
2026-08-15 15:48:05,830 INFO o.a.j.t.JMeterThread: Thread started: Cu soc — 200 VU trong 5s 2-162
2026-08-15 15:48:05,860 INFO o.a.j.t.JMeterThread: Thread started: Cu soc — 200 VU trong 5s 2-163
2026-08-15 15:48:05,885 INFO o.a.j.t.JMeterThread: Thread started: Cu soc — 200 VU trong 5s 2-164
2026-08-15 15:48:05,911 INFO o.a.j.t.JMeterThread: Thread started: Cu soc — 200 VU trong 5s 2-165
2026-08-15 15:48:05,932 INFO o.a.j.t.JMeterThread: Thread started: Cu soc — 200 VU trong 5s 2-166
2026-08-15 15:48:05,961 INFO o.a.j.t.JMeterThread: Thread started: Cu soc — 200 VU trong 5s 2-167
2026-08-15 15:48:05,985 INFO o.a.j.t.JMeterThread: Thread started: Cu soc — 200 VU trong 5s 2-168
2026-08-15 15:48:06,006 INFO o.a.j.t.JMeterThread: Thread started: Cu soc — 200 VU trong 5s 2-169
2026-08-15 15:48:06,034 INFO o.a.j.t.JMeterThread: Thread started: Cu soc — 200 VU trong 5s 2-170
2026-08-15 15:48:06,057 INFO o.a.j.t.JMeterThread: Thread started: Cu soc — 200 VU trong 5s 2-171
2026-08-15 15:48:06,080 INFO o.a.j.t.JMeterThread: Thread started: Cu soc — 200 VU trong 5s 2-172
2026-08-15 15:48:06,107 INFO o.a.j.t.JMeterThread: Thread started: Cu soc — 200 VU trong 5s 2-173
2026-08-15 15:48:06,131 INFO o.a.j.t.JMeterThread: Thread started: Cu soc — 200 VU trong 5s 2-174
2026-08-15 15:48:06,161 INFO o.a.j.t.JMeterThread: Thread started: Cu soc — 200 VU trong 5s 2-175
2026-08-15 15:48:06,180 INFO o.a.j.t.JMeterThread: Thread started: Cu soc — 200 VU trong 5s 2-176
2026-08-15 15:48:06,208 INFO o.a.j.t.JMeterThread: Thread started: Cu soc — 200 VU trong 5s 2-177
2026-08-15 15:48:06,235 INFO o.a.j.t.JMeterThread: Thread started: Cu soc — 200 VU trong 5s 2-178
2026-08-15 15:48:06,253 INFO o.a.j.t.JMeterThread: Thread started: Cu soc — 200 VU trong 5s 2-179
2026-08-15 15:48:06,282 INFO o.a.j.t.JMeterThread: Thread started: Cu soc — 200 VU trong 5s 2-180
2026-08-15 15:48:06,311 INFO o.a.j.t.JMeterThread: Thread started: Cu soc — 200 VU trong 5s 2-181
2026-08-15 15:48:06,330 INFO o.a.j.t.JMeterThread: Thread started: Cu soc — 200 VU trong 5s 2-182
2026-08-15 15:48:06,357 INFO o.a.j.t.JMeterThread: Thread started: Cu soc — 200 VU trong 5s 2-183
2026-08-15 15:48:06,381 INFO o.a.j.t.JMeterThread: Thread started: Cu soc — 200 VU trong 5s 2-184
2026-08-15 15:48:06,405 INFO o.a.j.t.JMeterThread: Thread started: Cu soc — 200 VU trong 5s 2-185
2026-08-15 15:48:06,433 INFO o.a.j.t.JMeterThread: Thread started: Cu soc — 200 VU trong 5s 2-186
2026-08-15 15:48:06,456 INFO o.a.j.t.JMeterThread: Thread started: Cu soc — 200 VU trong 5s 2-187
2026-08-15 15:48:06,484 INFO o.a.j.t.JMeterThread: Thread started: Cu soc — 200 VU trong 5s 2-188
2026-08-15 15:48:06,507 INFO o.a.j.t.JMeterThread: Thread started: Cu soc — 200 VU trong 5s 2-189
2026-08-15 15:48:06,531 INFO o.a.j.t.JMeterThread: Thread started: Cu soc — 200 VU trong 5s 2-190
2026-08-15 15:48:06,555 INFO o.a.j.t.JMeterThread: Thread started: Cu soc — 200 VU trong 5s 2-191
2026-08-15 15:48:06,581 INFO o.a.j.t.JMeterThread: Thread started: Cu soc — 200 VU trong 5s 2-192
2026-08-15 15:48:06,611 INFO o.a.j.t.JMeterThread: Thread started: Cu soc — 200 VU trong 5s 2-193
2026-08-15 15:48:06,629 INFO o.a.j.t.JMeterThread: Thread started: Cu soc — 200 VU trong 5s 2-194
2026-08-15 15:48:06,660 INFO o.a.j.t.JMeterThread: Thread started: Cu soc — 200 VU trong 5s 2-195
2026-08-15 15:48:06,679 INFO o.a.j.t.JMeterThread: Thread started: Cu soc — 200 VU trong 5s 2-196
2026-08-15 15:48:06,710 INFO o.a.j.t.JMeterThread: Thread started: Cu soc — 200 VU trong 5s 2-197
2026-08-15 15:48:06,729 INFO o.a.j.t.JMeterThread: Thread started: Cu soc — 200 VU trong 5s 2-198
2026-08-15 15:48:06,757 INFO o.a.j.t.JMeterThread: Thread started: Cu soc — 200 VU trong 5s 2-199
2026-08-15 15:48:06,787 INFO o.a.j.t.JMeterThread: Thread started: Cu soc — 200 VU trong 5s 2-200
2026-08-15 15:48:30,001 INFO o.a.j.r.Summariser: summary +  26412 in 00:00:30 =  881.7/s Avg:     2 Min:     0 Max:   104 Err:     0 (0.00%) Active: 212 Started: 212 Finished: 0
2026-08-15 15:48:30,003 INFO o.a.j.r.Summariser: summary =  29033 in 00:01:28 =  329.1/s Avg:     3 Min:     0 Max:   104 Err:     0 (0.00%)
2026-08-15 15:48:31,531 INFO o.a.j.t.JMeterThread: Thread finished: Cu soc — 200 VU trong 5s 2-26
2026-08-15 15:48:31,540 INFO o.a.j.t.JMeterThread: Thread finished: Cu soc — 200 VU trong 5s 2-31
2026-08-15 15:48:31,543 INFO o.a.j.t.JMeterThread: Thread finished: Cu soc — 200 VU trong 5s 2-47
2026-08-15 15:48:31,552 INFO o.a.j.t.JMeterThread: Thread finished: Cu soc — 200 VU trong 5s 2-4
2026-08-15 15:48:31,558 INFO o.a.j.t.JMeterThread: Thread finished: Cu soc — 200 VU trong 5s 2-39
2026-08-15 15:48:31,562 INFO o.a.j.t.JMeterThread: Thread finished: Cu soc — 200 VU trong 5s 2-152
2026-08-15 15:48:31,565 INFO o.a.j.t.JMeterThread: Thread finished: Cu soc — 200 VU trong 5s 2-93
2026-08-15 15:48:31,569 INFO o.a.j.t.JMeterThread: Thread finished: Cu soc — 200 VU trong 5s 2-24
2026-08-15 15:48:31,571 INFO o.a.j.t.JMeterThread: Thread finished: Cu soc — 200 VU trong 5s 2-198
2026-08-15 15:48:31,575 INFO o.a.j.t.JMeterThread: Thread finished: Cu soc — 200 VU trong 5s 2-5
2026-08-15 15:48:31,575 INFO o.a.j.t.JMeterThread: Thread finished: Cu soc — 200 VU trong 5s 2-56
2026-08-15 15:48:31,576 INFO o.a.j.t.JMeterThread: Thread finished: Cu soc — 200 VU trong 5s 2-35
2026-08-15 15:48:31,577 INFO o.a.j.t.JMeterThread: Thread finished: Cu soc — 200 VU trong 5s 2-108
2026-08-15 15:48:31,578 INFO o.a.j.t.JMeterThread: Thread finished: Cu soc — 200 VU trong 5s 2-180
2026-08-15 15:48:31,582 INFO o.a.j.t.JMeterThread: Thread finished: Cu soc — 200 VU trong 5s 2-66
2026-08-15 15:48:31,587 INFO o.a.j.t.JMeterThread: Thread finished: Cu soc — 200 VU trong 5s 2-91
2026-08-15 15:48:31,588 INFO o.a.j.t.JMeterThread: Thread finished: Cu soc — 200 VU trong 5s 2-28
2026-08-15 15:48:31,588 INFO o.a.j.t.JMeterThread: Thread finished: Cu soc — 200 VU trong 5s 2-23
2026-08-15 15:48:31,589 INFO o.a.j.t.JMeterThread: Thread finished: Cu soc — 200 VU trong 5s 2-70
2026-08-15 15:48:31,590 INFO o.a.j.t.JMeterThread: Thread finished: Cu soc — 200 VU trong 5s 2-20
2026-08-15 15:48:31,594 INFO o.a.j.t.JMeterThread: Thread finished: Cu soc — 200 VU trong 5s 2-141
2026-08-15 15:48:31,594 INFO o.a.j.t.JMeterThread: Thread finished: Cu soc — 200 VU trong 5s 2-109
2026-08-15 15:48:31,602 INFO o.a.j.t.JMeterThread: Thread finished: Cu soc — 200 VU trong 5s 2-110
2026-08-15 15:48:31,602 INFO o.a.j.t.JMeterThread: Thread finished: Cu soc — 200 VU trong 5s 2-151
2026-08-15 15:48:31,613 INFO o.a.j.t.JMeterThread: Thread finished: Cu soc — 200 VU trong 5s 2-33
2026-08-15 15:48:31,613 INFO o.a.j.t.JMeterThread: Thread finished: Cu soc — 200 VU trong 5s 2-181
2026-08-15 15:48:31,616 INFO o.a.j.t.JMeterThread: Thread finished: Cu soc — 200 VU trong 5s 2-132
2026-08-15 15:48:31,619 INFO o.a.j.t.JMeterThread: Thread finished: Cu soc — 200 VU trong 5s 2-11
2026-08-15 15:48:31,620 INFO o.a.j.t.JMeterThread: Thread finished: Cu soc — 200 VU trong 5s 2-176
2026-08-15 15:48:31,620 INFO o.a.j.t.JMeterThread: Thread finished: Cu soc — 200 VU trong 5s 2-97
2026-08-15 15:48:31,622 INFO o.a.j.t.JMeterThread: Thread finished: Cu soc — 200 VU trong 5s 2-83
2026-08-15 15:48:31,623 INFO o.a.j.t.JMeterThread: Thread finished: Cu soc — 200 VU trong 5s 2-1
2026-08-15 15:48:31,623 INFO o.a.j.t.JMeterThread: Thread finished: Cu soc — 200 VU trong 5s 2-76
2026-08-15 15:48:31,625 INFO o.a.j.t.JMeterThread: Thread finished: Cu soc — 200 VU trong 5s 2-186
2026-08-15 15:48:31,630 INFO o.a.j.t.JMeterThread: Thread finished: Cu soc — 200 VU trong 5s 2-113
2026-08-15 15:48:31,631 INFO o.a.j.t.JMeterThread: Thread finished: Cu soc — 200 VU trong 5s 2-12
2026-08-15 15:48:31,633 INFO o.a.j.t.JMeterThread: Thread finished: Cu soc — 200 VU trong 5s 2-63
2026-08-15 15:48:31,634 INFO o.a.j.t.JMeterThread: Thread finished: Cu soc — 200 VU trong 5s 2-72
2026-08-15 15:48:31,634 INFO o.a.j.t.JMeterThread: Thread finished: Cu soc — 200 VU trong 5s 2-183
2026-08-15 15:48:31,636 INFO o.a.j.t.JMeterThread: Thread finished: Cu soc — 200 VU trong 5s 2-46
2026-08-15 15:48:31,636 INFO o.a.j.t.JMeterThread: Thread finished: Cu soc — 200 VU trong 5s 2-89
2026-08-15 15:48:31,646 INFO o.a.j.t.JMeterThread: Thread finished: Cu soc — 200 VU trong 5s 2-123
2026-08-15 15:48:31,648 INFO o.a.j.t.JMeterThread: Thread finished: Cu soc — 200 VU trong 5s 2-10
2026-08-15 15:48:31,650 INFO o.a.j.t.JMeterThread: Thread finished: Cu soc — 200 VU trong 5s 2-122
2026-08-15 15:48:31,654 INFO o.a.j.t.JMeterThread: Thread finished: Cu soc — 200 VU trong 5s 2-129
2026-08-15 15:48:31,656 INFO o.a.j.t.JMeterThread: Thread finished: Cu soc — 200 VU trong 5s 2-96
2026-08-15 15:48:31,661 INFO o.a.j.t.JMeterThread: Thread finished: Cu soc — 200 VU trong 5s 2-157
2026-08-15 15:48:31,662 INFO o.a.j.t.JMeterThread: Thread finished: Cu soc — 200 VU trong 5s 2-51
2026-08-15 15:48:31,666 INFO o.a.j.t.JMeterThread: Thread finished: Cu soc — 200 VU trong 5s 2-30
2026-08-15 15:48:31,668 INFO o.a.j.t.JMeterThread: Thread finished: Cu soc — 200 VU trong 5s 2-68
2026-08-15 15:48:31,671 INFO o.a.j.t.JMeterThread: Thread finished: Cu soc — 200 VU trong 5s 2-45
2026-08-15 15:48:31,672 INFO o.a.j.t.JMeterThread: Thread finished: Cu soc — 200 VU trong 5s 2-117
2026-08-15 15:48:31,674 INFO o.a.j.t.JMeterThread: Thread finished: Cu soc — 200 VU trong 5s 2-99
2026-08-15 15:48:31,674 INFO o.a.j.t.JMeterThread: Thread finished: Cu soc — 200 VU trong 5s 2-135
2026-08-15 15:48:31,675 INFO o.a.j.t.JMeterThread: Thread finished: Cu soc — 200 VU trong 5s 2-196
2026-08-15 15:48:31,681 INFO o.a.j.t.JMeterThread: Thread finished: Cu soc — 200 VU trong 5s 2-118
2026-08-15 15:48:31,685 INFO o.a.j.t.JMeterThread: Thread finished: Cu soc — 200 VU trong 5s 2-174
2026-08-15 15:48:31,686 INFO o.a.j.t.JMeterThread: Thread finished: Cu soc — 200 VU trong 5s 2-128
2026-08-15 15:48:31,686 INFO o.a.j.t.JMeterThread: Thread finished: Cu soc — 200 VU trong 5s 2-162
2026-08-15 15:48:31,688 INFO o.a.j.t.JMeterThread: Thread finished: Cu soc — 200 VU trong 5s 2-188
2026-08-15 15:48:31,689 INFO o.a.j.t.JMeterThread: Thread finished: Cu soc — 200 VU trong 5s 2-77
2026-08-15 15:48:31,690 INFO o.a.j.t.JMeterThread: Thread finished: Cu soc — 200 VU trong 5s 2-173
2026-08-15 15:48:31,691 INFO o.a.j.t.JMeterThread: Thread finished: Cu soc — 200 VU trong 5s 2-32
2026-08-15 15:48:31,691 INFO o.a.j.t.JMeterThread: Thread finished: Cu soc — 200 VU trong 5s 2-150
2026-08-15 15:48:31,692 INFO o.a.j.t.JMeterThread: Thread finished: Cu soc — 200 VU trong 5s 2-14
2026-08-15 15:48:31,692 INFO o.a.j.t.JMeterThread: Thread finished: Cu soc — 200 VU trong 5s 2-74
2026-08-15 15:48:31,695 INFO o.a.j.t.JMeterThread: Thread finished: Cu soc — 200 VU trong 5s 2-164
2026-08-15 15:48:31,696 INFO o.a.j.t.JMeterThread: Thread finished: Cu soc — 200 VU trong 5s 2-94
2026-08-15 15:48:31,696 INFO o.a.j.t.JMeterThread: Thread finished: Cu soc — 200 VU trong 5s 2-43
2026-08-15 15:48:31,697 INFO o.a.j.t.JMeterThread: Thread finished: Cu soc — 200 VU trong 5s 2-19
2026-08-15 15:48:31,697 INFO o.a.j.t.JMeterThread: Thread finished: Cu soc — 200 VU trong 5s 2-13
2026-08-15 15:48:31,698 INFO o.a.j.t.JMeterThread: Thread finished: Cu soc — 200 VU trong 5s 2-185
2026-08-15 15:48:31,699 INFO o.a.j.t.JMeterThread: Thread finished: Cu soc — 200 VU trong 5s 2-15
2026-08-15 15:48:31,700 INFO o.a.j.t.JMeterThread: Thread finished: Cu soc — 200 VU trong 5s 2-69
2026-08-15 15:48:31,700 INFO o.a.j.t.JMeterThread: Thread finished: Cu soc — 200 VU trong 5s 2-159
2026-08-15 15:48:31,701 INFO o.a.j.t.JMeterThread: Thread finished: Cu soc — 200 VU trong 5s 2-59
2026-08-15 15:48:31,701 INFO o.a.j.t.JMeterThread: Thread finished: Cu soc — 200 VU trong 5s 2-92
2026-08-15 15:48:31,704 INFO o.a.j.t.JMeterThread: Thread finished: Cu soc — 200 VU trong 5s 2-105
2026-08-15 15:48:31,705 INFO o.a.j.t.JMeterThread: Thread finished: Cu soc — 200 VU trong 5s 2-147
2026-08-15 15:48:31,706 INFO o.a.j.t.JMeterThread: Thread finished: Cu soc — 200 VU trong 5s 2-50
2026-08-15 15:48:31,707 INFO o.a.j.t.JMeterThread: Thread finished: Cu soc — 200 VU trong 5s 2-27
2026-08-15 15:48:31,708 INFO o.a.j.t.JMeterThread: Thread finished: Cu soc — 200 VU trong 5s 2-139
2026-08-15 15:48:31,710 INFO o.a.j.t.JMeterThread: Thread finished: Cu soc — 200 VU trong 5s 2-119
2026-08-15 15:48:31,714 INFO o.a.j.t.JMeterThread: Thread finished: Cu soc — 200 VU trong 5s 2-124
2026-08-15 15:48:31,714 INFO o.a.j.t.JMeterThread: Thread finished: Cu soc — 200 VU trong 5s 2-111
2026-08-15 15:48:31,718 INFO o.a.j.t.JMeterThread: Thread finished: Cu soc — 200 VU trong 5s 2-189
2026-08-15 15:48:31,720 INFO o.a.j.t.JMeterThread: Thread finished: Cu soc — 200 VU trong 5s 2-86
2026-08-15 15:48:31,722 INFO o.a.j.t.JMeterThread: Thread finished: Cu soc — 200 VU trong 5s 2-41
2026-08-15 15:48:31,722 INFO o.a.j.t.JMeterThread: Thread finished: Cu soc — 200 VU trong 5s 2-168
2026-08-15 15:48:31,723 INFO o.a.j.t.JMeterThread: Thread finished: Cu soc — 200 VU trong 5s 2-190
2026-08-15 15:48:31,723 INFO o.a.j.t.JMeterThread: Thread finished: Cu soc — 200 VU trong 5s 2-7
2026-08-15 15:48:31,725 INFO o.a.j.t.JMeterThread: Thread finished: Cu soc — 200 VU trong 5s 2-148
2026-08-15 15:48:31,728 INFO o.a.j.t.JMeterThread: Thread finished: Cu soc — 200 VU trong 5s 2-52
2026-08-15 15:48:31,728 INFO o.a.j.t.JMeterThread: Thread finished: Cu soc — 200 VU trong 5s 2-6
2026-08-15 15:48:31,726 INFO o.a.j.t.JMeterThread: Thread finished: Cu soc — 200 VU trong 5s 2-114
2026-08-15 15:48:31,727 INFO o.a.j.t.JMeterThread: Thread finished: Cu soc — 200 VU trong 5s 2-103
2026-08-15 15:48:31,729 INFO o.a.j.t.JMeterThread: Thread finished: Cu soc — 200 VU trong 5s 2-137
2026-08-15 15:48:31,730 INFO o.a.j.t.JMeterThread: Thread finished: Cu soc — 200 VU trong 5s 2-144
2026-08-15 15:48:31,730 INFO o.a.j.t.JMeterThread: Thread finished: Cu soc — 200 VU trong 5s 2-25
2026-08-15 15:48:31,727 INFO o.a.j.t.JMeterThread: Thread finished: Cu soc — 200 VU trong 5s 2-107
2026-08-15 15:48:31,730 INFO o.a.j.t.JMeterThread: Thread finished: Cu soc — 200 VU trong 5s 2-9
2026-08-15 15:48:31,732 INFO o.a.j.t.JMeterThread: Thread finished: Cu soc — 200 VU trong 5s 2-163
2026-08-15 15:48:31,733 INFO o.a.j.t.JMeterThread: Thread finished: Cu soc — 200 VU trong 5s 2-85
2026-08-15 15:48:31,733 INFO o.a.j.t.JMeterThread: Thread finished: Cu soc — 200 VU trong 5s 2-167
2026-08-15 15:48:31,735 INFO o.a.j.t.JMeterThread: Thread finished: Cu soc — 200 VU trong 5s 2-200
2026-08-15 15:48:31,735 INFO o.a.j.t.JMeterThread: Thread finished: Cu soc — 200 VU trong 5s 2-22
2026-08-15 15:48:31,735 INFO o.a.j.t.JMeterThread: Thread finished: Cu soc — 200 VU trong 5s 2-60
2026-08-15 15:48:31,735 INFO o.a.j.t.JMeterThread: Thread finished: Cu soc — 200 VU trong 5s 2-71
2026-08-15 15:48:31,736 INFO o.a.j.t.JMeterThread: Thread finished: Cu soc — 200 VU trong 5s 2-192
2026-08-15 15:48:31,736 INFO o.a.j.t.JMeterThread: Thread finished: Cu soc — 200 VU trong 5s 2-102
2026-08-15 15:48:31,737 INFO o.a.j.t.JMeterThread: Thread finished: Cu soc — 200 VU trong 5s 2-21
2026-08-15 15:48:31,737 INFO o.a.j.t.JMeterThread: Thread finished: Cu soc — 200 VU trong 5s 2-100
2026-08-15 15:48:31,738 INFO o.a.j.t.JMeterThread: Thread finished: Cu soc — 200 VU trong 5s 2-125
2026-08-15 15:48:31,740 INFO o.a.j.t.JMeterThread: Thread finished: Cu soc — 200 VU trong 5s 2-81
2026-08-15 15:48:31,740 INFO o.a.j.t.JMeterThread: Thread finished: Cu soc — 200 VU trong 5s 2-116
2026-08-15 15:48:31,740 INFO o.a.j.t.JMeterThread: Thread finished: Cu soc — 200 VU trong 5s 2-143
2026-08-15 15:48:31,740 INFO o.a.j.t.JMeterThread: Thread finished: Cu soc — 200 VU trong 5s 2-49
2026-08-15 15:48:31,741 INFO o.a.j.t.JMeterThread: Thread finished: Cu soc — 200 VU trong 5s 2-126
2026-08-15 15:48:31,744 INFO o.a.j.t.JMeterThread: Thread finished: Cu soc — 200 VU trong 5s 2-140
2026-08-15 15:48:31,745 INFO o.a.j.t.JMeterThread: Thread finished: Cu soc — 200 VU trong 5s 2-44
2026-08-15 15:48:31,745 INFO o.a.j.t.JMeterThread: Thread finished: Cu soc — 200 VU trong 5s 2-16
2026-08-15 15:48:31,747 INFO o.a.j.t.JMeterThread: Thread finished: Cu soc — 200 VU trong 5s 2-42
2026-08-15 15:48:31,747 INFO o.a.j.t.JMeterThread: Thread finished: Cu soc — 200 VU trong 5s 2-17
2026-08-15 15:48:31,749 INFO o.a.j.t.JMeterThread: Thread finished: Cu soc — 200 VU trong 5s 2-131
2026-08-15 15:48:31,749 INFO o.a.j.t.JMeterThread: Thread finished: Cu soc — 200 VU trong 5s 2-191
2026-08-15 15:48:31,751 INFO o.a.j.t.JMeterThread: Thread finished: Cu soc — 200 VU trong 5s 2-158
2026-08-15 15:48:31,752 INFO o.a.j.t.JMeterThread: Thread finished: Cu soc — 200 VU trong 5s 2-80
2026-08-15 15:48:31,753 INFO o.a.j.t.JMeterThread: Thread finished: Cu soc — 200 VU trong 5s 2-29
2026-08-15 15:48:31,754 INFO o.a.j.t.JMeterThread: Thread finished: Cu soc — 200 VU trong 5s 2-199
2026-08-15 15:48:31,756 INFO o.a.j.t.JMeterThread: Thread finished: Cu soc — 200 VU trong 5s 2-193
2026-08-15 15:48:31,756 INFO o.a.j.t.JMeterThread: Thread finished: Cu soc — 200 VU trong 5s 2-40
2026-08-15 15:48:31,761 INFO o.a.j.t.JMeterThread: Thread finished: Cu soc — 200 VU trong 5s 2-64
2026-08-15 15:48:31,761 INFO o.a.j.t.JMeterThread: Thread finished: Cu soc — 200 VU trong 5s 2-194
2026-08-15 15:48:31,764 INFO o.a.j.t.JMeterThread: Thread finished: Cu soc — 200 VU trong 5s 2-138
2026-08-15 15:48:31,764 INFO o.a.j.t.JMeterThread: Thread finished: Cu soc — 200 VU trong 5s 2-79
2026-08-15 15:48:31,764 INFO o.a.j.t.JMeterThread: Thread finished: Cu soc — 200 VU trong 5s 2-134
2026-08-15 15:48:31,764 INFO o.a.j.t.JMeterThread: Thread finished: Cu soc — 200 VU trong 5s 2-197
2026-08-15 15:48:31,764 INFO o.a.j.t.JMeterThread: Thread finished: Cu soc — 200 VU trong 5s 2-53
2026-08-15 15:48:31,764 INFO o.a.j.t.JMeterThread: Thread finished: Cu soc — 200 VU trong 5s 2-112
2026-08-15 15:48:31,766 INFO o.a.j.t.JMeterThread: Thread finished: Cu soc — 200 VU trong 5s 2-62
2026-08-15 15:48:31,768 INFO o.a.j.t.JMeterThread: Thread finished: Cu soc — 200 VU trong 5s 2-48
2026-08-15 15:48:31,768 INFO o.a.j.t.JMeterThread: Thread finished: Cu soc — 200 VU trong 5s 2-38
2026-08-15 15:48:31,768 INFO o.a.j.t.JMeterThread: Thread finished: Cu soc — 200 VU trong 5s 2-67
2026-08-15 15:48:31,773 INFO o.a.j.t.JMeterThread: Thread finished: Cu soc — 200 VU trong 5s 2-84
2026-08-15 15:48:31,774 INFO o.a.j.t.JMeterThread: Thread finished: Cu soc — 200 VU trong 5s 2-37
2026-08-15 15:48:31,775 INFO o.a.j.t.JMeterThread: Thread finished: Cu soc — 200 VU trong 5s 2-177
2026-08-15 15:48:31,776 INFO o.a.j.t.JMeterThread: Thread finished: Cu soc — 200 VU trong 5s 2-127
2026-08-15 15:48:31,777 INFO o.a.j.t.JMeterThread: Thread finished: Cu soc — 200 VU trong 5s 2-78
2026-08-15 15:48:31,778 INFO o.a.j.t.JMeterThread: Thread finished: Cu soc — 200 VU trong 5s 2-166
2026-08-15 15:48:31,779 INFO o.a.j.t.JMeterThread: Thread finished: Cu soc — 200 VU trong 5s 2-178
2026-08-15 15:48:31,780 INFO o.a.j.t.JMeterThread: Thread finished: Cu soc — 200 VU trong 5s 2-57
2026-08-15 15:48:31,780 INFO o.a.j.t.JMeterThread: Thread finished: Cu soc — 200 VU trong 5s 2-2
2026-08-15 15:48:31,781 INFO o.a.j.t.JMeterThread: Thread finished: Cu soc — 200 VU trong 5s 2-175
2026-08-15 15:48:31,783 INFO o.a.j.t.JMeterThread: Thread finished: Cu soc — 200 VU trong 5s 2-58
2026-08-15 15:48:31,783 INFO o.a.j.t.JMeterThread: Thread finished: Cu soc — 200 VU trong 5s 2-106
2026-08-15 15:48:31,783 INFO o.a.j.t.JMeterThread: Thread finished: Cu soc — 200 VU trong 5s 2-55
2026-08-15 15:48:31,784 INFO o.a.j.t.JMeterThread: Thread finished: Cu soc — 200 VU trong 5s 2-34
2026-08-15 15:48:31,787 INFO o.a.j.t.JMeterThread: Thread finished: Cu soc — 200 VU trong 5s 2-98
2026-08-15 15:48:31,788 INFO o.a.j.t.JMeterThread: Thread finished: Cu soc — 200 VU trong 5s 2-146
2026-08-15 15:48:31,790 INFO o.a.j.t.JMeterThread: Thread finished: Cu soc — 200 VU trong 5s 2-8
2026-08-15 15:48:31,792 INFO o.a.j.t.JMeterThread: Thread finished: Cu soc — 200 VU trong 5s 2-136
2026-08-15 15:48:31,793 INFO o.a.j.t.JMeterThread: Thread finished: Cu soc — 200 VU trong 5s 2-187
2026-08-15 15:48:31,793 INFO o.a.j.t.JMeterThread: Thread finished: Cu soc — 200 VU trong 5s 2-75
2026-08-15 15:48:31,793 INFO o.a.j.t.JMeterThread: Thread finished: Cu soc — 200 VU trong 5s 2-65
2026-08-15 15:48:31,794 INFO o.a.j.t.JMeterThread: Thread finished: Cu soc — 200 VU trong 5s 2-95
2026-08-15 15:48:31,796 INFO o.a.j.t.JMeterThread: Thread finished: Cu soc — 200 VU trong 5s 2-169
2026-08-15 15:48:31,797 INFO o.a.j.t.JMeterThread: Thread finished: Cu soc — 200 VU trong 5s 2-120
2026-08-15 15:48:31,798 INFO o.a.j.t.JMeterThread: Thread finished: Cu soc — 200 VU trong 5s 2-101
2026-08-15 15:48:31,799 INFO o.a.j.t.JMeterThread: Thread finished: Cu soc — 200 VU trong 5s 2-182
2026-08-15 15:48:31,800 INFO o.a.j.t.JMeterThread: Thread finished: Cu soc — 200 VU trong 5s 2-3
2026-08-15 15:48:31,801 INFO o.a.j.t.JMeterThread: Thread finished: Cu soc — 200 VU trong 5s 2-18
2026-08-15 15:48:31,801 INFO o.a.j.t.JMeterThread: Thread finished: Cu soc — 200 VU trong 5s 2-172
2026-08-15 15:48:31,801 INFO o.a.j.t.JMeterThread: Thread finished: Cu soc — 200 VU trong 5s 2-170
2026-08-15 15:48:31,801 INFO o.a.j.t.JMeterThread: Thread finished: Cu soc — 200 VU trong 5s 2-161
2026-08-15 15:48:31,802 INFO o.a.j.t.JMeterThread: Thread finished: Cu soc — 200 VU trong 5s 2-115
2026-08-15 15:48:31,804 INFO o.a.j.t.JMeterThread: Thread finished: Cu soc — 200 VU trong 5s 2-61
2026-08-15 15:48:31,805 INFO o.a.j.t.JMeterThread: Thread finished: Cu soc — 200 VU trong 5s 2-104
2026-08-15 15:48:31,805 INFO o.a.j.t.JMeterThread: Thread finished: Cu soc — 200 VU trong 5s 2-88
2026-08-15 15:48:31,805 INFO o.a.j.t.JMeterThread: Thread finished: Cu soc — 200 VU trong 5s 2-130
2026-08-15 15:48:31,807 INFO o.a.j.t.JMeterThread: Thread finished: Cu soc — 200 VU trong 5s 2-36
2026-08-15 15:48:31,808 INFO o.a.j.t.JMeterThread: Thread finished: Cu soc — 200 VU trong 5s 2-121
2026-08-15 15:48:31,809 INFO o.a.j.t.JMeterThread: Thread finished: Cu soc — 200 VU trong 5s 2-82
2026-08-15 15:48:31,809 INFO o.a.j.t.JMeterThread: Thread finished: Cu soc — 200 VU trong 5s 2-87
2026-08-15 15:48:31,809 INFO o.a.j.t.JMeterThread: Thread finished: Cu soc — 200 VU trong 5s 2-195
2026-08-15 15:48:31,810 INFO o.a.j.t.JMeterThread: Thread finished: Cu soc — 200 VU trong 5s 2-184
2026-08-15 15:48:31,810 INFO o.a.j.t.JMeterThread: Thread finished: Cu soc — 200 VU trong 5s 2-54
2026-08-15 15:48:31,810 INFO o.a.j.t.JMeterThread: Thread finished: Cu soc — 200 VU trong 5s 2-90
2026-08-15 15:48:31,818 INFO o.a.j.t.JMeterThread: Thread finished: Cu soc — 200 VU trong 5s 2-142
2026-08-15 15:48:31,819 INFO o.a.j.t.JMeterThread: Thread finished: Cu soc — 200 VU trong 5s 2-154
2026-08-15 15:48:31,821 INFO o.a.j.t.JMeterThread: Stopping because end time detected by thread: Cu soc — 200 VU trong 5s 2-73
2026-08-15 15:48:31,821 INFO o.a.j.t.JMeterThread: Thread finished: Cu soc — 200 VU trong 5s 2-73
2026-08-15 15:48:31,825 INFO o.a.j.t.JMeterThread: Thread finished: Cu soc — 200 VU trong 5s 2-149
2026-08-15 15:48:31,826 INFO o.a.j.t.JMeterThread: Thread finished: Cu soc — 200 VU trong 5s 2-179
2026-08-15 15:48:31,827 INFO o.a.j.t.JMeterThread: Thread finished: Cu soc — 200 VU trong 5s 2-133
2026-08-15 15:48:31,833 INFO o.a.j.t.JMeterThread: Thread finished: Cu soc — 200 VU trong 5s 2-145
2026-08-15 15:48:31,836 INFO o.a.j.t.JMeterThread: Thread finished: Cu soc — 200 VU trong 5s 2-153
2026-08-15 15:48:31,838 INFO o.a.j.t.JMeterThread: Thread finished: Cu soc — 200 VU trong 5s 2-165
2026-08-15 15:48:31,841 INFO o.a.j.t.JMeterThread: Thread finished: Cu soc — 200 VU trong 5s 2-156
2026-08-15 15:48:31,842 INFO o.a.j.t.JMeterThread: Thread finished: Cu soc — 200 VU trong 5s 2-171
2026-08-15 15:48:31,846 INFO o.a.j.t.JMeterThread: Stopping because end time detected by thread: Cu soc — 200 VU trong 5s 2-155
2026-08-15 15:48:31,846 INFO o.a.j.t.JMeterThread: Thread finished: Cu soc — 200 VU trong 5s 2-155
2026-08-15 15:48:31,846 INFO o.a.j.t.JMeterThread: Stopping because end time detected by thread: Cu soc — 200 VU trong 5s 2-160
2026-08-15 15:48:31,846 INFO o.a.j.t.JMeterThread: Thread finished: Cu soc — 200 VU trong 5s 2-160
2026-08-15 15:49:00,022 INFO o.a.j.r.Summariser: summary +   3239 in 00:00:30 =  107.9/s Avg:     2 Min:     0 Max:    86 Err:     0 (0.00%) Active: 12 Started: 212 Finished: 200
2026-08-15 15:49:00,025 INFO o.a.j.r.Summariser: summary =  32272 in 00:01:58 =  272.9/s Avg:     3 Min:     0 Max:   104 Err:     0 (0.00%)
2026-08-15 15:49:09,645 INFO o.a.j.t.JMeterThread: Thread finished: TG-lockout — nhanh account-lockout (2 VU) 3-1
2026-08-15 15:49:10,347 INFO o.a.j.t.JMeterThread: Thread finished: TG-lockout — nhanh account-lockout (2 VU) 3-2
2026-08-15 15:49:30,064 INFO o.a.j.r.Summariser: summary +   1468 in 00:00:30 =   48.9/s Avg:     2 Min:     0 Max:    37 Err:     0 (0.00%) Active: 10 Started: 212 Finished: 202
2026-08-15 15:49:30,066 INFO o.a.j.r.Summariser: summary =  33740 in 00:02:28 =  227.5/s Avg:     3 Min:     0 Max:   104 Err:     0 (0.00%)
2026-08-15 15:50:00,015 INFO o.a.j.r.Summariser: summary +   1452 in 00:00:30 =   48.5/s Avg:     3 Min:     0 Max:   152 Err:     0 (0.00%) Active: 10 Started: 212 Finished: 202
2026-08-15 15:50:00,016 INFO o.a.j.r.Summariser: summary =  35192 in 00:02:58 =  197.5/s Avg:     3 Min:     0 Max:   152 Err:     0 (0.00%)
2026-08-15 15:50:30,069 INFO o.a.j.r.Summariser: summary +   1434 in 00:00:30 =   47.7/s Avg:     3 Min:     0 Max:    66 Err:     0 (0.00%) Active: 10 Started: 212 Finished: 202
2026-08-15 15:50:30,071 INFO o.a.j.r.Summariser: summary =  36626 in 00:03:28 =  175.8/s Avg:     3 Min:     0 Max:   152 Err:     0 (0.00%)
2026-08-15 15:51:00,014 INFO o.a.j.r.Summariser: summary +   1450 in 00:00:30 =   48.4/s Avg:     2 Min:     0 Max:    20 Err:     0 (0.00%) Active: 10 Started: 212 Finished: 202
2026-08-15 15:51:00,016 INFO o.a.j.r.Summariser: summary =  38076 in 00:03:58 =  159.8/s Avg:     3 Min:     0 Max:   152 Err:     0 (0.00%)
2026-08-15 15:51:01,617 INFO o.a.j.t.JMeterThread: Thread finished: Nen — 10 VU chay xuyen luot 1-7
2026-08-15 15:51:01,640 INFO o.a.j.t.JMeterThread: Thread finished: Nen — 10 VU chay xuyen luot 1-3
2026-08-15 15:51:01,664 INFO o.a.j.t.JMeterThread: Thread finished: Nen — 10 VU chay xuyen luot 1-9
2026-08-15 15:51:01,664 INFO o.a.j.t.JMeterThread: Thread finished: Nen — 10 VU chay xuyen luot 1-1
2026-08-15 15:51:01,730 INFO o.a.j.t.JMeterThread: Thread finished: Nen — 10 VU chay xuyen luot 1-4
2026-08-15 15:51:01,772 INFO o.a.j.t.JMeterThread: Thread finished: Nen — 10 VU chay xuyen luot 1-5
2026-08-15 15:51:01,772 INFO o.a.j.t.JMeterThread: Thread finished: Nen — 10 VU chay xuyen luot 1-6
2026-08-15 15:51:01,774 INFO o.a.j.t.JMeterThread: Thread finished: Nen — 10 VU chay xuyen luot 1-2
2026-08-15 15:51:01,783 INFO o.a.j.t.JMeterThread: Thread finished: Nen — 10 VU chay xuyen luot 1-10
2026-08-15 15:51:01,783 INFO o.a.j.t.JMeterThread: Thread finished: Nen — 10 VU chay xuyen luot 1-8
2026-08-15 15:51:01,784 INFO o.a.j.e.StandardJMeterEngine: Notifying test listeners of end of test
2026-08-15 15:51:01,784 INFO o.a.j.s.FileServer: Close: data/products_import.csv
2026-08-15 15:51:01,784 INFO o.a.j.s.FileServer: Close: data/orders.csv
2026-08-15 15:51:01,785 INFO o.a.j.s.FileServer: Close: data/users.csv
2026-08-15 15:51:01,785 INFO o.a.j.s.FileServer: Close: data/users_lockout.csv
2026-08-15 15:51:01,803 INFO o.a.j.r.Summariser: summary +     84 in 00:00:02 =   46.9/s Avg:     2 Min:     0 Max:     9 Err:     0 (0.00%) Active: 0 Started: 212 Finished: 212
2026-08-15 15:51:01,803 INFO o.a.j.r.Summariser: summary =  38160 in 00:04:00 =  159.0/s Avg:     3 Min:     0 Max:   152 Err:     0 (0.00%)
2026-08-15 15:51:01,805 INFO o.a.j.JMeter: Generating Dashboard
2026-08-15 15:51:01,805 INFO o.a.j.r.d.ReportGenerator: Flushing result collector before report Generation
2026-08-15 15:51:01,836 INFO o.a.j.r.p.NormalizerSampleConsumer: Using format, 'ms', to parse timeStamp field
2026-08-15 15:51:02,626 INFO o.a.j.r.p.AbstractSampleConsumer: class org.apache.jmeter.report.processor.AggregateConsumer#stopProducing(): beginDate produced 0 samples
2026-08-15 15:51:02,626 INFO o.a.j.r.p.AbstractSampleConsumer: class org.apache.jmeter.report.processor.AggregateConsumer#stopProducing(): endDate produced 0 samples
2026-08-15 15:51:02,629 INFO o.a.j.r.p.AbstractSampleConsumer: class org.apache.jmeter.report.processor.ApdexSummaryConsumer#stopProducing(): apdexSummary produced 0 samples
2026-08-15 15:51:02,629 INFO o.a.j.r.p.AbstractSampleConsumer: class org.apache.jmeter.report.processor.RequestsSummaryConsumer#stopProducing(): requestsSummary produced 0 samples
2026-08-15 15:51:02,640 INFO o.a.j.r.p.AbstractSampleConsumer: class org.apache.jmeter.report.processor.StatisticsSummaryConsumer#stopProducing(): statisticsSummary produced 0 samples
2026-08-15 15:51:02,642 INFO o.a.j.r.p.AbstractSampleConsumer: class org.apache.jmeter.report.processor.Top5ErrorsBySamplerConsumer#stopProducing(): top5ErrorsBySampler produced 0 samples
2026-08-15 15:51:02,642 INFO o.a.j.r.p.AbstractSampleConsumer: class org.apache.jmeter.report.processor.ErrorsSummaryConsumer#stopProducing(): errorsSummary produced 0 samples
2026-08-15 15:51:02,642 INFO o.a.j.r.p.AbstractSampleConsumer: class org.apache.jmeter.report.processor.graph.impl.HitsPerSecondGraphConsumer#stopProducing(): hitsPerSecond produced 0 samples
2026-08-15 15:51:02,932 INFO o.a.j.r.p.AbstractSampleConsumer: class org.apache.jmeter.report.processor.graph.impl.LatencyVSRequestGraphConsumer#stopProducing(): latencyVsRequest produced 0 samples
2026-08-15 15:51:02,933 INFO o.a.j.r.p.AbstractSampleConsumer: class org.apache.jmeter.report.processor.graph.impl.SyntheticResponseTimeDistributionGraphConsumer#stopProducing(): syntheticResponseTimeDistribution produced 0 samples
2026-08-15 15:51:02,934 INFO o.a.j.r.p.AbstractSampleConsumer: class org.apache.jmeter.report.processor.graph.impl.BytesThroughputGraphConsumer#stopProducing(): bytesThroughputOverTime produced 0 samples
2026-08-15 15:51:02,934 INFO o.a.j.r.p.AbstractSampleConsumer: class org.apache.jmeter.report.processor.graph.impl.CodesPerSecondGraphConsumer#stopProducing(): codesPerSecond produced 0 samples
2026-08-15 15:51:03,138 INFO o.a.j.r.p.AbstractSampleConsumer: class org.apache.jmeter.report.processor.graph.impl.ResponseTimeVSRequestGraphConsumer#stopProducing(): responseTimeVsRequest produced 0 samples
2026-08-15 15:51:03,139 INFO o.a.j.r.p.AbstractSampleConsumer: class org.apache.jmeter.report.processor.FilterConsumer#stopProducing(): startIntervalControlerFilter produced 267120 samples
2026-08-15 15:51:03,139 INFO o.a.j.r.p.AbstractSampleConsumer: class org.apache.jmeter.report.processor.graph.impl.TotalTPSGraphConsumer#stopProducing(): totalTPS produced 0 samples
2026-08-15 15:51:03,139 INFO o.a.j.r.p.AbstractSampleConsumer: class org.apache.jmeter.report.processor.graph.impl.ActiveThreadsGraphConsumer#stopProducing(): activeThreadsOverTime produced 0 samples
2026-08-15 15:51:03,139 INFO o.a.j.r.p.AbstractSampleConsumer: class org.apache.jmeter.report.processor.graph.impl.TimeVSThreadGraphConsumer#stopProducing(): timeVsThreads produced 0 samples
2026-08-15 15:51:03,140 INFO o.a.j.r.p.AbstractSampleConsumer: class org.apache.jmeter.report.processor.graph.impl.ResponseTimeDistributionGraphConsumer#stopProducing(): responseTimeDistribution produced 0 samples
2026-08-15 15:51:03,140 INFO o.a.j.r.p.AbstractSampleConsumer: class org.apache.jmeter.report.processor.graph.impl.TransactionsPerSecondGraphConsumer#stopProducing(): transactionsPerSecond produced 0 samples
2026-08-15 15:51:03,141 INFO o.a.j.r.p.AbstractSampleConsumer: class org.apache.jmeter.report.processor.graph.impl.ResponseTimePercentilesGraphConsumer#stopProducing(): responseTimePercentiles produced 0 samples
2026-08-15 15:51:03,142 INFO o.a.j.r.p.AbstractSampleConsumer: class org.apache.jmeter.report.processor.graph.impl.ResponseTimePercentilesOverTimeGraphConsumer#stopProducing(): responseTimePercentilesOverTime produced 0 samples
2026-08-15 15:51:03,147 INFO o.a.j.r.p.AbstractSampleConsumer: class org.apache.jmeter.report.processor.graph.impl.ResponseTimeOverTimeGraphConsumer#stopProducing(): responseTimesOverTime produced 0 samples
2026-08-15 15:51:03,147 INFO o.a.j.r.p.AbstractSampleConsumer: class org.apache.jmeter.report.processor.graph.impl.ConnectTimeOverTimeGraphConsumer#stopProducing(): connectTimeOverTime produced 0 samples
2026-08-15 15:51:03,148 INFO o.a.j.r.p.AbstractSampleConsumer: class org.apache.jmeter.report.processor.graph.impl.LatencyOverTimeGraphConsumer#stopProducing(): latenciesOverTime produced 0 samples
2026-08-15 15:51:03,148 INFO o.a.j.r.p.AbstractSampleConsumer: class org.apache.jmeter.report.processor.FilterConsumer#stopProducing(): nameFilter produced 572400 samples
2026-08-15 15:51:03,149 INFO o.a.j.r.p.AbstractSampleConsumer: class org.apache.jmeter.report.processor.FilterConsumer#stopProducing(): dateRangeFilter produced 114480 samples
2026-08-15 15:51:03,149 INFO o.a.j.r.p.AbstractSampleConsumer: class org.apache.jmeter.report.processor.NormalizerSampleConsumer#stopProducing(): normalizer produced 38160 samples
2026-08-15 15:51:03,149 INFO o.a.j.r.p.CsvFileSampleSource: produce(): 38160 samples produced in 1s 298 ms on channel 0
2026-08-15 15:51:03,149 INFO o.a.j.r.d.ReportGenerator: Exporting data using exporter:'json' of className:'org.apache.jmeter.report.dashboard.JsonExporter'
2026-08-15 15:51:03,215 INFO o.a.j.r.d.JsonExporter: Found data for consumer statisticsSummary in context
2026-08-15 15:51:03,215 INFO o.a.j.r.d.JsonExporter: Creating statistics for overall
2026-08-15 15:51:03,216 INFO o.a.j.r.d.JsonExporter: Creating statistics for other transactions
2026-08-15 15:51:03,216 INFO o.a.j.r.d.JsonExporter: Checking output folder
2026-08-15 15:51:03,216 INFO o.a.j.r.d.JsonExporter: Writing statistics JSON to /Users/macos/Documents/HK3_Nam3/kiem_thu/HW05-Performance-Testing/results/html/spike/statistics.json
2026-08-15 15:51:03,242 INFO o.a.j.r.d.ReportGenerator: Exporting data using exporter:'html' of className:'org.apache.jmeter.report.dashboard.HtmlTemplateExporter'
2026-08-15 15:51:03,243 INFO o.a.j.r.d.HtmlTemplateExporter: Will generate dashboard in folder: /Users/macos/Documents/HK3_Nam3/kiem_thu/HW05-Performance-Testing/results/html/spike
2026-08-15 15:51:03,346 INFO o.a.j.r.d.HtmlTemplateExporter: Report will be generated in: /Users/macos/Documents/HK3_Nam3/kiem_thu/HW05-Performance-Testing/results/html/spike, creating folder structure
2026-08-15 15:51:03,347 INFO o.a.j.r.d.TemplateVisitor: Copying folder from '/opt/homebrew/Cellar/jmeter/5.6.3/libexec/bin/report-template' to '/Users/macos/Documents/HK3_Nam3/kiem_thu/HW05-Performance-Testing/results/html/spike', got message: /Users/macos/Documents/HK3_Nam3/kiem_thu/HW05-Performance-Testing/results/html/spike, found non empty folder with following content [/Users/macos/Documents/HK3_Nam3/kiem_thu/HW05-Performance-Testing/results/html/spike/statistics.json], will be ignored
2026-08-15 15:51:03,493 INFO o.a.j.JMeter: Dashboard generated
