2026-08-15 15:29:38,865 INFO o.a.j.u.JMeterUtils: Setting Locale to en_EN
2026-08-15 15:29:38,878 INFO o.a.j.JMeter: Loading user properties from: /opt/homebrew/Cellar/jmeter/5.6.3/libexec/bin/user.properties
2026-08-15 15:29:38,879 INFO o.a.j.JMeter: Loading system properties from: /opt/homebrew/Cellar/jmeter/5.6.3/libexec/bin/system.properties
2026-08-15 15:29:38,879 INFO o.a.j.JMeter: Loading additional properties from: tools/jmeter-user.properties
2026-08-15 15:29:38,880 INFO o.a.j.JMeter: Setting JMeter property: student.id=23127178
2026-08-15 15:29:38,880 INFO o.a.j.JMeter: Setting JMeter property: scenario=Load
2026-08-15 15:29:38,882 INFO o.a.j.JMeter: Copyright (c) 1998-2024 The Apache Software Foundation
2026-08-15 15:29:38,882 INFO o.a.j.JMeter: Version 5.6.3
2026-08-15 15:29:38,882 INFO o.a.j.JMeter: java.version=21.0.12
2026-08-15 15:29:38,882 INFO o.a.j.JMeter: java.vm.name=OpenJDK 64-Bit Server VM
2026-08-15 15:29:38,883 INFO o.a.j.JMeter: os.name=Mac OS X
2026-08-15 15:29:38,883 INFO o.a.j.JMeter: os.arch=aarch64
2026-08-15 15:29:38,883 INFO o.a.j.JMeter: os.version=26.1
2026-08-15 15:29:38,883 INFO o.a.j.JMeter: file.encoding=UTF-8
2026-08-15 15:29:38,883 INFO o.a.j.JMeter: java.awt.headless=true
2026-08-15 15:29:38,883 INFO o.a.j.JMeter: Max memory     =1073741824
2026-08-15 15:29:38,883 INFO o.a.j.JMeter: Available Processors =12
2026-08-15 15:29:38,889 INFO o.a.j.JMeter: Default Locale=English (EN)
2026-08-15 15:29:38,889 INFO o.a.j.JMeter: JMeter  Locale=English (EN)
2026-08-15 15:29:38,889 INFO o.a.j.JMeter: JMeterHome=/opt/homebrew/Cellar/jmeter/5.6.3/libexec
2026-08-15 15:29:38,889 INFO o.a.j.JMeter: user.dir  =/Users/macos/Documents/HK3_Nam3/kiem_thu/HW05-Performance-Testing
2026-08-15 15:29:38,889 INFO o.a.j.JMeter: PWD       =/Users/macos/Documents/HK3_Nam3/kiem_thu/HW05-Performance-Testing
2026-08-15 15:29:39,006 INFO o.a.j.JMeter: IP: 192.168.0.125 Name: Le-Nhut-Duy.local FullName: 192.168.0.125
2026-08-15 15:29:39,014 INFO o.a.j.JMeter: Setting property 'jmeter.reportgenerator.outputdir' to:'/Users/macos/Documents/HK3_Nam3/kiem_thu/HW05-Performance-Testing/results/html/load'
2026-08-15 15:29:39,016 INFO o.a.j.s.FileServer: Default base='/Users/macos/Documents/HK3_Nam3/kiem_thu/HW05-Performance-Testing'
2026-08-15 15:29:39,016 INFO o.a.j.s.FileServer: Set new base='/Users/macos/Documents/HK3_Nam3/kiem_thu/HW05-Performance-Testing/test-plans'
2026-08-15 15:29:39,138 INFO o.a.j.s.SaveService: Testplan (JMX) version: 2.2. Testlog (JTL) version: 2.2
2026-08-15 15:29:39,157 INFO o.a.j.s.SaveService: Using SaveService properties version 5.0
2026-08-15 15:29:39,158 INFO o.a.j.s.SaveService: Using SaveService properties file encoding UTF-8
2026-08-15 15:29:39,160 INFO o.a.j.s.SaveService: Loading file: test-plans/23127178_Load_20260813.jmx
2026-08-15 15:29:39,193 INFO o.a.j.p.h.s.HTTPSamplerBase: Parser for text/html is org.apache.jmeter.protocol.http.parser.LagartoBasedHtmlParser
2026-08-15 15:29:39,193 INFO o.a.j.p.h.s.HTTPSamplerBase: Parser for application/xhtml+xml is org.apache.jmeter.protocol.http.parser.LagartoBasedHtmlParser
2026-08-15 15:29:39,193 INFO o.a.j.p.h.s.HTTPSamplerBase: Parser for application/xml is org.apache.jmeter.protocol.http.parser.LagartoBasedHtmlParser
2026-08-15 15:29:39,194 INFO o.a.j.p.h.s.HTTPSamplerBase: Parser for text/xml is org.apache.jmeter.protocol.http.parser.LagartoBasedHtmlParser
2026-08-15 15:29:39,194 INFO o.a.j.p.h.s.HTTPSamplerBase: Parser for text/vnd.wap.wml is org.apache.jmeter.protocol.http.parser.RegexpHTMLParser
2026-08-15 15:29:39,194 INFO o.a.j.p.h.s.HTTPSamplerBase: Parser for text/css is org.apache.jmeter.protocol.http.parser.CssParser
2026-08-15 15:29:39,223 INFO o.a.j.JMeter: Creating summariser <summary>
2026-08-15 15:29:39,226 INFO o.a.j.r.d.ReportGenerator: ReportGenerator will use for Parsing the separator: ','
2026-08-15 15:29:39,226 INFO o.a.j.r.d.ReportGenerator: Will generate report at end of test from  results file: results/jtl/23127178_Load_20260815-152938.jtl
2026-08-15 15:29:39,226 INFO o.a.j.r.d.ReportGenerator: Reading report generator properties from: /opt/homebrew/Cellar/jmeter/5.6.3/libexec/bin/reportgenerator.properties
2026-08-15 15:29:39,226 INFO o.a.j.r.d.ReportGenerator: Merging with JMeter properties
2026-08-15 15:29:39,228 INFO o.a.j.r.c.ReportGeneratorConfiguration: Property 'jmeter.reportgenerator.temp_dir' not found, using default value 'temp' instead.
2026-08-15 15:29:39,229 INFO o.a.j.r.c.ReportGeneratorConfiguration: Property 'jmeter.reportgenerator.apdex_per_transaction' not found, using default value 'null' instead.
2026-08-15 15:29:39,229 INFO o.a.j.r.c.ReportGeneratorConfiguration: apdex_per_transaction is empty, not APDEX per transaction customization
2026-08-15 15:29:39,229 INFO o.a.j.r.c.ReportGeneratorConfiguration: Property 'jmeter.reportgenerator.sample_filter' not found, using default value 'null' instead.
2026-08-15 15:29:39,229 INFO o.a.j.r.c.ReportGeneratorConfiguration: Property 'jmeter.reportgenerator.report_title' not found, using default value 'null' instead.
2026-08-15 15:29:39,229 INFO o.a.j.r.c.ReportGeneratorConfiguration: Property 'jmeter.reportgenerator.start_date' not found, using default value 'null' instead.
2026-08-15 15:29:39,229 INFO o.a.j.r.c.ReportGeneratorConfiguration: Property 'jmeter.reportgenerator.end_date' not found, using default value 'null' instead.
2026-08-15 15:29:39,229 INFO o.a.j.r.c.ReportGeneratorConfiguration: Property 'jmeter.reportgenerator.date_format' not found, using default value 'null' instead.
2026-08-15 15:29:39,229 INFO o.a.j.r.c.ReportGeneratorConfiguration: Will use date range start date: null, end date: null
2026-08-15 15:29:39,231 INFO o.a.j.r.c.ReportGeneratorConfiguration: Property 'jmeter.reportgenerator.graph.totalTPS.exclude_controllers' not found, using default value 'false' instead.
2026-08-15 15:29:39,231 INFO o.a.j.r.c.ReportGeneratorConfiguration: Property 'jmeter.reportgenerator.graph.activeThreadsOverTime.exclude_controllers' not found, using default value 'false' instead.
2026-08-15 15:29:39,231 INFO o.a.j.r.c.ReportGeneratorConfiguration: Property 'jmeter.reportgenerator.graph.timeVsThreads.exclude_controllers' not found, using default value 'false' instead.
2026-08-15 15:29:39,231 INFO o.a.j.r.c.ReportGeneratorConfiguration: Property 'jmeter.reportgenerator.graph.responseTimeDistribution.exclude_controllers' not found, using default value 'false' instead.
2026-08-15 15:29:39,231 INFO o.a.j.r.c.ReportGeneratorConfiguration: Property 'jmeter.reportgenerator.graph.transactionsPerSecond.exclude_controllers' not found, using default value 'false' instead.
2026-08-15 15:29:39,231 INFO o.a.j.r.c.ReportGeneratorConfiguration: Property 'jmeter.reportgenerator.graph.responseTimePercentiles.exclude_controllers' not found, using default value 'false' instead.
2026-08-15 15:29:39,231 INFO o.a.j.r.c.ReportGeneratorConfiguration: Property 'jmeter.reportgenerator.graph.responseTimePercentilesOverTime.exclude_controllers' not found, using default value 'false' instead.
2026-08-15 15:29:39,231 INFO o.a.j.r.c.ReportGeneratorConfiguration: Property 'jmeter.reportgenerator.graph.responseTimesOverTime.exclude_controllers' not found, using default value 'false' instead.
2026-08-15 15:29:39,231 INFO o.a.j.r.c.ReportGeneratorConfiguration: Property 'jmeter.reportgenerator.graph.connectTimeOverTime.exclude_controllers' not found, using default value 'false' instead.
2026-08-15 15:29:39,232 INFO o.a.j.r.c.ReportGeneratorConfiguration: Property 'jmeter.reportgenerator.graph.latenciesOverTime.exclude_controllers' not found, using default value 'false' instead.
2026-08-15 15:29:39,232 INFO o.a.j.r.c.ReportGeneratorConfiguration: Property 'jmeter.reportgenerator.exporter.json.filters_only_sample_series' not found, using default value 'true' instead.
2026-08-15 15:29:39,232 INFO o.a.j.r.c.ReportGeneratorConfiguration: Property 'jmeter.reportgenerator.exporter.json.series_filter' not found, using default value '' instead.
2026-08-15 15:29:39,232 INFO o.a.j.r.c.ReportGeneratorConfiguration: Property 'jmeter.reportgenerator.exporter.json.show_controllers_only' not found, using default value 'false' instead.
2026-08-15 15:29:39,232 INFO o.a.j.r.c.ReportGeneratorConfiguration: Property 'jmeter.reportgenerator.exporter.html.filters_only_sample_series' not found, using default value 'true' instead.
2026-08-15 15:29:39,232 INFO o.a.j.r.c.ReportGeneratorConfiguration: Property 'jmeter.reportgenerator.exporter.html.series_filter' not found, using default value '' instead.
2026-08-15 15:29:39,232 INFO o.a.j.r.c.ReportGeneratorConfiguration: Property 'jmeter.reportgenerator.exporter.html.show_controllers_only' not found, using default value 'false' instead.
2026-08-15 15:29:39,238 INFO o.a.j.e.StandardJMeterEngine: Running the test!
2026-08-15 15:29:39,239 INFO o.a.j.s.SampleEvent: List of sample_variables: []
2026-08-15 15:29:39,239 INFO o.a.j.s.SampleEvent: List of sample_variables: []
2026-08-15 15:29:39,240 INFO o.a.j.e.u.CompoundVariable: Note: Function class names must contain the string: '.functions.'
2026-08-15 15:29:39,240 INFO o.a.j.e.u.CompoundVariable: Note: Function class names must not contain the string: '.gui.'
2026-08-15 15:29:39,259 INFO o.a.j.r.ClassFinder: Will scan jar /opt/homebrew/Cellar/jmeter/5.6.3/libexec/lib/ext/jmeter-plugins-manager-1.9.jar with filter ExtendsClassFilter [parents=[interface org.apache.jmeter.functions.Function], inner=false, contains=null, notContains=null]. Consider exposing JMeter plugins via META-INF/services, and add JMeter-Skip-Class-Scanning=true manifest attribute so JMeter can skip classfile scanning
2026-08-15 15:29:39,429 INFO o.a.j.JMeter: Running test (1786782579429)
2026-08-15 15:29:39,439 INFO o.a.j.e.StandardJMeterEngine: Starting ThreadGroup: 1 : Thread Group — tai on dinh
2026-08-15 15:29:39,439 INFO o.a.j.e.StandardJMeterEngine: Starting 20 threads for group Thread Group — tai on dinh.
2026-08-15 15:29:39,439 INFO o.a.j.e.StandardJMeterEngine: Thread will continue on error
2026-08-15 15:29:39,439 INFO o.a.j.t.ThreadGroup: Starting thread group... number=1 threads=20 ramp-up=60 delayedStart=false
2026-08-15 15:29:39,448 INFO o.a.j.t.JMeterThread: Thread started: Thread Group — tai on dinh 1-1
2026-08-15 15:29:39,449 INFO o.a.j.s.FileServer: Stored: data/orders.csv
2026-08-15 15:29:39,451 INFO o.a.j.t.ThreadGroup: Started thread group number 1
2026-08-15 15:29:39,451 INFO o.a.j.e.StandardJMeterEngine: Starting ThreadGroup: 2 : TG-lockout — nhanh account-lockout (2 VU)
2026-08-15 15:29:39,451 INFO o.a.j.e.StandardJMeterEngine: Starting 2 threads for group TG-lockout — nhanh account-lockout (2 VU).
2026-08-15 15:29:39,451 INFO o.a.j.e.StandardJMeterEngine: Thread will continue on error
2026-08-15 15:29:39,451 INFO o.a.j.t.ThreadGroup: Starting thread group... number=2 threads=2 ramp-up=1 delayedStart=false
2026-08-15 15:29:39,451 INFO o.a.j.t.ThreadGroup: Started thread group number 2
2026-08-15 15:29:39,452 INFO o.a.j.e.StandardJMeterEngine: All thread groups have been started
2026-08-15 15:29:39,456 INFO o.a.j.s.FileServer: Stored: data/products_import.csv
2026-08-15 15:29:39,457 INFO o.a.j.s.FileServer: Stored: data/users.csv
2026-08-15 15:29:39,701 INFO o.a.j.p.h.s.HTTPHCAbstractImpl: Local host = Le-Nhut-Duy.local
2026-08-15 15:29:39,704 INFO o.a.j.p.h.s.HTTPHC4Impl: HTTP request retry count = 0
2026-08-15 15:29:39,704 INFO o.a.j.s.SampleResult: Note: Sample TimeStamps are START times
2026-08-15 15:29:39,704 INFO o.a.j.s.SampleResult: sampleresult.default.encoding is set to UTF-8
2026-08-15 15:29:39,704 INFO o.a.j.s.SampleResult: sampleresult.useNanoTime=true
2026-08-15 15:29:39,704 INFO o.a.j.s.SampleResult: sampleresult.nanoThreadSleep=5000
2026-08-15 15:29:41,940 INFO o.a.j.u.JsseSSLManager: Using default SSL protocol: TLS
2026-08-15 15:29:41,940 INFO o.a.j.u.JsseSSLManager: SSL session context: per-thread
2026-08-15 15:29:42,452 INFO o.a.j.t.JMeterThread: Thread started: Thread Group — tai on dinh 1-2
2026-08-15 15:29:45,451 INFO o.a.j.t.JMeterThread: Thread started: Thread Group — tai on dinh 1-3
2026-08-15 15:29:48,450 INFO o.a.j.t.JMeterThread: Thread started: Thread Group — tai on dinh 1-4
2026-08-15 15:29:49,456 INFO o.a.j.t.JMeterThread: Thread started: TG-lockout — nhanh account-lockout (2 VU) 2-1
2026-08-15 15:29:49,457 INFO o.a.j.s.FileServer: Stored: data/users_lockout.csv
2026-08-15 15:29:49,961 INFO o.a.j.t.JMeterThread: Thread started: TG-lockout — nhanh account-lockout (2 VU) 2-2
2026-08-15 15:29:51,449 INFO o.a.j.t.JMeterThread: Thread started: Thread Group — tai on dinh 1-5
2026-08-15 15:29:54,446 INFO o.a.j.t.JMeterThread: Thread started: Thread Group — tai on dinh 1-6
2026-08-15 15:29:57,446 INFO o.a.j.t.JMeterThread: Thread started: Thread Group — tai on dinh 1-7
2026-08-15 15:30:00,098 INFO o.a.j.r.Summariser: summary +    203 in 00:00:21 =    9.8/s Avg:     6 Min:     1 Max:    43 Err:     0 (0.00%) Active: 9 Started: 9 Finished: 0
2026-08-15 15:30:00,447 INFO o.a.j.t.JMeterThread: Thread started: Thread Group — tai on dinh 1-8
2026-08-15 15:30:03,442 INFO o.a.j.t.JMeterThread: Thread started: Thread Group — tai on dinh 1-9
2026-08-15 15:30:06,442 INFO o.a.j.t.JMeterThread: Thread started: Thread Group — tai on dinh 1-10
2026-08-15 15:30:09,444 INFO o.a.j.t.JMeterThread: Thread started: Thread Group — tai on dinh 1-11
2026-08-15 15:30:12,440 INFO o.a.j.t.JMeterThread: Thread started: Thread Group — tai on dinh 1-12
2026-08-15 15:30:15,444 INFO o.a.j.t.JMeterThread: Thread started: Thread Group — tai on dinh 1-13
2026-08-15 15:30:18,444 INFO o.a.j.t.JMeterThread: Thread started: Thread Group — tai on dinh 1-14
2026-08-15 15:30:21,445 INFO o.a.j.t.JMeterThread: Thread started: Thread Group — tai on dinh 1-15
2026-08-15 15:30:24,444 INFO o.a.j.t.JMeterThread: Thread started: Thread Group — tai on dinh 1-16
2026-08-15 15:30:27,444 INFO o.a.j.t.JMeterThread: Thread started: Thread Group — tai on dinh 1-17
2026-08-15 15:30:30,004 INFO o.a.j.r.Summariser: summary +    928 in 00:00:30 =   31.0/s Avg:     4 Min:     0 Max:    27 Err:     0 (0.00%) Active: 19 Started: 19 Finished: 0
2026-08-15 15:30:30,005 INFO o.a.j.r.Summariser: summary =   1131 in 00:00:51 =   22.4/s Avg:     4 Min:     0 Max:    43 Err:     0 (0.00%)
2026-08-15 15:30:30,443 INFO o.a.j.t.JMeterThread: Thread started: Thread Group — tai on dinh 1-18
2026-08-15 15:30:33,445 INFO o.a.j.t.JMeterThread: Thread started: Thread Group — tai on dinh 1-19
2026-08-15 15:30:36,445 INFO o.a.j.t.JMeterThread: Thread started: Thread Group — tai on dinh 1-20
2026-08-15 15:31:00,065 INFO o.a.j.r.Summariser: summary +   1447 in 00:00:30 =   48.1/s Avg:     4 Min:     0 Max:    84 Err:     0 (0.00%) Active: 22 Started: 22 Finished: 0
2026-08-15 15:31:00,066 INFO o.a.j.r.Summariser: summary =   2578 in 00:01:21 =   32.0/s Avg:     4 Min:     0 Max:    84 Err:     0 (0.00%)
2026-08-15 15:31:30,041 INFO o.a.j.r.Summariser: summary +   1499 in 00:00:30 =   50.0/s Avg:     4 Min:     0 Max:    19 Err:     0 (0.00%) Active: 22 Started: 22 Finished: 0
2026-08-15 15:31:30,043 INFO o.a.j.r.Summariser: summary =   4077 in 00:01:51 =   36.9/s Avg:     4 Min:     0 Max:    84 Err:     0 (0.00%)
2026-08-15 15:31:48,721 INFO o.a.j.t.JMeterThread: Thread finished: TG-lockout — nhanh account-lockout (2 VU) 2-2
2026-08-15 15:31:49,388 INFO o.a.j.t.JMeterThread: Thread finished: TG-lockout — nhanh account-lockout (2 VU) 2-1
2026-08-15 15:32:00,003 INFO o.a.j.r.Summariser: summary +   1491 in 00:00:30 =   49.8/s Avg:     4 Min:     0 Max:    25 Err:     0 (0.00%) Active: 20 Started: 22 Finished: 2
2026-08-15 15:32:00,009 INFO o.a.j.r.Summariser: summary =   5568 in 00:02:21 =   39.6/s Avg:     4 Min:     0 Max:    84 Err:     0 (0.00%)
2026-08-15 15:32:30,004 INFO o.a.j.r.Summariser: summary +   1466 in 00:00:30 =   48.9/s Avg:     4 Min:     0 Max:    33 Err:     0 (0.00%) Active: 20 Started: 22 Finished: 2
2026-08-15 15:32:30,006 INFO o.a.j.r.Summariser: summary =   7034 in 00:02:51 =   41.2/s Avg:     4 Min:     0 Max:    84 Err:     0 (0.00%)
2026-08-15 15:33:00,033 INFO o.a.j.r.Summariser: summary +   1471 in 00:00:30 =   49.0/s Avg:     4 Min:     0 Max:    27 Err:     0 (0.00%) Active: 20 Started: 22 Finished: 2
2026-08-15 15:33:00,035 INFO o.a.j.r.Summariser: summary =   8505 in 00:03:21 =   42.4/s Avg:     4 Min:     0 Max:    84 Err:     0 (0.00%)
2026-08-15 15:33:30,005 INFO o.a.j.r.Summariser: summary +   1480 in 00:00:30 =   49.4/s Avg:     3 Min:     0 Max:    19 Err:     0 (0.00%) Active: 20 Started: 22 Finished: 2
2026-08-15 15:33:30,007 INFO o.a.j.r.Summariser: summary =   9985 in 00:03:51 =   43.3/s Avg:     4 Min:     0 Max:    84 Err:     0 (0.00%)
2026-08-15 15:34:00,024 INFO o.a.j.r.Summariser: summary +   1496 in 00:00:30 =   49.8/s Avg:     3 Min:     0 Max:    47 Err:     0 (0.00%) Active: 20 Started: 22 Finished: 2
2026-08-15 15:34:00,026 INFO o.a.j.r.Summariser: summary =  11481 in 00:04:21 =   44.1/s Avg:     3 Min:     0 Max:    84 Err:     0 (0.00%)
2026-08-15 15:34:30,003 INFO o.a.j.r.Summariser: summary +   1449 in 00:00:30 =   48.3/s Avg:     3 Min:     0 Max:    32 Err:     0 (0.00%) Active: 20 Started: 22 Finished: 2
2026-08-15 15:34:30,004 INFO o.a.j.r.Summariser: summary =  12930 in 00:04:51 =   44.5/s Avg:     3 Min:     0 Max:    84 Err:     0 (0.00%)
2026-08-15 15:35:00,043 INFO o.a.j.r.Summariser: summary +   1492 in 00:00:30 =   49.7/s Avg:     2 Min:     0 Max:    31 Err:     0 (0.00%) Active: 20 Started: 22 Finished: 2
2026-08-15 15:35:00,045 INFO o.a.j.r.Summariser: summary =  14422 in 00:05:21 =   45.0/s Avg:     3 Min:     0 Max:    84 Err:     0 (0.00%)
2026-08-15 15:35:30,009 INFO o.a.j.r.Summariser: summary +   1446 in 00:00:30 =   48.3/s Avg:     2 Min:     0 Max:    25 Err:     0 (0.00%) Active: 20 Started: 22 Finished: 2
2026-08-15 15:35:30,011 INFO o.a.j.r.Summariser: summary =  15868 in 00:05:51 =   45.3/s Avg:     3 Min:     0 Max:    84 Err:     0 (0.00%)
2026-08-15 15:35:39,022 INFO o.a.j.t.JMeterThread: Thread finished: Thread Group — tai on dinh 1-9
2026-08-15 15:35:39,026 INFO o.a.j.t.JMeterThread: Thread finished: Thread Group — tai on dinh 1-8
2026-08-15 15:35:39,132 INFO o.a.j.t.JMeterThread: Thread finished: Thread Group — tai on dinh 1-1
2026-08-15 15:35:39,153 INFO o.a.j.t.JMeterThread: Thread finished: Thread Group — tai on dinh 1-11
2026-08-15 15:35:39,154 INFO o.a.j.t.JMeterThread: Thread finished: Thread Group — tai on dinh 1-2
2026-08-15 15:35:39,161 INFO o.a.j.t.JMeterThread: Thread finished: Thread Group — tai on dinh 1-14
2026-08-15 15:35:39,183 INFO o.a.j.t.JMeterThread: Thread finished: Thread Group — tai on dinh 1-5
2026-08-15 15:35:39,222 INFO o.a.j.t.JMeterThread: Thread finished: Thread Group — tai on dinh 1-18
2026-08-15 15:35:39,222 INFO o.a.j.t.JMeterThread: Thread finished: Thread Group — tai on dinh 1-12
2026-08-15 15:35:39,225 INFO o.a.j.t.JMeterThread: Thread finished: Thread Group — tai on dinh 1-17
2026-08-15 15:35:39,231 INFO o.a.j.t.JMeterThread: Thread finished: Thread Group — tai on dinh 1-3
2026-08-15 15:35:39,240 INFO o.a.j.t.JMeterThread: Thread finished: Thread Group — tai on dinh 1-15
2026-08-15 15:35:39,255 INFO o.a.j.t.JMeterThread: Thread finished: Thread Group — tai on dinh 1-13
2026-08-15 15:35:39,282 INFO o.a.j.t.JMeterThread: Thread finished: Thread Group — tai on dinh 1-16
2026-08-15 15:35:39,286 INFO o.a.j.t.JMeterThread: Thread finished: Thread Group — tai on dinh 1-6
2026-08-15 15:35:39,351 INFO o.a.j.t.JMeterThread: Thread finished: Thread Group — tai on dinh 1-19
2026-08-15 15:35:39,378 INFO o.a.j.t.JMeterThread: Thread finished: Thread Group — tai on dinh 1-4
2026-08-15 15:35:39,408 INFO o.a.j.t.JMeterThread: Thread finished: Thread Group — tai on dinh 1-20
2026-08-15 15:35:39,425 INFO o.a.j.t.JMeterThread: Thread finished: Thread Group — tai on dinh 1-10
2026-08-15 15:35:39,427 INFO o.a.j.t.JMeterThread: Thread finished: Thread Group — tai on dinh 1-7
2026-08-15 15:35:39,428 INFO o.a.j.e.StandardJMeterEngine: Notifying test listeners of end of test
2026-08-15 15:35:39,428 INFO o.a.j.s.FileServer: Close: data/products_import.csv
2026-08-15 15:35:39,429 INFO o.a.j.s.FileServer: Close: data/orders.csv
2026-08-15 15:35:39,429 INFO o.a.j.s.FileServer: Close: data/users.csv
2026-08-15 15:35:39,429 INFO o.a.j.s.FileServer: Close: data/users_lockout.csv
2026-08-15 15:35:39,441 INFO o.a.j.r.Summariser: summary +    475 in 00:00:09 =   50.4/s Avg:     2 Min:     0 Max:    18 Err:     0 (0.00%) Active: 0 Started: 22 Finished: 22
2026-08-15 15:35:39,441 INFO o.a.j.r.Summariser: summary =  16343 in 00:06:00 =   45.4/s Avg:     3 Min:     0 Max:    84 Err:     0 (0.00%)
2026-08-15 15:35:39,442 INFO o.a.j.JMeter: Generating Dashboard
2026-08-15 15:35:39,443 INFO o.a.j.r.d.ReportGenerator: Flushing result collector before report Generation
2026-08-15 15:35:39,460 INFO o.a.j.r.p.NormalizerSampleConsumer: Using format, 'ms', to parse timeStamp field
2026-08-15 15:35:39,893 INFO o.a.j.r.p.AbstractSampleConsumer: class org.apache.jmeter.report.processor.AggregateConsumer#stopProducing(): beginDate produced 0 samples
2026-08-15 15:35:39,893 INFO o.a.j.r.p.AbstractSampleConsumer: class org.apache.jmeter.report.processor.AggregateConsumer#stopProducing(): endDate produced 0 samples
2026-08-15 15:35:39,895 INFO o.a.j.r.p.AbstractSampleConsumer: class org.apache.jmeter.report.processor.ApdexSummaryConsumer#stopProducing(): apdexSummary produced 0 samples
2026-08-15 15:35:39,895 INFO o.a.j.r.p.AbstractSampleConsumer: class org.apache.jmeter.report.processor.RequestsSummaryConsumer#stopProducing(): requestsSummary produced 0 samples
2026-08-15 15:35:39,902 INFO o.a.j.r.p.AbstractSampleConsumer: class org.apache.jmeter.report.processor.StatisticsSummaryConsumer#stopProducing(): statisticsSummary produced 0 samples
2026-08-15 15:35:39,904 INFO o.a.j.r.p.AbstractSampleConsumer: class org.apache.jmeter.report.processor.Top5ErrorsBySamplerConsumer#stopProducing(): top5ErrorsBySampler produced 0 samples
2026-08-15 15:35:39,904 INFO o.a.j.r.p.AbstractSampleConsumer: class org.apache.jmeter.report.processor.ErrorsSummaryConsumer#stopProducing(): errorsSummary produced 0 samples
2026-08-15 15:35:39,904 INFO o.a.j.r.p.AbstractSampleConsumer: class org.apache.jmeter.report.processor.graph.impl.HitsPerSecondGraphConsumer#stopProducing(): hitsPerSecond produced 0 samples
2026-08-15 15:35:40,013 INFO o.a.j.r.p.AbstractSampleConsumer: class org.apache.jmeter.report.processor.graph.impl.LatencyVSRequestGraphConsumer#stopProducing(): latencyVsRequest produced 0 samples
2026-08-15 15:35:40,014 INFO o.a.j.r.p.AbstractSampleConsumer: class org.apache.jmeter.report.processor.graph.impl.SyntheticResponseTimeDistributionGraphConsumer#stopProducing(): syntheticResponseTimeDistribution produced 0 samples
2026-08-15 15:35:40,014 INFO o.a.j.r.p.AbstractSampleConsumer: class org.apache.jmeter.report.processor.graph.impl.BytesThroughputGraphConsumer#stopProducing(): bytesThroughputOverTime produced 0 samples
2026-08-15 15:35:40,014 INFO o.a.j.r.p.AbstractSampleConsumer: class org.apache.jmeter.report.processor.graph.impl.CodesPerSecondGraphConsumer#stopProducing(): codesPerSecond produced 0 samples
2026-08-15 15:35:40,083 INFO o.a.j.r.p.AbstractSampleConsumer: class org.apache.jmeter.report.processor.graph.impl.ResponseTimeVSRequestGraphConsumer#stopProducing(): responseTimeVsRequest produced 0 samples
2026-08-15 15:35:40,084 INFO o.a.j.r.p.AbstractSampleConsumer: class org.apache.jmeter.report.processor.FilterConsumer#stopProducing(): startIntervalControlerFilter produced 114401 samples
2026-08-15 15:35:40,084 INFO o.a.j.r.p.AbstractSampleConsumer: class org.apache.jmeter.report.processor.graph.impl.TotalTPSGraphConsumer#stopProducing(): totalTPS produced 0 samples
2026-08-15 15:35:40,084 INFO o.a.j.r.p.AbstractSampleConsumer: class org.apache.jmeter.report.processor.graph.impl.ActiveThreadsGraphConsumer#stopProducing(): activeThreadsOverTime produced 0 samples
2026-08-15 15:35:40,084 INFO o.a.j.r.p.AbstractSampleConsumer: class org.apache.jmeter.report.processor.graph.impl.TimeVSThreadGraphConsumer#stopProducing(): timeVsThreads produced 0 samples
2026-08-15 15:35:40,084 INFO o.a.j.r.p.AbstractSampleConsumer: class org.apache.jmeter.report.processor.graph.impl.ResponseTimeDistributionGraphConsumer#stopProducing(): responseTimeDistribution produced 0 samples
2026-08-15 15:35:40,084 INFO o.a.j.r.p.AbstractSampleConsumer: class org.apache.jmeter.report.processor.graph.impl.TransactionsPerSecondGraphConsumer#stopProducing(): transactionsPerSecond produced 0 samples
2026-08-15 15:35:40,085 INFO o.a.j.r.p.AbstractSampleConsumer: class org.apache.jmeter.report.processor.graph.impl.ResponseTimePercentilesGraphConsumer#stopProducing(): responseTimePercentiles produced 0 samples
2026-08-15 15:35:40,086 INFO o.a.j.r.p.AbstractSampleConsumer: class org.apache.jmeter.report.processor.graph.impl.ResponseTimePercentilesOverTimeGraphConsumer#stopProducing(): responseTimePercentilesOverTime produced 0 samples
2026-08-15 15:35:40,092 INFO o.a.j.r.p.AbstractSampleConsumer: class org.apache.jmeter.report.processor.graph.impl.ResponseTimeOverTimeGraphConsumer#stopProducing(): responseTimesOverTime produced 0 samples
2026-08-15 15:35:40,093 INFO o.a.j.r.p.AbstractSampleConsumer: class org.apache.jmeter.report.processor.graph.impl.ConnectTimeOverTimeGraphConsumer#stopProducing(): connectTimeOverTime produced 0 samples
2026-08-15 15:35:40,094 INFO o.a.j.r.p.AbstractSampleConsumer: class org.apache.jmeter.report.processor.graph.impl.LatencyOverTimeGraphConsumer#stopProducing(): latenciesOverTime produced 0 samples
2026-08-15 15:35:40,095 INFO o.a.j.r.p.AbstractSampleConsumer: class org.apache.jmeter.report.processor.FilterConsumer#stopProducing(): nameFilter produced 245145 samples
2026-08-15 15:35:40,095 INFO o.a.j.r.p.AbstractSampleConsumer: class org.apache.jmeter.report.processor.FilterConsumer#stopProducing(): dateRangeFilter produced 49029 samples
2026-08-15 15:35:40,095 INFO o.a.j.r.p.AbstractSampleConsumer: class org.apache.jmeter.report.processor.NormalizerSampleConsumer#stopProducing(): normalizer produced 16343 samples
2026-08-15 15:35:40,095 INFO o.a.j.r.p.CsvFileSampleSource: produce(): 16343 samples produced in 622ms on channel 0
2026-08-15 15:35:40,095 INFO o.a.j.r.d.ReportGenerator: Exporting data using exporter:'json' of className:'org.apache.jmeter.report.dashboard.JsonExporter'
2026-08-15 15:35:40,137 INFO o.a.j.r.d.JsonExporter: Found data for consumer statisticsSummary in context
2026-08-15 15:35:40,137 INFO o.a.j.r.d.JsonExporter: Creating statistics for overall
2026-08-15 15:35:40,138 INFO o.a.j.r.d.JsonExporter: Creating statistics for other transactions
2026-08-15 15:35:40,138 INFO o.a.j.r.d.JsonExporter: Checking output folder
2026-08-15 15:35:40,138 INFO o.a.j.r.d.JsonExporter: Writing statistics JSON to /Users/macos/Documents/HK3_Nam3/kiem_thu/HW05-Performance-Testing/results/html/load/statistics.json
2026-08-15 15:35:40,159 INFO o.a.j.r.d.ReportGenerator: Exporting data using exporter:'html' of className:'org.apache.jmeter.report.dashboard.HtmlTemplateExporter'
2026-08-15 15:35:40,161 INFO o.a.j.r.d.HtmlTemplateExporter: Will generate dashboard in folder: /Users/macos/Documents/HK3_Nam3/kiem_thu/HW05-Performance-Testing/results/html/load
2026-08-15 15:35:40,237 INFO o.a.j.r.d.HtmlTemplateExporter: Report will be generated in: /Users/macos/Documents/HK3_Nam3/kiem_thu/HW05-Performance-Testing/results/html/load, creating folder structure
2026-08-15 15:35:40,238 INFO o.a.j.r.d.TemplateVisitor: Copying folder from '/opt/homebrew/Cellar/jmeter/5.6.3/libexec/bin/report-template' to '/Users/macos/Documents/HK3_Nam3/kiem_thu/HW05-Performance-Testing/results/html/load', got message: /Users/macos/Documents/HK3_Nam3/kiem_thu/HW05-Performance-Testing/results/html/load, found non empty folder with following content [/Users/macos/Documents/HK3_Nam3/kiem_thu/HW05-Performance-Testing/results/html/load/statistics.json], will be ignored
2026-08-15 15:35:40,412 INFO o.a.j.JMeter: Dashboard generated
