2026-08-15 14:34:39,918 INFO o.a.j.u.JMeterUtils: Setting Locale to en_EN
2026-08-15 14:34:39,931 INFO o.a.j.JMeter: Loading user properties from: /opt/homebrew/Cellar/jmeter/5.6.3/libexec/bin/user.properties
2026-08-15 14:34:39,932 INFO o.a.j.JMeter: Loading system properties from: /opt/homebrew/Cellar/jmeter/5.6.3/libexec/bin/system.properties
2026-08-15 14:34:39,932 INFO o.a.j.JMeter: Loading additional properties from: tools/jmeter-user.properties
2026-08-15 14:34:39,932 INFO o.a.j.JMeter: Setting JMeter property: student.id=23127178
2026-08-15 14:34:39,932 INFO o.a.j.JMeter: Setting JMeter property: scenario=Stress
2026-08-15 14:34:39,935 INFO o.a.j.JMeter: Copyright (c) 1998-2024 The Apache Software Foundation
2026-08-15 14:34:39,935 INFO o.a.j.JMeter: Version 5.6.3
2026-08-15 14:34:39,935 INFO o.a.j.JMeter: java.version=21.0.12
2026-08-15 14:34:39,935 INFO o.a.j.JMeter: java.vm.name=OpenJDK 64-Bit Server VM
2026-08-15 14:34:39,935 INFO o.a.j.JMeter: os.name=Mac OS X
2026-08-15 14:34:39,935 INFO o.a.j.JMeter: os.arch=aarch64
2026-08-15 14:34:39,935 INFO o.a.j.JMeter: os.version=26.1
2026-08-15 14:34:39,935 INFO o.a.j.JMeter: file.encoding=UTF-8
2026-08-15 14:34:39,935 INFO o.a.j.JMeter: java.awt.headless=true
2026-08-15 14:34:39,935 INFO o.a.j.JMeter: Max memory     =1073741824
2026-08-15 14:34:39,935 INFO o.a.j.JMeter: Available Processors =12
2026-08-15 14:34:39,943 INFO o.a.j.JMeter: Default Locale=English (EN)
2026-08-15 14:34:39,943 INFO o.a.j.JMeter: JMeter  Locale=English (EN)
2026-08-15 14:34:39,943 INFO o.a.j.JMeter: JMeterHome=/opt/homebrew/Cellar/jmeter/5.6.3/libexec
2026-08-15 14:34:39,943 INFO o.a.j.JMeter: user.dir  =/Users/macos/Documents/HK3_Nam3/kiem_thu/HW05-Performance-Testing
2026-08-15 14:34:39,944 INFO o.a.j.JMeter: PWD       =/Users/macos/Documents/HK3_Nam3/kiem_thu/HW05-Performance-Testing
2026-08-15 14:34:39,947 INFO o.a.j.JMeter: IP: 169.254.103.30 Name: Le-Nhut-Duy.local FullName: le-nhut-duy.local
2026-08-15 14:34:39,953 INFO o.a.j.JMeter: Setting property 'jmeter.reportgenerator.outputdir' to:'/Users/macos/Documents/HK3_Nam3/kiem_thu/HW05-Performance-Testing/results/html/stress'
2026-08-15 14:34:39,955 INFO o.a.j.s.FileServer: Default base='/Users/macos/Documents/HK3_Nam3/kiem_thu/HW05-Performance-Testing'
2026-08-15 14:34:39,956 INFO o.a.j.s.FileServer: Set new base='/Users/macos/Documents/HK3_Nam3/kiem_thu/HW05-Performance-Testing/test-plans'
2026-08-15 14:34:40,041 INFO o.a.j.s.SaveService: Testplan (JMX) version: 2.2. Testlog (JTL) version: 2.2
2026-08-15 14:34:40,058 INFO o.a.j.s.SaveService: Using SaveService properties version 5.0
2026-08-15 14:34:40,059 INFO o.a.j.s.SaveService: Using SaveService properties file encoding UTF-8
2026-08-15 14:34:40,061 INFO o.a.j.s.SaveService: Loading file: test-plans/23127178_Stress_20260813.jmx
2026-08-15 14:34:40,091 INFO o.a.j.p.h.s.HTTPSamplerBase: Parser for text/html is org.apache.jmeter.protocol.http.parser.LagartoBasedHtmlParser
2026-08-15 14:34:40,091 INFO o.a.j.p.h.s.HTTPSamplerBase: Parser for application/xhtml+xml is org.apache.jmeter.protocol.http.parser.LagartoBasedHtmlParser
2026-08-15 14:34:40,091 INFO o.a.j.p.h.s.HTTPSamplerBase: Parser for application/xml is org.apache.jmeter.protocol.http.parser.LagartoBasedHtmlParser
2026-08-15 14:34:40,091 INFO o.a.j.p.h.s.HTTPSamplerBase: Parser for text/xml is org.apache.jmeter.protocol.http.parser.LagartoBasedHtmlParser
2026-08-15 14:34:40,092 INFO o.a.j.p.h.s.HTTPSamplerBase: Parser for text/vnd.wap.wml is org.apache.jmeter.protocol.http.parser.RegexpHTMLParser
2026-08-15 14:34:40,092 INFO o.a.j.p.h.s.HTTPSamplerBase: Parser for text/css is org.apache.jmeter.protocol.http.parser.CssParser
2026-08-15 14:34:40,127 INFO o.a.j.JMeter: Creating summariser <summary>
2026-08-15 14:34:40,129 INFO o.a.j.r.d.ReportGenerator: ReportGenerator will use for Parsing the separator: ','
2026-08-15 14:34:40,129 INFO o.a.j.r.d.ReportGenerator: Will generate report at end of test from  results file: results/jtl/23127178_Stress_20260815-143439.jtl
2026-08-15 14:34:40,129 INFO o.a.j.r.d.ReportGenerator: Reading report generator properties from: /opt/homebrew/Cellar/jmeter/5.6.3/libexec/bin/reportgenerator.properties
2026-08-15 14:34:40,130 INFO o.a.j.r.d.ReportGenerator: Merging with JMeter properties
2026-08-15 14:34:40,132 INFO o.a.j.r.c.ReportGeneratorConfiguration: Property 'jmeter.reportgenerator.temp_dir' not found, using default value 'temp' instead.
2026-08-15 14:34:40,132 INFO o.a.j.r.c.ReportGeneratorConfiguration: Property 'jmeter.reportgenerator.apdex_per_transaction' not found, using default value 'null' instead.
2026-08-15 14:34:40,133 INFO o.a.j.r.c.ReportGeneratorConfiguration: apdex_per_transaction is empty, not APDEX per transaction customization
2026-08-15 14:34:40,133 INFO o.a.j.r.c.ReportGeneratorConfiguration: Property 'jmeter.reportgenerator.sample_filter' not found, using default value 'null' instead.
2026-08-15 14:34:40,133 INFO o.a.j.r.c.ReportGeneratorConfiguration: Property 'jmeter.reportgenerator.report_title' not found, using default value 'null' instead.
2026-08-15 14:34:40,133 INFO o.a.j.r.c.ReportGeneratorConfiguration: Property 'jmeter.reportgenerator.start_date' not found, using default value 'null' instead.
2026-08-15 14:34:40,133 INFO o.a.j.r.c.ReportGeneratorConfiguration: Property 'jmeter.reportgenerator.end_date' not found, using default value 'null' instead.
2026-08-15 14:34:40,133 INFO o.a.j.r.c.ReportGeneratorConfiguration: Property 'jmeter.reportgenerator.date_format' not found, using default value 'null' instead.
2026-08-15 14:34:40,133 INFO o.a.j.r.c.ReportGeneratorConfiguration: Will use date range start date: null, end date: null
2026-08-15 14:34:40,135 INFO o.a.j.r.c.ReportGeneratorConfiguration: Property 'jmeter.reportgenerator.graph.totalTPS.exclude_controllers' not found, using default value 'false' instead.
2026-08-15 14:34:40,135 INFO o.a.j.r.c.ReportGeneratorConfiguration: Property 'jmeter.reportgenerator.graph.activeThreadsOverTime.exclude_controllers' not found, using default value 'false' instead.
2026-08-15 14:34:40,135 INFO o.a.j.r.c.ReportGeneratorConfiguration: Property 'jmeter.reportgenerator.graph.timeVsThreads.exclude_controllers' not found, using default value 'false' instead.
2026-08-15 14:34:40,135 INFO o.a.j.r.c.ReportGeneratorConfiguration: Property 'jmeter.reportgenerator.graph.responseTimeDistribution.exclude_controllers' not found, using default value 'false' instead.
2026-08-15 14:34:40,135 INFO o.a.j.r.c.ReportGeneratorConfiguration: Property 'jmeter.reportgenerator.graph.transactionsPerSecond.exclude_controllers' not found, using default value 'false' instead.
2026-08-15 14:34:40,135 INFO o.a.j.r.c.ReportGeneratorConfiguration: Property 'jmeter.reportgenerator.graph.responseTimePercentiles.exclude_controllers' not found, using default value 'false' instead.
2026-08-15 14:34:40,135 INFO o.a.j.r.c.ReportGeneratorConfiguration: Property 'jmeter.reportgenerator.graph.responseTimePercentilesOverTime.exclude_controllers' not found, using default value 'false' instead.
2026-08-15 14:34:40,135 INFO o.a.j.r.c.ReportGeneratorConfiguration: Property 'jmeter.reportgenerator.graph.responseTimesOverTime.exclude_controllers' not found, using default value 'false' instead.
2026-08-15 14:34:40,135 INFO o.a.j.r.c.ReportGeneratorConfiguration: Property 'jmeter.reportgenerator.graph.connectTimeOverTime.exclude_controllers' not found, using default value 'false' instead.
2026-08-15 14:34:40,136 INFO o.a.j.r.c.ReportGeneratorConfiguration: Property 'jmeter.reportgenerator.graph.latenciesOverTime.exclude_controllers' not found, using default value 'false' instead.
2026-08-15 14:34:40,136 INFO o.a.j.r.c.ReportGeneratorConfiguration: Property 'jmeter.reportgenerator.exporter.json.filters_only_sample_series' not found, using default value 'true' instead.
2026-08-15 14:34:40,136 INFO o.a.j.r.c.ReportGeneratorConfiguration: Property 'jmeter.reportgenerator.exporter.json.series_filter' not found, using default value '' instead.
2026-08-15 14:34:40,136 INFO o.a.j.r.c.ReportGeneratorConfiguration: Property 'jmeter.reportgenerator.exporter.json.show_controllers_only' not found, using default value 'false' instead.
2026-08-15 14:34:40,136 INFO o.a.j.r.c.ReportGeneratorConfiguration: Property 'jmeter.reportgenerator.exporter.html.filters_only_sample_series' not found, using default value 'true' instead.
2026-08-15 14:34:40,136 INFO o.a.j.r.c.ReportGeneratorConfiguration: Property 'jmeter.reportgenerator.exporter.html.series_filter' not found, using default value '' instead.
2026-08-15 14:34:40,136 INFO o.a.j.r.c.ReportGeneratorConfiguration: Property 'jmeter.reportgenerator.exporter.html.show_controllers_only' not found, using default value 'false' instead.
2026-08-15 14:34:40,142 INFO o.a.j.e.StandardJMeterEngine: Running the test!
2026-08-15 14:34:40,142 INFO o.a.j.s.SampleEvent: List of sample_variables: []
2026-08-15 14:34:40,142 INFO o.a.j.s.SampleEvent: List of sample_variables: []
2026-08-15 14:34:40,144 INFO o.a.j.e.u.CompoundVariable: Note: Function class names must contain the string: '.functions.'
2026-08-15 14:34:40,144 INFO o.a.j.e.u.CompoundVariable: Note: Function class names must not contain the string: '.gui.'
2026-08-15 14:34:40,163 INFO o.a.j.r.ClassFinder: Will scan jar /opt/homebrew/Cellar/jmeter/5.6.3/libexec/lib/ext/jmeter-plugins-manager-1.9.jar with filter ExtendsClassFilter [parents=[interface org.apache.jmeter.functions.Function], inner=false, contains=null, notContains=null]. Consider exposing JMeter plugins via META-INF/services, and add JMeter-Skip-Class-Scanning=true manifest attribute so JMeter can skip classfile scanning
2026-08-15 14:34:40,302 INFO o.a.j.JMeter: Running test (1786779280302)
2026-08-15 14:34:40,312 INFO o.a.j.e.StandardJMeterEngine: Starting ThreadGroup: 1 : Bac 1 — 25 VU
2026-08-15 14:34:40,312 INFO o.a.j.e.StandardJMeterEngine: Starting 25 threads for group Bac 1 — 25 VU.
2026-08-15 14:34:40,312 INFO o.a.j.e.StandardJMeterEngine: Thread will continue on error
2026-08-15 14:34:40,312 INFO o.a.j.t.ThreadGroup: Starting thread group... number=1 threads=25 ramp-up=30 delayedStart=false
2026-08-15 14:34:40,320 INFO o.a.j.t.JMeterThread: Thread started: Bac 1 — 25 VU 1-1
2026-08-15 14:34:40,321 INFO o.a.j.s.FileServer: Stored: data/orders.csv
2026-08-15 14:34:40,324 INFO o.a.j.t.ThreadGroup: Started thread group number 1
2026-08-15 14:34:40,324 INFO o.a.j.e.StandardJMeterEngine: Starting ThreadGroup: 2 : Bac 2 — +25 VU (tong 50)
2026-08-15 14:34:40,324 INFO o.a.j.e.StandardJMeterEngine: Starting 25 threads for group Bac 2 — +25 VU (tong 50).
2026-08-15 14:34:40,324 INFO o.a.j.e.StandardJMeterEngine: Thread will continue on error
2026-08-15 14:34:40,324 INFO o.a.j.t.ThreadGroup: Starting thread group... number=2 threads=25 ramp-up=30 delayedStart=false
2026-08-15 14:34:40,328 INFO o.a.j.s.FileServer: Stored: data/products_import.csv
2026-08-15 14:34:40,328 INFO o.a.j.s.FileServer: Stored: data/users.csv
2026-08-15 14:34:40,330 INFO o.a.j.t.ThreadGroup: Started thread group number 2
2026-08-15 14:34:40,330 INFO o.a.j.e.StandardJMeterEngine: Starting ThreadGroup: 3 : Bac 3 — +50 VU (tong 100)
2026-08-15 14:34:40,330 INFO o.a.j.e.StandardJMeterEngine: Starting 50 threads for group Bac 3 — +50 VU (tong 100).
2026-08-15 14:34:40,330 INFO o.a.j.e.StandardJMeterEngine: Thread will continue on error
2026-08-15 14:34:40,330 INFO o.a.j.t.ThreadGroup: Starting thread group... number=3 threads=50 ramp-up=30 delayedStart=false
2026-08-15 14:34:40,341 INFO o.a.j.t.ThreadGroup: Started thread group number 3
2026-08-15 14:34:40,341 INFO o.a.j.e.StandardJMeterEngine: Starting ThreadGroup: 4 : Bac 4 — +100 VU (tong 200)
2026-08-15 14:34:40,341 INFO o.a.j.e.StandardJMeterEngine: Starting 100 threads for group Bac 4 — +100 VU (tong 200).
2026-08-15 14:34:40,341 INFO o.a.j.e.StandardJMeterEngine: Thread will continue on error
2026-08-15 14:34:40,341 INFO o.a.j.t.ThreadGroup: Starting thread group... number=4 threads=100 ramp-up=30 delayedStart=false
2026-08-15 14:34:40,361 INFO o.a.j.t.ThreadGroup: Started thread group number 4
2026-08-15 14:34:40,361 INFO o.a.j.e.StandardJMeterEngine: Starting ThreadGroup: 5 : TG-lockout — nhanh account-lockout (2 VU)
2026-08-15 14:34:40,361 INFO o.a.j.e.StandardJMeterEngine: Starting 2 threads for group TG-lockout — nhanh account-lockout (2 VU).
2026-08-15 14:34:40,361 INFO o.a.j.e.StandardJMeterEngine: Thread will continue on error
2026-08-15 14:34:40,361 INFO o.a.j.t.ThreadGroup: Starting thread group... number=5 threads=2 ramp-up=1 delayedStart=false
2026-08-15 14:34:40,362 INFO o.a.j.t.ThreadGroup: Started thread group number 5
2026-08-15 14:34:40,362 INFO o.a.j.e.StandardJMeterEngine: All thread groups have been started
2026-08-15 14:34:40,493 INFO o.a.j.p.h.s.HTTPHCAbstractImpl: Local host = Le-Nhut-Duy.local
2026-08-15 14:34:40,495 INFO o.a.j.p.h.s.HTTPHC4Impl: HTTP request retry count = 0
2026-08-15 14:34:40,496 INFO o.a.j.s.SampleResult: Note: Sample TimeStamps are START times
2026-08-15 14:34:40,496 INFO o.a.j.s.SampleResult: sampleresult.default.encoding is set to UTF-8
2026-08-15 14:34:40,496 INFO o.a.j.s.SampleResult: sampleresult.useNanoTime=true
2026-08-15 14:34:40,496 INFO o.a.j.s.SampleResult: sampleresult.nanoThreadSleep=5000
2026-08-15 14:34:41,522 INFO o.a.j.t.JMeterThread: Thread started: Bac 1 — 25 VU 1-2
2026-08-15 14:34:41,684 INFO o.a.j.u.JsseSSLManager: Using default SSL protocol: TLS
2026-08-15 14:34:41,685 INFO o.a.j.u.JsseSSLManager: SSL session context: per-thread
2026-08-15 14:34:42,718 INFO o.a.j.t.JMeterThread: Thread started: Bac 1 — 25 VU 1-3
2026-08-15 14:34:43,922 INFO o.a.j.t.JMeterThread: Thread started: Bac 1 — 25 VU 1-4
2026-08-15 14:34:45,122 INFO o.a.j.t.JMeterThread: Thread started: Bac 1 — 25 VU 1-5
2026-08-15 14:34:46,321 INFO o.a.j.t.JMeterThread: Thread started: Bac 1 — 25 VU 1-6
2026-08-15 14:34:47,521 INFO o.a.j.t.JMeterThread: Thread started: Bac 1 — 25 VU 1-7
2026-08-15 14:34:48,718 INFO o.a.j.t.JMeterThread: Thread started: Bac 1 — 25 VU 1-8
2026-08-15 14:34:49,920 INFO o.a.j.t.JMeterThread: Thread started: Bac 1 — 25 VU 1-9
2026-08-15 14:34:50,364 INFO o.a.j.t.JMeterThread: Thread started: TG-lockout — nhanh account-lockout (2 VU) 5-1
2026-08-15 14:34:50,365 INFO o.a.j.s.FileServer: Stored: data/users_lockout.csv
2026-08-15 14:34:50,868 INFO o.a.j.t.JMeterThread: Thread started: TG-lockout — nhanh account-lockout (2 VU) 5-2
2026-08-15 14:34:51,119 INFO o.a.j.t.JMeterThread: Thread started: Bac 1 — 25 VU 1-10
2026-08-15 14:34:52,318 INFO o.a.j.t.JMeterThread: Thread started: Bac 1 — 25 VU 1-11
2026-08-15 14:34:53,519 INFO o.a.j.t.JMeterThread: Thread started: Bac 1 — 25 VU 1-12
2026-08-15 14:34:54,717 INFO o.a.j.t.JMeterThread: Thread started: Bac 1 — 25 VU 1-13
2026-08-15 14:34:55,916 INFO o.a.j.t.JMeterThread: Thread started: Bac 1 — 25 VU 1-14
2026-08-15 14:34:57,118 INFO o.a.j.t.JMeterThread: Thread started: Bac 1 — 25 VU 1-15
2026-08-15 14:34:58,318 INFO o.a.j.t.JMeterThread: Thread started: Bac 1 — 25 VU 1-16
2026-08-15 14:34:59,517 INFO o.a.j.t.JMeterThread: Thread started: Bac 1 — 25 VU 1-17
2026-08-15 14:35:00,011 INFO o.a.j.r.Summariser: summary +   1084 in 00:00:20 =   55.0/s Avg:     2 Min:     0 Max:    21 Err:     0 (0.00%) Active: 19 Started: 19 Finished: 0
2026-08-15 14:35:00,718 INFO o.a.j.t.JMeterThread: Thread started: Bac 1 — 25 VU 1-18
2026-08-15 14:35:01,917 INFO o.a.j.t.JMeterThread: Thread started: Bac 1 — 25 VU 1-19
2026-08-15 14:35:03,114 INFO o.a.j.t.JMeterThread: Thread started: Bac 1 — 25 VU 1-20
2026-08-15 14:35:04,317 INFO o.a.j.t.JMeterThread: Thread started: Bac 1 — 25 VU 1-21
2026-08-15 14:35:05,517 INFO o.a.j.t.JMeterThread: Thread started: Bac 1 — 25 VU 1-22
2026-08-15 14:35:06,717 INFO o.a.j.t.JMeterThread: Thread started: Bac 1 — 25 VU 1-23
2026-08-15 14:35:07,918 INFO o.a.j.t.JMeterThread: Thread started: Bac 1 — 25 VU 1-24
2026-08-15 14:35:09,117 INFO o.a.j.t.JMeterThread: Thread started: Bac 1 — 25 VU 1-25
2026-08-15 14:35:30,001 INFO o.a.j.r.Summariser: summary +   4613 in 00:00:30 =  153.8/s Avg:     2 Min:     0 Max:    13 Err:     0 (0.00%) Active: 27 Started: 27 Finished: 0
2026-08-15 14:35:30,001 INFO o.a.j.r.Summariser: summary =   5697 in 00:00:50 =  114.6/s Avg:     2 Min:     0 Max:    21 Err:     0 (0.00%)
2026-08-15 14:36:00,009 INFO o.a.j.r.Summariser: summary +   4837 in 00:00:30 =  161.2/s Avg:     2 Min:     0 Max:    16 Err:     0 (0.00%) Active: 27 Started: 27 Finished: 0
2026-08-15 14:36:00,012 INFO o.a.j.r.Summariser: summary =  10534 in 00:01:20 =  132.2/s Avg:     2 Min:     0 Max:    21 Err:     0 (0.00%)
2026-08-15 14:36:30,017 INFO o.a.j.r.Summariser: summary +   4873 in 00:00:30 =  162.4/s Avg:     2 Min:     0 Max:    39 Err:     0 (0.00%) Active: 27 Started: 27 Finished: 0
2026-08-15 14:36:30,018 INFO o.a.j.r.Summariser: summary =  15407 in 00:01:50 =  140.4/s Avg:     2 Min:     0 Max:    39 Err:     0 (0.00%)
2026-08-15 14:36:40,328 INFO o.a.j.t.JMeterThread: Thread started: Bac 2 — +25 VU (tong 50) 2-1
2026-08-15 14:36:41,532 INFO o.a.j.t.JMeterThread: Thread started: Bac 2 — +25 VU (tong 50) 2-2
2026-08-15 14:36:42,731 INFO o.a.j.t.JMeterThread: Thread started: Bac 2 — +25 VU (tong 50) 2-3
2026-08-15 14:36:43,934 INFO o.a.j.t.JMeterThread: Thread started: Bac 2 — +25 VU (tong 50) 2-4
2026-08-15 14:36:45,134 INFO o.a.j.t.JMeterThread: Thread started: Bac 2 — +25 VU (tong 50) 2-5
2026-08-15 14:36:46,332 INFO o.a.j.t.JMeterThread: Thread started: Bac 2 — +25 VU (tong 50) 2-6
2026-08-15 14:36:47,533 INFO o.a.j.t.JMeterThread: Thread started: Bac 2 — +25 VU (tong 50) 2-7
2026-08-15 14:36:48,731 INFO o.a.j.t.JMeterThread: Thread started: Bac 2 — +25 VU (tong 50) 2-8
2026-08-15 14:36:49,441 INFO o.a.j.t.JMeterThread: Thread finished: TG-lockout — nhanh account-lockout (2 VU) 5-1
2026-08-15 14:36:49,742 INFO o.a.j.t.JMeterThread: Thread finished: TG-lockout — nhanh account-lockout (2 VU) 5-2
2026-08-15 14:36:49,931 INFO o.a.j.t.JMeterThread: Thread started: Bac 2 — +25 VU (tong 50) 2-9
2026-08-15 14:36:51,132 INFO o.a.j.t.JMeterThread: Thread started: Bac 2 — +25 VU (tong 50) 2-10
2026-08-15 14:36:52,332 INFO o.a.j.t.JMeterThread: Thread started: Bac 2 — +25 VU (tong 50) 2-11
2026-08-15 14:36:53,529 INFO o.a.j.t.JMeterThread: Thread started: Bac 2 — +25 VU (tong 50) 2-12
2026-08-15 14:36:54,731 INFO o.a.j.t.JMeterThread: Thread started: Bac 2 — +25 VU (tong 50) 2-13
2026-08-15 14:36:55,930 INFO o.a.j.t.JMeterThread: Thread started: Bac 2 — +25 VU (tong 50) 2-14
2026-08-15 14:36:57,131 INFO o.a.j.t.JMeterThread: Thread started: Bac 2 — +25 VU (tong 50) 2-15
2026-08-15 14:36:58,331 INFO o.a.j.t.JMeterThread: Thread started: Bac 2 — +25 VU (tong 50) 2-16
2026-08-15 14:36:59,532 INFO o.a.j.t.JMeterThread: Thread started: Bac 2 — +25 VU (tong 50) 2-17
2026-08-15 14:37:00,001 INFO o.a.j.r.Summariser: summary +   5960 in 00:00:30 =  198.8/s Avg:     2 Min:     0 Max:    28 Err:     0 (0.00%) Active: 42 Started: 44 Finished: 2
2026-08-15 14:37:00,001 INFO o.a.j.r.Summariser: summary =  21367 in 00:02:20 =  153.0/s Avg:     2 Min:     0 Max:    39 Err:     0 (0.00%)
2026-08-15 14:37:00,731 INFO o.a.j.t.JMeterThread: Thread started: Bac 2 — +25 VU (tong 50) 2-18
2026-08-15 14:37:01,926 INFO o.a.j.t.JMeterThread: Thread started: Bac 2 — +25 VU (tong 50) 2-19
2026-08-15 14:37:03,130 INFO o.a.j.t.JMeterThread: Thread started: Bac 2 — +25 VU (tong 50) 2-20
2026-08-15 14:37:04,330 INFO o.a.j.t.JMeterThread: Thread started: Bac 2 — +25 VU (tong 50) 2-21
2026-08-15 14:37:05,528 INFO o.a.j.t.JMeterThread: Thread started: Bac 2 — +25 VU (tong 50) 2-22
2026-08-15 14:37:06,727 INFO o.a.j.t.JMeterThread: Thread started: Bac 2 — +25 VU (tong 50) 2-23
2026-08-15 14:37:07,930 INFO o.a.j.t.JMeterThread: Thread started: Bac 2 — +25 VU (tong 50) 2-24
2026-08-15 14:37:09,129 INFO o.a.j.t.JMeterThread: Thread started: Bac 2 — +25 VU (tong 50) 2-25
2026-08-15 14:37:30,003 INFO o.a.j.r.Summariser: summary +   9429 in 00:00:30 =  314.3/s Avg:     2 Min:     0 Max:    54 Err:     0 (0.00%) Active: 50 Started: 52 Finished: 2
2026-08-15 14:37:30,004 INFO o.a.j.r.Summariser: summary =  30796 in 00:02:50 =  181.5/s Avg:     2 Min:     0 Max:    54 Err:     0 (0.00%)
2026-08-15 14:38:00,008 INFO o.a.j.r.Summariser: summary +   9695 in 00:00:30 =  323.2/s Avg:     2 Min:     0 Max:    68 Err:     0 (0.00%) Active: 50 Started: 52 Finished: 2
2026-08-15 14:38:00,011 INFO o.a.j.r.Summariser: summary =  40491 in 00:03:20 =  202.8/s Avg:     2 Min:     0 Max:    68 Err:     0 (0.00%)
2026-08-15 14:38:30,012 INFO o.a.j.r.Summariser: summary +   9702 in 00:00:30 =  323.3/s Avg:     2 Min:     0 Max:    93 Err:     0 (0.00%) Active: 50 Started: 52 Finished: 2
2026-08-15 14:38:30,013 INFO o.a.j.r.Summariser: summary =  50193 in 00:03:50 =  218.5/s Avg:     2 Min:     0 Max:    93 Err:     0 (0.00%)
2026-08-15 14:38:40,335 INFO o.a.j.t.JMeterThread: Thread started: Bac 3 — +50 VU (tong 100) 3-1
2026-08-15 14:38:40,935 INFO o.a.j.t.JMeterThread: Thread started: Bac 3 — +50 VU (tong 100) 3-2
2026-08-15 14:38:41,537 INFO o.a.j.t.JMeterThread: Thread started: Bac 3 — +50 VU (tong 100) 3-3
2026-08-15 14:38:42,138 INFO o.a.j.t.JMeterThread: Thread started: Bac 3 — +50 VU (tong 100) 3-4
2026-08-15 14:38:42,737 INFO o.a.j.t.JMeterThread: Thread started: Bac 3 — +50 VU (tong 100) 3-5
2026-08-15 14:38:43,335 INFO o.a.j.t.JMeterThread: Thread started: Bac 3 — +50 VU (tong 100) 3-6
2026-08-15 14:38:43,935 INFO o.a.j.t.JMeterThread: Thread started: Bac 3 — +50 VU (tong 100) 3-7
2026-08-15 14:38:44,539 INFO o.a.j.t.JMeterThread: Thread started: Bac 3 — +50 VU (tong 100) 3-8
2026-08-15 14:38:45,135 INFO o.a.j.t.JMeterThread: Thread started: Bac 3 — +50 VU (tong 100) 3-9
2026-08-15 14:38:45,739 INFO o.a.j.t.JMeterThread: Thread started: Bac 3 — +50 VU (tong 100) 3-10
2026-08-15 14:38:46,333 INFO o.a.j.t.JMeterThread: Thread started: Bac 3 — +50 VU (tong 100) 3-11
2026-08-15 14:38:46,938 INFO o.a.j.t.JMeterThread: Thread started: Bac 3 — +50 VU (tong 100) 3-12
2026-08-15 14:38:47,537 INFO o.a.j.t.JMeterThread: Thread started: Bac 3 — +50 VU (tong 100) 3-13
2026-08-15 14:38:48,135 INFO o.a.j.t.JMeterThread: Thread started: Bac 3 — +50 VU (tong 100) 3-14
2026-08-15 14:38:48,733 INFO o.a.j.t.JMeterThread: Thread started: Bac 3 — +50 VU (tong 100) 3-15
2026-08-15 14:38:49,338 INFO o.a.j.t.JMeterThread: Thread started: Bac 3 — +50 VU (tong 100) 3-16
2026-08-15 14:38:49,940 INFO o.a.j.t.JMeterThread: Thread started: Bac 3 — +50 VU (tong 100) 3-17
2026-08-15 14:38:50,534 INFO o.a.j.t.JMeterThread: Thread started: Bac 3 — +50 VU (tong 100) 3-18
2026-08-15 14:38:51,137 INFO o.a.j.t.JMeterThread: Thread started: Bac 3 — +50 VU (tong 100) 3-19
2026-08-15 14:38:51,739 INFO o.a.j.t.JMeterThread: Thread started: Bac 3 — +50 VU (tong 100) 3-20
2026-08-15 14:38:52,335 INFO o.a.j.t.JMeterThread: Thread started: Bac 3 — +50 VU (tong 100) 3-21
2026-08-15 14:38:52,935 INFO o.a.j.t.JMeterThread: Thread started: Bac 3 — +50 VU (tong 100) 3-22
2026-08-15 14:38:53,539 INFO o.a.j.t.JMeterThread: Thread started: Bac 3 — +50 VU (tong 100) 3-23
2026-08-15 14:38:54,139 INFO o.a.j.t.JMeterThread: Thread started: Bac 3 — +50 VU (tong 100) 3-24
2026-08-15 14:38:54,739 INFO o.a.j.t.JMeterThread: Thread started: Bac 3 — +50 VU (tong 100) 3-25
2026-08-15 14:38:55,334 INFO o.a.j.t.JMeterThread: Thread started: Bac 3 — +50 VU (tong 100) 3-26
2026-08-15 14:38:55,938 INFO o.a.j.t.JMeterThread: Thread started: Bac 3 — +50 VU (tong 100) 3-27
2026-08-15 14:38:56,536 INFO o.a.j.t.JMeterThread: Thread started: Bac 3 — +50 VU (tong 100) 3-28
2026-08-15 14:38:57,137 INFO o.a.j.t.JMeterThread: Thread started: Bac 3 — +50 VU (tong 100) 3-29
2026-08-15 14:38:57,734 INFO o.a.j.t.JMeterThread: Thread started: Bac 3 — +50 VU (tong 100) 3-30
2026-08-15 14:38:58,336 INFO o.a.j.t.JMeterThread: Thread started: Bac 3 — +50 VU (tong 100) 3-31
2026-08-15 14:38:58,935 INFO o.a.j.t.JMeterThread: Thread started: Bac 3 — +50 VU (tong 100) 3-32
2026-08-15 14:38:59,535 INFO o.a.j.t.JMeterThread: Thread started: Bac 3 — +50 VU (tong 100) 3-33
2026-08-15 14:39:00,002 INFO o.a.j.r.Summariser: summary +  11886 in 00:00:30 =  396.3/s Avg:     2 Min:     0 Max:    51 Err:     0 (0.00%) Active: 83 Started: 85 Finished: 2
2026-08-15 14:39:00,002 INFO o.a.j.r.Summariser: summary =  62079 in 00:04:20 =  239.0/s Avg:     2 Min:     0 Max:    93 Err:     0 (0.00%)
2026-08-15 14:39:00,135 INFO o.a.j.t.JMeterThread: Thread started: Bac 3 — +50 VU (tong 100) 3-34
2026-08-15 14:39:00,737 INFO o.a.j.t.JMeterThread: Thread started: Bac 3 — +50 VU (tong 100) 3-35
2026-08-15 14:39:01,335 INFO o.a.j.t.JMeterThread: Thread started: Bac 3 — +50 VU (tong 100) 3-36
2026-08-15 14:39:01,935 INFO o.a.j.t.JMeterThread: Thread started: Bac 3 — +50 VU (tong 100) 3-37
2026-08-15 14:39:02,540 INFO o.a.j.t.JMeterThread: Thread started: Bac 3 — +50 VU (tong 100) 3-38
2026-08-15 14:39:03,135 INFO o.a.j.t.JMeterThread: Thread started: Bac 3 — +50 VU (tong 100) 3-39
2026-08-15 14:39:03,740 INFO o.a.j.t.JMeterThread: Thread started: Bac 3 — +50 VU (tong 100) 3-40
2026-08-15 14:39:04,335 INFO o.a.j.t.JMeterThread: Thread started: Bac 3 — +50 VU (tong 100) 3-41
2026-08-15 14:39:04,935 INFO o.a.j.t.JMeterThread: Thread started: Bac 3 — +50 VU (tong 100) 3-42
2026-08-15 14:39:05,534 INFO o.a.j.t.JMeterThread: Thread started: Bac 3 — +50 VU (tong 100) 3-43
2026-08-15 14:39:06,134 INFO o.a.j.t.JMeterThread: Thread started: Bac 3 — +50 VU (tong 100) 3-44
2026-08-15 14:39:06,736 INFO o.a.j.t.JMeterThread: Thread started: Bac 3 — +50 VU (tong 100) 3-45
2026-08-15 14:39:07,338 INFO o.a.j.t.JMeterThread: Thread started: Bac 3 — +50 VU (tong 100) 3-46
2026-08-15 14:39:07,935 INFO o.a.j.t.JMeterThread: Thread started: Bac 3 — +50 VU (tong 100) 3-47
2026-08-15 14:39:08,539 INFO o.a.j.t.JMeterThread: Thread started: Bac 3 — +50 VU (tong 100) 3-48
2026-08-15 14:39:09,136 INFO o.a.j.t.JMeterThread: Thread started: Bac 3 — +50 VU (tong 100) 3-49
2026-08-15 14:39:09,734 INFO o.a.j.t.JMeterThread: Thread started: Bac 3 — +50 VU (tong 100) 3-50
2026-08-15 14:39:30,002 INFO o.a.j.r.Summariser: summary +  18847 in 00:00:30 =  628.3/s Avg:     2 Min:     0 Max:    91 Err:     0 (0.00%) Active: 100 Started: 102 Finished: 2
2026-08-15 14:39:30,003 INFO o.a.j.r.Summariser: summary =  80926 in 00:04:50 =  279.3/s Avg:     2 Min:     0 Max:    93 Err:     0 (0.00%)
2026-08-15 14:40:00,002 INFO o.a.j.r.Summariser: summary +  19415 in 00:00:30 =  647.2/s Avg:     2 Min:     0 Max:    66 Err:     0 (0.00%) Active: 100 Started: 102 Finished: 2
2026-08-15 14:40:00,004 INFO o.a.j.r.Summariser: summary = 100341 in 00:05:20 =  313.9/s Avg:     2 Min:     0 Max:    93 Err:     0 (0.00%)
2026-08-15 14:40:30,002 INFO o.a.j.r.Summariser: summary +  19386 in 00:00:30 =  646.2/s Avg:     2 Min:     0 Max:    89 Err:     0 (0.00%) Active: 100 Started: 102 Finished: 2
2026-08-15 14:40:30,003 INFO o.a.j.r.Summariser: summary = 119727 in 00:05:50 =  342.4/s Avg:     2 Min:     0 Max:    93 Err:     0 (0.00%)
2026-08-15 14:40:40,344 INFO o.a.j.t.JMeterThread: Thread started: Bac 4 — +100 VU (tong 200) 4-1
2026-08-15 14:40:40,642 INFO o.a.j.t.JMeterThread: Thread started: Bac 4 — +100 VU (tong 200) 4-2
2026-08-15 14:40:40,944 INFO o.a.j.t.JMeterThread: Thread started: Bac 4 — +100 VU (tong 200) 4-3
2026-08-15 14:40:41,244 INFO o.a.j.t.JMeterThread: Thread started: Bac 4 — +100 VU (tong 200) 4-4
2026-08-15 14:40:41,546 INFO o.a.j.t.JMeterThread: Thread started: Bac 4 — +100 VU (tong 200) 4-5
2026-08-15 14:40:41,843 INFO o.a.j.t.JMeterThread: Thread started: Bac 4 — +100 VU (tong 200) 4-6
2026-08-15 14:40:42,143 INFO o.a.j.t.JMeterThread: Thread started: Bac 4 — +100 VU (tong 200) 4-7
2026-08-15 14:40:42,442 INFO o.a.j.t.JMeterThread: Thread started: Bac 4 — +100 VU (tong 200) 4-8
2026-08-15 14:40:42,743 INFO o.a.j.t.JMeterThread: Thread started: Bac 4 — +100 VU (tong 200) 4-9
2026-08-15 14:40:43,050 INFO o.a.j.t.JMeterThread: Thread started: Bac 4 — +100 VU (tong 200) 4-10
2026-08-15 14:40:43,343 INFO o.a.j.t.JMeterThread: Thread started: Bac 4 — +100 VU (tong 200) 4-11
2026-08-15 14:40:43,649 INFO o.a.j.t.JMeterThread: Thread started: Bac 4 — +100 VU (tong 200) 4-12
2026-08-15 14:40:43,945 INFO o.a.j.t.JMeterThread: Thread started: Bac 4 — +100 VU (tong 200) 4-13
2026-08-15 14:40:44,247 INFO o.a.j.t.JMeterThread: Thread started: Bac 4 — +100 VU (tong 200) 4-14
2026-08-15 14:40:44,548 INFO o.a.j.t.JMeterThread: Thread started: Bac 4 — +100 VU (tong 200) 4-15
2026-08-15 14:40:44,849 INFO o.a.j.t.JMeterThread: Thread started: Bac 4 — +100 VU (tong 200) 4-16
2026-08-15 14:40:45,148 INFO o.a.j.t.JMeterThread: Thread started: Bac 4 — +100 VU (tong 200) 4-17
2026-08-15 14:40:45,449 INFO o.a.j.t.JMeterThread: Thread started: Bac 4 — +100 VU (tong 200) 4-18
2026-08-15 14:40:45,744 INFO o.a.j.t.JMeterThread: Thread started: Bac 4 — +100 VU (tong 200) 4-19
2026-08-15 14:40:46,044 INFO o.a.j.t.JMeterThread: Thread started: Bac 4 — +100 VU (tong 200) 4-20
2026-08-15 14:40:46,350 INFO o.a.j.t.JMeterThread: Thread started: Bac 4 — +100 VU (tong 200) 4-21
2026-08-15 14:40:46,645 INFO o.a.j.t.JMeterThread: Thread started: Bac 4 — +100 VU (tong 200) 4-22
2026-08-15 14:40:46,944 INFO o.a.j.t.JMeterThread: Thread started: Bac 4 — +100 VU (tong 200) 4-23
2026-08-15 14:40:47,248 INFO o.a.j.t.JMeterThread: Thread started: Bac 4 — +100 VU (tong 200) 4-24
2026-08-15 14:40:47,550 INFO o.a.j.t.JMeterThread: Thread started: Bac 4 — +100 VU (tong 200) 4-25
2026-08-15 14:40:47,843 INFO o.a.j.t.JMeterThread: Thread started: Bac 4 — +100 VU (tong 200) 4-26
2026-08-15 14:40:48,147 INFO o.a.j.t.JMeterThread: Thread started: Bac 4 — +100 VU (tong 200) 4-27
2026-08-15 14:40:48,450 INFO o.a.j.t.JMeterThread: Thread started: Bac 4 — +100 VU (tong 200) 4-28
2026-08-15 14:40:48,747 INFO o.a.j.t.JMeterThread: Thread started: Bac 4 — +100 VU (tong 200) 4-29
2026-08-15 14:40:49,048 INFO o.a.j.t.JMeterThread: Thread started: Bac 4 — +100 VU (tong 200) 4-30
2026-08-15 14:40:49,347 INFO o.a.j.t.JMeterThread: Thread started: Bac 4 — +100 VU (tong 200) 4-31
2026-08-15 14:40:49,647 INFO o.a.j.t.JMeterThread: Thread started: Bac 4 — +100 VU (tong 200) 4-32
2026-08-15 14:40:49,946 INFO o.a.j.t.JMeterThread: Thread started: Bac 4 — +100 VU (tong 200) 4-33
2026-08-15 14:40:50,249 INFO o.a.j.t.JMeterThread: Thread started: Bac 4 — +100 VU (tong 200) 4-34
2026-08-15 14:40:50,547 INFO o.a.j.t.JMeterThread: Thread started: Bac 4 — +100 VU (tong 200) 4-35
2026-08-15 14:40:50,848 INFO o.a.j.t.JMeterThread: Thread started: Bac 4 — +100 VU (tong 200) 4-36
2026-08-15 14:40:51,144 INFO o.a.j.t.JMeterThread: Thread started: Bac 4 — +100 VU (tong 200) 4-37
2026-08-15 14:40:51,445 INFO o.a.j.t.JMeterThread: Thread started: Bac 4 — +100 VU (tong 200) 4-38
2026-08-15 14:40:51,744 INFO o.a.j.t.JMeterThread: Thread started: Bac 4 — +100 VU (tong 200) 4-39
2026-08-15 14:40:52,044 INFO o.a.j.t.JMeterThread: Thread started: Bac 4 — +100 VU (tong 200) 4-40
2026-08-15 14:40:52,346 INFO o.a.j.t.JMeterThread: Thread started: Bac 4 — +100 VU (tong 200) 4-41
2026-08-15 14:40:52,646 INFO o.a.j.t.JMeterThread: Thread started: Bac 4 — +100 VU (tong 200) 4-42
2026-08-15 14:40:52,944 INFO o.a.j.t.JMeterThread: Thread started: Bac 4 — +100 VU (tong 200) 4-43
2026-08-15 14:40:53,251 INFO o.a.j.t.JMeterThread: Thread started: Bac 4 — +100 VU (tong 200) 4-44
2026-08-15 14:40:53,546 INFO o.a.j.t.JMeterThread: Thread started: Bac 4 — +100 VU (tong 200) 4-45
2026-08-15 14:40:53,848 INFO o.a.j.t.JMeterThread: Thread started: Bac 4 — +100 VU (tong 200) 4-46
2026-08-15 14:40:54,145 INFO o.a.j.t.JMeterThread: Thread started: Bac 4 — +100 VU (tong 200) 4-47
2026-08-15 14:40:54,448 INFO o.a.j.t.JMeterThread: Thread started: Bac 4 — +100 VU (tong 200) 4-48
2026-08-15 14:40:54,746 INFO o.a.j.t.JMeterThread: Thread started: Bac 4 — +100 VU (tong 200) 4-49
2026-08-15 14:40:55,046 INFO o.a.j.t.JMeterThread: Thread started: Bac 4 — +100 VU (tong 200) 4-50
2026-08-15 14:40:55,344 INFO o.a.j.t.JMeterThread: Thread started: Bac 4 — +100 VU (tong 200) 4-51
2026-08-15 14:40:55,648 INFO o.a.j.t.JMeterThread: Thread started: Bac 4 — +100 VU (tong 200) 4-52
2026-08-15 14:40:55,948 INFO o.a.j.t.JMeterThread: Thread started: Bac 4 — +100 VU (tong 200) 4-53
2026-08-15 14:40:56,248 INFO o.a.j.t.JMeterThread: Thread started: Bac 4 — +100 VU (tong 200) 4-54
2026-08-15 14:40:56,546 INFO o.a.j.t.JMeterThread: Thread started: Bac 4 — +100 VU (tong 200) 4-55
2026-08-15 14:40:56,847 INFO o.a.j.t.JMeterThread: Thread started: Bac 4 — +100 VU (tong 200) 4-56
2026-08-15 14:40:57,144 INFO o.a.j.t.JMeterThread: Thread started: Bac 4 — +100 VU (tong 200) 4-57
2026-08-15 14:40:57,452 INFO o.a.j.t.JMeterThread: Thread started: Bac 4 — +100 VU (tong 200) 4-58
2026-08-15 14:40:57,746 INFO o.a.j.t.JMeterThread: Thread started: Bac 4 — +100 VU (tong 200) 4-59
2026-08-15 14:40:58,046 INFO o.a.j.t.JMeterThread: Thread started: Bac 4 — +100 VU (tong 200) 4-60
2026-08-15 14:40:58,343 INFO o.a.j.t.JMeterThread: Thread started: Bac 4 — +100 VU (tong 200) 4-61
2026-08-15 14:40:58,648 INFO o.a.j.t.JMeterThread: Thread started: Bac 4 — +100 VU (tong 200) 4-62
2026-08-15 14:40:58,949 INFO o.a.j.t.JMeterThread: Thread started: Bac 4 — +100 VU (tong 200) 4-63
2026-08-15 14:40:59,251 INFO o.a.j.t.JMeterThread: Thread started: Bac 4 — +100 VU (tong 200) 4-64
2026-08-15 14:40:59,547 INFO o.a.j.t.JMeterThread: Thread started: Bac 4 — +100 VU (tong 200) 4-65
2026-08-15 14:40:59,847 INFO o.a.j.t.JMeterThread: Thread started: Bac 4 — +100 VU (tong 200) 4-66
2026-08-15 14:41:00,002 INFO o.a.j.r.Summariser: summary +  23634 in 00:00:30 =  787.8/s Avg:     2 Min:     0 Max:    47 Err:     0 (0.00%) Active: 166 Started: 168 Finished: 2
2026-08-15 14:41:00,002 INFO o.a.j.r.Summariser: summary = 143361 in 00:06:20 =  377.6/s Avg:     2 Min:     0 Max:    93 Err:     0 (0.00%)
2026-08-15 14:41:00,150 INFO o.a.j.t.JMeterThread: Thread started: Bac 4 — +100 VU (tong 200) 4-67
2026-08-15 14:41:00,446 INFO o.a.j.t.JMeterThread: Thread started: Bac 4 — +100 VU (tong 200) 4-68
2026-08-15 14:41:00,746 INFO o.a.j.t.JMeterThread: Thread started: Bac 4 — +100 VU (tong 200) 4-69
2026-08-15 14:41:01,050 INFO o.a.j.t.JMeterThread: Thread started: Bac 4 — +100 VU (tong 200) 4-70
2026-08-15 14:41:01,345 INFO o.a.j.t.JMeterThread: Thread started: Bac 4 — +100 VU (tong 200) 4-71
2026-08-15 14:41:01,651 INFO o.a.j.t.JMeterThread: Thread started: Bac 4 — +100 VU (tong 200) 4-72
2026-08-15 14:41:01,949 INFO o.a.j.t.JMeterThread: Thread started: Bac 4 — +100 VU (tong 200) 4-73
2026-08-15 14:41:02,249 INFO o.a.j.t.JMeterThread: Thread started: Bac 4 — +100 VU (tong 200) 4-74
2026-08-15 14:41:02,547 INFO o.a.j.t.JMeterThread: Thread started: Bac 4 — +100 VU (tong 200) 4-75
2026-08-15 14:41:02,848 INFO o.a.j.t.JMeterThread: Thread started: Bac 4 — +100 VU (tong 200) 4-76
2026-08-15 14:41:03,143 INFO o.a.j.t.JMeterThread: Thread started: Bac 4 — +100 VU (tong 200) 4-77
2026-08-15 14:41:03,447 INFO o.a.j.t.JMeterThread: Thread started: Bac 4 — +100 VU (tong 200) 4-78
2026-08-15 14:41:03,748 INFO o.a.j.t.JMeterThread: Thread started: Bac 4 — +100 VU (tong 200) 4-79
2026-08-15 14:41:04,048 INFO o.a.j.t.JMeterThread: Thread started: Bac 4 — +100 VU (tong 200) 4-80
2026-08-15 14:41:04,346 INFO o.a.j.t.JMeterThread: Thread started: Bac 4 — +100 VU (tong 200) 4-81
2026-08-15 14:41:04,644 INFO o.a.j.t.JMeterThread: Thread started: Bac 4 — +100 VU (tong 200) 4-82
2026-08-15 14:41:04,949 INFO o.a.j.t.JMeterThread: Thread started: Bac 4 — +100 VU (tong 200) 4-83
2026-08-15 14:41:05,248 INFO o.a.j.t.JMeterThread: Thread started: Bac 4 — +100 VU (tong 200) 4-84
2026-08-15 14:41:05,544 INFO o.a.j.t.JMeterThread: Thread started: Bac 4 — +100 VU (tong 200) 4-85
2026-08-15 14:41:05,844 INFO o.a.j.t.JMeterThread: Thread started: Bac 4 — +100 VU (tong 200) 4-86
2026-08-15 14:41:06,147 INFO o.a.j.t.JMeterThread: Thread started: Bac 4 — +100 VU (tong 200) 4-87
2026-08-15 14:41:06,444 INFO o.a.j.t.JMeterThread: Thread started: Bac 4 — +100 VU (tong 200) 4-88
2026-08-15 14:41:06,743 INFO o.a.j.t.JMeterThread: Thread started: Bac 4 — +100 VU (tong 200) 4-89
2026-08-15 14:41:07,048 INFO o.a.j.t.JMeterThread: Thread started: Bac 4 — +100 VU (tong 200) 4-90
2026-08-15 14:41:07,348 INFO o.a.j.t.JMeterThread: Thread started: Bac 4 — +100 VU (tong 200) 4-91
2026-08-15 14:41:07,648 INFO o.a.j.t.JMeterThread: Thread started: Bac 4 — +100 VU (tong 200) 4-92
2026-08-15 14:41:07,948 INFO o.a.j.t.JMeterThread: Thread started: Bac 4 — +100 VU (tong 200) 4-93
2026-08-15 14:41:08,248 INFO o.a.j.t.JMeterThread: Thread started: Bac 4 — +100 VU (tong 200) 4-94
2026-08-15 14:41:08,548 INFO o.a.j.t.JMeterThread: Thread started: Bac 4 — +100 VU (tong 200) 4-95
2026-08-15 14:41:08,848 INFO o.a.j.t.JMeterThread: Thread started: Bac 4 — +100 VU (tong 200) 4-96
2026-08-15 14:41:09,147 INFO o.a.j.t.JMeterThread: Thread started: Bac 4 — +100 VU (tong 200) 4-97
2026-08-15 14:41:09,448 INFO o.a.j.t.JMeterThread: Thread started: Bac 4 — +100 VU (tong 200) 4-98
2026-08-15 14:41:09,749 INFO o.a.j.t.JMeterThread: Thread started: Bac 4 — +100 VU (tong 200) 4-99
2026-08-15 14:41:10,049 INFO o.a.j.t.JMeterThread: Thread started: Bac 4 — +100 VU (tong 200) 4-100
2026-08-15 14:41:30,001 INFO o.a.j.r.Summariser: summary +  36785 in 00:00:30 = 1226.2/s Avg:     6 Min:     0 Max:   363 Err:     0 (0.00%) Active: 200 Started: 202 Finished: 2
2026-08-15 14:41:30,002 INFO o.a.j.r.Summariser: summary = 180146 in 00:06:50 =  439.7/s Avg:     3 Min:     0 Max:   363 Err:     0 (0.00%)
2026-08-15 14:42:00,004 INFO o.a.j.r.Summariser: summary +  38743 in 00:00:30 = 1291.3/s Avg:     3 Min:     0 Max:    66 Err:     0 (0.00%) Active: 200 Started: 202 Finished: 2
2026-08-15 14:42:00,005 INFO o.a.j.r.Summariser: summary = 218889 in 00:07:20 =  497.8/s Avg:     3 Min:     0 Max:   363 Err:     0 (0.00%)
2026-08-15 14:42:30,002 INFO o.a.j.r.Summariser: summary +  38604 in 00:00:30 = 1286.8/s Avg:     3 Min:     0 Max:    87 Err:     0 (0.00%) Active: 200 Started: 202 Finished: 2
2026-08-15 14:42:30,003 INFO o.a.j.r.Summariser: summary = 257493 in 00:07:50 =  548.2/s Avg:     3 Min:     0 Max:   363 Err:     0 (0.00%)
2026-08-15 14:42:40,132 INFO o.a.j.t.JMeterThread: Thread finished: Bac 1 — 25 VU 1-2
2026-08-15 14:42:40,148 INFO o.a.j.t.JMeterThread: Thread finished: Bac 2 — +25 VU (tong 50) 2-25
2026-08-15 14:42:40,158 INFO o.a.j.t.JMeterThread: Thread finished: Bac 2 — +25 VU (tong 50) 2-22
2026-08-15 14:42:40,163 INFO o.a.j.t.JMeterThread: Thread finished: Bac 4 — +100 VU (tong 200) 4-15
2026-08-15 14:42:40,164 INFO o.a.j.t.JMeterThread: Thread finished: Bac 1 — 25 VU 1-17
2026-08-15 14:42:40,166 INFO o.a.j.t.JMeterThread: Thread finished: Bac 3 — +50 VU (tong 100) 3-13
2026-08-15 14:42:40,167 INFO o.a.j.t.JMeterThread: Thread finished: Bac 4 — +100 VU (tong 200) 4-87
2026-08-15 14:42:40,168 INFO o.a.j.t.JMeterThread: Thread finished: Bac 3 — +50 VU (tong 100) 3-31
2026-08-15 14:42:40,175 INFO o.a.j.t.JMeterThread: Thread finished: Bac 1 — 25 VU 1-4
2026-08-15 14:42:40,178 INFO o.a.j.t.JMeterThread: Thread finished: Bac 1 — 25 VU 1-13
2026-08-15 14:42:40,184 INFO o.a.j.t.JMeterThread: Thread finished: Bac 4 — +100 VU (tong 200) 4-22
2026-08-15 14:42:40,188 INFO o.a.j.t.JMeterThread: Thread finished: Bac 4 — +100 VU (tong 200) 4-25
2026-08-15 14:42:40,189 INFO o.a.j.t.JMeterThread: Thread finished: Bac 2 — +25 VU (tong 50) 2-12
2026-08-15 14:42:40,189 INFO o.a.j.t.JMeterThread: Thread finished: Bac 1 — 25 VU 1-1
2026-08-15 14:42:40,189 INFO o.a.j.t.JMeterThread: Thread finished: Bac 3 — +50 VU (tong 100) 3-6
2026-08-15 14:42:40,192 INFO o.a.j.t.JMeterThread: Thread finished: Bac 3 — +50 VU (tong 100) 3-18
2026-08-15 14:42:40,192 INFO o.a.j.t.JMeterThread: Thread finished: Bac 4 — +100 VU (tong 200) 4-93
2026-08-15 14:42:40,193 INFO o.a.j.t.JMeterThread: Thread finished: Bac 1 — 25 VU 1-18
2026-08-15 14:42:40,195 INFO o.a.j.t.JMeterThread: Thread finished: Bac 4 — +100 VU (tong 200) 4-27
2026-08-15 14:42:40,195 INFO o.a.j.t.JMeterThread: Thread finished: Bac 3 — +50 VU (tong 100) 3-21
2026-08-15 14:42:40,198 INFO o.a.j.t.JMeterThread: Thread finished: Bac 1 — 25 VU 1-12
2026-08-15 14:42:40,198 INFO o.a.j.t.JMeterThread: Thread finished: Bac 4 — +100 VU (tong 200) 4-9
2026-08-15 14:42:40,200 INFO o.a.j.t.JMeterThread: Thread finished: Bac 4 — +100 VU (tong 200) 4-14
2026-08-15 14:42:40,200 INFO o.a.j.t.JMeterThread: Thread finished: Bac 1 — 25 VU 1-10
2026-08-15 14:42:40,202 INFO o.a.j.t.JMeterThread: Thread finished: Bac 2 — +25 VU (tong 50) 2-6
2026-08-15 14:42:40,202 INFO o.a.j.t.JMeterThread: Thread finished: Bac 2 — +25 VU (tong 50) 2-11
2026-08-15 14:42:40,203 INFO o.a.j.t.JMeterThread: Thread finished: Bac 4 — +100 VU (tong 200) 4-43
2026-08-15 14:42:40,205 INFO o.a.j.t.JMeterThread: Thread finished: Bac 1 — 25 VU 1-16
2026-08-15 14:42:40,205 INFO o.a.j.t.JMeterThread: Thread finished: Bac 2 — +25 VU (tong 50) 2-2
2026-08-15 14:42:40,205 INFO o.a.j.t.JMeterThread: Thread finished: Bac 3 — +50 VU (tong 100) 3-25
2026-08-15 14:42:40,206 INFO o.a.j.t.JMeterThread: Thread finished: Bac 4 — +100 VU (tong 200) 4-17
2026-08-15 14:42:40,207 INFO o.a.j.t.JMeterThread: Thread finished: Bac 4 — +100 VU (tong 200) 4-40
2026-08-15 14:42:40,207 INFO o.a.j.t.JMeterThread: Thread finished: Bac 4 — +100 VU (tong 200) 4-49
2026-08-15 14:42:40,211 INFO o.a.j.t.JMeterThread: Thread finished: Bac 3 — +50 VU (tong 100) 3-50
2026-08-15 14:42:40,213 INFO o.a.j.t.JMeterThread: Thread finished: Bac 4 — +100 VU (tong 200) 4-5
2026-08-15 14:42:40,213 INFO o.a.j.t.JMeterThread: Thread finished: Bac 2 — +25 VU (tong 50) 2-7
2026-08-15 14:42:40,214 INFO o.a.j.t.JMeterThread: Thread finished: Bac 4 — +100 VU (tong 200) 4-69
2026-08-15 14:42:40,218 INFO o.a.j.t.JMeterThread: Thread finished: Bac 3 — +50 VU (tong 100) 3-2
2026-08-15 14:42:40,220 INFO o.a.j.t.JMeterThread: Thread finished: Bac 2 — +25 VU (tong 50) 2-20
2026-08-15 14:42:40,220 INFO o.a.j.t.JMeterThread: Thread finished: Bac 2 — +25 VU (tong 50) 2-3
2026-08-15 14:42:40,220 INFO o.a.j.t.JMeterThread: Thread finished: Bac 1 — 25 VU 1-14
2026-08-15 14:42:40,220 INFO o.a.j.t.JMeterThread: Thread finished: Bac 3 — +50 VU (tong 100) 3-20
2026-08-15 14:42:40,222 INFO o.a.j.t.JMeterThread: Thread finished: Bac 4 — +100 VU (tong 200) 4-98
2026-08-15 14:42:40,224 INFO o.a.j.t.JMeterThread: Thread finished: Bac 4 — +100 VU (tong 200) 4-12
2026-08-15 14:42:40,224 INFO o.a.j.t.JMeterThread: Thread finished: Bac 2 — +25 VU (tong 50) 2-8
2026-08-15 14:42:40,224 INFO o.a.j.t.JMeterThread: Thread finished: Bac 4 — +100 VU (tong 200) 4-77
2026-08-15 14:42:40,228 INFO o.a.j.t.JMeterThread: Thread finished: Bac 1 — 25 VU 1-7
2026-08-15 14:42:40,231 INFO o.a.j.t.JMeterThread: Thread finished: Bac 4 — +100 VU (tong 200) 4-51
2026-08-15 14:42:40,231 INFO o.a.j.t.JMeterThread: Thread finished: Bac 4 — +100 VU (tong 200) 4-56
2026-08-15 14:42:40,232 INFO o.a.j.t.JMeterThread: Thread finished: Bac 3 — +50 VU (tong 100) 3-41
2026-08-15 14:42:40,232 INFO o.a.j.t.JMeterThread: Thread finished: Bac 1 — 25 VU 1-20
2026-08-15 14:42:40,232 INFO o.a.j.t.JMeterThread: Thread finished: Bac 4 — +100 VU (tong 200) 4-73
2026-08-15 14:42:40,233 INFO o.a.j.t.JMeterThread: Thread finished: Bac 1 — 25 VU 1-24
2026-08-15 14:42:40,233 INFO o.a.j.t.JMeterThread: Thread finished: Bac 3 — +50 VU (tong 100) 3-4
2026-08-15 14:42:40,235 INFO o.a.j.t.JMeterThread: Thread finished: Bac 1 — 25 VU 1-5
2026-08-15 14:42:40,236 INFO o.a.j.t.JMeterThread: Thread finished: Bac 4 — +100 VU (tong 200) 4-54
2026-08-15 14:42:40,237 INFO o.a.j.t.JMeterThread: Thread finished: Bac 4 — +100 VU (tong 200) 4-26
2026-08-15 14:42:40,237 INFO o.a.j.t.JMeterThread: Thread finished: Bac 1 — 25 VU 1-8
2026-08-15 14:42:40,239 INFO o.a.j.t.JMeterThread: Thread finished: Bac 3 — +50 VU (tong 100) 3-30
2026-08-15 14:42:40,239 INFO o.a.j.t.JMeterThread: Thread finished: Bac 3 — +50 VU (tong 100) 3-42
2026-08-15 14:42:40,239 INFO o.a.j.t.JMeterThread: Thread finished: Bac 3 — +50 VU (tong 100) 3-33
2026-08-15 14:42:40,241 INFO o.a.j.t.JMeterThread: Thread finished: Bac 3 — +50 VU (tong 100) 3-32
2026-08-15 14:42:40,242 INFO o.a.j.t.JMeterThread: Thread finished: Bac 4 — +100 VU (tong 200) 4-2
2026-08-15 14:42:40,243 INFO o.a.j.t.JMeterThread: Thread finished: Bac 4 — +100 VU (tong 200) 4-48
2026-08-15 14:42:40,244 INFO o.a.j.t.JMeterThread: Thread finished: Bac 4 — +100 VU (tong 200) 4-37
2026-08-15 14:42:40,246 INFO o.a.j.t.JMeterThread: Thread finished: Bac 4 — +100 VU (tong 200) 4-96
2026-08-15 14:42:40,246 INFO o.a.j.t.JMeterThread: Thread finished: Bac 4 — +100 VU (tong 200) 4-84
2026-08-15 14:42:40,246 INFO o.a.j.t.JMeterThread: Thread finished: Bac 1 — 25 VU 1-3
2026-08-15 14:42:40,246 INFO o.a.j.t.JMeterThread: Thread finished: Bac 3 — +50 VU (tong 100) 3-10
2026-08-15 14:42:40,247 INFO o.a.j.t.JMeterThread: Thread finished: Bac 2 — +25 VU (tong 50) 2-10
2026-08-15 14:42:40,247 INFO o.a.j.t.JMeterThread: Thread finished: Bac 3 — +50 VU (tong 100) 3-28
2026-08-15 14:42:40,248 INFO o.a.j.t.JMeterThread: Thread finished: Bac 2 — +25 VU (tong 50) 2-23
2026-08-15 14:42:40,250 INFO o.a.j.t.JMeterThread: Thread finished: Bac 4 — +100 VU (tong 200) 4-28
2026-08-15 14:42:40,250 INFO o.a.j.t.JMeterThread: Thread finished: Bac 4 — +100 VU (tong 200) 4-66
2026-08-15 14:42:40,251 INFO o.a.j.t.JMeterThread: Thread finished: Bac 3 — +50 VU (tong 100) 3-35
2026-08-15 14:42:40,252 INFO o.a.j.t.JMeterThread: Thread finished: Bac 1 — 25 VU 1-9
2026-08-15 14:42:40,253 INFO o.a.j.t.JMeterThread: Thread finished: Bac 2 — +25 VU (tong 50) 2-17
2026-08-15 14:42:40,254 INFO o.a.j.t.JMeterThread: Thread finished: Bac 4 — +100 VU (tong 200) 4-86
2026-08-15 14:42:40,254 INFO o.a.j.t.JMeterThread: Thread finished: Bac 4 — +100 VU (tong 200) 4-10
2026-08-15 14:42:40,254 INFO o.a.j.t.JMeterThread: Thread finished: Bac 2 — +25 VU (tong 50) 2-16
2026-08-15 14:42:40,258 INFO o.a.j.t.JMeterThread: Thread finished: Bac 3 — +50 VU (tong 100) 3-49
2026-08-15 14:42:40,259 INFO o.a.j.t.JMeterThread: Thread finished: Bac 4 — +100 VU (tong 200) 4-41
2026-08-15 14:42:40,259 INFO o.a.j.t.JMeterThread: Thread finished: Bac 4 — +100 VU (tong 200) 4-62
2026-08-15 14:42:40,261 INFO o.a.j.t.JMeterThread: Thread finished: Bac 4 — +100 VU (tong 200) 4-18
2026-08-15 14:42:40,261 INFO o.a.j.t.JMeterThread: Thread finished: Bac 4 — +100 VU (tong 200) 4-99
2026-08-15 14:42:40,262 INFO o.a.j.t.JMeterThread: Thread finished: Bac 4 — +100 VU (tong 200) 4-58
2026-08-15 14:42:40,262 INFO o.a.j.t.JMeterThread: Thread finished: Bac 3 — +50 VU (tong 100) 3-8
2026-08-15 14:42:40,262 INFO o.a.j.t.JMeterThread: Thread finished: Bac 3 — +50 VU (tong 100) 3-14
2026-08-15 14:42:40,268 INFO o.a.j.t.JMeterThread: Thread finished: Bac 4 — +100 VU (tong 200) 4-65
2026-08-15 14:42:40,269 INFO o.a.j.t.JMeterThread: Thread finished: Bac 3 — +50 VU (tong 100) 3-39
2026-08-15 14:42:40,270 INFO o.a.j.t.JMeterThread: Thread finished: Bac 3 — +50 VU (tong 100) 3-38
2026-08-15 14:42:40,270 INFO o.a.j.t.JMeterThread: Thread finished: Bac 2 — +25 VU (tong 50) 2-4
2026-08-15 14:42:40,271 INFO o.a.j.t.JMeterThread: Thread finished: Bac 4 — +100 VU (tong 200) 4-24
2026-08-15 14:42:40,271 INFO o.a.j.t.JMeterThread: Thread finished: Bac 4 — +100 VU (tong 200) 4-70
2026-08-15 14:42:40,272 INFO o.a.j.t.JMeterThread: Thread finished: Bac 4 — +100 VU (tong 200) 4-95
2026-08-15 14:42:40,272 INFO o.a.j.t.JMeterThread: Thread finished: Bac 1 — 25 VU 1-15
2026-08-15 14:42:40,272 INFO o.a.j.t.JMeterThread: Thread finished: Bac 4 — +100 VU (tong 200) 4-36
2026-08-15 14:42:40,272 INFO o.a.j.t.JMeterThread: Thread finished: Bac 3 — +50 VU (tong 100) 3-26
2026-08-15 14:42:40,273 INFO o.a.j.t.JMeterThread: Thread finished: Bac 4 — +100 VU (tong 200) 4-19
2026-08-15 14:42:40,273 INFO o.a.j.t.JMeterThread: Thread finished: Bac 4 — +100 VU (tong 200) 4-89
2026-08-15 14:42:40,273 INFO o.a.j.t.JMeterThread: Thread finished: Bac 4 — +100 VU (tong 200) 4-30
2026-08-15 14:42:40,274 INFO o.a.j.t.JMeterThread: Thread finished: Bac 4 — +100 VU (tong 200) 4-53
2026-08-15 14:42:40,275 INFO o.a.j.t.JMeterThread: Thread finished: Bac 4 — +100 VU (tong 200) 4-3
2026-08-15 14:42:40,275 INFO o.a.j.t.JMeterThread: Thread finished: Bac 3 — +50 VU (tong 100) 3-29
2026-08-15 14:42:40,275 INFO o.a.j.t.JMeterThread: Thread finished: Bac 2 — +25 VU (tong 50) 2-21
2026-08-15 14:42:40,276 INFO o.a.j.t.JMeterThread: Thread finished: Bac 3 — +50 VU (tong 100) 3-23
2026-08-15 14:42:40,276 INFO o.a.j.t.JMeterThread: Thread finished: Bac 4 — +100 VU (tong 200) 4-44
2026-08-15 14:42:40,277 INFO o.a.j.t.JMeterThread: Thread finished: Bac 4 — +100 VU (tong 200) 4-81
2026-08-15 14:42:40,282 INFO o.a.j.t.JMeterThread: Thread finished: Bac 4 — +100 VU (tong 200) 4-1
2026-08-15 14:42:40,282 INFO o.a.j.t.JMeterThread: Thread finished: Bac 2 — +25 VU (tong 50) 2-1
2026-08-15 14:42:40,283 INFO o.a.j.t.JMeterThread: Thread finished: Bac 3 — +50 VU (tong 100) 3-47
2026-08-15 14:42:40,285 INFO o.a.j.t.JMeterThread: Thread finished: Bac 3 — +50 VU (tong 100) 3-9
2026-08-15 14:42:40,285 INFO o.a.j.t.JMeterThread: Thread finished: Bac 3 — +50 VU (tong 100) 3-24
2026-08-15 14:42:40,286 INFO o.a.j.t.JMeterThread: Thread finished: Bac 3 — +50 VU (tong 100) 3-12
2026-08-15 14:42:40,286 INFO o.a.j.t.JMeterThread: Thread finished: Bac 4 — +100 VU (tong 200) 4-16
2026-08-15 14:42:40,287 INFO o.a.j.t.JMeterThread: Thread finished: Bac 1 — 25 VU 1-19
2026-08-15 14:42:40,287 INFO o.a.j.t.JMeterThread: Thread finished: Bac 3 — +50 VU (tong 100) 3-15
2026-08-15 14:42:40,287 INFO o.a.j.t.JMeterThread: Thread finished: Bac 4 — +100 VU (tong 200) 4-39
2026-08-15 14:42:40,287 INFO o.a.j.t.JMeterThread: Thread finished: Bac 3 — +50 VU (tong 100) 3-27
2026-08-15 14:42:40,293 INFO o.a.j.t.JMeterThread: Thread finished: Bac 1 — 25 VU 1-25
2026-08-15 14:42:40,294 INFO o.a.j.t.JMeterThread: Thread finished: Bac 3 — +50 VU (tong 100) 3-43
2026-08-15 14:42:40,295 INFO o.a.j.t.JMeterThread: Thread finished: Bac 2 — +25 VU (tong 50) 2-5
2026-08-15 14:42:40,296 INFO o.a.j.t.JMeterThread: Thread finished: Bac 3 — +50 VU (tong 100) 3-3
2026-08-15 14:42:40,297 INFO o.a.j.t.JMeterThread: Thread finished: Bac 4 — +100 VU (tong 200) 4-47
2026-08-15 14:42:40,297 INFO o.a.j.t.JMeterThread: Thread finished: Bac 4 — +100 VU (tong 200) 4-7
2026-08-15 14:42:40,297 INFO o.a.j.t.JMeterThread: Thread finished: Bac 4 — +100 VU (tong 200) 4-60
2026-08-15 14:42:40,298 INFO o.a.j.t.JMeterThread: Thread finished: Bac 4 — +100 VU (tong 200) 4-4
2026-08-15 14:42:40,298 INFO o.a.j.t.JMeterThread: Thread finished: Bac 4 — +100 VU (tong 200) 4-78
2026-08-15 14:42:40,298 INFO o.a.j.t.JMeterThread: Thread finished: Bac 1 — 25 VU 1-6
2026-08-15 14:42:40,299 INFO o.a.j.t.JMeterThread: Thread finished: Bac 3 — +50 VU (tong 100) 3-22
2026-08-15 14:42:40,299 INFO o.a.j.t.JMeterThread: Thread finished: Bac 2 — +25 VU (tong 50) 2-18
2026-08-15 14:42:40,300 INFO o.a.j.t.JMeterThread: Thread finished: Bac 4 — +100 VU (tong 200) 4-31
2026-08-15 14:42:40,301 INFO o.a.j.t.JMeterThread: Thread finished: Bac 4 — +100 VU (tong 200) 4-55
2026-08-15 14:42:40,301 INFO o.a.j.t.JMeterThread: Thread finished: Bac 4 — +100 VU (tong 200) 4-82
2026-08-15 14:42:40,302 INFO o.a.j.t.JMeterThread: Thread finished: Bac 1 — 25 VU 1-22
2026-08-15 14:42:40,303 INFO o.a.j.t.JMeterThread: Thread finished: Bac 3 — +50 VU (tong 100) 3-19
2026-08-15 14:42:40,304 INFO o.a.j.t.JMeterThread: Thread finished: Bac 4 — +100 VU (tong 200) 4-13
2026-08-15 14:42:40,305 INFO o.a.j.t.JMeterThread: Thread finished: Bac 3 — +50 VU (tong 100) 3-34
2026-08-15 14:42:40,306 INFO o.a.j.t.JMeterThread: Thread finished: Bac 4 — +100 VU (tong 200) 4-20
2026-08-15 14:42:40,307 INFO o.a.j.t.JMeterThread: Thread finished: Bac 4 — +100 VU (tong 200) 4-92
2026-08-15 14:42:40,308 INFO o.a.j.t.JMeterThread: Thread finished: Bac 4 — +100 VU (tong 200) 4-46
2026-08-15 14:42:40,308 INFO o.a.j.t.JMeterThread: Thread finished: Bac 4 — +100 VU (tong 200) 4-74
2026-08-15 14:42:40,308 INFO o.a.j.t.JMeterThread: Thread finished: Bac 4 — +100 VU (tong 200) 4-50
2026-08-15 14:42:40,308 INFO o.a.j.t.JMeterThread: Thread finished: Bac 4 — +100 VU (tong 200) 4-68
2026-08-15 14:42:40,311 INFO o.a.j.t.JMeterThread: Thread finished: Bac 4 — +100 VU (tong 200) 4-85
2026-08-15 14:42:40,311 INFO o.a.j.t.JMeterThread: Thread finished: Bac 4 — +100 VU (tong 200) 4-6
2026-08-15 14:42:40,313 INFO o.a.j.t.JMeterThread: Thread finished: Bac 4 — +100 VU (tong 200) 4-33
2026-08-15 14:42:40,313 INFO o.a.j.t.JMeterThread: Thread finished: Bac 2 — +25 VU (tong 50) 2-9
2026-08-15 14:42:40,313 INFO o.a.j.t.JMeterThread: Thread finished: Bac 4 — +100 VU (tong 200) 4-32
2026-08-15 14:42:40,313 INFO o.a.j.t.JMeterThread: Thread finished: Bac 3 — +50 VU (tong 100) 3-7
2026-08-15 14:42:40,313 INFO o.a.j.t.JMeterThread: Thread finished: Bac 2 — +25 VU (tong 50) 2-15
2026-08-15 14:42:40,314 INFO o.a.j.t.JMeterThread: Thread finished: Bac 3 — +50 VU (tong 100) 3-1
2026-08-15 14:42:40,314 INFO o.a.j.t.JMeterThread: Thread finished: Bac 4 — +100 VU (tong 200) 4-67
2026-08-15 14:42:40,315 INFO o.a.j.t.JMeterThread: Thread finished: Bac 1 — 25 VU 1-11
2026-08-15 14:42:40,316 INFO o.a.j.t.JMeterThread: Thread finished: Bac 2 — +25 VU (tong 50) 2-13
2026-08-15 14:42:40,316 INFO o.a.j.t.JMeterThread: Thread finished: Bac 3 — +50 VU (tong 100) 3-36
2026-08-15 14:42:40,317 INFO o.a.j.t.JMeterThread: Thread finished: Bac 3 — +50 VU (tong 100) 3-11
2026-08-15 14:42:40,318 INFO o.a.j.t.JMeterThread: Thread finished: Bac 4 — +100 VU (tong 200) 4-91
2026-08-15 14:42:40,318 INFO o.a.j.t.JMeterThread: Thread finished: Bac 2 — +25 VU (tong 50) 2-19
2026-08-15 14:42:40,318 INFO o.a.j.t.JMeterThread: Thread finished: Bac 3 — +50 VU (tong 100) 3-16
2026-08-15 14:42:40,318 INFO o.a.j.t.JMeterThread: Thread finished: Bac 4 — +100 VU (tong 200) 4-88
2026-08-15 14:42:40,321 INFO o.a.j.t.JMeterThread: Thread finished: Bac 3 — +50 VU (tong 100) 3-17
2026-08-15 14:42:40,321 INFO o.a.j.t.JMeterThread: Thread finished: Bac 2 — +25 VU (tong 50) 2-24
2026-08-15 14:42:40,321 INFO o.a.j.t.JMeterThread: Thread finished: Bac 2 — +25 VU (tong 50) 2-14
2026-08-15 14:42:40,322 INFO o.a.j.t.JMeterThread: Stopping because end time detected by thread: Bac 1 — 25 VU 1-21
2026-08-15 14:42:40,322 INFO o.a.j.t.JMeterThread: Thread finished: Bac 1 — 25 VU 1-21
2026-08-15 14:42:40,322 INFO o.a.j.t.JMeterThread: Thread finished: Bac 4 — +100 VU (tong 200) 4-8
2026-08-15 14:42:40,323 INFO o.a.j.t.JMeterThread: Thread finished: Bac 4 — +100 VU (tong 200) 4-83
2026-08-15 14:42:40,323 INFO o.a.j.t.JMeterThread: Thread finished: Bac 4 — +100 VU (tong 200) 4-71
2026-08-15 14:42:40,323 INFO o.a.j.t.JMeterThread: Thread finished: Bac 4 — +100 VU (tong 200) 4-23
2026-08-15 14:42:40,324 INFO o.a.j.t.JMeterThread: Thread finished: Bac 4 — +100 VU (tong 200) 4-42
2026-08-15 14:42:40,324 INFO o.a.j.t.JMeterThread: Thread finished: Bac 4 — +100 VU (tong 200) 4-80
2026-08-15 14:42:40,325 INFO o.a.j.t.JMeterThread: Thread finished: Bac 3 — +50 VU (tong 100) 3-40
2026-08-15 14:42:40,327 INFO o.a.j.t.JMeterThread: Thread finished: Bac 3 — +50 VU (tong 100) 3-45
2026-08-15 14:42:40,328 INFO o.a.j.t.JMeterThread: Thread finished: Bac 4 — +100 VU (tong 200) 4-59
2026-08-15 14:42:40,328 INFO o.a.j.t.JMeterThread: Stopping because end time detected by thread: Bac 1 — 25 VU 1-23
2026-08-15 14:42:40,328 INFO o.a.j.t.JMeterThread: Thread finished: Bac 1 — 25 VU 1-23
2026-08-15 14:42:40,328 INFO o.a.j.t.JMeterThread: Thread finished: Bac 3 — +50 VU (tong 100) 3-46
2026-08-15 14:42:40,328 INFO o.a.j.t.JMeterThread: Thread finished: Bac 3 — +50 VU (tong 100) 3-5
2026-08-15 14:42:40,329 INFO o.a.j.t.JMeterThread: Thread finished: Bac 4 — +100 VU (tong 200) 4-97
2026-08-15 14:42:40,335 INFO o.a.j.t.JMeterThread: Thread finished: Bac 4 — +100 VU (tong 200) 4-11
2026-08-15 14:42:40,335 INFO o.a.j.t.JMeterThread: Thread finished: Bac 4 — +100 VU (tong 200) 4-38
2026-08-15 14:42:40,335 INFO o.a.j.t.JMeterThread: Thread finished: Bac 4 — +100 VU (tong 200) 4-64
2026-08-15 14:42:40,335 INFO o.a.j.t.JMeterThread: Thread finished: Bac 4 — +100 VU (tong 200) 4-34
2026-08-15 14:42:40,335 INFO o.a.j.t.JMeterThread: Thread finished: Bac 3 — +50 VU (tong 100) 3-48
2026-08-15 14:42:40,336 INFO o.a.j.t.JMeterThread: Thread finished: Bac 4 — +100 VU (tong 200) 4-52
2026-08-15 14:42:40,337 INFO o.a.j.t.JMeterThread: Thread finished: Bac 4 — +100 VU (tong 200) 4-90
2026-08-15 14:42:40,337 INFO o.a.j.t.JMeterThread: Thread finished: Bac 3 — +50 VU (tong 100) 3-44
2026-08-15 14:42:40,338 INFO o.a.j.t.JMeterThread: Thread finished: Bac 4 — +100 VU (tong 200) 4-21
2026-08-15 14:42:40,339 INFO o.a.j.t.JMeterThread: Thread finished: Bac 4 — +100 VU (tong 200) 4-63
2026-08-15 14:42:40,342 INFO o.a.j.t.JMeterThread: Stopping because end time detected by thread: Bac 3 — +50 VU (tong 100) 3-37
2026-08-15 14:42:40,342 INFO o.a.j.t.JMeterThread: Thread finished: Bac 3 — +50 VU (tong 100) 3-37
2026-08-15 14:42:40,344 INFO o.a.j.t.JMeterThread: Thread finished: Bac 4 — +100 VU (tong 200) 4-75
2026-08-15 14:42:40,348 INFO o.a.j.t.JMeterThread: Thread finished: Bac 4 — +100 VU (tong 200) 4-100
2026-08-15 14:42:40,349 INFO o.a.j.t.JMeterThread: Thread finished: Bac 4 — +100 VU (tong 200) 4-76
2026-08-15 14:42:40,349 INFO o.a.j.t.JMeterThread: Stopping because end time detected by thread: Bac 4 — +100 VU (tong 200) 4-29
2026-08-15 14:42:40,349 INFO o.a.j.t.JMeterThread: Thread finished: Bac 4 — +100 VU (tong 200) 4-29
2026-08-15 14:42:40,350 INFO o.a.j.t.JMeterThread: Stopping because end time detected by thread: Bac 4 — +100 VU (tong 200) 4-45
2026-08-15 14:42:40,350 INFO o.a.j.t.JMeterThread: Thread finished: Bac 4 — +100 VU (tong 200) 4-45
2026-08-15 14:42:40,350 INFO o.a.j.t.JMeterThread: Thread finished: Bac 4 — +100 VU (tong 200) 4-72
2026-08-15 14:42:40,352 INFO o.a.j.t.JMeterThread: Stopping because end time detected by thread: Bac 4 — +100 VU (tong 200) 4-35
2026-08-15 14:42:40,352 INFO o.a.j.t.JMeterThread: Thread finished: Bac 4 — +100 VU (tong 200) 4-35
2026-08-15 14:42:40,352 INFO o.a.j.t.JMeterThread: Thread finished: Bac 4 — +100 VU (tong 200) 4-61
2026-08-15 14:42:40,357 INFO o.a.j.t.JMeterThread: Thread finished: Bac 4 — +100 VU (tong 200) 4-79
2026-08-15 14:42:40,358 INFO o.a.j.t.JMeterThread: Stopping because end time detected by thread: Bac 4 — +100 VU (tong 200) 4-57
2026-08-15 14:42:40,358 INFO o.a.j.t.JMeterThread: Thread finished: Bac 4 — +100 VU (tong 200) 4-57
2026-08-15 14:42:40,364 INFO o.a.j.t.JMeterThread: Stopping because end time detected by thread: Bac 4 — +100 VU (tong 200) 4-94
2026-08-15 14:42:40,364 INFO o.a.j.t.JMeterThread: Thread finished: Bac 4 — +100 VU (tong 200) 4-94
2026-08-15 14:42:40,365 INFO o.a.j.e.StandardJMeterEngine: Notifying test listeners of end of test
2026-08-15 14:42:40,365 INFO o.a.j.s.FileServer: Close: data/products_import.csv
2026-08-15 14:42:40,365 INFO o.a.j.s.FileServer: Close: data/orders.csv
2026-08-15 14:42:40,365 INFO o.a.j.s.FileServer: Close: data/users.csv
2026-08-15 14:42:40,365 INFO o.a.j.s.FileServer: Close: data/users_lockout.csv
2026-08-15 14:42:40,371 INFO o.a.j.r.Summariser: summary +  13355 in 00:00:10 = 1288.0/s Avg:     2 Min:     0 Max:    52 Err:     0 (0.00%) Active: 0 Started: 202 Finished: 202
2026-08-15 14:42:40,371 INFO o.a.j.r.Summariser: summary = 270848 in 00:08:00 =  564.2/s Avg:     3 Min:     0 Max:   363 Err:     0 (0.00%)
2026-08-15 14:42:40,371 INFO o.a.j.JMeter: Generating Dashboard
2026-08-15 14:42:40,371 INFO o.a.j.r.d.ReportGenerator: Flushing result collector before report Generation
2026-08-15 14:42:40,383 INFO o.a.j.r.p.NormalizerSampleConsumer: Using format, 'ms', to parse timeStamp field
2026-08-15 14:42:43,170 INFO o.a.j.r.p.AbstractSampleConsumer: class org.apache.jmeter.report.processor.AggregateConsumer#stopProducing(): beginDate produced 0 samples
2026-08-15 14:42:43,170 INFO o.a.j.r.p.AbstractSampleConsumer: class org.apache.jmeter.report.processor.AggregateConsumer#stopProducing(): endDate produced 0 samples
2026-08-15 14:42:43,171 INFO o.a.j.r.p.AbstractSampleConsumer: class org.apache.jmeter.report.processor.ApdexSummaryConsumer#stopProducing(): apdexSummary produced 0 samples
2026-08-15 14:42:43,171 INFO o.a.j.r.p.AbstractSampleConsumer: class org.apache.jmeter.report.processor.RequestsSummaryConsumer#stopProducing(): requestsSummary produced 0 samples
2026-08-15 14:42:43,183 INFO o.a.j.r.p.AbstractSampleConsumer: class org.apache.jmeter.report.processor.StatisticsSummaryConsumer#stopProducing(): statisticsSummary produced 0 samples
2026-08-15 14:42:43,186 INFO o.a.j.r.p.AbstractSampleConsumer: class org.apache.jmeter.report.processor.Top5ErrorsBySamplerConsumer#stopProducing(): top5ErrorsBySampler produced 0 samples
2026-08-15 14:42:43,186 INFO o.a.j.r.p.AbstractSampleConsumer: class org.apache.jmeter.report.processor.ErrorsSummaryConsumer#stopProducing(): errorsSummary produced 0 samples
2026-08-15 14:42:43,186 INFO o.a.j.r.p.AbstractSampleConsumer: class org.apache.jmeter.report.processor.graph.impl.HitsPerSecondGraphConsumer#stopProducing(): hitsPerSecond produced 0 samples
2026-08-15 14:42:44,094 INFO o.a.j.r.p.AbstractSampleConsumer: class org.apache.jmeter.report.processor.graph.impl.LatencyVSRequestGraphConsumer#stopProducing(): latencyVsRequest produced 0 samples
2026-08-15 14:42:44,097 INFO o.a.j.r.p.AbstractSampleConsumer: class org.apache.jmeter.report.processor.graph.impl.SyntheticResponseTimeDistributionGraphConsumer#stopProducing(): syntheticResponseTimeDistribution produced 0 samples
2026-08-15 14:42:44,097 INFO o.a.j.r.p.AbstractSampleConsumer: class org.apache.jmeter.report.processor.graph.impl.BytesThroughputGraphConsumer#stopProducing(): bytesThroughputOverTime produced 0 samples
2026-08-15 14:42:44,097 INFO o.a.j.r.p.AbstractSampleConsumer: class org.apache.jmeter.report.processor.graph.impl.CodesPerSecondGraphConsumer#stopProducing(): codesPerSecond produced 0 samples
2026-08-15 14:42:44,969 INFO o.a.j.r.p.AbstractSampleConsumer: class org.apache.jmeter.report.processor.graph.impl.ResponseTimeVSRequestGraphConsumer#stopProducing(): responseTimeVsRequest produced 0 samples
2026-08-15 14:42:44,972 INFO o.a.j.r.p.AbstractSampleConsumer: class org.apache.jmeter.report.processor.FilterConsumer#stopProducing(): startIntervalControlerFilter produced 1895936 samples
2026-08-15 14:42:44,972 INFO o.a.j.r.p.AbstractSampleConsumer: class org.apache.jmeter.report.processor.graph.impl.TotalTPSGraphConsumer#stopProducing(): totalTPS produced 0 samples
2026-08-15 14:42:44,972 INFO o.a.j.r.p.AbstractSampleConsumer: class org.apache.jmeter.report.processor.graph.impl.ActiveThreadsGraphConsumer#stopProducing(): activeThreadsOverTime produced 0 samples
2026-08-15 14:42:44,973 INFO o.a.j.r.p.AbstractSampleConsumer: class org.apache.jmeter.report.processor.graph.impl.TimeVSThreadGraphConsumer#stopProducing(): timeVsThreads produced 0 samples
2026-08-15 14:42:44,973 INFO o.a.j.r.p.AbstractSampleConsumer: class org.apache.jmeter.report.processor.graph.impl.ResponseTimeDistributionGraphConsumer#stopProducing(): responseTimeDistribution produced 0 samples
2026-08-15 14:42:44,973 INFO o.a.j.r.p.AbstractSampleConsumer: class org.apache.jmeter.report.processor.graph.impl.TransactionsPerSecondGraphConsumer#stopProducing(): transactionsPerSecond produced 0 samples
2026-08-15 14:42:44,974 INFO o.a.j.r.p.AbstractSampleConsumer: class org.apache.jmeter.report.processor.graph.impl.ResponseTimePercentilesGraphConsumer#stopProducing(): responseTimePercentiles produced 0 samples
2026-08-15 14:42:44,975 INFO o.a.j.r.p.AbstractSampleConsumer: class org.apache.jmeter.report.processor.graph.impl.ResponseTimePercentilesOverTimeGraphConsumer#stopProducing(): responseTimePercentilesOverTime produced 0 samples
2026-08-15 14:42:44,985 INFO o.a.j.r.p.AbstractSampleConsumer: class org.apache.jmeter.report.processor.graph.impl.ResponseTimeOverTimeGraphConsumer#stopProducing(): responseTimesOverTime produced 0 samples
2026-08-15 14:42:44,985 INFO o.a.j.r.p.AbstractSampleConsumer: class org.apache.jmeter.report.processor.graph.impl.ConnectTimeOverTimeGraphConsumer#stopProducing(): connectTimeOverTime produced 0 samples
2026-08-15 14:42:44,986 INFO o.a.j.r.p.AbstractSampleConsumer: class org.apache.jmeter.report.processor.graph.impl.LatencyOverTimeGraphConsumer#stopProducing(): latenciesOverTime produced 0 samples
2026-08-15 14:42:44,987 INFO o.a.j.r.p.AbstractSampleConsumer: class org.apache.jmeter.report.processor.FilterConsumer#stopProducing(): nameFilter produced 4062720 samples
2026-08-15 14:42:44,987 INFO o.a.j.r.p.AbstractSampleConsumer: class org.apache.jmeter.report.processor.FilterConsumer#stopProducing(): dateRangeFilter produced 812544 samples
2026-08-15 14:42:44,987 INFO o.a.j.r.p.AbstractSampleConsumer: class org.apache.jmeter.report.processor.NormalizerSampleConsumer#stopProducing(): normalizer produced 270848 samples
2026-08-15 14:42:44,987 INFO o.a.j.r.p.CsvFileSampleSource: produce(): 270848 samples produced in 4s 595 ms on channel 0
2026-08-15 14:42:44,987 INFO o.a.j.r.d.ReportGenerator: Exporting data using exporter:'json' of className:'org.apache.jmeter.report.dashboard.JsonExporter'
2026-08-15 14:42:45,023 INFO o.a.j.r.d.JsonExporter: Found data for consumer statisticsSummary in context
2026-08-15 14:42:45,023 INFO o.a.j.r.d.JsonExporter: Creating statistics for overall
2026-08-15 14:42:45,023 INFO o.a.j.r.d.JsonExporter: Creating statistics for other transactions
2026-08-15 14:42:45,023 INFO o.a.j.r.d.JsonExporter: Checking output folder
2026-08-15 14:42:45,023 INFO o.a.j.r.d.JsonExporter: Writing statistics JSON to /Users/macos/Documents/HK3_Nam3/kiem_thu/HW05-Performance-Testing/results/html/stress/statistics.json
2026-08-15 14:42:45,042 INFO o.a.j.r.d.ReportGenerator: Exporting data using exporter:'html' of className:'org.apache.jmeter.report.dashboard.HtmlTemplateExporter'
2026-08-15 14:42:45,043 INFO o.a.j.r.d.HtmlTemplateExporter: Will generate dashboard in folder: /Users/macos/Documents/HK3_Nam3/kiem_thu/HW05-Performance-Testing/results/html/stress
2026-08-15 14:42:45,112 INFO o.a.j.r.d.HtmlTemplateExporter: Report will be generated in: /Users/macos/Documents/HK3_Nam3/kiem_thu/HW05-Performance-Testing/results/html/stress, creating folder structure
2026-08-15 14:42:45,113 INFO o.a.j.r.d.TemplateVisitor: Copying folder from '/opt/homebrew/Cellar/jmeter/5.6.3/libexec/bin/report-template' to '/Users/macos/Documents/HK3_Nam3/kiem_thu/HW05-Performance-Testing/results/html/stress', got message: /Users/macos/Documents/HK3_Nam3/kiem_thu/HW05-Performance-Testing/results/html/stress, found non empty folder with following content [/Users/macos/Documents/HK3_Nam3/kiem_thu/HW05-Performance-Testing/results/html/stress/statistics.json], will be ignored
2026-08-15 14:42:45,250 INFO o.a.j.JMeter: Dashboard generated
