2026-08-13 13:29:41,387 INFO o.a.j.u.JMeterUtils: Setting Locale to en_EN
2026-08-13 13:29:41,401 INFO o.a.j.JMeter: Loading user properties from: /opt/homebrew/Cellar/jmeter/5.6.3/libexec/bin/user.properties
2026-08-13 13:29:41,401 INFO o.a.j.JMeter: Loading system properties from: /opt/homebrew/Cellar/jmeter/5.6.3/libexec/bin/system.properties
2026-08-13 13:29:41,402 INFO o.a.j.JMeter: Loading additional properties from: tools/jmeter-user.properties
2026-08-13 13:29:41,402 INFO o.a.j.JMeter: Setting JMeter property: student.id=23127178
2026-08-13 13:29:41,402 INFO o.a.j.JMeter: Setting JMeter property: scenario=Spike
2026-08-13 13:29:41,405 INFO o.a.j.JMeter: Copyright (c) 1998-2024 The Apache Software Foundation
2026-08-13 13:29:41,406 INFO o.a.j.JMeter: Version 5.6.3
2026-08-13 13:29:41,406 INFO o.a.j.JMeter: java.version=21.0.12
2026-08-13 13:29:41,406 INFO o.a.j.JMeter: java.vm.name=OpenJDK 64-Bit Server VM
2026-08-13 13:29:41,406 INFO o.a.j.JMeter: os.name=Mac OS X
2026-08-13 13:29:41,406 INFO o.a.j.JMeter: os.arch=aarch64
2026-08-13 13:29:41,406 INFO o.a.j.JMeter: os.version=26.1
2026-08-13 13:29:41,406 INFO o.a.j.JMeter: file.encoding=UTF-8
2026-08-13 13:29:41,406 INFO o.a.j.JMeter: java.awt.headless=true
2026-08-13 13:29:41,406 INFO o.a.j.JMeter: Max memory     =1073741824
2026-08-13 13:29:41,406 INFO o.a.j.JMeter: Available Processors =12
2026-08-13 13:29:41,412 INFO o.a.j.JMeter: Default Locale=English (EN)
2026-08-13 13:29:41,412 INFO o.a.j.JMeter: JMeter  Locale=English (EN)
2026-08-13 13:29:41,412 INFO o.a.j.JMeter: JMeterHome=/opt/homebrew/Cellar/jmeter/5.6.3/libexec
2026-08-13 13:29:41,412 INFO o.a.j.JMeter: user.dir  =/Users/macos/Documents/HK3_Nam3/kiem_thu/HW05-Performance-Testing
2026-08-13 13:29:41,412 INFO o.a.j.JMeter: PWD       =/Users/macos/Documents/HK3_Nam3/kiem_thu/HW05-Performance-Testing
2026-08-13 13:29:41,415 INFO o.a.j.JMeter: IP: 127.0.0.1 Name: Le-Nhut-Duy.local FullName: localhost
2026-08-13 13:29:41,423 INFO o.a.j.JMeter: Setting property 'jmeter.reportgenerator.outputdir' to:'/Users/macos/Documents/HK3_Nam3/kiem_thu/HW05-Performance-Testing/results/html/spike'
2026-08-13 13:29:41,425 INFO o.a.j.s.FileServer: Default base='/Users/macos/Documents/HK3_Nam3/kiem_thu/HW05-Performance-Testing'
2026-08-13 13:29:41,426 INFO o.a.j.s.FileServer: Set new base='/Users/macos/Documents/HK3_Nam3/kiem_thu/HW05-Performance-Testing/test-plans'
2026-08-13 13:29:41,516 INFO o.a.j.s.SaveService: Testplan (JMX) version: 2.2. Testlog (JTL) version: 2.2
2026-08-13 13:29:41,534 INFO o.a.j.s.SaveService: Using SaveService properties version 5.0
2026-08-13 13:29:41,535 INFO o.a.j.s.SaveService: Using SaveService properties file encoding UTF-8
2026-08-13 13:29:41,536 INFO o.a.j.s.SaveService: Loading file: test-plans/23127178_Spike_20260813.jmx
2026-08-13 13:29:41,570 INFO o.a.j.p.h.s.HTTPSamplerBase: Parser for text/html is org.apache.jmeter.protocol.http.parser.LagartoBasedHtmlParser
2026-08-13 13:29:41,570 INFO o.a.j.p.h.s.HTTPSamplerBase: Parser for application/xhtml+xml is org.apache.jmeter.protocol.http.parser.LagartoBasedHtmlParser
2026-08-13 13:29:41,570 INFO o.a.j.p.h.s.HTTPSamplerBase: Parser for application/xml is org.apache.jmeter.protocol.http.parser.LagartoBasedHtmlParser
2026-08-13 13:29:41,570 INFO o.a.j.p.h.s.HTTPSamplerBase: Parser for text/xml is org.apache.jmeter.protocol.http.parser.LagartoBasedHtmlParser
2026-08-13 13:29:41,570 INFO o.a.j.p.h.s.HTTPSamplerBase: Parser for text/vnd.wap.wml is org.apache.jmeter.protocol.http.parser.RegexpHTMLParser
2026-08-13 13:29:41,570 INFO o.a.j.p.h.s.HTTPSamplerBase: Parser for text/css is org.apache.jmeter.protocol.http.parser.CssParser
2026-08-13 13:29:41,611 INFO o.a.j.JMeter: Creating summariser <summary>
2026-08-13 13:29:41,614 INFO o.a.j.r.d.ReportGenerator: ReportGenerator will use for Parsing the separator: ','
2026-08-13 13:29:41,614 INFO o.a.j.r.d.ReportGenerator: Will generate report at end of test from  results file: results/jtl/23127178_Spike_20260813-132940.jtl
2026-08-13 13:29:41,614 INFO o.a.j.r.d.ReportGenerator: Reading report generator properties from: /opt/homebrew/Cellar/jmeter/5.6.3/libexec/bin/reportgenerator.properties
2026-08-13 13:29:41,615 INFO o.a.j.r.d.ReportGenerator: Merging with JMeter properties
2026-08-13 13:29:41,617 INFO o.a.j.r.c.ReportGeneratorConfiguration: Property 'jmeter.reportgenerator.temp_dir' not found, using default value 'temp' instead.
2026-08-13 13:29:41,617 INFO o.a.j.r.c.ReportGeneratorConfiguration: Property 'jmeter.reportgenerator.apdex_per_transaction' not found, using default value 'null' instead.
2026-08-13 13:29:41,617 INFO o.a.j.r.c.ReportGeneratorConfiguration: apdex_per_transaction is empty, not APDEX per transaction customization
2026-08-13 13:29:41,617 INFO o.a.j.r.c.ReportGeneratorConfiguration: Property 'jmeter.reportgenerator.sample_filter' not found, using default value 'null' instead.
2026-08-13 13:29:41,618 INFO o.a.j.r.c.ReportGeneratorConfiguration: Property 'jmeter.reportgenerator.report_title' not found, using default value 'null' instead.
2026-08-13 13:29:41,618 INFO o.a.j.r.c.ReportGeneratorConfiguration: Property 'jmeter.reportgenerator.start_date' not found, using default value 'null' instead.
2026-08-13 13:29:41,618 INFO o.a.j.r.c.ReportGeneratorConfiguration: Property 'jmeter.reportgenerator.end_date' not found, using default value 'null' instead.
2026-08-13 13:29:41,618 INFO o.a.j.r.c.ReportGeneratorConfiguration: Property 'jmeter.reportgenerator.date_format' not found, using default value 'null' instead.
2026-08-13 13:29:41,618 INFO o.a.j.r.c.ReportGeneratorConfiguration: Will use date range start date: null, end date: null
2026-08-13 13:29:41,620 INFO o.a.j.r.c.ReportGeneratorConfiguration: Property 'jmeter.reportgenerator.graph.totalTPS.exclude_controllers' not found, using default value 'false' instead.
2026-08-13 13:29:41,620 INFO o.a.j.r.c.ReportGeneratorConfiguration: Property 'jmeter.reportgenerator.graph.activeThreadsOverTime.exclude_controllers' not found, using default value 'false' instead.
2026-08-13 13:29:41,620 INFO o.a.j.r.c.ReportGeneratorConfiguration: Property 'jmeter.reportgenerator.graph.timeVsThreads.exclude_controllers' not found, using default value 'false' instead.
2026-08-13 13:29:41,620 INFO o.a.j.r.c.ReportGeneratorConfiguration: Property 'jmeter.reportgenerator.graph.responseTimeDistribution.exclude_controllers' not found, using default value 'false' instead.
2026-08-13 13:29:41,620 INFO o.a.j.r.c.ReportGeneratorConfiguration: Property 'jmeter.reportgenerator.graph.transactionsPerSecond.exclude_controllers' not found, using default value 'false' instead.
2026-08-13 13:29:41,620 INFO o.a.j.r.c.ReportGeneratorConfiguration: Property 'jmeter.reportgenerator.graph.responseTimePercentiles.exclude_controllers' not found, using default value 'false' instead.
2026-08-13 13:29:41,620 INFO o.a.j.r.c.ReportGeneratorConfiguration: Property 'jmeter.reportgenerator.graph.responseTimePercentilesOverTime.exclude_controllers' not found, using default value 'false' instead.
2026-08-13 13:29:41,620 INFO o.a.j.r.c.ReportGeneratorConfiguration: Property 'jmeter.reportgenerator.graph.responseTimesOverTime.exclude_controllers' not found, using default value 'false' instead.
2026-08-13 13:29:41,620 INFO o.a.j.r.c.ReportGeneratorConfiguration: Property 'jmeter.reportgenerator.graph.connectTimeOverTime.exclude_controllers' not found, using default value 'false' instead.
2026-08-13 13:29:41,621 INFO o.a.j.r.c.ReportGeneratorConfiguration: Property 'jmeter.reportgenerator.graph.latenciesOverTime.exclude_controllers' not found, using default value 'false' instead.
2026-08-13 13:29:41,621 INFO o.a.j.r.c.ReportGeneratorConfiguration: Property 'jmeter.reportgenerator.exporter.json.filters_only_sample_series' not found, using default value 'true' instead.
2026-08-13 13:29:41,621 INFO o.a.j.r.c.ReportGeneratorConfiguration: Property 'jmeter.reportgenerator.exporter.json.series_filter' not found, using default value '' instead.
2026-08-13 13:29:41,621 INFO o.a.j.r.c.ReportGeneratorConfiguration: Property 'jmeter.reportgenerator.exporter.json.show_controllers_only' not found, using default value 'false' instead.
2026-08-13 13:29:41,621 INFO o.a.j.r.c.ReportGeneratorConfiguration: Property 'jmeter.reportgenerator.exporter.html.filters_only_sample_series' not found, using default value 'true' instead.
2026-08-13 13:29:41,621 INFO o.a.j.r.c.ReportGeneratorConfiguration: Property 'jmeter.reportgenerator.exporter.html.series_filter' not found, using default value '' instead.
2026-08-13 13:29:41,621 INFO o.a.j.r.c.ReportGeneratorConfiguration: Property 'jmeter.reportgenerator.exporter.html.show_controllers_only' not found, using default value 'false' instead.
2026-08-13 13:29:41,628 INFO o.a.j.e.StandardJMeterEngine: Running the test!
2026-08-13 13:29:41,628 INFO o.a.j.s.SampleEvent: List of sample_variables: []
2026-08-13 13:29:41,628 INFO o.a.j.s.SampleEvent: List of sample_variables: []
2026-08-13 13:29:41,630 INFO o.a.j.e.u.CompoundVariable: Note: Function class names must contain the string: '.functions.'
2026-08-13 13:29:41,630 INFO o.a.j.e.u.CompoundVariable: Note: Function class names must not contain the string: '.gui.'
2026-08-13 13:29:41,648 INFO o.a.j.r.ClassFinder: Will scan jar /opt/homebrew/Cellar/jmeter/5.6.3/libexec/lib/ext/jmeter-plugins-manager-1.9.jar with filter ExtendsClassFilter [parents=[interface org.apache.jmeter.functions.Function], inner=false, contains=null, notContains=null]. Consider exposing JMeter plugins via META-INF/services, and add JMeter-Skip-Class-Scanning=true manifest attribute so JMeter can skip classfile scanning
2026-08-13 13:29:41,812 INFO o.a.j.JMeter: Running test (1786602581812)
2026-08-13 13:29:41,823 INFO o.a.j.e.StandardJMeterEngine: Starting ThreadGroup: 1 : Nen — 10 VU chay xuyen luot
2026-08-13 13:29:41,823 INFO o.a.j.e.StandardJMeterEngine: Starting 10 threads for group Nen — 10 VU chay xuyen luot.
2026-08-13 13:29:41,823 INFO o.a.j.e.StandardJMeterEngine: Thread will continue on error
2026-08-13 13:29:41,824 INFO o.a.j.t.ThreadGroup: Starting thread group... number=1 threads=10 ramp-up=10 delayedStart=false
2026-08-13 13:29:41,830 INFO o.a.j.t.ThreadGroup: Started thread group number 1
2026-08-13 13:29:41,830 INFO o.a.j.e.StandardJMeterEngine: Starting ThreadGroup: 2 : Cu soc — 200 VU trong 5s
2026-08-13 13:29:41,830 INFO o.a.j.e.StandardJMeterEngine: Starting 200 threads for group Cu soc — 200 VU trong 5s.
2026-08-13 13:29:41,830 INFO o.a.j.e.StandardJMeterEngine: Thread will continue on error
2026-08-13 13:29:41,830 INFO o.a.j.t.ThreadGroup: Starting thread group... number=2 threads=200 ramp-up=5 delayedStart=false
2026-08-13 13:29:41,832 INFO o.a.j.t.JMeterThread: Thread started: Nen — 10 VU chay xuyen luot 1-1
2026-08-13 13:29:41,833 INFO o.a.j.s.FileServer: Stored: data/orders.csv
2026-08-13 13:29:41,841 INFO o.a.j.s.FileServer: Stored: data/products_import.csv
2026-08-13 13:29:41,842 INFO o.a.j.s.FileServer: Stored: data/users.csv
2026-08-13 13:29:41,884 INFO o.a.j.t.ThreadGroup: Started thread group number 2
2026-08-13 13:29:41,884 INFO o.a.j.e.StandardJMeterEngine: Starting ThreadGroup: 3 : TG-lockout — nhanh account-lockout (2 VU)
2026-08-13 13:29:41,884 INFO o.a.j.e.StandardJMeterEngine: Starting 2 threads for group TG-lockout — nhanh account-lockout (2 VU).
2026-08-13 13:29:41,884 INFO o.a.j.e.StandardJMeterEngine: Thread will continue on error
2026-08-13 13:29:41,884 INFO o.a.j.t.ThreadGroup: Starting thread group... number=3 threads=2 ramp-up=1 delayedStart=false
2026-08-13 13:29:41,884 INFO o.a.j.t.ThreadGroup: Started thread group number 3
2026-08-13 13:29:41,885 INFO o.a.j.e.StandardJMeterEngine: All thread groups have been started
2026-08-13 13:29:42,148 INFO o.a.j.p.h.s.HTTPHCAbstractImpl: Local host = Le-Nhut-Duy.local
2026-08-13 13:29:42,150 INFO o.a.j.p.h.s.HTTPHC4Impl: HTTP request retry count = 0
2026-08-13 13:29:42,151 INFO o.a.j.s.SampleResult: Note: Sample TimeStamps are START times
2026-08-13 13:29:42,151 INFO o.a.j.s.SampleResult: sampleresult.default.encoding is set to UTF-8
2026-08-13 13:29:42,151 INFO o.a.j.s.SampleResult: sampleresult.useNanoTime=true
2026-08-13 13:29:42,151 INFO o.a.j.s.SampleResult: sampleresult.nanoThreadSleep=5000
2026-08-13 13:29:42,831 INFO o.a.j.t.JMeterThread: Thread started: Nen — 10 VU chay xuyen luot 1-2
2026-08-13 13:29:43,557 INFO o.a.j.u.JsseSSLManager: Using default SSL protocol: TLS
2026-08-13 13:29:43,557 INFO o.a.j.u.JsseSSLManager: SSL session context: per-thread
2026-08-13 13:29:43,832 INFO o.a.j.t.JMeterThread: Thread started: Nen — 10 VU chay xuyen luot 1-3
2026-08-13 13:29:44,833 INFO o.a.j.t.JMeterThread: Thread started: Nen — 10 VU chay xuyen luot 1-4
2026-08-13 13:29:45,834 INFO o.a.j.t.JMeterThread: Thread started: Nen — 10 VU chay xuyen luot 1-5
2026-08-13 13:29:46,833 INFO o.a.j.t.JMeterThread: Thread started: Nen — 10 VU chay xuyen luot 1-6
2026-08-13 13:29:47,833 INFO o.a.j.t.JMeterThread: Thread started: Nen — 10 VU chay xuyen luot 1-7
2026-08-13 13:29:48,828 INFO o.a.j.t.JMeterThread: Thread started: Nen — 10 VU chay xuyen luot 1-8
2026-08-13 13:29:49,828 INFO o.a.j.t.JMeterThread: Thread started: Nen — 10 VU chay xuyen luot 1-9
2026-08-13 13:29:50,832 INFO o.a.j.t.JMeterThread: Thread started: Nen — 10 VU chay xuyen luot 1-10
2026-08-13 13:29:51,885 INFO o.a.j.t.JMeterThread: Thread started: TG-lockout — nhanh account-lockout (2 VU) 3-1
2026-08-13 13:29:51,886 INFO o.a.j.s.FileServer: Stored: data/users_lockout.csv
2026-08-13 13:29:52,393 INFO o.a.j.t.JMeterThread: Thread started: TG-lockout — nhanh account-lockout (2 VU) 3-2
2026-08-13 13:30:00,021 INFO o.a.j.r.Summariser: summary +    662 in 00:00:18 =   36.4/s Avg:     2 Min:     0 Max:    46 Err:     0 (0.00%) Active: 12 Started: 12 Finished: 0
2026-08-13 13:30:30,023 INFO o.a.j.r.Summariser: summary +   1499 in 00:00:30 =   50.0/s Avg:     2 Min:     0 Max:    20 Err:     0 (0.00%) Active: 12 Started: 12 Finished: 0
2026-08-13 13:30:30,024 INFO o.a.j.r.Summariser: summary =   2161 in 00:00:48 =   44.8/s Avg:     2 Min:     0 Max:    46 Err:     0 (0.00%)
2026-08-13 13:30:41,835 INFO o.a.j.t.JMeterThread: Thread started: Cu soc — 200 VU trong 5s 2-1
2026-08-13 13:30:41,863 INFO o.a.j.t.JMeterThread: Thread started: Cu soc — 200 VU trong 5s 2-2
2026-08-13 13:30:41,890 INFO o.a.j.t.JMeterThread: Thread started: Cu soc — 200 VU trong 5s 2-3
2026-08-13 13:30:41,916 INFO o.a.j.t.JMeterThread: Thread started: Cu soc — 200 VU trong 5s 2-4
2026-08-13 13:30:41,936 INFO o.a.j.t.JMeterThread: Thread started: Cu soc — 200 VU trong 5s 2-5
2026-08-13 13:30:41,958 INFO o.a.j.t.JMeterThread: Thread started: Cu soc — 200 VU trong 5s 2-6
2026-08-13 13:30:41,986 INFO o.a.j.t.JMeterThread: Thread started: Cu soc — 200 VU trong 5s 2-7
2026-08-13 13:30:42,009 INFO o.a.j.t.JMeterThread: Thread started: Cu soc — 200 VU trong 5s 2-8
2026-08-13 13:30:42,034 INFO o.a.j.t.JMeterThread: Thread started: Cu soc — 200 VU trong 5s 2-9
2026-08-13 13:30:42,060 INFO o.a.j.t.JMeterThread: Thread started: Cu soc — 200 VU trong 5s 2-10
2026-08-13 13:30:42,088 INFO o.a.j.t.JMeterThread: Thread started: Cu soc — 200 VU trong 5s 2-11
2026-08-13 13:30:42,111 INFO o.a.j.t.JMeterThread: Thread started: Cu soc — 200 VU trong 5s 2-12
2026-08-13 13:30:42,135 INFO o.a.j.t.JMeterThread: Thread started: Cu soc — 200 VU trong 5s 2-13
2026-08-13 13:30:42,163 INFO o.a.j.t.JMeterThread: Thread started: Cu soc — 200 VU trong 5s 2-14
2026-08-13 13:30:42,186 INFO o.a.j.t.JMeterThread: Thread started: Cu soc — 200 VU trong 5s 2-15
2026-08-13 13:30:42,210 INFO o.a.j.t.JMeterThread: Thread started: Cu soc — 200 VU trong 5s 2-16
2026-08-13 13:30:42,236 INFO o.a.j.t.JMeterThread: Thread started: Cu soc — 200 VU trong 5s 2-17
2026-08-13 13:30:42,257 INFO o.a.j.t.JMeterThread: Thread started: Cu soc — 200 VU trong 5s 2-18
2026-08-13 13:30:42,288 INFO o.a.j.t.JMeterThread: Thread started: Cu soc — 200 VU trong 5s 2-19
2026-08-13 13:30:42,310 INFO o.a.j.t.JMeterThread: Thread started: Cu soc — 200 VU trong 5s 2-20
2026-08-13 13:30:42,335 INFO o.a.j.t.JMeterThread: Thread started: Cu soc — 200 VU trong 5s 2-21
2026-08-13 13:30:42,362 INFO o.a.j.t.JMeterThread: Thread started: Cu soc — 200 VU trong 5s 2-22
2026-08-13 13:30:42,388 INFO o.a.j.t.JMeterThread: Thread started: Cu soc — 200 VU trong 5s 2-23
2026-08-13 13:30:42,411 INFO o.a.j.t.JMeterThread: Thread started: Cu soc — 200 VU trong 5s 2-24
2026-08-13 13:30:42,438 INFO o.a.j.t.JMeterThread: Thread started: Cu soc — 200 VU trong 5s 2-25
2026-08-13 13:30:42,461 INFO o.a.j.t.JMeterThread: Thread started: Cu soc — 200 VU trong 5s 2-26
2026-08-13 13:30:42,486 INFO o.a.j.t.JMeterThread: Thread started: Cu soc — 200 VU trong 5s 2-27
2026-08-13 13:30:42,511 INFO o.a.j.t.JMeterThread: Thread started: Cu soc — 200 VU trong 5s 2-28
2026-08-13 13:30:42,536 INFO o.a.j.t.JMeterThread: Thread started: Cu soc — 200 VU trong 5s 2-29
2026-08-13 13:30:42,561 INFO o.a.j.t.JMeterThread: Thread started: Cu soc — 200 VU trong 5s 2-30
2026-08-13 13:30:42,587 INFO o.a.j.t.JMeterThread: Thread started: Cu soc — 200 VU trong 5s 2-31
2026-08-13 13:30:42,612 INFO o.a.j.t.JMeterThread: Thread started: Cu soc — 200 VU trong 5s 2-32
2026-08-13 13:30:42,636 INFO o.a.j.t.JMeterThread: Thread started: Cu soc — 200 VU trong 5s 2-33
2026-08-13 13:30:42,662 INFO o.a.j.t.JMeterThread: Thread started: Cu soc — 200 VU trong 5s 2-34
2026-08-13 13:30:42,681 INFO o.a.j.t.JMeterThread: Thread started: Cu soc — 200 VU trong 5s 2-35
2026-08-13 13:30:42,708 INFO o.a.j.t.JMeterThread: Thread started: Cu soc — 200 VU trong 5s 2-36
2026-08-13 13:30:42,738 INFO o.a.j.t.JMeterThread: Thread started: Cu soc — 200 VU trong 5s 2-37
2026-08-13 13:30:42,762 INFO o.a.j.t.JMeterThread: Thread started: Cu soc — 200 VU trong 5s 2-38
2026-08-13 13:30:42,787 INFO o.a.j.t.JMeterThread: Thread started: Cu soc — 200 VU trong 5s 2-39
2026-08-13 13:30:42,810 INFO o.a.j.t.JMeterThread: Thread started: Cu soc — 200 VU trong 5s 2-40
2026-08-13 13:30:42,836 INFO o.a.j.t.JMeterThread: Thread started: Cu soc — 200 VU trong 5s 2-41
2026-08-13 13:30:42,861 INFO o.a.j.t.JMeterThread: Thread started: Cu soc — 200 VU trong 5s 2-42
2026-08-13 13:30:42,887 INFO o.a.j.t.JMeterThread: Thread started: Cu soc — 200 VU trong 5s 2-43
2026-08-13 13:30:42,910 INFO o.a.j.t.JMeterThread: Thread started: Cu soc — 200 VU trong 5s 2-44
2026-08-13 13:30:42,940 INFO o.a.j.t.JMeterThread: Thread started: Cu soc — 200 VU trong 5s 2-45
2026-08-13 13:30:42,965 INFO o.a.j.t.JMeterThread: Thread started: Cu soc — 200 VU trong 5s 2-46
2026-08-13 13:30:42,988 INFO o.a.j.t.JMeterThread: Thread started: Cu soc — 200 VU trong 5s 2-47
2026-08-13 13:30:43,011 INFO o.a.j.t.JMeterThread: Thread started: Cu soc — 200 VU trong 5s 2-48
2026-08-13 13:30:43,039 INFO o.a.j.t.JMeterThread: Thread started: Cu soc — 200 VU trong 5s 2-49
2026-08-13 13:30:43,062 INFO o.a.j.t.JMeterThread: Thread started: Cu soc — 200 VU trong 5s 2-50
2026-08-13 13:30:43,087 INFO o.a.j.t.JMeterThread: Thread started: Cu soc — 200 VU trong 5s 2-51
2026-08-13 13:30:43,109 INFO o.a.j.t.JMeterThread: Thread started: Cu soc — 200 VU trong 5s 2-52
2026-08-13 13:30:43,137 INFO o.a.j.t.JMeterThread: Thread started: Cu soc — 200 VU trong 5s 2-53
2026-08-13 13:30:43,162 INFO o.a.j.t.JMeterThread: Thread started: Cu soc — 200 VU trong 5s 2-54
2026-08-13 13:30:43,186 INFO o.a.j.t.JMeterThread: Thread started: Cu soc — 200 VU trong 5s 2-55
2026-08-13 13:30:43,208 INFO o.a.j.t.JMeterThread: Thread started: Cu soc — 200 VU trong 5s 2-56
2026-08-13 13:30:43,232 INFO o.a.j.t.JMeterThread: Thread started: Cu soc — 200 VU trong 5s 2-57
2026-08-13 13:30:43,262 INFO o.a.j.t.JMeterThread: Thread started: Cu soc — 200 VU trong 5s 2-58
2026-08-13 13:30:43,282 INFO o.a.j.t.JMeterThread: Thread started: Cu soc — 200 VU trong 5s 2-59
2026-08-13 13:30:43,313 INFO o.a.j.t.JMeterThread: Thread started: Cu soc — 200 VU trong 5s 2-60
2026-08-13 13:30:43,336 INFO o.a.j.t.JMeterThread: Thread started: Cu soc — 200 VU trong 5s 2-61
2026-08-13 13:30:43,361 INFO o.a.j.t.JMeterThread: Thread started: Cu soc — 200 VU trong 5s 2-62
2026-08-13 13:30:43,387 INFO o.a.j.t.JMeterThread: Thread started: Cu soc — 200 VU trong 5s 2-63
2026-08-13 13:30:43,411 INFO o.a.j.t.JMeterThread: Thread started: Cu soc — 200 VU trong 5s 2-64
2026-08-13 13:30:43,437 INFO o.a.j.t.JMeterThread: Thread started: Cu soc — 200 VU trong 5s 2-65
2026-08-13 13:30:43,462 INFO o.a.j.t.JMeterThread: Thread started: Cu soc — 200 VU trong 5s 2-66
2026-08-13 13:30:43,490 INFO o.a.j.t.JMeterThread: Thread started: Cu soc — 200 VU trong 5s 2-67
2026-08-13 13:30:43,513 INFO o.a.j.t.JMeterThread: Thread started: Cu soc — 200 VU trong 5s 2-68
2026-08-13 13:30:43,539 INFO o.a.j.t.JMeterThread: Thread started: Cu soc — 200 VU trong 5s 2-69
2026-08-13 13:30:43,563 INFO o.a.j.t.JMeterThread: Thread started: Cu soc — 200 VU trong 5s 2-70
2026-08-13 13:30:43,590 INFO o.a.j.t.JMeterThread: Thread started: Cu soc — 200 VU trong 5s 2-71
2026-08-13 13:30:43,616 INFO o.a.j.t.JMeterThread: Thread started: Cu soc — 200 VU trong 5s 2-72
2026-08-13 13:30:43,634 INFO o.a.j.t.JMeterThread: Thread started: Cu soc — 200 VU trong 5s 2-73
2026-08-13 13:30:43,662 INFO o.a.j.t.JMeterThread: Thread started: Cu soc — 200 VU trong 5s 2-74
2026-08-13 13:30:43,685 INFO o.a.j.t.JMeterThread: Thread started: Cu soc — 200 VU trong 5s 2-75
2026-08-13 13:30:43,712 INFO o.a.j.t.JMeterThread: Thread started: Cu soc — 200 VU trong 5s 2-76
2026-08-13 13:30:43,738 INFO o.a.j.t.JMeterThread: Thread started: Cu soc — 200 VU trong 5s 2-77
2026-08-13 13:30:43,765 INFO o.a.j.t.JMeterThread: Thread started: Cu soc — 200 VU trong 5s 2-78
2026-08-13 13:30:43,787 INFO o.a.j.t.JMeterThread: Thread started: Cu soc — 200 VU trong 5s 2-79
2026-08-13 13:30:43,812 INFO o.a.j.t.JMeterThread: Thread started: Cu soc — 200 VU trong 5s 2-80
2026-08-13 13:30:43,836 INFO o.a.j.t.JMeterThread: Thread started: Cu soc — 200 VU trong 5s 2-81
2026-08-13 13:30:43,861 INFO o.a.j.t.JMeterThread: Thread started: Cu soc — 200 VU trong 5s 2-82
2026-08-13 13:30:43,882 INFO o.a.j.t.JMeterThread: Thread started: Cu soc — 200 VU trong 5s 2-83
2026-08-13 13:30:43,912 INFO o.a.j.t.JMeterThread: Thread started: Cu soc — 200 VU trong 5s 2-84
2026-08-13 13:30:43,940 INFO o.a.j.t.JMeterThread: Thread started: Cu soc — 200 VU trong 5s 2-85
2026-08-13 13:30:43,957 INFO o.a.j.t.JMeterThread: Thread started: Cu soc — 200 VU trong 5s 2-86
2026-08-13 13:30:43,987 INFO o.a.j.t.JMeterThread: Thread started: Cu soc — 200 VU trong 5s 2-87
2026-08-13 13:30:44,012 INFO o.a.j.t.JMeterThread: Thread started: Cu soc — 200 VU trong 5s 2-88
2026-08-13 13:30:44,036 INFO o.a.j.t.JMeterThread: Thread started: Cu soc — 200 VU trong 5s 2-89
2026-08-13 13:30:44,058 INFO o.a.j.t.JMeterThread: Thread started: Cu soc — 200 VU trong 5s 2-90
2026-08-13 13:30:44,087 INFO o.a.j.t.JMeterThread: Thread started: Cu soc — 200 VU trong 5s 2-91
2026-08-13 13:30:44,105 INFO o.a.j.t.JMeterThread: Thread started: Cu soc — 200 VU trong 5s 2-92
2026-08-13 13:30:44,135 INFO o.a.j.t.JMeterThread: Thread started: Cu soc — 200 VU trong 5s 2-93
2026-08-13 13:30:44,162 INFO o.a.j.t.JMeterThread: Thread started: Cu soc — 200 VU trong 5s 2-94
2026-08-13 13:30:44,184 INFO o.a.j.t.JMeterThread: Thread started: Cu soc — 200 VU trong 5s 2-95
2026-08-13 13:30:44,211 INFO o.a.j.t.JMeterThread: Thread started: Cu soc — 200 VU trong 5s 2-96
2026-08-13 13:30:44,234 INFO o.a.j.t.JMeterThread: Thread started: Cu soc — 200 VU trong 5s 2-97
2026-08-13 13:30:44,260 INFO o.a.j.t.JMeterThread: Thread started: Cu soc — 200 VU trong 5s 2-98
2026-08-13 13:30:44,290 INFO o.a.j.t.JMeterThread: Thread started: Cu soc — 200 VU trong 5s 2-99
2026-08-13 13:30:44,312 INFO o.a.j.t.JMeterThread: Thread started: Cu soc — 200 VU trong 5s 2-100
2026-08-13 13:30:44,337 INFO o.a.j.t.JMeterThread: Thread started: Cu soc — 200 VU trong 5s 2-101
2026-08-13 13:30:44,365 INFO o.a.j.t.JMeterThread: Thread started: Cu soc — 200 VU trong 5s 2-102
2026-08-13 13:30:44,387 INFO o.a.j.t.JMeterThread: Thread started: Cu soc — 200 VU trong 5s 2-103
2026-08-13 13:30:44,412 INFO o.a.j.t.JMeterThread: Thread started: Cu soc — 200 VU trong 5s 2-104
2026-08-13 13:30:44,437 INFO o.a.j.t.JMeterThread: Thread started: Cu soc — 200 VU trong 5s 2-105
2026-08-13 13:30:44,465 INFO o.a.j.t.JMeterThread: Thread started: Cu soc — 200 VU trong 5s 2-106
2026-08-13 13:30:44,490 INFO o.a.j.t.JMeterThread: Thread started: Cu soc — 200 VU trong 5s 2-107
2026-08-13 13:30:44,512 INFO o.a.j.t.JMeterThread: Thread started: Cu soc — 200 VU trong 5s 2-108
2026-08-13 13:30:44,537 INFO o.a.j.t.JMeterThread: Thread started: Cu soc — 200 VU trong 5s 2-109
2026-08-13 13:30:44,562 INFO o.a.j.t.JMeterThread: Thread started: Cu soc — 200 VU trong 5s 2-110
2026-08-13 13:30:44,587 INFO o.a.j.t.JMeterThread: Thread started: Cu soc — 200 VU trong 5s 2-111
2026-08-13 13:30:44,609 INFO o.a.j.t.JMeterThread: Thread started: Cu soc — 200 VU trong 5s 2-112
2026-08-13 13:30:44,637 INFO o.a.j.t.JMeterThread: Thread started: Cu soc — 200 VU trong 5s 2-113
2026-08-13 13:30:44,657 INFO o.a.j.t.JMeterThread: Thread started: Cu soc — 200 VU trong 5s 2-114
2026-08-13 13:30:44,687 INFO o.a.j.t.JMeterThread: Thread started: Cu soc — 200 VU trong 5s 2-115
2026-08-13 13:30:44,712 INFO o.a.j.t.JMeterThread: Thread started: Cu soc — 200 VU trong 5s 2-116
2026-08-13 13:30:44,737 INFO o.a.j.t.JMeterThread: Thread started: Cu soc — 200 VU trong 5s 2-117
2026-08-13 13:30:44,762 INFO o.a.j.t.JMeterThread: Thread started: Cu soc — 200 VU trong 5s 2-118
2026-08-13 13:30:44,787 INFO o.a.j.t.JMeterThread: Thread started: Cu soc — 200 VU trong 5s 2-119
2026-08-13 13:30:44,813 INFO o.a.j.t.JMeterThread: Thread started: Cu soc — 200 VU trong 5s 2-120
2026-08-13 13:30:44,840 INFO o.a.j.t.JMeterThread: Thread started: Cu soc — 200 VU trong 5s 2-121
2026-08-13 13:30:44,860 INFO o.a.j.t.JMeterThread: Thread started: Cu soc — 200 VU trong 5s 2-122
2026-08-13 13:30:44,884 INFO o.a.j.t.JMeterThread: Thread started: Cu soc — 200 VU trong 5s 2-123
2026-08-13 13:30:44,911 INFO o.a.j.t.JMeterThread: Thread started: Cu soc — 200 VU trong 5s 2-124
2026-08-13 13:30:44,940 INFO o.a.j.t.JMeterThread: Thread started: Cu soc — 200 VU trong 5s 2-125
2026-08-13 13:30:44,962 INFO o.a.j.t.JMeterThread: Thread started: Cu soc — 200 VU trong 5s 2-126
2026-08-13 13:30:44,984 INFO o.a.j.t.JMeterThread: Thread started: Cu soc — 200 VU trong 5s 2-127
2026-08-13 13:30:45,008 INFO o.a.j.t.JMeterThread: Thread started: Cu soc — 200 VU trong 5s 2-128
2026-08-13 13:30:45,038 INFO o.a.j.t.JMeterThread: Thread started: Cu soc — 200 VU trong 5s 2-129
2026-08-13 13:30:45,062 INFO o.a.j.t.JMeterThread: Thread started: Cu soc — 200 VU trong 5s 2-130
2026-08-13 13:30:45,084 INFO o.a.j.t.JMeterThread: Thread started: Cu soc — 200 VU trong 5s 2-131
2026-08-13 13:30:45,111 INFO o.a.j.t.JMeterThread: Thread started: Cu soc — 200 VU trong 5s 2-132
2026-08-13 13:30:45,135 INFO o.a.j.t.JMeterThread: Thread started: Cu soc — 200 VU trong 5s 2-133
2026-08-13 13:30:45,158 INFO o.a.j.t.JMeterThread: Thread started: Cu soc — 200 VU trong 5s 2-134
2026-08-13 13:30:45,184 INFO o.a.j.t.JMeterThread: Thread started: Cu soc — 200 VU trong 5s 2-135
2026-08-13 13:30:45,214 INFO o.a.j.t.JMeterThread: Thread started: Cu soc — 200 VU trong 5s 2-136
2026-08-13 13:30:45,236 INFO o.a.j.t.JMeterThread: Thread started: Cu soc — 200 VU trong 5s 2-137
2026-08-13 13:30:45,265 INFO o.a.j.t.JMeterThread: Thread started: Cu soc — 200 VU trong 5s 2-138
2026-08-13 13:30:45,288 INFO o.a.j.t.JMeterThread: Thread started: Cu soc — 200 VU trong 5s 2-139
2026-08-13 13:30:45,312 INFO o.a.j.t.JMeterThread: Thread started: Cu soc — 200 VU trong 5s 2-140
2026-08-13 13:30:45,338 INFO o.a.j.t.JMeterThread: Thread started: Cu soc — 200 VU trong 5s 2-141
2026-08-13 13:30:45,363 INFO o.a.j.t.JMeterThread: Thread started: Cu soc — 200 VU trong 5s 2-142
2026-08-13 13:30:45,387 INFO o.a.j.t.JMeterThread: Thread started: Cu soc — 200 VU trong 5s 2-143
2026-08-13 13:30:45,407 INFO o.a.j.t.JMeterThread: Thread started: Cu soc — 200 VU trong 5s 2-144
2026-08-13 13:30:45,437 INFO o.a.j.t.JMeterThread: Thread started: Cu soc — 200 VU trong 5s 2-145
2026-08-13 13:30:45,458 INFO o.a.j.t.JMeterThread: Thread started: Cu soc — 200 VU trong 5s 2-146
2026-08-13 13:30:45,484 INFO o.a.j.t.JMeterThread: Thread started: Cu soc — 200 VU trong 5s 2-147
2026-08-13 13:30:45,510 INFO o.a.j.t.JMeterThread: Thread started: Cu soc — 200 VU trong 5s 2-148
2026-08-13 13:30:45,533 INFO o.a.j.t.JMeterThread: Thread started: Cu soc — 200 VU trong 5s 2-149
2026-08-13 13:30:45,556 INFO o.a.j.t.JMeterThread: Thread started: Cu soc — 200 VU trong 5s 2-150
2026-08-13 13:30:45,583 INFO o.a.j.t.JMeterThread: Thread started: Cu soc — 200 VU trong 5s 2-151
2026-08-13 13:30:45,609 INFO o.a.j.t.JMeterThread: Thread started: Cu soc — 200 VU trong 5s 2-152
2026-08-13 13:30:45,637 INFO o.a.j.t.JMeterThread: Thread started: Cu soc — 200 VU trong 5s 2-153
2026-08-13 13:30:45,662 INFO o.a.j.t.JMeterThread: Thread started: Cu soc — 200 VU trong 5s 2-154
2026-08-13 13:30:45,684 INFO o.a.j.t.JMeterThread: Thread started: Cu soc — 200 VU trong 5s 2-155
2026-08-13 13:30:45,711 INFO o.a.j.t.JMeterThread: Thread started: Cu soc — 200 VU trong 5s 2-156
2026-08-13 13:30:45,740 INFO o.a.j.t.JMeterThread: Thread started: Cu soc — 200 VU trong 5s 2-157
2026-08-13 13:30:45,765 INFO o.a.j.t.JMeterThread: Thread started: Cu soc — 200 VU trong 5s 2-158
2026-08-13 13:30:45,787 INFO o.a.j.t.JMeterThread: Thread started: Cu soc — 200 VU trong 5s 2-159
2026-08-13 13:30:45,815 INFO o.a.j.t.JMeterThread: Thread started: Cu soc — 200 VU trong 5s 2-160
2026-08-13 13:30:45,839 INFO o.a.j.t.JMeterThread: Thread started: Cu soc — 200 VU trong 5s 2-161
2026-08-13 13:30:45,859 INFO o.a.j.t.JMeterThread: Thread started: Cu soc — 200 VU trong 5s 2-162
2026-08-13 13:30:45,886 INFO o.a.j.t.JMeterThread: Thread started: Cu soc — 200 VU trong 5s 2-163
2026-08-13 13:30:45,912 INFO o.a.j.t.JMeterThread: Thread started: Cu soc — 200 VU trong 5s 2-164
2026-08-13 13:30:45,937 INFO o.a.j.t.JMeterThread: Thread started: Cu soc — 200 VU trong 5s 2-165
2026-08-13 13:30:45,963 INFO o.a.j.t.JMeterThread: Thread started: Cu soc — 200 VU trong 5s 2-166
2026-08-13 13:30:45,988 INFO o.a.j.t.JMeterThread: Thread started: Cu soc — 200 VU trong 5s 2-167
2026-08-13 13:30:46,015 INFO o.a.j.t.JMeterThread: Thread started: Cu soc — 200 VU trong 5s 2-168
2026-08-13 13:30:46,038 INFO o.a.j.t.JMeterThread: Thread started: Cu soc — 200 VU trong 5s 2-169
2026-08-13 13:30:46,057 INFO o.a.j.t.JMeterThread: Thread started: Cu soc — 200 VU trong 5s 2-170
2026-08-13 13:30:46,083 INFO o.a.j.t.JMeterThread: Thread started: Cu soc — 200 VU trong 5s 2-171
2026-08-13 13:30:46,112 INFO o.a.j.t.JMeterThread: Thread started: Cu soc — 200 VU trong 5s 2-172
2026-08-13 13:30:46,135 INFO o.a.j.t.JMeterThread: Thread started: Cu soc — 200 VU trong 5s 2-173
2026-08-13 13:30:46,161 INFO o.a.j.t.JMeterThread: Thread started: Cu soc — 200 VU trong 5s 2-174
2026-08-13 13:30:46,187 INFO o.a.j.t.JMeterThread: Thread started: Cu soc — 200 VU trong 5s 2-175
2026-08-13 13:30:46,215 INFO o.a.j.t.JMeterThread: Thread started: Cu soc — 200 VU trong 5s 2-176
2026-08-13 13:30:46,236 INFO o.a.j.t.JMeterThread: Thread started: Cu soc — 200 VU trong 5s 2-177
2026-08-13 13:30:46,262 INFO o.a.j.t.JMeterThread: Thread started: Cu soc — 200 VU trong 5s 2-178
2026-08-13 13:30:46,287 INFO o.a.j.t.JMeterThread: Thread started: Cu soc — 200 VU trong 5s 2-179
2026-08-13 13:30:46,312 INFO o.a.j.t.JMeterThread: Thread started: Cu soc — 200 VU trong 5s 2-180
2026-08-13 13:30:46,339 INFO o.a.j.t.JMeterThread: Thread started: Cu soc — 200 VU trong 5s 2-181
2026-08-13 13:30:46,358 INFO o.a.j.t.JMeterThread: Thread started: Cu soc — 200 VU trong 5s 2-182
2026-08-13 13:30:46,388 INFO o.a.j.t.JMeterThread: Thread started: Cu soc — 200 VU trong 5s 2-183
2026-08-13 13:30:46,412 INFO o.a.j.t.JMeterThread: Thread started: Cu soc — 200 VU trong 5s 2-184
2026-08-13 13:30:46,438 INFO o.a.j.t.JMeterThread: Thread started: Cu soc — 200 VU trong 5s 2-185
2026-08-13 13:30:46,462 INFO o.a.j.t.JMeterThread: Thread started: Cu soc — 200 VU trong 5s 2-186
2026-08-13 13:30:46,487 INFO o.a.j.t.JMeterThread: Thread started: Cu soc — 200 VU trong 5s 2-187
2026-08-13 13:30:46,512 INFO o.a.j.t.JMeterThread: Thread started: Cu soc — 200 VU trong 5s 2-188
2026-08-13 13:30:46,537 INFO o.a.j.t.JMeterThread: Thread started: Cu soc — 200 VU trong 5s 2-189
2026-08-13 13:30:46,562 INFO o.a.j.t.JMeterThread: Thread started: Cu soc — 200 VU trong 5s 2-190
2026-08-13 13:30:46,582 INFO o.a.j.t.JMeterThread: Thread started: Cu soc — 200 VU trong 5s 2-191
2026-08-13 13:30:46,614 INFO o.a.j.t.JMeterThread: Thread started: Cu soc — 200 VU trong 5s 2-192
2026-08-13 13:30:46,639 INFO o.a.j.t.JMeterThread: Thread started: Cu soc — 200 VU trong 5s 2-193
2026-08-13 13:30:46,661 INFO o.a.j.t.JMeterThread: Thread started: Cu soc — 200 VU trong 5s 2-194
2026-08-13 13:30:46,682 INFO o.a.j.t.JMeterThread: Thread started: Cu soc — 200 VU trong 5s 2-195
2026-08-13 13:30:46,708 INFO o.a.j.t.JMeterThread: Thread started: Cu soc — 200 VU trong 5s 2-196
2026-08-13 13:30:46,736 INFO o.a.j.t.JMeterThread: Thread started: Cu soc — 200 VU trong 5s 2-197
2026-08-13 13:30:46,765 INFO o.a.j.t.JMeterThread: Thread started: Cu soc — 200 VU trong 5s 2-198
2026-08-13 13:30:46,789 INFO o.a.j.t.JMeterThread: Thread started: Cu soc — 200 VU trong 5s 2-199
2026-08-13 13:30:46,811 INFO o.a.j.t.JMeterThread: Thread started: Cu soc — 200 VU trong 5s 2-200
2026-08-13 13:31:00,003 INFO o.a.j.r.Summariser: summary +  16395 in 00:00:30 =  546.9/s Avg:     6 Min:     0 Max:   369 Err:     0 (0.00%) Active: 212 Started: 212 Finished: 0
2026-08-13 13:31:00,003 INFO o.a.j.r.Summariser: summary =  18556 in 00:01:18 =  237.3/s Avg:     6 Min:     0 Max:   369 Err:     0 (0.00%)
2026-08-13 13:31:11,552 INFO o.a.j.t.JMeterThread: Thread finished: Cu soc — 200 VU trong 5s 2-4
2026-08-13 13:31:11,567 INFO o.a.j.t.JMeterThread: Thread finished: Cu soc — 200 VU trong 5s 2-35
2026-08-13 13:31:11,570 INFO o.a.j.t.JMeterThread: Thread finished: Cu soc — 200 VU trong 5s 2-89
2026-08-13 13:31:11,575 INFO o.a.j.t.JMeterThread: Thread finished: Cu soc — 200 VU trong 5s 2-3
2026-08-13 13:31:11,611 INFO o.a.j.t.JMeterThread: Thread finished: Cu soc — 200 VU trong 5s 2-124
2026-08-13 13:31:11,616 INFO o.a.j.t.JMeterThread: Thread finished: Cu soc — 200 VU trong 5s 2-41
2026-08-13 13:31:11,620 INFO o.a.j.t.JMeterThread: Thread finished: Cu soc — 200 VU trong 5s 2-107
2026-08-13 13:31:11,626 INFO o.a.j.t.JMeterThread: Thread finished: Cu soc — 200 VU trong 5s 2-61
2026-08-13 13:31:11,629 INFO o.a.j.t.JMeterThread: Thread finished: Cu soc — 200 VU trong 5s 2-175
2026-08-13 13:31:11,637 INFO o.a.j.t.JMeterThread: Thread finished: Cu soc — 200 VU trong 5s 2-49
2026-08-13 13:31:11,638 INFO o.a.j.t.JMeterThread: Thread finished: Cu soc — 200 VU trong 5s 2-198
2026-08-13 13:31:11,638 INFO o.a.j.t.JMeterThread: Thread finished: Cu soc — 200 VU trong 5s 2-13
2026-08-13 13:31:11,639 INFO o.a.j.t.JMeterThread: Thread finished: Cu soc — 200 VU trong 5s 2-50
2026-08-13 13:31:11,640 INFO o.a.j.t.JMeterThread: Thread finished: Cu soc — 200 VU trong 5s 2-8
2026-08-13 13:31:11,641 INFO o.a.j.t.JMeterThread: Thread finished: Cu soc — 200 VU trong 5s 2-135
2026-08-13 13:31:11,644 INFO o.a.j.t.JMeterThread: Thread finished: Cu soc — 200 VU trong 5s 2-18
2026-08-13 13:31:11,644 INFO o.a.j.t.JMeterThread: Thread finished: Cu soc — 200 VU trong 5s 2-2
2026-08-13 13:31:11,648 INFO o.a.j.t.JMeterThread: Thread finished: Cu soc — 200 VU trong 5s 2-72
2026-08-13 13:31:11,652 INFO o.a.j.t.JMeterThread: Thread finished: Cu soc — 200 VU trong 5s 2-37
2026-08-13 13:31:11,653 INFO o.a.j.t.JMeterThread: Thread finished: Cu soc — 200 VU trong 5s 2-95
2026-08-13 13:31:11,654 INFO o.a.j.t.JMeterThread: Thread finished: Cu soc — 200 VU trong 5s 2-192
2026-08-13 13:31:11,660 INFO o.a.j.t.JMeterThread: Thread finished: Cu soc — 200 VU trong 5s 2-125
2026-08-13 13:31:11,671 INFO o.a.j.t.JMeterThread: Thread finished: Cu soc — 200 VU trong 5s 2-167
2026-08-13 13:31:11,675 INFO o.a.j.t.JMeterThread: Thread finished: Cu soc — 200 VU trong 5s 2-34
2026-08-13 13:31:11,685 INFO o.a.j.t.JMeterThread: Thread finished: Cu soc — 200 VU trong 5s 2-14
2026-08-13 13:31:11,686 INFO o.a.j.t.JMeterThread: Thread finished: Cu soc — 200 VU trong 5s 2-145
2026-08-13 13:31:11,687 INFO o.a.j.t.JMeterThread: Thread finished: Cu soc — 200 VU trong 5s 2-74
2026-08-13 13:31:11,698 INFO o.a.j.t.JMeterThread: Thread finished: Cu soc — 200 VU trong 5s 2-176
2026-08-13 13:31:11,698 INFO o.a.j.t.JMeterThread: Thread finished: Cu soc — 200 VU trong 5s 2-20
2026-08-13 13:31:11,704 INFO o.a.j.t.JMeterThread: Thread finished: Cu soc — 200 VU trong 5s 2-164
2026-08-13 13:31:11,704 INFO o.a.j.t.JMeterThread: Thread finished: Cu soc — 200 VU trong 5s 2-27
2026-08-13 13:31:11,706 INFO o.a.j.t.JMeterThread: Thread finished: Cu soc — 200 VU trong 5s 2-75
2026-08-13 13:31:11,708 INFO o.a.j.t.JMeterThread: Thread finished: Cu soc — 200 VU trong 5s 2-113
2026-08-13 13:31:11,712 INFO o.a.j.t.JMeterThread: Thread finished: Cu soc — 200 VU trong 5s 2-59
2026-08-13 13:31:11,714 INFO o.a.j.t.JMeterThread: Thread finished: Cu soc — 200 VU trong 5s 2-60
2026-08-13 13:31:11,715 INFO o.a.j.t.JMeterThread: Thread finished: Cu soc — 200 VU trong 5s 2-188
2026-08-13 13:31:11,716 INFO o.a.j.t.JMeterThread: Thread finished: Cu soc — 200 VU trong 5s 2-86
2026-08-13 13:31:11,717 INFO o.a.j.t.JMeterThread: Thread finished: Cu soc — 200 VU trong 5s 2-38
2026-08-13 13:31:11,717 INFO o.a.j.t.JMeterThread: Thread finished: Cu soc — 200 VU trong 5s 2-121
2026-08-13 13:31:11,719 INFO o.a.j.t.JMeterThread: Thread finished: Cu soc — 200 VU trong 5s 2-170
2026-08-13 13:31:11,720 INFO o.a.j.t.JMeterThread: Thread finished: Cu soc — 200 VU trong 5s 2-26
2026-08-13 13:31:11,720 INFO o.a.j.t.JMeterThread: Thread finished: Cu soc — 200 VU trong 5s 2-193
2026-08-13 13:31:11,722 INFO o.a.j.t.JMeterThread: Thread finished: Cu soc — 200 VU trong 5s 2-153
2026-08-13 13:31:11,722 INFO o.a.j.t.JMeterThread: Thread finished: Cu soc — 200 VU trong 5s 2-5
2026-08-13 13:31:11,722 INFO o.a.j.t.JMeterThread: Thread finished: Cu soc — 200 VU trong 5s 2-99
2026-08-13 13:31:11,724 INFO o.a.j.t.JMeterThread: Thread finished: Cu soc — 200 VU trong 5s 2-51
2026-08-13 13:31:11,724 INFO o.a.j.t.JMeterThread: Thread finished: Cu soc — 200 VU trong 5s 2-79
2026-08-13 13:31:11,725 INFO o.a.j.t.JMeterThread: Thread finished: Cu soc — 200 VU trong 5s 2-156
2026-08-13 13:31:11,725 INFO o.a.j.t.JMeterThread: Thread finished: Cu soc — 200 VU trong 5s 2-180
2026-08-13 13:31:11,725 INFO o.a.j.t.JMeterThread: Thread finished: Cu soc — 200 VU trong 5s 2-15
2026-08-13 13:31:11,725 INFO o.a.j.t.JMeterThread: Thread finished: Cu soc — 200 VU trong 5s 2-12
2026-08-13 13:31:11,726 INFO o.a.j.t.JMeterThread: Thread finished: Cu soc — 200 VU trong 5s 2-155
2026-08-13 13:31:11,726 INFO o.a.j.t.JMeterThread: Thread finished: Cu soc — 200 VU trong 5s 2-162
2026-08-13 13:31:11,727 INFO o.a.j.t.JMeterThread: Thread finished: Cu soc — 200 VU trong 5s 2-130
2026-08-13 13:31:11,727 INFO o.a.j.t.JMeterThread: Thread finished: Cu soc — 200 VU trong 5s 2-165
2026-08-13 13:31:11,729 INFO o.a.j.t.JMeterThread: Thread finished: Cu soc — 200 VU trong 5s 2-196
2026-08-13 13:31:11,729 INFO o.a.j.t.JMeterThread: Thread finished: Cu soc — 200 VU trong 5s 2-116
2026-08-13 13:31:11,729 INFO o.a.j.t.JMeterThread: Thread finished: Cu soc — 200 VU trong 5s 2-178
2026-08-13 13:31:11,729 INFO o.a.j.t.JMeterThread: Thread finished: Cu soc — 200 VU trong 5s 2-64
2026-08-13 13:31:11,730 INFO o.a.j.t.JMeterThread: Thread finished: Cu soc — 200 VU trong 5s 2-52
2026-08-13 13:31:11,730 INFO o.a.j.t.JMeterThread: Thread finished: Cu soc — 200 VU trong 5s 2-78
2026-08-13 13:31:11,731 INFO o.a.j.t.JMeterThread: Thread finished: Cu soc — 200 VU trong 5s 2-80
2026-08-13 13:31:11,732 INFO o.a.j.t.JMeterThread: Thread finished: Cu soc — 200 VU trong 5s 2-70
2026-08-13 13:31:11,732 INFO o.a.j.t.JMeterThread: Thread finished: Cu soc — 200 VU trong 5s 2-122
2026-08-13 13:31:11,732 INFO o.a.j.t.JMeterThread: Thread finished: Cu soc — 200 VU trong 5s 2-160
2026-08-13 13:31:11,732 INFO o.a.j.t.JMeterThread: Thread finished: Cu soc — 200 VU trong 5s 2-33
2026-08-13 13:31:11,732 INFO o.a.j.t.JMeterThread: Thread finished: Cu soc — 200 VU trong 5s 2-108
2026-08-13 13:31:11,735 INFO o.a.j.t.JMeterThread: Thread finished: Cu soc — 200 VU trong 5s 2-19
2026-08-13 13:31:11,735 INFO o.a.j.t.JMeterThread: Thread finished: Cu soc — 200 VU trong 5s 2-17
2026-08-13 13:31:11,736 INFO o.a.j.t.JMeterThread: Thread finished: Cu soc — 200 VU trong 5s 2-32
2026-08-13 13:31:11,737 INFO o.a.j.t.JMeterThread: Thread finished: Cu soc — 200 VU trong 5s 2-111
2026-08-13 13:31:11,737 INFO o.a.j.t.JMeterThread: Thread finished: Cu soc — 200 VU trong 5s 2-195
2026-08-13 13:31:11,740 INFO o.a.j.t.JMeterThread: Thread finished: Cu soc — 200 VU trong 5s 2-133
2026-08-13 13:31:11,740 INFO o.a.j.t.JMeterThread: Thread finished: Cu soc — 200 VU trong 5s 2-30
2026-08-13 13:31:11,741 INFO o.a.j.t.JMeterThread: Thread finished: Cu soc — 200 VU trong 5s 2-182
2026-08-13 13:31:11,741 INFO o.a.j.t.JMeterThread: Thread finished: Cu soc — 200 VU trong 5s 2-42
2026-08-13 13:31:11,742 INFO o.a.j.t.JMeterThread: Thread finished: Cu soc — 200 VU trong 5s 2-31
2026-08-13 13:31:11,743 INFO o.a.j.t.JMeterThread: Thread finished: Cu soc — 200 VU trong 5s 2-148
2026-08-13 13:31:11,744 INFO o.a.j.t.JMeterThread: Thread finished: Cu soc — 200 VU trong 5s 2-47
2026-08-13 13:31:11,744 INFO o.a.j.t.JMeterThread: Thread finished: Cu soc — 200 VU trong 5s 2-1
2026-08-13 13:31:11,746 INFO o.a.j.t.JMeterThread: Thread finished: Cu soc — 200 VU trong 5s 2-101
2026-08-13 13:31:11,746 INFO o.a.j.t.JMeterThread: Thread finished: Cu soc — 200 VU trong 5s 2-200
2026-08-13 13:31:11,749 INFO o.a.j.t.JMeterThread: Thread finished: Cu soc — 200 VU trong 5s 2-84
2026-08-13 13:31:11,749 INFO o.a.j.t.JMeterThread: Thread finished: Cu soc — 200 VU trong 5s 2-28
2026-08-13 13:31:11,750 INFO o.a.j.t.JMeterThread: Thread finished: Cu soc — 200 VU trong 5s 2-66
2026-08-13 13:31:11,750 INFO o.a.j.t.JMeterThread: Thread finished: Cu soc — 200 VU trong 5s 2-76
2026-08-13 13:31:11,751 INFO o.a.j.t.JMeterThread: Thread finished: Cu soc — 200 VU trong 5s 2-65
2026-08-13 13:31:11,751 INFO o.a.j.t.JMeterThread: Thread finished: Cu soc — 200 VU trong 5s 2-127
2026-08-13 13:31:11,756 INFO o.a.j.t.JMeterThread: Thread finished: Cu soc — 200 VU trong 5s 2-136
2026-08-13 13:31:11,757 INFO o.a.j.t.JMeterThread: Thread finished: Cu soc — 200 VU trong 5s 2-24
2026-08-13 13:31:11,757 INFO o.a.j.t.JMeterThread: Thread finished: Cu soc — 200 VU trong 5s 2-67
2026-08-13 13:31:11,757 INFO o.a.j.t.JMeterThread: Thread finished: Cu soc — 200 VU trong 5s 2-177
2026-08-13 13:31:11,758 INFO o.a.j.t.JMeterThread: Thread finished: Cu soc — 200 VU trong 5s 2-46
2026-08-13 13:31:11,759 INFO o.a.j.t.JMeterThread: Thread finished: Cu soc — 200 VU trong 5s 2-9
2026-08-13 13:31:11,760 INFO o.a.j.t.JMeterThread: Thread finished: Cu soc — 200 VU trong 5s 2-144
2026-08-13 13:31:11,760 INFO o.a.j.t.JMeterThread: Thread finished: Cu soc — 200 VU trong 5s 2-143
2026-08-13 13:31:11,761 INFO o.a.j.t.JMeterThread: Thread finished: Cu soc — 200 VU trong 5s 2-173
2026-08-13 13:31:11,761 INFO o.a.j.t.JMeterThread: Thread finished: Cu soc — 200 VU trong 5s 2-152
2026-08-13 13:31:11,761 INFO o.a.j.t.JMeterThread: Thread finished: Cu soc — 200 VU trong 5s 2-45
2026-08-13 13:31:11,761 INFO o.a.j.t.JMeterThread: Thread finished: Cu soc — 200 VU trong 5s 2-16
2026-08-13 13:31:11,761 INFO o.a.j.t.JMeterThread: Thread finished: Cu soc — 200 VU trong 5s 2-189
2026-08-13 13:31:11,762 INFO o.a.j.t.JMeterThread: Thread finished: Cu soc — 200 VU trong 5s 2-110
2026-08-13 13:31:11,762 INFO o.a.j.t.JMeterThread: Thread finished: Cu soc — 200 VU trong 5s 2-174
2026-08-13 13:31:11,767 INFO o.a.j.t.JMeterThread: Thread finished: Cu soc — 200 VU trong 5s 2-158
2026-08-13 13:31:11,767 INFO o.a.j.t.JMeterThread: Thread finished: Cu soc — 200 VU trong 5s 2-191
2026-08-13 13:31:11,768 INFO o.a.j.t.JMeterThread: Thread finished: Cu soc — 200 VU trong 5s 2-25
2026-08-13 13:31:11,768 INFO o.a.j.t.JMeterThread: Thread finished: Cu soc — 200 VU trong 5s 2-93
2026-08-13 13:31:11,771 INFO o.a.j.t.JMeterThread: Thread finished: Cu soc — 200 VU trong 5s 2-171
2026-08-13 13:31:11,772 INFO o.a.j.t.JMeterThread: Thread finished: Cu soc — 200 VU trong 5s 2-85
2026-08-13 13:31:11,773 INFO o.a.j.t.JMeterThread: Thread finished: Cu soc — 200 VU trong 5s 2-62
2026-08-13 13:31:11,773 INFO o.a.j.t.JMeterThread: Thread finished: Cu soc — 200 VU trong 5s 2-96
2026-08-13 13:31:11,776 INFO o.a.j.t.JMeterThread: Thread finished: Cu soc — 200 VU trong 5s 2-137
2026-08-13 13:31:11,776 INFO o.a.j.t.JMeterThread: Thread finished: Cu soc — 200 VU trong 5s 2-163
2026-08-13 13:31:11,776 INFO o.a.j.t.JMeterThread: Thread finished: Cu soc — 200 VU trong 5s 2-120
2026-08-13 13:31:11,777 INFO o.a.j.t.JMeterThread: Thread finished: Cu soc — 200 VU trong 5s 2-77
2026-08-13 13:31:11,777 INFO o.a.j.t.JMeterThread: Thread finished: Cu soc — 200 VU trong 5s 2-48
2026-08-13 13:31:11,780 INFO o.a.j.t.JMeterThread: Thread finished: Cu soc — 200 VU trong 5s 2-106
2026-08-13 13:31:11,782 INFO o.a.j.t.JMeterThread: Thread finished: Cu soc — 200 VU trong 5s 2-119
2026-08-13 13:31:11,783 INFO o.a.j.t.JMeterThread: Thread finished: Cu soc — 200 VU trong 5s 2-181
2026-08-13 13:31:11,783 INFO o.a.j.t.JMeterThread: Thread finished: Cu soc — 200 VU trong 5s 2-190
2026-08-13 13:31:11,784 INFO o.a.j.t.JMeterThread: Thread finished: Cu soc — 200 VU trong 5s 2-36
2026-08-13 13:31:11,784 INFO o.a.j.t.JMeterThread: Thread finished: Cu soc — 200 VU trong 5s 2-22
2026-08-13 13:31:11,784 INFO o.a.j.t.JMeterThread: Thread finished: Cu soc — 200 VU trong 5s 2-82
2026-08-13 13:31:11,784 INFO o.a.j.t.JMeterThread: Thread finished: Cu soc — 200 VU trong 5s 2-172
2026-08-13 13:31:11,785 INFO o.a.j.t.JMeterThread: Thread finished: Cu soc — 200 VU trong 5s 2-43
2026-08-13 13:31:11,785 INFO o.a.j.t.JMeterThread: Thread finished: Cu soc — 200 VU trong 5s 2-128
2026-08-13 13:31:11,786 INFO o.a.j.t.JMeterThread: Thread finished: Cu soc — 200 VU trong 5s 2-129
2026-08-13 13:31:11,786 INFO o.a.j.t.JMeterThread: Thread finished: Cu soc — 200 VU trong 5s 2-168
2026-08-13 13:31:11,789 INFO o.a.j.t.JMeterThread: Thread finished: Cu soc — 200 VU trong 5s 2-140
2026-08-13 13:31:11,789 INFO o.a.j.t.JMeterThread: Thread finished: Cu soc — 200 VU trong 5s 2-154
2026-08-13 13:31:11,789 INFO o.a.j.t.JMeterThread: Thread finished: Cu soc — 200 VU trong 5s 2-100
2026-08-13 13:31:11,792 INFO o.a.j.t.JMeterThread: Thread finished: Cu soc — 200 VU trong 5s 2-94
2026-08-13 13:31:11,792 INFO o.a.j.t.JMeterThread: Thread finished: Cu soc — 200 VU trong 5s 2-39
2026-08-13 13:31:11,793 INFO o.a.j.t.JMeterThread: Thread finished: Cu soc — 200 VU trong 5s 2-56
2026-08-13 13:31:11,794 INFO o.a.j.t.JMeterThread: Thread finished: Cu soc — 200 VU trong 5s 2-6
2026-08-13 13:31:11,796 INFO o.a.j.t.JMeterThread: Thread finished: Cu soc — 200 VU trong 5s 2-58
2026-08-13 13:31:11,797 INFO o.a.j.t.JMeterThread: Thread finished: Cu soc — 200 VU trong 5s 2-83
2026-08-13 13:31:11,797 INFO o.a.j.t.JMeterThread: Thread finished: Cu soc — 200 VU trong 5s 2-109
2026-08-13 13:31:11,801 INFO o.a.j.t.JMeterThread: Thread finished: Cu soc — 200 VU trong 5s 2-40
2026-08-13 13:31:11,802 INFO o.a.j.t.JMeterThread: Thread finished: Cu soc — 200 VU trong 5s 2-187
2026-08-13 13:31:11,802 INFO o.a.j.t.JMeterThread: Thread finished: Cu soc — 200 VU trong 5s 2-159
2026-08-13 13:31:11,802 INFO o.a.j.t.JMeterThread: Thread finished: Cu soc — 200 VU trong 5s 2-169
2026-08-13 13:31:11,805 INFO o.a.j.t.JMeterThread: Thread finished: Cu soc — 200 VU trong 5s 2-105
2026-08-13 13:31:11,806 INFO o.a.j.t.JMeterThread: Thread finished: Cu soc — 200 VU trong 5s 2-55
2026-08-13 13:31:11,807 INFO o.a.j.t.JMeterThread: Thread finished: Cu soc — 200 VU trong 5s 2-73
2026-08-13 13:31:11,808 INFO o.a.j.t.JMeterThread: Thread finished: Cu soc — 200 VU trong 5s 2-132
2026-08-13 13:31:11,808 INFO o.a.j.t.JMeterThread: Thread finished: Cu soc — 200 VU trong 5s 2-117
2026-08-13 13:31:11,811 INFO o.a.j.t.JMeterThread: Thread finished: Cu soc — 200 VU trong 5s 2-138
2026-08-13 13:31:11,811 INFO o.a.j.t.JMeterThread: Thread finished: Cu soc — 200 VU trong 5s 2-71
2026-08-13 13:31:11,812 INFO o.a.j.t.JMeterThread: Thread finished: Cu soc — 200 VU trong 5s 2-7
2026-08-13 13:31:11,812 INFO o.a.j.t.JMeterThread: Thread finished: Cu soc — 200 VU trong 5s 2-44
2026-08-13 13:31:11,819 INFO o.a.j.t.JMeterThread: Thread finished: Cu soc — 200 VU trong 5s 2-199
2026-08-13 13:31:11,820 INFO o.a.j.t.JMeterThread: Thread finished: Cu soc — 200 VU trong 5s 2-92
2026-08-13 13:31:11,820 INFO o.a.j.t.JMeterThread: Thread finished: Cu soc — 200 VU trong 5s 2-141
2026-08-13 13:31:11,820 INFO o.a.j.t.JMeterThread: Thread finished: Cu soc — 200 VU trong 5s 2-57
2026-08-13 13:31:11,821 INFO o.a.j.t.JMeterThread: Thread finished: Cu soc — 200 VU trong 5s 2-126
2026-08-13 13:31:11,821 INFO o.a.j.t.JMeterThread: Thread finished: Cu soc — 200 VU trong 5s 2-194
2026-08-13 13:31:11,823 INFO o.a.j.t.JMeterThread: Thread finished: Cu soc — 200 VU trong 5s 2-88
2026-08-13 13:31:11,823 INFO o.a.j.t.JMeterThread: Thread finished: Cu soc — 200 VU trong 5s 2-102
2026-08-13 13:31:11,823 INFO o.a.j.t.JMeterThread: Thread finished: Cu soc — 200 VU trong 5s 2-54
2026-08-13 13:31:11,825 INFO o.a.j.t.JMeterThread: Thread finished: Cu soc — 200 VU trong 5s 2-10
2026-08-13 13:31:11,825 INFO o.a.j.t.JMeterThread: Thread finished: Cu soc — 200 VU trong 5s 2-104
2026-08-13 13:31:11,827 INFO o.a.j.t.JMeterThread: Thread finished: Cu soc — 200 VU trong 5s 2-186
2026-08-13 13:31:11,828 INFO o.a.j.t.JMeterThread: Thread finished: Cu soc — 200 VU trong 5s 2-118
2026-08-13 13:31:11,829 INFO o.a.j.t.JMeterThread: Thread finished: Cu soc — 200 VU trong 5s 2-139
2026-08-13 13:31:11,829 INFO o.a.j.t.JMeterThread: Thread finished: Cu soc — 200 VU trong 5s 2-63
2026-08-13 13:31:11,831 INFO o.a.j.t.JMeterThread: Thread finished: Cu soc — 200 VU trong 5s 2-87
2026-08-13 13:31:11,831 INFO o.a.j.t.JMeterThread: Thread finished: Cu soc — 200 VU trong 5s 2-114
2026-08-13 13:31:11,832 INFO o.a.j.t.JMeterThread: Thread finished: Cu soc — 200 VU trong 5s 2-90
2026-08-13 13:31:11,832 INFO o.a.j.t.JMeterThread: Thread finished: Cu soc — 200 VU trong 5s 2-183
2026-08-13 13:31:11,832 INFO o.a.j.t.JMeterThread: Thread finished: Cu soc — 200 VU trong 5s 2-103
2026-08-13 13:31:11,833 INFO o.a.j.t.JMeterThread: Thread finished: Cu soc — 200 VU trong 5s 2-11
2026-08-13 13:31:11,834 INFO o.a.j.t.JMeterThread: Thread finished: Cu soc — 200 VU trong 5s 2-68
2026-08-13 13:31:11,834 INFO o.a.j.t.JMeterThread: Thread finished: Cu soc — 200 VU trong 5s 2-197
2026-08-13 13:31:11,834 INFO o.a.j.t.JMeterThread: Thread finished: Cu soc — 200 VU trong 5s 2-29
2026-08-13 13:31:11,835 INFO o.a.j.t.JMeterThread: Thread finished: Cu soc — 200 VU trong 5s 2-98
2026-08-13 13:31:11,841 INFO o.a.j.t.JMeterThread: Stopping because end time detected by thread: Cu soc — 200 VU trong 5s 2-21
2026-08-13 13:31:11,841 INFO o.a.j.t.JMeterThread: Thread finished: Cu soc — 200 VU trong 5s 2-21
2026-08-13 13:31:11,841 INFO o.a.j.t.JMeterThread: Thread finished: Cu soc — 200 VU trong 5s 2-97
2026-08-13 13:31:11,842 INFO o.a.j.t.JMeterThread: Thread finished: Cu soc — 200 VU trong 5s 2-151
2026-08-13 13:31:11,843 INFO o.a.j.t.JMeterThread: Thread finished: Cu soc — 200 VU trong 5s 2-81
2026-08-13 13:31:11,843 INFO o.a.j.t.JMeterThread: Thread finished: Cu soc — 200 VU trong 5s 2-115
2026-08-13 13:31:11,843 INFO o.a.j.t.JMeterThread: Thread finished: Cu soc — 200 VU trong 5s 2-112
2026-08-13 13:31:11,843 INFO o.a.j.t.JMeterThread: Stopping because end time detected by thread: Cu soc — 200 VU trong 5s 2-23
2026-08-13 13:31:11,844 INFO o.a.j.t.JMeterThread: Thread finished: Cu soc — 200 VU trong 5s 2-23
2026-08-13 13:31:11,844 INFO o.a.j.t.JMeterThread: Thread finished: Cu soc — 200 VU trong 5s 2-157
2026-08-13 13:31:11,845 INFO o.a.j.t.JMeterThread: Thread finished: Cu soc — 200 VU trong 5s 2-53
2026-08-13 13:31:11,846 INFO o.a.j.t.JMeterThread: Thread finished: Cu soc — 200 VU trong 5s 2-131
2026-08-13 13:31:11,850 INFO o.a.j.t.JMeterThread: Thread finished: Cu soc — 200 VU trong 5s 2-166
2026-08-13 13:31:11,851 INFO o.a.j.t.JMeterThread: Thread finished: Cu soc — 200 VU trong 5s 2-161
2026-08-13 13:31:11,852 INFO o.a.j.t.JMeterThread: Thread finished: Cu soc — 200 VU trong 5s 2-123
2026-08-13 13:31:11,853 INFO o.a.j.t.JMeterThread: Stopping because end time detected by thread: Cu soc — 200 VU trong 5s 2-69
2026-08-13 13:31:11,853 INFO o.a.j.t.JMeterThread: Thread finished: Cu soc — 200 VU trong 5s 2-69
2026-08-13 13:31:11,857 INFO o.a.j.t.JMeterThread: Thread finished: Cu soc — 200 VU trong 5s 2-134
2026-08-13 13:31:11,861 INFO o.a.j.t.JMeterThread: Stopping because end time detected by thread: Cu soc — 200 VU trong 5s 2-91
2026-08-13 13:31:11,861 INFO o.a.j.t.JMeterThread: Thread finished: Cu soc — 200 VU trong 5s 2-91
2026-08-13 13:31:11,866 INFO o.a.j.t.JMeterThread: Thread finished: Cu soc — 200 VU trong 5s 2-146
2026-08-13 13:31:11,876 INFO o.a.j.t.JMeterThread: Thread finished: Cu soc — 200 VU trong 5s 2-185
2026-08-13 13:31:11,877 INFO o.a.j.t.JMeterThread: Stopping because end time detected by thread: Cu soc — 200 VU trong 5s 2-150
2026-08-13 13:31:11,877 INFO o.a.j.t.JMeterThread: Stopping because end time detected by thread: Cu soc — 200 VU trong 5s 2-149
2026-08-13 13:31:11,877 INFO o.a.j.t.JMeterThread: Stopping because end time detected by thread: Cu soc — 200 VU trong 5s 2-147
2026-08-13 13:31:11,877 INFO o.a.j.t.JMeterThread: Thread finished: Cu soc — 200 VU trong 5s 2-150
2026-08-13 13:31:11,877 INFO o.a.j.t.JMeterThread: Thread finished: Cu soc — 200 VU trong 5s 2-149
2026-08-13 13:31:11,877 INFO o.a.j.t.JMeterThread: Thread finished: Cu soc — 200 VU trong 5s 2-147
2026-08-13 13:31:11,878 INFO o.a.j.t.JMeterThread: Stopping because end time detected by thread: Cu soc — 200 VU trong 5s 2-142
2026-08-13 13:31:11,879 INFO o.a.j.t.JMeterThread: Thread finished: Cu soc — 200 VU trong 5s 2-142
2026-08-13 13:31:11,879 INFO o.a.j.t.JMeterThread: Thread finished: Cu soc — 200 VU trong 5s 2-184
2026-08-13 13:31:11,883 INFO o.a.j.t.JMeterThread: Stopping because end time detected by thread: Cu soc — 200 VU trong 5s 2-179
2026-08-13 13:31:11,883 INFO o.a.j.t.JMeterThread: Thread finished: Cu soc — 200 VU trong 5s 2-179
2026-08-13 13:31:30,021 INFO o.a.j.r.Summariser: summary +  13105 in 00:00:30 =  436.6/s Avg:     2 Min:     0 Max:    59 Err:     0 (0.00%) Active: 12 Started: 212 Finished: 200
2026-08-13 13:31:30,022 INFO o.a.j.r.Summariser: summary =  31661 in 00:01:48 =  292.6/s Avg:     4 Min:     0 Max:   369 Err:     0 (0.00%)
2026-08-13 13:31:49,866 INFO o.a.j.t.JMeterThread: Thread finished: TG-lockout — nhanh account-lockout (2 VU) 3-2
2026-08-13 13:31:50,651 INFO o.a.j.t.JMeterThread: Thread finished: TG-lockout — nhanh account-lockout (2 VU) 3-1
2026-08-13 13:32:00,006 INFO o.a.j.r.Summariser: summary +   1466 in 00:00:30 =   48.9/s Avg:     2 Min:     0 Max:   133 Err:     0 (0.00%) Active: 10 Started: 212 Finished: 202
2026-08-13 13:32:00,008 INFO o.a.j.r.Summariser: summary =  33127 in 00:02:18 =  239.7/s Avg:     4 Min:     0 Max:   369 Err:     0 (0.00%)
2026-08-13 13:32:30,020 INFO o.a.j.r.Summariser: summary +   1455 in 00:00:30 =   48.5/s Avg:     2 Min:     0 Max:    29 Err:     0 (0.00%) Active: 10 Started: 212 Finished: 202
2026-08-13 13:32:30,021 INFO o.a.j.r.Summariser: summary =  34582 in 00:02:48 =  205.6/s Avg:     4 Min:     0 Max:   369 Err:     0 (0.00%)
2026-08-13 13:33:00,003 INFO o.a.j.r.Summariser: summary +   1442 in 00:00:30 =   48.1/s Avg:     2 Min:     0 Max:    39 Err:     0 (0.00%) Active: 10 Started: 212 Finished: 202
2026-08-13 13:33:00,004 INFO o.a.j.r.Summariser: summary =  36024 in 00:03:18 =  181.8/s Avg:     4 Min:     0 Max:   369 Err:     0 (0.00%)
2026-08-13 13:33:30,051 INFO o.a.j.r.Summariser: summary +   1465 in 00:00:30 =   48.8/s Avg:     2 Min:     0 Max:    27 Err:     0 (0.00%) Active: 10 Started: 212 Finished: 202
2026-08-13 13:33:30,052 INFO o.a.j.r.Summariser: summary =  37489 in 00:03:48 =  164.3/s Avg:     4 Min:     0 Max:   369 Err:     0 (0.00%)
2026-08-13 13:33:41,593 INFO o.a.j.t.JMeterThread: Thread finished: Nen — 10 VU chay xuyen luot 1-2
2026-08-13 13:33:41,682 INFO o.a.j.t.JMeterThread: Thread finished: Nen — 10 VU chay xuyen luot 1-5
2026-08-13 13:33:41,717 INFO o.a.j.t.JMeterThread: Thread finished: Nen — 10 VU chay xuyen luot 1-3
2026-08-13 13:33:41,718 INFO o.a.j.t.JMeterThread: Thread finished: Nen — 10 VU chay xuyen luot 1-8
2026-08-13 13:33:41,721 INFO o.a.j.t.JMeterThread: Thread finished: Nen — 10 VU chay xuyen luot 1-6
2026-08-13 13:33:41,731 INFO o.a.j.t.JMeterThread: Thread finished: Nen — 10 VU chay xuyen luot 1-4
2026-08-13 13:33:41,779 INFO o.a.j.t.JMeterThread: Thread finished: Nen — 10 VU chay xuyen luot 1-10
2026-08-13 13:33:41,785 INFO o.a.j.t.JMeterThread: Thread finished: Nen — 10 VU chay xuyen luot 1-7
2026-08-13 13:33:41,786 INFO o.a.j.t.JMeterThread: Thread finished: Nen — 10 VU chay xuyen luot 1-1
2026-08-13 13:33:41,806 INFO o.a.j.t.JMeterThread: Thread finished: Nen — 10 VU chay xuyen luot 1-9
2026-08-13 13:33:41,808 INFO o.a.j.e.StandardJMeterEngine: Notifying test listeners of end of test
2026-08-13 13:33:41,810 INFO o.a.j.s.FileServer: Close: data/products_import.csv
2026-08-13 13:33:41,810 INFO o.a.j.s.FileServer: Close: data/orders.csv
2026-08-13 13:33:41,810 INFO o.a.j.s.FileServer: Close: data/users.csv
2026-08-13 13:33:41,810 INFO o.a.j.s.FileServer: Close: data/users_lockout.csv
2026-08-13 13:33:41,838 INFO o.a.j.r.Summariser: summary +    580 in 00:00:12 =   49.2/s Avg:     2 Min:     0 Max:    34 Err:     0 (0.00%) Active: 0 Started: 212 Finished: 212
2026-08-13 13:33:41,838 INFO o.a.j.r.Summariser: summary =  38069 in 00:04:00 =  158.6/s Avg:     4 Min:     0 Max:   369 Err:     0 (0.00%)
2026-08-13 13:33:41,841 INFO o.a.j.JMeter: Generating Dashboard
2026-08-13 13:33:41,842 INFO o.a.j.r.d.ReportGenerator: Flushing result collector before report Generation
2026-08-13 13:33:41,874 INFO o.a.j.r.p.NormalizerSampleConsumer: Using format, 'ms', to parse timeStamp field
2026-08-13 13:33:43,163 INFO o.a.j.r.p.AbstractSampleConsumer: class org.apache.jmeter.report.processor.AggregateConsumer#stopProducing(): beginDate produced 0 samples
2026-08-13 13:33:43,163 INFO o.a.j.r.p.AbstractSampleConsumer: class org.apache.jmeter.report.processor.AggregateConsumer#stopProducing(): endDate produced 0 samples
2026-08-13 13:33:43,166 INFO o.a.j.r.p.AbstractSampleConsumer: class org.apache.jmeter.report.processor.ApdexSummaryConsumer#stopProducing(): apdexSummary produced 0 samples
2026-08-13 13:33:43,166 INFO o.a.j.r.p.AbstractSampleConsumer: class org.apache.jmeter.report.processor.RequestsSummaryConsumer#stopProducing(): requestsSummary produced 0 samples
2026-08-13 13:33:43,179 INFO o.a.j.r.p.AbstractSampleConsumer: class org.apache.jmeter.report.processor.StatisticsSummaryConsumer#stopProducing(): statisticsSummary produced 0 samples
2026-08-13 13:33:43,188 INFO o.a.j.r.p.AbstractSampleConsumer: class org.apache.jmeter.report.processor.Top5ErrorsBySamplerConsumer#stopProducing(): top5ErrorsBySampler produced 0 samples
2026-08-13 13:33:43,188 INFO o.a.j.r.p.AbstractSampleConsumer: class org.apache.jmeter.report.processor.ErrorsSummaryConsumer#stopProducing(): errorsSummary produced 0 samples
2026-08-13 13:33:43,188 INFO o.a.j.r.p.AbstractSampleConsumer: class org.apache.jmeter.report.processor.graph.impl.HitsPerSecondGraphConsumer#stopProducing(): hitsPerSecond produced 0 samples
2026-08-13 13:33:43,402 INFO o.a.j.r.p.AbstractSampleConsumer: class org.apache.jmeter.report.processor.graph.impl.LatencyVSRequestGraphConsumer#stopProducing(): latencyVsRequest produced 0 samples
2026-08-13 13:33:43,403 INFO o.a.j.r.p.AbstractSampleConsumer: class org.apache.jmeter.report.processor.graph.impl.SyntheticResponseTimeDistributionGraphConsumer#stopProducing(): syntheticResponseTimeDistribution produced 0 samples
2026-08-13 13:33:43,404 INFO o.a.j.r.p.AbstractSampleConsumer: class org.apache.jmeter.report.processor.graph.impl.BytesThroughputGraphConsumer#stopProducing(): bytesThroughputOverTime produced 0 samples
2026-08-13 13:33:43,404 INFO o.a.j.r.p.AbstractSampleConsumer: class org.apache.jmeter.report.processor.graph.impl.CodesPerSecondGraphConsumer#stopProducing(): codesPerSecond produced 0 samples
2026-08-13 13:33:43,591 INFO o.a.j.r.p.AbstractSampleConsumer: class org.apache.jmeter.report.processor.graph.impl.ResponseTimeVSRequestGraphConsumer#stopProducing(): responseTimeVsRequest produced 0 samples
2026-08-13 13:33:43,593 INFO o.a.j.r.p.AbstractSampleConsumer: class org.apache.jmeter.report.processor.FilterConsumer#stopProducing(): startIntervalControlerFilter produced 266483 samples
2026-08-13 13:33:43,593 INFO o.a.j.r.p.AbstractSampleConsumer: class org.apache.jmeter.report.processor.graph.impl.TotalTPSGraphConsumer#stopProducing(): totalTPS produced 0 samples
2026-08-13 13:33:43,593 INFO o.a.j.r.p.AbstractSampleConsumer: class org.apache.jmeter.report.processor.graph.impl.ActiveThreadsGraphConsumer#stopProducing(): activeThreadsOverTime produced 0 samples
2026-08-13 13:33:43,593 INFO o.a.j.r.p.AbstractSampleConsumer: class org.apache.jmeter.report.processor.graph.impl.TimeVSThreadGraphConsumer#stopProducing(): timeVsThreads produced 0 samples
2026-08-13 13:33:43,594 INFO o.a.j.r.p.AbstractSampleConsumer: class org.apache.jmeter.report.processor.graph.impl.ResponseTimeDistributionGraphConsumer#stopProducing(): responseTimeDistribution produced 0 samples
2026-08-13 13:33:43,594 INFO o.a.j.r.p.AbstractSampleConsumer: class org.apache.jmeter.report.processor.graph.impl.TransactionsPerSecondGraphConsumer#stopProducing(): transactionsPerSecond produced 0 samples
2026-08-13 13:33:43,595 INFO o.a.j.r.p.AbstractSampleConsumer: class org.apache.jmeter.report.processor.graph.impl.ResponseTimePercentilesGraphConsumer#stopProducing(): responseTimePercentiles produced 0 samples
2026-08-13 13:33:43,598 INFO o.a.j.r.p.AbstractSampleConsumer: class org.apache.jmeter.report.processor.graph.impl.ResponseTimePercentilesOverTimeGraphConsumer#stopProducing(): responseTimePercentilesOverTime produced 0 samples
2026-08-13 13:33:43,604 INFO o.a.j.r.p.AbstractSampleConsumer: class org.apache.jmeter.report.processor.graph.impl.ResponseTimeOverTimeGraphConsumer#stopProducing(): responseTimesOverTime produced 0 samples
2026-08-13 13:33:43,604 INFO o.a.j.r.p.AbstractSampleConsumer: class org.apache.jmeter.report.processor.graph.impl.ConnectTimeOverTimeGraphConsumer#stopProducing(): connectTimeOverTime produced 0 samples
2026-08-13 13:33:43,606 INFO o.a.j.r.p.AbstractSampleConsumer: class org.apache.jmeter.report.processor.graph.impl.LatencyOverTimeGraphConsumer#stopProducing(): latenciesOverTime produced 0 samples
2026-08-13 13:33:43,607 INFO o.a.j.r.p.AbstractSampleConsumer: class org.apache.jmeter.report.processor.FilterConsumer#stopProducing(): nameFilter produced 571035 samples
2026-08-13 13:33:43,607 INFO o.a.j.r.p.AbstractSampleConsumer: class org.apache.jmeter.report.processor.FilterConsumer#stopProducing(): dateRangeFilter produced 114207 samples
2026-08-13 13:33:43,607 INFO o.a.j.r.p.AbstractSampleConsumer: class org.apache.jmeter.report.processor.NormalizerSampleConsumer#stopProducing(): normalizer produced 38069 samples
2026-08-13 13:33:43,607 INFO o.a.j.r.p.CsvFileSampleSource: produce(): 38069 samples produced in 1s 715 ms on channel 0
2026-08-13 13:33:43,607 INFO o.a.j.r.d.ReportGenerator: Exporting data using exporter:'json' of className:'org.apache.jmeter.report.dashboard.JsonExporter'
2026-08-13 13:33:43,813 INFO o.a.j.r.d.JsonExporter: Found data for consumer statisticsSummary in context
2026-08-13 13:33:43,814 INFO o.a.j.r.d.JsonExporter: Creating statistics for overall
2026-08-13 13:33:43,815 INFO o.a.j.r.d.JsonExporter: Creating statistics for other transactions
2026-08-13 13:33:43,816 INFO o.a.j.r.d.JsonExporter: Checking output folder
2026-08-13 13:33:43,817 INFO o.a.j.r.d.JsonExporter: Writing statistics JSON to /Users/macos/Documents/HK3_Nam3/kiem_thu/HW05-Performance-Testing/results/html/spike/statistics.json
2026-08-13 13:33:43,873 INFO o.a.j.r.d.ReportGenerator: Exporting data using exporter:'html' of className:'org.apache.jmeter.report.dashboard.HtmlTemplateExporter'
2026-08-13 13:33:43,879 INFO o.a.j.r.d.HtmlTemplateExporter: Will generate dashboard in folder: /Users/macos/Documents/HK3_Nam3/kiem_thu/HW05-Performance-Testing/results/html/spike
2026-08-13 13:33:44,211 INFO o.a.j.r.d.HtmlTemplateExporter: Report will be generated in: /Users/macos/Documents/HK3_Nam3/kiem_thu/HW05-Performance-Testing/results/html/spike, creating folder structure
2026-08-13 13:33:44,212 INFO o.a.j.r.d.TemplateVisitor: Copying folder from '/opt/homebrew/Cellar/jmeter/5.6.3/libexec/bin/report-template' to '/Users/macos/Documents/HK3_Nam3/kiem_thu/HW05-Performance-Testing/results/html/spike', got message: /Users/macos/Documents/HK3_Nam3/kiem_thu/HW05-Performance-Testing/results/html/spike, found non empty folder with following content [/Users/macos/Documents/HK3_Nam3/kiem_thu/HW05-Performance-Testing/results/html/spike/statistics.json], will be ignored
2026-08-13 13:33:44,397 INFO o.a.j.JMeter: Dashboard generated
