2026-08-13 13:20:02,773 INFO o.a.j.u.JMeterUtils: Setting Locale to en_EN
2026-08-13 13:20:02,856 INFO o.a.j.JMeter: Loading user properties from: /opt/homebrew/Cellar/jmeter/5.6.3/libexec/bin/user.properties
2026-08-13 13:20:02,857 INFO o.a.j.JMeter: Loading system properties from: /opt/homebrew/Cellar/jmeter/5.6.3/libexec/bin/system.properties
2026-08-13 13:20:02,858 INFO o.a.j.JMeter: Loading additional properties from: tools/jmeter-user.properties
2026-08-13 13:20:02,859 INFO o.a.j.JMeter: Setting JMeter property: student.id=23127178
2026-08-13 13:20:02,859 INFO o.a.j.JMeter: Setting JMeter property: scenario=Stress
2026-08-13 13:20:02,863 INFO o.a.j.JMeter: Copyright (c) 1998-2024 The Apache Software Foundation
2026-08-13 13:20:02,864 INFO o.a.j.JMeter: Version 5.6.3
2026-08-13 13:20:02,864 INFO o.a.j.JMeter: java.version=21.0.12
2026-08-13 13:20:02,864 INFO o.a.j.JMeter: java.vm.name=OpenJDK 64-Bit Server VM
2026-08-13 13:20:02,864 INFO o.a.j.JMeter: os.name=Mac OS X
2026-08-13 13:20:02,864 INFO o.a.j.JMeter: os.arch=aarch64
2026-08-13 13:20:02,866 INFO o.a.j.JMeter: os.version=26.1
2026-08-13 13:20:02,866 INFO o.a.j.JMeter: file.encoding=UTF-8
2026-08-13 13:20:02,867 INFO o.a.j.JMeter: java.awt.headless=true
2026-08-13 13:20:02,867 INFO o.a.j.JMeter: Max memory     =1073741824
2026-08-13 13:20:02,867 INFO o.a.j.JMeter: Available Processors =12
2026-08-13 13:20:02,879 INFO o.a.j.JMeter: Default Locale=English (EN)
2026-08-13 13:20:02,879 INFO o.a.j.JMeter: JMeter  Locale=English (EN)
2026-08-13 13:20:02,879 INFO o.a.j.JMeter: JMeterHome=/opt/homebrew/Cellar/jmeter/5.6.3/libexec
2026-08-13 13:20:02,879 INFO o.a.j.JMeter: user.dir  =/Users/macos/Documents/HK3_Nam3/kiem_thu/HW05-Performance-Testing
2026-08-13 13:20:02,879 INFO o.a.j.JMeter: PWD       =/Users/macos/Documents/HK3_Nam3/kiem_thu/HW05-Performance-Testing
2026-08-13 13:20:02,884 INFO o.a.j.JMeter: IP: 127.0.0.1 Name: Le-Nhut-Duy.local FullName: localhost
2026-08-13 13:20:02,893 INFO o.a.j.JMeter: Setting property 'jmeter.reportgenerator.outputdir' to:'/Users/macos/Documents/HK3_Nam3/kiem_thu/HW05-Performance-Testing/results/html/stress'
2026-08-13 13:20:02,895 INFO o.a.j.s.FileServer: Default base='/Users/macos/Documents/HK3_Nam3/kiem_thu/HW05-Performance-Testing'
2026-08-13 13:20:02,896 INFO o.a.j.s.FileServer: Set new base='/Users/macos/Documents/HK3_Nam3/kiem_thu/HW05-Performance-Testing/test-plans'
2026-08-13 13:20:03,005 INFO o.a.j.s.SaveService: Testplan (JMX) version: 2.2. Testlog (JTL) version: 2.2
2026-08-13 13:20:03,028 INFO o.a.j.s.SaveService: Using SaveService properties version 5.0
2026-08-13 13:20:03,030 INFO o.a.j.s.SaveService: Using SaveService properties file encoding UTF-8
2026-08-13 13:20:03,031 INFO o.a.j.s.SaveService: Loading file: test-plans/23127178_Stress_20260813.jmx
2026-08-13 13:20:03,071 INFO o.a.j.p.h.s.HTTPSamplerBase: Parser for text/html is org.apache.jmeter.protocol.http.parser.LagartoBasedHtmlParser
2026-08-13 13:20:03,071 INFO o.a.j.p.h.s.HTTPSamplerBase: Parser for application/xhtml+xml is org.apache.jmeter.protocol.http.parser.LagartoBasedHtmlParser
2026-08-13 13:20:03,071 INFO o.a.j.p.h.s.HTTPSamplerBase: Parser for application/xml is org.apache.jmeter.protocol.http.parser.LagartoBasedHtmlParser
2026-08-13 13:20:03,071 INFO o.a.j.p.h.s.HTTPSamplerBase: Parser for text/xml is org.apache.jmeter.protocol.http.parser.LagartoBasedHtmlParser
2026-08-13 13:20:03,071 INFO o.a.j.p.h.s.HTTPSamplerBase: Parser for text/vnd.wap.wml is org.apache.jmeter.protocol.http.parser.RegexpHTMLParser
2026-08-13 13:20:03,071 INFO o.a.j.p.h.s.HTTPSamplerBase: Parser for text/css is org.apache.jmeter.protocol.http.parser.CssParser
2026-08-13 13:20:03,116 INFO o.a.j.JMeter: Creating summariser <summary>
2026-08-13 13:20:03,119 INFO o.a.j.r.d.ReportGenerator: ReportGenerator will use for Parsing the separator: ','
2026-08-13 13:20:03,119 INFO o.a.j.r.d.ReportGenerator: Will generate report at end of test from  results file: results/jtl/23127178_Stress_20260813-132001.jtl
2026-08-13 13:20:03,119 INFO o.a.j.r.d.ReportGenerator: Reading report generator properties from: /opt/homebrew/Cellar/jmeter/5.6.3/libexec/bin/reportgenerator.properties
2026-08-13 13:20:03,120 INFO o.a.j.r.d.ReportGenerator: Merging with JMeter properties
2026-08-13 13:20:03,122 INFO o.a.j.r.c.ReportGeneratorConfiguration: Property 'jmeter.reportgenerator.temp_dir' not found, using default value 'temp' instead.
2026-08-13 13:20:03,123 INFO o.a.j.r.c.ReportGeneratorConfiguration: Property 'jmeter.reportgenerator.apdex_per_transaction' not found, using default value 'null' instead.
2026-08-13 13:20:03,123 INFO o.a.j.r.c.ReportGeneratorConfiguration: apdex_per_transaction is empty, not APDEX per transaction customization
2026-08-13 13:20:03,123 INFO o.a.j.r.c.ReportGeneratorConfiguration: Property 'jmeter.reportgenerator.sample_filter' not found, using default value 'null' instead.
2026-08-13 13:20:03,123 INFO o.a.j.r.c.ReportGeneratorConfiguration: Property 'jmeter.reportgenerator.report_title' not found, using default value 'null' instead.
2026-08-13 13:20:03,123 INFO o.a.j.r.c.ReportGeneratorConfiguration: Property 'jmeter.reportgenerator.start_date' not found, using default value 'null' instead.
2026-08-13 13:20:03,123 INFO o.a.j.r.c.ReportGeneratorConfiguration: Property 'jmeter.reportgenerator.end_date' not found, using default value 'null' instead.
2026-08-13 13:20:03,123 INFO o.a.j.r.c.ReportGeneratorConfiguration: Property 'jmeter.reportgenerator.date_format' not found, using default value 'null' instead.
2026-08-13 13:20:03,124 INFO o.a.j.r.c.ReportGeneratorConfiguration: Will use date range start date: null, end date: null
2026-08-13 13:20:03,125 INFO o.a.j.r.c.ReportGeneratorConfiguration: Property 'jmeter.reportgenerator.graph.totalTPS.exclude_controllers' not found, using default value 'false' instead.
2026-08-13 13:20:03,126 INFO o.a.j.r.c.ReportGeneratorConfiguration: Property 'jmeter.reportgenerator.graph.activeThreadsOverTime.exclude_controllers' not found, using default value 'false' instead.
2026-08-13 13:20:03,126 INFO o.a.j.r.c.ReportGeneratorConfiguration: Property 'jmeter.reportgenerator.graph.timeVsThreads.exclude_controllers' not found, using default value 'false' instead.
2026-08-13 13:20:03,126 INFO o.a.j.r.c.ReportGeneratorConfiguration: Property 'jmeter.reportgenerator.graph.responseTimeDistribution.exclude_controllers' not found, using default value 'false' instead.
2026-08-13 13:20:03,126 INFO o.a.j.r.c.ReportGeneratorConfiguration: Property 'jmeter.reportgenerator.graph.transactionsPerSecond.exclude_controllers' not found, using default value 'false' instead.
2026-08-13 13:20:03,126 INFO o.a.j.r.c.ReportGeneratorConfiguration: Property 'jmeter.reportgenerator.graph.responseTimePercentiles.exclude_controllers' not found, using default value 'false' instead.
2026-08-13 13:20:03,126 INFO o.a.j.r.c.ReportGeneratorConfiguration: Property 'jmeter.reportgenerator.graph.responseTimePercentilesOverTime.exclude_controllers' not found, using default value 'false' instead.
2026-08-13 13:20:03,126 INFO o.a.j.r.c.ReportGeneratorConfiguration: Property 'jmeter.reportgenerator.graph.responseTimesOverTime.exclude_controllers' not found, using default value 'false' instead.
2026-08-13 13:20:03,126 INFO o.a.j.r.c.ReportGeneratorConfiguration: Property 'jmeter.reportgenerator.graph.connectTimeOverTime.exclude_controllers' not found, using default value 'false' instead.
2026-08-13 13:20:03,126 INFO o.a.j.r.c.ReportGeneratorConfiguration: Property 'jmeter.reportgenerator.graph.latenciesOverTime.exclude_controllers' not found, using default value 'false' instead.
2026-08-13 13:20:03,126 INFO o.a.j.r.c.ReportGeneratorConfiguration: Property 'jmeter.reportgenerator.exporter.json.filters_only_sample_series' not found, using default value 'true' instead.
2026-08-13 13:20:03,126 INFO o.a.j.r.c.ReportGeneratorConfiguration: Property 'jmeter.reportgenerator.exporter.json.series_filter' not found, using default value '' instead.
2026-08-13 13:20:03,126 INFO o.a.j.r.c.ReportGeneratorConfiguration: Property 'jmeter.reportgenerator.exporter.json.show_controllers_only' not found, using default value 'false' instead.
2026-08-13 13:20:03,127 INFO o.a.j.r.c.ReportGeneratorConfiguration: Property 'jmeter.reportgenerator.exporter.html.filters_only_sample_series' not found, using default value 'true' instead.
2026-08-13 13:20:03,127 INFO o.a.j.r.c.ReportGeneratorConfiguration: Property 'jmeter.reportgenerator.exporter.html.series_filter' not found, using default value '' instead.
2026-08-13 13:20:03,127 INFO o.a.j.r.c.ReportGeneratorConfiguration: Property 'jmeter.reportgenerator.exporter.html.show_controllers_only' not found, using default value 'false' instead.
2026-08-13 13:20:03,135 INFO o.a.j.e.StandardJMeterEngine: Running the test!
2026-08-13 13:20:03,136 INFO o.a.j.s.SampleEvent: List of sample_variables: []
2026-08-13 13:20:03,136 INFO o.a.j.s.SampleEvent: List of sample_variables: []
2026-08-13 13:20:03,138 INFO o.a.j.e.u.CompoundVariable: Note: Function class names must contain the string: '.functions.'
2026-08-13 13:20:03,138 INFO o.a.j.e.u.CompoundVariable: Note: Function class names must not contain the string: '.gui.'
2026-08-13 13:20:03,164 INFO o.a.j.r.ClassFinder: Will scan jar /opt/homebrew/Cellar/jmeter/5.6.3/libexec/lib/ext/jmeter-plugins-manager-1.9.jar with filter ExtendsClassFilter [parents=[interface org.apache.jmeter.functions.Function], inner=false, contains=null, notContains=null]. Consider exposing JMeter plugins via META-INF/services, and add JMeter-Skip-Class-Scanning=true manifest attribute so JMeter can skip classfile scanning
2026-08-13 13:20:03,334 INFO o.a.j.JMeter: Running test (1786602003334)
2026-08-13 13:20:03,345 INFO o.a.j.e.StandardJMeterEngine: Starting ThreadGroup: 1 : Bac 1 — 25 VU
2026-08-13 13:20:03,346 INFO o.a.j.e.StandardJMeterEngine: Starting 25 threads for group Bac 1 — 25 VU.
2026-08-13 13:20:03,346 INFO o.a.j.e.StandardJMeterEngine: Thread will continue on error
2026-08-13 13:20:03,346 INFO o.a.j.t.ThreadGroup: Starting thread group... number=1 threads=25 ramp-up=30 delayedStart=false
2026-08-13 13:20:03,355 INFO o.a.j.t.JMeterThread: Thread started: Bac 1 — 25 VU 1-1
2026-08-13 13:20:03,356 INFO o.a.j.s.FileServer: Stored: data/orders.csv
2026-08-13 13:20:03,359 INFO o.a.j.t.ThreadGroup: Started thread group number 1
2026-08-13 13:20:03,360 INFO o.a.j.e.StandardJMeterEngine: Starting ThreadGroup: 2 : Bac 2 — +25 VU (tong 50)
2026-08-13 13:20:03,360 INFO o.a.j.e.StandardJMeterEngine: Starting 25 threads for group Bac 2 — +25 VU (tong 50).
2026-08-13 13:20:03,360 INFO o.a.j.e.StandardJMeterEngine: Thread will continue on error
2026-08-13 13:20:03,360 INFO o.a.j.t.ThreadGroup: Starting thread group... number=2 threads=25 ramp-up=30 delayedStart=false
2026-08-13 13:20:03,365 INFO o.a.j.s.FileServer: Stored: data/products_import.csv
2026-08-13 13:20:03,365 INFO o.a.j.s.FileServer: Stored: data/users.csv
2026-08-13 13:20:03,367 INFO o.a.j.t.ThreadGroup: Started thread group number 2
2026-08-13 13:20:03,367 INFO o.a.j.e.StandardJMeterEngine: Starting ThreadGroup: 3 : Bac 3 — +50 VU (tong 100)
2026-08-13 13:20:03,367 INFO o.a.j.e.StandardJMeterEngine: Starting 50 threads for group Bac 3 — +50 VU (tong 100).
2026-08-13 13:20:03,367 INFO o.a.j.e.StandardJMeterEngine: Thread will continue on error
2026-08-13 13:20:03,367 INFO o.a.j.t.ThreadGroup: Starting thread group... number=3 threads=50 ramp-up=30 delayedStart=false
2026-08-13 13:20:03,380 INFO o.a.j.t.ThreadGroup: Started thread group number 3
2026-08-13 13:20:03,380 INFO o.a.j.e.StandardJMeterEngine: Starting ThreadGroup: 4 : Bac 4 — +100 VU (tong 200)
2026-08-13 13:20:03,380 INFO o.a.j.e.StandardJMeterEngine: Starting 100 threads for group Bac 4 — +100 VU (tong 200).
2026-08-13 13:20:03,380 INFO o.a.j.e.StandardJMeterEngine: Thread will continue on error
2026-08-13 13:20:03,380 INFO o.a.j.t.ThreadGroup: Starting thread group... number=4 threads=100 ramp-up=30 delayedStart=false
2026-08-13 13:20:03,404 INFO o.a.j.t.ThreadGroup: Started thread group number 4
2026-08-13 13:20:03,404 INFO o.a.j.e.StandardJMeterEngine: Starting ThreadGroup: 5 : TG-lockout — nhanh account-lockout (2 VU)
2026-08-13 13:20:03,404 INFO o.a.j.e.StandardJMeterEngine: Starting 2 threads for group TG-lockout — nhanh account-lockout (2 VU).
2026-08-13 13:20:03,404 INFO o.a.j.e.StandardJMeterEngine: Thread will continue on error
2026-08-13 13:20:03,404 INFO o.a.j.t.ThreadGroup: Starting thread group... number=5 threads=2 ramp-up=1 delayedStart=false
2026-08-13 13:20:03,404 INFO o.a.j.t.ThreadGroup: Started thread group number 5
2026-08-13 13:20:03,404 INFO o.a.j.e.StandardJMeterEngine: All thread groups have been started
2026-08-13 13:20:03,556 INFO o.a.j.p.h.s.HTTPHCAbstractImpl: Local host = Le-Nhut-Duy.local
2026-08-13 13:20:03,560 INFO o.a.j.p.h.s.HTTPHC4Impl: HTTP request retry count = 0
2026-08-13 13:20:03,561 INFO o.a.j.s.SampleResult: Note: Sample TimeStamps are START times
2026-08-13 13:20:03,561 INFO o.a.j.s.SampleResult: sampleresult.default.encoding is set to UTF-8
2026-08-13 13:20:03,561 INFO o.a.j.s.SampleResult: sampleresult.useNanoTime=true
2026-08-13 13:20:03,561 INFO o.a.j.s.SampleResult: sampleresult.nanoThreadSleep=5000
2026-08-13 13:20:03,666 INFO o.a.j.r.Summariser: summary +      1 in 00:00:00 =    3.0/s Avg:    37 Min:    37 Max:    37 Err:     0 (0.00%) Active: 1 Started: 1 Finished: 0
2026-08-13 13:20:04,558 INFO o.a.j.t.JMeterThread: Thread started: Bac 1 — 25 VU 1-2
2026-08-13 13:20:04,820 INFO o.a.j.u.JsseSSLManager: Using default SSL protocol: TLS
2026-08-13 13:20:04,820 INFO o.a.j.u.JsseSSLManager: SSL session context: per-thread
2026-08-13 13:20:05,757 INFO o.a.j.t.JMeterThread: Thread started: Bac 1 — 25 VU 1-3
2026-08-13 13:20:06,957 INFO o.a.j.t.JMeterThread: Thread started: Bac 1 — 25 VU 1-4
2026-08-13 13:20:08,156 INFO o.a.j.t.JMeterThread: Thread started: Bac 1 — 25 VU 1-5
2026-08-13 13:20:09,356 INFO o.a.j.t.JMeterThread: Thread started: Bac 1 — 25 VU 1-6
2026-08-13 13:20:10,555 INFO o.a.j.t.JMeterThread: Thread started: Bac 1 — 25 VU 1-7
2026-08-13 13:20:11,750 INFO o.a.j.t.JMeterThread: Thread started: Bac 1 — 25 VU 1-8
2026-08-13 13:20:12,954 INFO o.a.j.t.JMeterThread: Thread started: Bac 1 — 25 VU 1-9
2026-08-13 13:20:13,409 INFO o.a.j.t.JMeterThread: Thread started: TG-lockout — nhanh account-lockout (2 VU) 5-1
2026-08-13 13:20:13,409 INFO o.a.j.s.FileServer: Stored: data/users_lockout.csv
2026-08-13 13:20:13,909 INFO o.a.j.t.JMeterThread: Thread started: TG-lockout — nhanh account-lockout (2 VU) 5-2
2026-08-13 13:20:14,149 INFO o.a.j.t.JMeterThread: Thread started: Bac 1 — 25 VU 1-10
2026-08-13 13:20:15,349 INFO o.a.j.t.JMeterThread: Thread started: Bac 1 — 25 VU 1-11
2026-08-13 13:20:16,550 INFO o.a.j.t.JMeterThread: Thread started: Bac 1 — 25 VU 1-12
2026-08-13 13:20:17,752 INFO o.a.j.t.JMeterThread: Thread started: Bac 1 — 25 VU 1-13
2026-08-13 13:20:18,950 INFO o.a.j.t.JMeterThread: Thread started: Bac 1 — 25 VU 1-14
2026-08-13 13:20:20,148 INFO o.a.j.t.JMeterThread: Thread started: Bac 1 — 25 VU 1-15
2026-08-13 13:20:21,351 INFO o.a.j.t.JMeterThread: Thread started: Bac 1 — 25 VU 1-16
2026-08-13 13:20:22,551 INFO o.a.j.t.JMeterThread: Thread started: Bac 1 — 25 VU 1-17
2026-08-13 13:20:23,747 INFO o.a.j.t.JMeterThread: Thread started: Bac 1 — 25 VU 1-18
2026-08-13 13:20:24,956 INFO o.a.j.t.JMeterThread: Thread started: Bac 1 — 25 VU 1-19
2026-08-13 13:20:26,152 INFO o.a.j.t.JMeterThread: Thread started: Bac 1 — 25 VU 1-20
2026-08-13 13:20:27,346 INFO o.a.j.t.JMeterThread: Thread started: Bac 1 — 25 VU 1-21
2026-08-13 13:20:28,551 INFO o.a.j.t.JMeterThread: Thread started: Bac 1 — 25 VU 1-22
2026-08-13 13:20:29,750 INFO o.a.j.t.JMeterThread: Thread started: Bac 1 — 25 VU 1-23
2026-08-13 13:20:30,012 INFO o.a.j.r.Summariser: summary +   1999 in 00:00:26 =   75.9/s Avg:     2 Min:     0 Max:    27 Err:     0 (0.00%) Active: 25 Started: 25 Finished: 0
2026-08-13 13:20:30,012 INFO o.a.j.r.Summariser: summary =   2000 in 00:00:27 =   75.0/s Avg:     2 Min:     0 Max:    37 Err:     0 (0.00%)
2026-08-13 13:20:30,950 INFO o.a.j.t.JMeterThread: Thread started: Bac 1 — 25 VU 1-24
2026-08-13 13:20:32,150 INFO o.a.j.t.JMeterThread: Thread started: Bac 1 — 25 VU 1-25
2026-08-13 13:21:00,006 INFO o.a.j.r.Summariser: summary +   4845 in 00:00:30 =  161.5/s Avg:     2 Min:     0 Max:    48 Err:     0 (0.00%) Active: 27 Started: 27 Finished: 0
2026-08-13 13:21:00,007 INFO o.a.j.r.Summariser: summary =   6845 in 00:00:57 =  120.8/s Avg:     2 Min:     0 Max:    48 Err:     0 (0.00%)
2026-08-13 13:21:30,009 INFO o.a.j.r.Summariser: summary +   4849 in 00:00:30 =  161.6/s Avg:     2 Min:     0 Max:   163 Err:     0 (0.00%) Active: 27 Started: 27 Finished: 0
2026-08-13 13:21:30,011 INFO o.a.j.r.Summariser: summary =  11694 in 00:01:27 =  134.9/s Avg:     2 Min:     0 Max:   163 Err:     0 (0.00%)
2026-08-13 13:22:00,011 INFO o.a.j.r.Summariser: summary +   4868 in 00:00:30 =  162.3/s Avg:     2 Min:     0 Max:    73 Err:     0 (0.00%) Active: 27 Started: 27 Finished: 0
2026-08-13 13:22:00,012 INFO o.a.j.r.Summariser: summary =  16562 in 00:01:57 =  141.9/s Avg:     2 Min:     0 Max:   163 Err:     0 (0.00%)
2026-08-13 13:22:03,364 INFO o.a.j.t.JMeterThread: Thread started: Bac 2 — +25 VU (tong 50) 2-1
2026-08-13 13:22:04,566 INFO o.a.j.t.JMeterThread: Thread started: Bac 2 — +25 VU (tong 50) 2-2
2026-08-13 13:22:05,762 INFO o.a.j.t.JMeterThread: Thread started: Bac 2 — +25 VU (tong 50) 2-3
2026-08-13 13:22:06,969 INFO o.a.j.t.JMeterThread: Thread started: Bac 2 — +25 VU (tong 50) 2-4
2026-08-13 13:22:08,166 INFO o.a.j.t.JMeterThread: Thread started: Bac 2 — +25 VU (tong 50) 2-5
2026-08-13 13:22:09,366 INFO o.a.j.t.JMeterThread: Thread started: Bac 2 — +25 VU (tong 50) 2-6
2026-08-13 13:22:10,565 INFO o.a.j.t.JMeterThread: Thread started: Bac 2 — +25 VU (tong 50) 2-7
2026-08-13 13:22:11,643 INFO o.a.j.t.JMeterThread: Thread finished: TG-lockout — nhanh account-lockout (2 VU) 5-1
2026-08-13 13:22:11,765 INFO o.a.j.t.JMeterThread: Thread started: Bac 2 — +25 VU (tong 50) 2-8
2026-08-13 13:22:12,050 INFO o.a.j.t.JMeterThread: Thread finished: TG-lockout — nhanh account-lockout (2 VU) 5-2
2026-08-13 13:22:12,964 INFO o.a.j.t.JMeterThread: Thread started: Bac 2 — +25 VU (tong 50) 2-9
2026-08-13 13:22:14,161 INFO o.a.j.t.JMeterThread: Thread started: Bac 2 — +25 VU (tong 50) 2-10
2026-08-13 13:22:15,368 INFO o.a.j.t.JMeterThread: Thread started: Bac 2 — +25 VU (tong 50) 2-11
2026-08-13 13:22:16,570 INFO o.a.j.t.JMeterThread: Thread started: Bac 2 — +25 VU (tong 50) 2-12
2026-08-13 13:22:17,766 INFO o.a.j.t.JMeterThread: Thread started: Bac 2 — +25 VU (tong 50) 2-13
2026-08-13 13:22:18,961 INFO o.a.j.t.JMeterThread: Thread started: Bac 2 — +25 VU (tong 50) 2-14
2026-08-13 13:22:20,166 INFO o.a.j.t.JMeterThread: Thread started: Bac 2 — +25 VU (tong 50) 2-15
2026-08-13 13:22:21,366 INFO o.a.j.t.JMeterThread: Thread started: Bac 2 — +25 VU (tong 50) 2-16
2026-08-13 13:22:22,564 INFO o.a.j.t.JMeterThread: Thread started: Bac 2 — +25 VU (tong 50) 2-17
2026-08-13 13:22:23,762 INFO o.a.j.t.JMeterThread: Thread started: Bac 2 — +25 VU (tong 50) 2-18
2026-08-13 13:22:24,968 INFO o.a.j.t.JMeterThread: Thread started: Bac 2 — +25 VU (tong 50) 2-19
2026-08-13 13:22:26,168 INFO o.a.j.t.JMeterThread: Thread started: Bac 2 — +25 VU (tong 50) 2-20
2026-08-13 13:22:27,368 INFO o.a.j.t.JMeterThread: Thread started: Bac 2 — +25 VU (tong 50) 2-21
2026-08-13 13:22:28,567 INFO o.a.j.t.JMeterThread: Thread started: Bac 2 — +25 VU (tong 50) 2-22
2026-08-13 13:22:29,767 INFO o.a.j.t.JMeterThread: Thread started: Bac 2 — +25 VU (tong 50) 2-23
2026-08-13 13:22:30,002 INFO o.a.j.r.Summariser: summary +   6808 in 00:00:30 =  227.0/s Avg:     2 Min:     0 Max:    82 Err:     0 (0.00%) Active: 48 Started: 50 Finished: 2
2026-08-13 13:22:30,003 INFO o.a.j.r.Summariser: summary =  23370 in 00:02:27 =  159.3/s Avg:     2 Min:     0 Max:   163 Err:     0 (0.00%)
2026-08-13 13:22:30,970 INFO o.a.j.t.JMeterThread: Thread started: Bac 2 — +25 VU (tong 50) 2-24
2026-08-13 13:22:32,167 INFO o.a.j.t.JMeterThread: Thread started: Bac 2 — +25 VU (tong 50) 2-25
2026-08-13 13:23:00,002 INFO o.a.j.r.Summariser: summary +   9549 in 00:00:30 =  318.3/s Avg:     4 Min:     0 Max:   174 Err:     0 (0.00%) Active: 50 Started: 52 Finished: 2
2026-08-13 13:23:00,002 INFO o.a.j.r.Summariser: summary =  32919 in 00:02:57 =  186.3/s Avg:     2 Min:     0 Max:   174 Err:     0 (0.00%)
2026-08-13 13:23:30,003 INFO o.a.j.r.Summariser: summary +   9657 in 00:00:30 =  321.9/s Avg:     2 Min:     0 Max:    91 Err:     0 (0.00%) Active: 50 Started: 52 Finished: 2
2026-08-13 13:23:30,004 INFO o.a.j.r.Summariser: summary =  42576 in 00:03:27 =  206.0/s Avg:     2 Min:     0 Max:   174 Err:     0 (0.00%)
2026-08-13 13:24:00,005 INFO o.a.j.r.Summariser: summary +   9680 in 00:00:30 =  322.6/s Avg:     2 Min:     0 Max:    85 Err:     0 (0.00%) Active: 50 Started: 52 Finished: 2
2026-08-13 13:24:00,006 INFO o.a.j.r.Summariser: summary =  52256 in 00:03:57 =  220.8/s Avg:     2 Min:     0 Max:   174 Err:     0 (0.00%)
2026-08-13 13:24:03,372 INFO o.a.j.t.JMeterThread: Thread started: Bac 3 — +50 VU (tong 100) 3-1
2026-08-13 13:24:03,977 INFO o.a.j.t.JMeterThread: Thread started: Bac 3 — +50 VU (tong 100) 3-2
2026-08-13 13:24:04,569 INFO o.a.j.t.JMeterThread: Thread started: Bac 3 — +50 VU (tong 100) 3-3
2026-08-13 13:24:05,175 INFO o.a.j.t.JMeterThread: Thread started: Bac 3 — +50 VU (tong 100) 3-4
2026-08-13 13:24:05,777 INFO o.a.j.t.JMeterThread: Thread started: Bac 3 — +50 VU (tong 100) 3-5
2026-08-13 13:24:06,374 INFO o.a.j.t.JMeterThread: Thread started: Bac 3 — +50 VU (tong 100) 3-6
2026-08-13 13:24:06,974 INFO o.a.j.t.JMeterThread: Thread started: Bac 3 — +50 VU (tong 100) 3-7
2026-08-13 13:24:07,571 INFO o.a.j.t.JMeterThread: Thread started: Bac 3 — +50 VU (tong 100) 3-8
2026-08-13 13:24:08,171 INFO o.a.j.t.JMeterThread: Thread started: Bac 3 — +50 VU (tong 100) 3-9
2026-08-13 13:24:08,771 INFO o.a.j.t.JMeterThread: Thread started: Bac 3 — +50 VU (tong 100) 3-10
2026-08-13 13:24:09,376 INFO o.a.j.t.JMeterThread: Thread started: Bac 3 — +50 VU (tong 100) 3-11
2026-08-13 13:24:09,977 INFO o.a.j.t.JMeterThread: Thread started: Bac 3 — +50 VU (tong 100) 3-12
2026-08-13 13:24:10,573 INFO o.a.j.t.JMeterThread: Thread started: Bac 3 — +50 VU (tong 100) 3-13
2026-08-13 13:24:11,173 INFO o.a.j.t.JMeterThread: Thread started: Bac 3 — +50 VU (tong 100) 3-14
2026-08-13 13:24:11,774 INFO o.a.j.t.JMeterThread: Thread started: Bac 3 — +50 VU (tong 100) 3-15
2026-08-13 13:24:12,376 INFO o.a.j.t.JMeterThread: Thread started: Bac 3 — +50 VU (tong 100) 3-16
2026-08-13 13:24:12,972 INFO o.a.j.t.JMeterThread: Thread started: Bac 3 — +50 VU (tong 100) 3-17
2026-08-13 13:24:13,576 INFO o.a.j.t.JMeterThread: Thread started: Bac 3 — +50 VU (tong 100) 3-18
2026-08-13 13:24:14,173 INFO o.a.j.t.JMeterThread: Thread started: Bac 3 — +50 VU (tong 100) 3-19
2026-08-13 13:24:14,776 INFO o.a.j.t.JMeterThread: Thread started: Bac 3 — +50 VU (tong 100) 3-20
2026-08-13 13:24:15,372 INFO o.a.j.t.JMeterThread: Thread started: Bac 3 — +50 VU (tong 100) 3-21
2026-08-13 13:24:15,972 INFO o.a.j.t.JMeterThread: Thread started: Bac 3 — +50 VU (tong 100) 3-22
2026-08-13 13:24:16,577 INFO o.a.j.t.JMeterThread: Thread started: Bac 3 — +50 VU (tong 100) 3-23
2026-08-13 13:24:17,175 INFO o.a.j.t.JMeterThread: Thread started: Bac 3 — +50 VU (tong 100) 3-24
2026-08-13 13:24:17,772 INFO o.a.j.t.JMeterThread: Thread started: Bac 3 — +50 VU (tong 100) 3-25
2026-08-13 13:24:18,370 INFO o.a.j.t.JMeterThread: Thread started: Bac 3 — +50 VU (tong 100) 3-26
2026-08-13 13:24:18,971 INFO o.a.j.t.JMeterThread: Thread started: Bac 3 — +50 VU (tong 100) 3-27
2026-08-13 13:24:19,574 INFO o.a.j.t.JMeterThread: Thread started: Bac 3 — +50 VU (tong 100) 3-28
2026-08-13 13:24:20,177 INFO o.a.j.t.JMeterThread: Thread started: Bac 3 — +50 VU (tong 100) 3-29
2026-08-13 13:24:20,774 INFO o.a.j.t.JMeterThread: Thread started: Bac 3 — +50 VU (tong 100) 3-30
2026-08-13 13:24:21,373 INFO o.a.j.t.JMeterThread: Thread started: Bac 3 — +50 VU (tong 100) 3-31
2026-08-13 13:24:21,974 INFO o.a.j.t.JMeterThread: Thread started: Bac 3 — +50 VU (tong 100) 3-32
2026-08-13 13:24:22,575 INFO o.a.j.t.JMeterThread: Thread started: Bac 3 — +50 VU (tong 100) 3-33
2026-08-13 13:24:23,175 INFO o.a.j.t.JMeterThread: Thread started: Bac 3 — +50 VU (tong 100) 3-34
2026-08-13 13:24:23,775 INFO o.a.j.t.JMeterThread: Thread started: Bac 3 — +50 VU (tong 100) 3-35
2026-08-13 13:24:24,379 INFO o.a.j.t.JMeterThread: Thread started: Bac 3 — +50 VU (tong 100) 3-36
2026-08-13 13:24:24,976 INFO o.a.j.t.JMeterThread: Thread started: Bac 3 — +50 VU (tong 100) 3-37
2026-08-13 13:24:25,573 INFO o.a.j.t.JMeterThread: Thread started: Bac 3 — +50 VU (tong 100) 3-38
2026-08-13 13:24:26,169 INFO o.a.j.t.JMeterThread: Thread started: Bac 3 — +50 VU (tong 100) 3-39
2026-08-13 13:24:26,771 INFO o.a.j.t.JMeterThread: Thread started: Bac 3 — +50 VU (tong 100) 3-40
2026-08-13 13:24:27,372 INFO o.a.j.t.JMeterThread: Thread started: Bac 3 — +50 VU (tong 100) 3-41
2026-08-13 13:24:27,970 INFO o.a.j.t.JMeterThread: Thread started: Bac 3 — +50 VU (tong 100) 3-42
2026-08-13 13:24:28,570 INFO o.a.j.t.JMeterThread: Thread started: Bac 3 — +50 VU (tong 100) 3-43
2026-08-13 13:24:29,172 INFO o.a.j.t.JMeterThread: Thread started: Bac 3 — +50 VU (tong 100) 3-44
2026-08-13 13:24:29,771 INFO o.a.j.t.JMeterThread: Thread started: Bac 3 — +50 VU (tong 100) 3-45
2026-08-13 13:24:30,001 INFO o.a.j.r.Summariser: summary +  13361 in 00:00:30 =  445.4/s Avg:     4 Min:     0 Max:   341 Err:     0 (0.00%) Active: 95 Started: 97 Finished: 2
2026-08-13 13:24:30,001 INFO o.a.j.r.Summariser: summary =  65617 in 00:04:27 =  246.1/s Avg:     3 Min:     0 Max:   341 Err:     0 (0.00%)
2026-08-13 13:24:30,375 INFO o.a.j.t.JMeterThread: Thread started: Bac 3 — +50 VU (tong 100) 3-46
2026-08-13 13:24:30,975 INFO o.a.j.t.JMeterThread: Thread started: Bac 3 — +50 VU (tong 100) 3-47
2026-08-13 13:24:31,569 INFO o.a.j.t.JMeterThread: Thread started: Bac 3 — +50 VU (tong 100) 3-48
2026-08-13 13:24:32,173 INFO o.a.j.t.JMeterThread: Thread started: Bac 3 — +50 VU (tong 100) 3-49
2026-08-13 13:24:32,772 INFO o.a.j.t.JMeterThread: Thread started: Bac 3 — +50 VU (tong 100) 3-50
2026-08-13 13:25:00,003 INFO o.a.j.r.Summariser: summary +  19213 in 00:00:30 =  640.4/s Avg:     3 Min:     0 Max:   120 Err:     0 (0.00%) Active: 100 Started: 102 Finished: 2
2026-08-13 13:25:00,004 INFO o.a.j.r.Summariser: summary =  84830 in 00:04:57 =  285.9/s Avg:     3 Min:     0 Max:   341 Err:     0 (0.00%)
2026-08-13 13:25:30,007 INFO o.a.j.r.Summariser: summary +  19363 in 00:00:30 =  645.5/s Avg:     2 Min:     0 Max:    74 Err:     0 (0.00%) Active: 100 Started: 102 Finished: 2
2026-08-13 13:25:30,009 INFO o.a.j.r.Summariser: summary = 104193 in 00:05:27 =  319.0/s Avg:     3 Min:     0 Max:   341 Err:     0 (0.00%)
2026-08-13 13:26:00,007 INFO o.a.j.r.Summariser: summary +  19062 in 00:00:30 =  635.4/s Avg:     4 Min:     0 Max:   500 Err:     0 (0.00%) Active: 100 Started: 102 Finished: 2
2026-08-13 13:26:00,011 INFO o.a.j.r.Summariser: summary = 123255 in 00:05:57 =  345.6/s Avg:     3 Min:     0 Max:   500 Err:     0 (0.00%)
2026-08-13 13:26:03,385 INFO o.a.j.t.JMeterThread: Thread started: Bac 4 — +100 VU (tong 200) 4-1
2026-08-13 13:26:03,690 INFO o.a.j.t.JMeterThread: Thread started: Bac 4 — +100 VU (tong 200) 4-2
2026-08-13 13:26:03,988 INFO o.a.j.t.JMeterThread: Thread started: Bac 4 — +100 VU (tong 200) 4-3
2026-08-13 13:26:04,286 INFO o.a.j.t.JMeterThread: Thread started: Bac 4 — +100 VU (tong 200) 4-4
2026-08-13 13:26:04,586 INFO o.a.j.t.JMeterThread: Thread started: Bac 4 — +100 VU (tong 200) 4-5
2026-08-13 13:26:04,883 INFO o.a.j.t.JMeterThread: Thread started: Bac 4 — +100 VU (tong 200) 4-6
2026-08-13 13:26:05,186 INFO o.a.j.t.JMeterThread: Thread started: Bac 4 — +100 VU (tong 200) 4-7
2026-08-13 13:26:05,482 INFO o.a.j.t.JMeterThread: Thread started: Bac 4 — +100 VU (tong 200) 4-8
2026-08-13 13:26:05,788 INFO o.a.j.t.JMeterThread: Thread started: Bac 4 — +100 VU (tong 200) 4-9
2026-08-13 13:26:06,090 INFO o.a.j.t.JMeterThread: Thread started: Bac 4 — +100 VU (tong 200) 4-10
2026-08-13 13:26:06,384 INFO o.a.j.t.JMeterThread: Thread started: Bac 4 — +100 VU (tong 200) 4-11
2026-08-13 13:26:06,689 INFO o.a.j.t.JMeterThread: Thread started: Bac 4 — +100 VU (tong 200) 4-12
2026-08-13 13:26:06,981 INFO o.a.j.t.JMeterThread: Thread started: Bac 4 — +100 VU (tong 200) 4-13
2026-08-13 13:26:07,286 INFO o.a.j.t.JMeterThread: Thread started: Bac 4 — +100 VU (tong 200) 4-14
2026-08-13 13:26:07,588 INFO o.a.j.t.JMeterThread: Thread started: Bac 4 — +100 VU (tong 200) 4-15
2026-08-13 13:26:07,885 INFO o.a.j.t.JMeterThread: Thread started: Bac 4 — +100 VU (tong 200) 4-16
2026-08-13 13:26:08,184 INFO o.a.j.t.JMeterThread: Thread started: Bac 4 — +100 VU (tong 200) 4-17
2026-08-13 13:26:08,488 INFO o.a.j.t.JMeterThread: Thread started: Bac 4 — +100 VU (tong 200) 4-18
2026-08-13 13:26:08,790 INFO o.a.j.t.JMeterThread: Thread started: Bac 4 — +100 VU (tong 200) 4-19
2026-08-13 13:26:09,084 INFO o.a.j.t.JMeterThread: Thread started: Bac 4 — +100 VU (tong 200) 4-20
2026-08-13 13:26:09,384 INFO o.a.j.t.JMeterThread: Thread started: Bac 4 — +100 VU (tong 200) 4-21
2026-08-13 13:26:09,682 INFO o.a.j.t.JMeterThread: Thread started: Bac 4 — +100 VU (tong 200) 4-22
2026-08-13 13:26:09,983 INFO o.a.j.t.JMeterThread: Thread started: Bac 4 — +100 VU (tong 200) 4-23
2026-08-13 13:26:10,290 INFO o.a.j.t.JMeterThread: Thread started: Bac 4 — +100 VU (tong 200) 4-24
2026-08-13 13:26:10,588 INFO o.a.j.t.JMeterThread: Thread started: Bac 4 — +100 VU (tong 200) 4-25
2026-08-13 13:26:10,883 INFO o.a.j.t.JMeterThread: Thread started: Bac 4 — +100 VU (tong 200) 4-26
2026-08-13 13:26:11,187 INFO o.a.j.t.JMeterThread: Thread started: Bac 4 — +100 VU (tong 200) 4-27
2026-08-13 13:26:11,488 INFO o.a.j.t.JMeterThread: Thread started: Bac 4 — +100 VU (tong 200) 4-28
2026-08-13 13:26:11,785 INFO o.a.j.t.JMeterThread: Thread started: Bac 4 — +100 VU (tong 200) 4-29
2026-08-13 13:26:12,085 INFO o.a.j.t.JMeterThread: Thread started: Bac 4 — +100 VU (tong 200) 4-30
2026-08-13 13:26:12,383 INFO o.a.j.t.JMeterThread: Thread started: Bac 4 — +100 VU (tong 200) 4-31
2026-08-13 13:26:12,682 INFO o.a.j.t.JMeterThread: Thread started: Bac 4 — +100 VU (tong 200) 4-32
2026-08-13 13:26:12,985 INFO o.a.j.t.JMeterThread: Thread started: Bac 4 — +100 VU (tong 200) 4-33
2026-08-13 13:26:13,287 INFO o.a.j.t.JMeterThread: Thread started: Bac 4 — +100 VU (tong 200) 4-34
2026-08-13 13:26:13,588 INFO o.a.j.t.JMeterThread: Thread started: Bac 4 — +100 VU (tong 200) 4-35
2026-08-13 13:26:13,883 INFO o.a.j.t.JMeterThread: Thread started: Bac 4 — +100 VU (tong 200) 4-36
2026-08-13 13:26:14,183 INFO o.a.j.t.JMeterThread: Thread started: Bac 4 — +100 VU (tong 200) 4-37
2026-08-13 13:26:14,483 INFO o.a.j.t.JMeterThread: Thread started: Bac 4 — +100 VU (tong 200) 4-38
2026-08-13 13:26:14,784 INFO o.a.j.t.JMeterThread: Thread started: Bac 4 — +100 VU (tong 200) 4-39
2026-08-13 13:26:15,082 INFO o.a.j.t.JMeterThread: Thread started: Bac 4 — +100 VU (tong 200) 4-40
2026-08-13 13:26:15,389 INFO o.a.j.t.JMeterThread: Thread started: Bac 4 — +100 VU (tong 200) 4-41
2026-08-13 13:26:15,685 INFO o.a.j.t.JMeterThread: Thread started: Bac 4 — +100 VU (tong 200) 4-42
2026-08-13 13:26:15,989 INFO o.a.j.t.JMeterThread: Thread started: Bac 4 — +100 VU (tong 200) 4-43
2026-08-13 13:26:16,286 INFO o.a.j.t.JMeterThread: Thread started: Bac 4 — +100 VU (tong 200) 4-44
2026-08-13 13:26:16,583 INFO o.a.j.t.JMeterThread: Thread started: Bac 4 — +100 VU (tong 200) 4-45
2026-08-13 13:26:16,886 INFO o.a.j.t.JMeterThread: Thread started: Bac 4 — +100 VU (tong 200) 4-46
2026-08-13 13:26:17,185 INFO o.a.j.t.JMeterThread: Thread started: Bac 4 — +100 VU (tong 200) 4-47
2026-08-13 13:26:17,490 INFO o.a.j.t.JMeterThread: Thread started: Bac 4 — +100 VU (tong 200) 4-48
2026-08-13 13:26:17,788 INFO o.a.j.t.JMeterThread: Thread started: Bac 4 — +100 VU (tong 200) 4-49
2026-08-13 13:26:18,087 INFO o.a.j.t.JMeterThread: Thread started: Bac 4 — +100 VU (tong 200) 4-50
2026-08-13 13:26:18,384 INFO o.a.j.t.JMeterThread: Thread started: Bac 4 — +100 VU (tong 200) 4-51
2026-08-13 13:26:18,688 INFO o.a.j.t.JMeterThread: Thread started: Bac 4 — +100 VU (tong 200) 4-52
2026-08-13 13:26:18,981 INFO o.a.j.t.JMeterThread: Thread started: Bac 4 — +100 VU (tong 200) 4-53
2026-08-13 13:26:19,289 INFO o.a.j.t.JMeterThread: Thread started: Bac 4 — +100 VU (tong 200) 4-54
2026-08-13 13:26:19,585 INFO o.a.j.t.JMeterThread: Thread started: Bac 4 — +100 VU (tong 200) 4-55
2026-08-13 13:26:19,883 INFO o.a.j.t.JMeterThread: Thread started: Bac 4 — +100 VU (tong 200) 4-56
2026-08-13 13:26:20,187 INFO o.a.j.t.JMeterThread: Thread started: Bac 4 — +100 VU (tong 200) 4-57
2026-08-13 13:26:20,487 INFO o.a.j.t.JMeterThread: Thread started: Bac 4 — +100 VU (tong 200) 4-58
2026-08-13 13:26:20,787 INFO o.a.j.t.JMeterThread: Thread started: Bac 4 — +100 VU (tong 200) 4-59
2026-08-13 13:26:21,089 INFO o.a.j.t.JMeterThread: Thread started: Bac 4 — +100 VU (tong 200) 4-60
2026-08-13 13:26:21,383 INFO o.a.j.t.JMeterThread: Thread started: Bac 4 — +100 VU (tong 200) 4-61
2026-08-13 13:26:21,683 INFO o.a.j.t.JMeterThread: Thread started: Bac 4 — +100 VU (tong 200) 4-62
2026-08-13 13:26:21,987 INFO o.a.j.t.JMeterThread: Thread started: Bac 4 — +100 VU (tong 200) 4-63
2026-08-13 13:26:22,281 INFO o.a.j.t.JMeterThread: Thread started: Bac 4 — +100 VU (tong 200) 4-64
2026-08-13 13:26:22,581 INFO o.a.j.t.JMeterThread: Thread started: Bac 4 — +100 VU (tong 200) 4-65
2026-08-13 13:26:22,885 INFO o.a.j.t.JMeterThread: Thread started: Bac 4 — +100 VU (tong 200) 4-66
2026-08-13 13:26:23,187 INFO o.a.j.t.JMeterThread: Thread started: Bac 4 — +100 VU (tong 200) 4-67
2026-08-13 13:26:23,486 INFO o.a.j.t.JMeterThread: Thread started: Bac 4 — +100 VU (tong 200) 4-68
2026-08-13 13:26:23,786 INFO o.a.j.t.JMeterThread: Thread started: Bac 4 — +100 VU (tong 200) 4-69
2026-08-13 13:26:24,083 INFO o.a.j.t.JMeterThread: Thread started: Bac 4 — +100 VU (tong 200) 4-70
2026-08-13 13:26:24,386 INFO o.a.j.t.JMeterThread: Thread started: Bac 4 — +100 VU (tong 200) 4-71
2026-08-13 13:26:24,680 INFO o.a.j.t.JMeterThread: Thread started: Bac 4 — +100 VU (tong 200) 4-72
2026-08-13 13:26:24,983 INFO o.a.j.t.JMeterThread: Thread started: Bac 4 — +100 VU (tong 200) 4-73
2026-08-13 13:26:25,286 INFO o.a.j.t.JMeterThread: Thread started: Bac 4 — +100 VU (tong 200) 4-74
2026-08-13 13:26:25,590 INFO o.a.j.t.JMeterThread: Thread started: Bac 4 — +100 VU (tong 200) 4-75
2026-08-13 13:26:25,887 INFO o.a.j.t.JMeterThread: Thread started: Bac 4 — +100 VU (tong 200) 4-76
2026-08-13 13:26:26,186 INFO o.a.j.t.JMeterThread: Thread started: Bac 4 — +100 VU (tong 200) 4-77
2026-08-13 13:26:26,487 INFO o.a.j.t.JMeterThread: Thread started: Bac 4 — +100 VU (tong 200) 4-78
2026-08-13 13:26:26,782 INFO o.a.j.t.JMeterThread: Thread started: Bac 4 — +100 VU (tong 200) 4-79
2026-08-13 13:26:27,087 INFO o.a.j.t.JMeterThread: Thread started: Bac 4 — +100 VU (tong 200) 4-80
2026-08-13 13:26:27,386 INFO o.a.j.t.JMeterThread: Thread started: Bac 4 — +100 VU (tong 200) 4-81
2026-08-13 13:26:27,682 INFO o.a.j.t.JMeterThread: Thread started: Bac 4 — +100 VU (tong 200) 4-82
2026-08-13 13:26:27,988 INFO o.a.j.t.JMeterThread: Thread started: Bac 4 — +100 VU (tong 200) 4-83
2026-08-13 13:26:28,288 INFO o.a.j.t.JMeterThread: Thread started: Bac 4 — +100 VU (tong 200) 4-84
2026-08-13 13:26:28,589 INFO o.a.j.t.JMeterThread: Thread started: Bac 4 — +100 VU (tong 200) 4-85
2026-08-13 13:26:28,888 INFO o.a.j.t.JMeterThread: Thread started: Bac 4 — +100 VU (tong 200) 4-86
2026-08-13 13:26:29,189 INFO o.a.j.t.JMeterThread: Thread started: Bac 4 — +100 VU (tong 200) 4-87
2026-08-13 13:26:29,485 INFO o.a.j.t.JMeterThread: Thread started: Bac 4 — +100 VU (tong 200) 4-88
2026-08-13 13:26:29,790 INFO o.a.j.t.JMeterThread: Thread started: Bac 4 — +100 VU (tong 200) 4-89
2026-08-13 13:26:30,000 INFO o.a.j.r.Summariser: summary +  26820 in 00:00:30 =  894.1/s Avg:     3 Min:     0 Max:   136 Err:     0 (0.00%) Active: 189 Started: 191 Finished: 2
2026-08-13 13:26:30,001 INFO o.a.j.r.Summariser: summary = 150075 in 00:06:27 =  388.1/s Avg:     3 Min:     0 Max:   500 Err:     0 (0.00%)
2026-08-13 13:26:30,088 INFO o.a.j.t.JMeterThread: Thread started: Bac 4 — +100 VU (tong 200) 4-90
2026-08-13 13:26:30,385 INFO o.a.j.t.JMeterThread: Thread started: Bac 4 — +100 VU (tong 200) 4-91
2026-08-13 13:26:30,683 INFO o.a.j.t.JMeterThread: Thread started: Bac 4 — +100 VU (tong 200) 4-92
2026-08-13 13:26:30,983 INFO o.a.j.t.JMeterThread: Thread started: Bac 4 — +100 VU (tong 200) 4-93
2026-08-13 13:26:31,287 INFO o.a.j.t.JMeterThread: Thread started: Bac 4 — +100 VU (tong 200) 4-94
2026-08-13 13:26:31,588 INFO o.a.j.t.JMeterThread: Thread started: Bac 4 — +100 VU (tong 200) 4-95
2026-08-13 13:26:31,883 INFO o.a.j.t.JMeterThread: Thread started: Bac 4 — +100 VU (tong 200) 4-96
2026-08-13 13:26:32,187 INFO o.a.j.t.JMeterThread: Thread started: Bac 4 — +100 VU (tong 200) 4-97
2026-08-13 13:26:32,485 INFO o.a.j.t.JMeterThread: Thread started: Bac 4 — +100 VU (tong 200) 4-98
2026-08-13 13:26:32,787 INFO o.a.j.t.JMeterThread: Thread started: Bac 4 — +100 VU (tong 200) 4-99
2026-08-13 13:26:33,087 INFO o.a.j.t.JMeterThread: Thread started: Bac 4 — +100 VU (tong 200) 4-100
2026-08-13 13:27:00,010 INFO o.a.j.r.Summariser: summary +  37869 in 00:00:30 = 1262.2/s Avg:     6 Min:     0 Max:   167 Err:     0 (0.00%) Active: 200 Started: 202 Finished: 2
2026-08-13 13:27:00,012 INFO o.a.j.r.Summariser: summary = 187944 in 00:06:57 =  451.1/s Avg:     3 Min:     0 Max:   500 Err:     0 (0.00%)
2026-08-13 13:27:30,003 INFO o.a.j.r.Summariser: summary +  35210 in 00:00:30 = 1173.8/s Avg:    17 Min:     0 Max:   716 Err:     0 (0.00%) Active: 200 Started: 202 Finished: 2
2026-08-13 13:27:30,008 INFO o.a.j.r.Summariser: summary = 223154 in 00:07:27 =  499.6/s Avg:     6 Min:     0 Max:   716 Err:     0 (0.00%)
2026-08-13 13:28:00,002 INFO o.a.j.r.Summariser: summary +  36738 in 00:00:30 = 1224.7/s Avg:    11 Min:     0 Max:   314 Err:     0 (0.00%) Active: 200 Started: 202 Finished: 2
2026-08-13 13:28:00,005 INFO o.a.j.r.Summariser: summary = 259892 in 00:07:57 =  545.2/s Avg:     6 Min:     0 Max:   716 Err:     0 (0.00%)
2026-08-13 13:28:03,192 INFO o.a.j.t.JMeterThread: Thread finished: Bac 1 — 25 VU 1-19
2026-08-13 13:28:03,194 INFO o.a.j.t.JMeterThread: Thread finished: Bac 3 — +50 VU (tong 100) 3-33
2026-08-13 13:28:03,196 INFO o.a.j.t.JMeterThread: Thread finished: Bac 2 — +25 VU (tong 50) 2-9
2026-08-13 13:28:03,200 INFO o.a.j.t.JMeterThread: Thread finished: Bac 1 — 25 VU 1-12
2026-08-13 13:28:03,208 INFO o.a.j.t.JMeterThread: Thread finished: Bac 2 — +25 VU (tong 50) 2-2
2026-08-13 13:28:03,210 INFO o.a.j.t.JMeterThread: Thread finished: Bac 4 — +100 VU (tong 200) 4-76
2026-08-13 13:28:03,211 INFO o.a.j.t.JMeterThread: Thread finished: Bac 4 — +100 VU (tong 200) 4-46
2026-08-13 13:28:03,211 INFO o.a.j.t.JMeterThread: Thread finished: Bac 4 — +100 VU (tong 200) 4-89
2026-08-13 13:28:03,216 INFO o.a.j.t.JMeterThread: Thread finished: Bac 1 — 25 VU 1-5
2026-08-13 13:28:03,216 INFO o.a.j.t.JMeterThread: Thread finished: Bac 3 — +50 VU (tong 100) 3-24
2026-08-13 13:28:03,216 INFO o.a.j.t.JMeterThread: Thread finished: Bac 4 — +100 VU (tong 200) 4-26
2026-08-13 13:28:03,220 INFO o.a.j.t.JMeterThread: Thread finished: Bac 3 — +50 VU (tong 100) 3-11
2026-08-13 13:28:03,222 INFO o.a.j.t.JMeterThread: Thread finished: Bac 4 — +100 VU (tong 200) 4-43
2026-08-13 13:28:03,224 INFO o.a.j.t.JMeterThread: Thread finished: Bac 3 — +50 VU (tong 100) 3-44
2026-08-13 13:28:03,224 INFO o.a.j.t.JMeterThread: Thread finished: Bac 3 — +50 VU (tong 100) 3-50
2026-08-13 13:28:03,225 INFO o.a.j.t.JMeterThread: Thread finished: Bac 4 — +100 VU (tong 200) 4-18
2026-08-13 13:28:03,226 INFO o.a.j.t.JMeterThread: Thread finished: Bac 3 — +50 VU (tong 100) 3-12
2026-08-13 13:28:03,227 INFO o.a.j.t.JMeterThread: Thread finished: Bac 4 — +100 VU (tong 200) 4-47
2026-08-13 13:28:03,233 INFO o.a.j.t.JMeterThread: Thread finished: Bac 3 — +50 VU (tong 100) 3-41
2026-08-13 13:28:03,238 INFO o.a.j.t.JMeterThread: Thread finished: Bac 3 — +50 VU (tong 100) 3-5
2026-08-13 13:28:03,240 INFO o.a.j.t.JMeterThread: Thread finished: Bac 1 — 25 VU 1-25
2026-08-13 13:28:03,241 INFO o.a.j.t.JMeterThread: Thread finished: Bac 2 — +25 VU (tong 50) 2-6
2026-08-13 13:28:03,242 INFO o.a.j.t.JMeterThread: Thread finished: Bac 4 — +100 VU (tong 200) 4-70
2026-08-13 13:28:03,242 INFO o.a.j.t.JMeterThread: Thread finished: Bac 1 — 25 VU 1-14
2026-08-13 13:28:03,245 INFO o.a.j.t.JMeterThread: Thread finished: Bac 1 — 25 VU 1-1
2026-08-13 13:28:03,246 INFO o.a.j.t.JMeterThread: Thread finished: Bac 3 — +50 VU (tong 100) 3-46
2026-08-13 13:28:03,246 INFO o.a.j.t.JMeterThread: Thread finished: Bac 2 — +25 VU (tong 50) 2-3
2026-08-13 13:28:03,246 INFO o.a.j.t.JMeterThread: Thread finished: Bac 3 — +50 VU (tong 100) 3-14
2026-08-13 13:28:03,247 INFO o.a.j.t.JMeterThread: Thread finished: Bac 4 — +100 VU (tong 200) 4-33
2026-08-13 13:28:03,248 INFO o.a.j.t.JMeterThread: Thread finished: Bac 3 — +50 VU (tong 100) 3-18
2026-08-13 13:28:03,248 INFO o.a.j.t.JMeterThread: Thread finished: Bac 4 — +100 VU (tong 200) 4-27
2026-08-13 13:28:03,248 INFO o.a.j.t.JMeterThread: Thread finished: Bac 3 — +50 VU (tong 100) 3-16
2026-08-13 13:28:03,250 INFO o.a.j.t.JMeterThread: Thread finished: Bac 2 — +25 VU (tong 50) 2-12
2026-08-13 13:28:03,251 INFO o.a.j.t.JMeterThread: Thread finished: Bac 4 — +100 VU (tong 200) 4-10
2026-08-13 13:28:03,252 INFO o.a.j.t.JMeterThread: Thread finished: Bac 4 — +100 VU (tong 200) 4-25
2026-08-13 13:28:03,254 INFO o.a.j.t.JMeterThread: Thread finished: Bac 1 — 25 VU 1-7
2026-08-13 13:28:03,256 INFO o.a.j.t.JMeterThread: Thread finished: Bac 4 — +100 VU (tong 200) 4-21
2026-08-13 13:28:03,256 INFO o.a.j.t.JMeterThread: Thread finished: Bac 1 — 25 VU 1-11
2026-08-13 13:28:03,257 INFO o.a.j.t.JMeterThread: Thread finished: Bac 2 — +25 VU (tong 50) 2-1
2026-08-13 13:28:03,258 INFO o.a.j.t.JMeterThread: Thread finished: Bac 1 — 25 VU 1-10
2026-08-13 13:28:03,258 INFO o.a.j.t.JMeterThread: Thread finished: Bac 3 — +50 VU (tong 100) 3-42
2026-08-13 13:28:03,259 INFO o.a.j.t.JMeterThread: Thread finished: Bac 4 — +100 VU (tong 200) 4-59
2026-08-13 13:28:03,260 INFO o.a.j.t.JMeterThread: Thread finished: Bac 4 — +100 VU (tong 200) 4-39
2026-08-13 13:28:03,262 INFO o.a.j.t.JMeterThread: Thread finished: Bac 3 — +50 VU (tong 100) 3-4
2026-08-13 13:28:03,262 INFO o.a.j.t.JMeterThread: Thread finished: Bac 4 — +100 VU (tong 200) 4-79
2026-08-13 13:28:03,262 INFO o.a.j.t.JMeterThread: Thread finished: Bac 3 — +50 VU (tong 100) 3-6
2026-08-13 13:28:03,262 INFO o.a.j.t.JMeterThread: Thread finished: Bac 3 — +50 VU (tong 100) 3-8
2026-08-13 13:28:03,263 INFO o.a.j.t.JMeterThread: Thread finished: Bac 1 — 25 VU 1-6
2026-08-13 13:28:03,263 INFO o.a.j.t.JMeterThread: Thread finished: Bac 1 — 25 VU 1-8
2026-08-13 13:28:03,263 INFO o.a.j.t.JMeterThread: Thread finished: Bac 4 — +100 VU (tong 200) 4-3
2026-08-13 13:28:03,264 INFO o.a.j.t.JMeterThread: Thread finished: Bac 2 — +25 VU (tong 50) 2-14
2026-08-13 13:28:03,264 INFO o.a.j.t.JMeterThread: Thread finished: Bac 4 — +100 VU (tong 200) 4-68
2026-08-13 13:28:03,264 INFO o.a.j.t.JMeterThread: Thread finished: Bac 4 — +100 VU (tong 200) 4-37
2026-08-13 13:28:03,266 INFO o.a.j.t.JMeterThread: Thread finished: Bac 4 — +100 VU (tong 200) 4-57
2026-08-13 13:28:03,267 INFO o.a.j.t.JMeterThread: Thread finished: Bac 4 — +100 VU (tong 200) 4-5
2026-08-13 13:28:03,268 INFO o.a.j.t.JMeterThread: Thread finished: Bac 2 — +25 VU (tong 50) 2-4
2026-08-13 13:28:03,269 INFO o.a.j.t.JMeterThread: Thread finished: Bac 1 — 25 VU 1-22
2026-08-13 13:28:03,269 INFO o.a.j.t.JMeterThread: Thread finished: Bac 4 — +100 VU (tong 200) 4-45
2026-08-13 13:28:03,271 INFO o.a.j.t.JMeterThread: Thread finished: Bac 1 — 25 VU 1-3
2026-08-13 13:28:03,273 INFO o.a.j.t.JMeterThread: Thread finished: Bac 3 — +50 VU (tong 100) 3-21
2026-08-13 13:28:03,273 INFO o.a.j.t.JMeterThread: Thread finished: Bac 4 — +100 VU (tong 200) 4-71
2026-08-13 13:28:03,274 INFO o.a.j.t.JMeterThread: Thread finished: Bac 4 — +100 VU (tong 200) 4-84
2026-08-13 13:28:03,276 INFO o.a.j.t.JMeterThread: Thread finished: Bac 4 — +100 VU (tong 200) 4-51
2026-08-13 13:28:03,277 INFO o.a.j.t.JMeterThread: Thread finished: Bac 4 — +100 VU (tong 200) 4-69
2026-08-13 13:28:03,278 INFO o.a.j.t.JMeterThread: Thread finished: Bac 4 — +100 VU (tong 200) 4-60
2026-08-13 13:28:03,278 INFO o.a.j.t.JMeterThread: Thread finished: Bac 4 — +100 VU (tong 200) 4-58
2026-08-13 13:28:03,281 INFO o.a.j.t.JMeterThread: Thread finished: Bac 3 — +50 VU (tong 100) 3-37
2026-08-13 13:28:03,281 INFO o.a.j.t.JMeterThread: Thread finished: Bac 4 — +100 VU (tong 200) 4-74
2026-08-13 13:28:03,282 INFO o.a.j.t.JMeterThread: Thread finished: Bac 2 — +25 VU (tong 50) 2-24
2026-08-13 13:28:03,283 INFO o.a.j.t.JMeterThread: Thread finished: Bac 3 — +50 VU (tong 100) 3-20
2026-08-13 13:28:03,284 INFO o.a.j.t.JMeterThread: Thread finished: Bac 2 — +25 VU (tong 50) 2-5
2026-08-13 13:28:03,285 INFO o.a.j.t.JMeterThread: Thread finished: Bac 3 — +50 VU (tong 100) 3-17
2026-08-13 13:28:03,285 INFO o.a.j.t.JMeterThread: Thread finished: Bac 3 — +50 VU (tong 100) 3-38
2026-08-13 13:28:03,286 INFO o.a.j.t.JMeterThread: Thread finished: Bac 1 — 25 VU 1-21
2026-08-13 13:28:03,286 INFO o.a.j.t.JMeterThread: Thread finished: Bac 2 — +25 VU (tong 50) 2-25
2026-08-13 13:28:03,288 INFO o.a.j.t.JMeterThread: Thread finished: Bac 4 — +100 VU (tong 200) 4-7
2026-08-13 13:28:03,288 INFO o.a.j.t.JMeterThread: Thread finished: Bac 3 — +50 VU (tong 100) 3-34
2026-08-13 13:28:03,288 INFO o.a.j.t.JMeterThread: Thread finished: Bac 1 — 25 VU 1-15
2026-08-13 13:28:03,288 INFO o.a.j.t.JMeterThread: Thread finished: Bac 2 — +25 VU (tong 50) 2-22
2026-08-13 13:28:03,288 INFO o.a.j.t.JMeterThread: Thread finished: Bac 4 — +100 VU (tong 200) 4-62
2026-08-13 13:28:03,289 INFO o.a.j.t.JMeterThread: Thread finished: Bac 3 — +50 VU (tong 100) 3-30
2026-08-13 13:28:03,290 INFO o.a.j.t.JMeterThread: Thread finished: Bac 4 — +100 VU (tong 200) 4-8
2026-08-13 13:28:03,291 INFO o.a.j.t.JMeterThread: Thread finished: Bac 3 — +50 VU (tong 100) 3-32
2026-08-13 13:28:03,293 INFO o.a.j.t.JMeterThread: Thread finished: Bac 4 — +100 VU (tong 200) 4-86
2026-08-13 13:28:03,294 INFO o.a.j.t.JMeterThread: Thread finished: Bac 3 — +50 VU (tong 100) 3-7
2026-08-13 13:28:03,294 INFO o.a.j.t.JMeterThread: Thread finished: Bac 2 — +25 VU (tong 50) 2-18
2026-08-13 13:28:03,295 INFO o.a.j.t.JMeterThread: Thread finished: Bac 3 — +50 VU (tong 100) 3-3
2026-08-13 13:28:03,295 INFO o.a.j.t.JMeterThread: Thread finished: Bac 3 — +50 VU (tong 100) 3-39
2026-08-13 13:28:03,295 INFO o.a.j.t.JMeterThread: Thread finished: Bac 4 — +100 VU (tong 200) 4-14
2026-08-13 13:28:03,295 INFO o.a.j.t.JMeterThread: Thread finished: Bac 4 — +100 VU (tong 200) 4-19
2026-08-13 13:28:03,298 INFO o.a.j.t.JMeterThread: Thread finished: Bac 2 — +25 VU (tong 50) 2-10
2026-08-13 13:28:03,298 INFO o.a.j.t.JMeterThread: Thread finished: Bac 2 — +25 VU (tong 50) 2-8
2026-08-13 13:28:03,298 INFO o.a.j.t.JMeterThread: Thread finished: Bac 1 — 25 VU 1-20
2026-08-13 13:28:03,298 INFO o.a.j.t.JMeterThread: Thread finished: Bac 4 — +100 VU (tong 200) 4-16
2026-08-13 13:28:03,300 INFO o.a.j.t.JMeterThread: Thread finished: Bac 4 — +100 VU (tong 200) 4-41
2026-08-13 13:28:03,301 INFO o.a.j.t.JMeterThread: Thread finished: Bac 3 — +50 VU (tong 100) 3-9
2026-08-13 13:28:03,302 INFO o.a.j.t.JMeterThread: Thread finished: Bac 1 — 25 VU 1-18
2026-08-13 13:28:03,304 INFO o.a.j.t.JMeterThread: Thread finished: Bac 1 — 25 VU 1-9
2026-08-13 13:28:03,307 INFO o.a.j.t.JMeterThread: Thread finished: Bac 2 — +25 VU (tong 50) 2-16
2026-08-13 13:28:03,307 INFO o.a.j.t.JMeterThread: Thread finished: Bac 3 — +50 VU (tong 100) 3-25
2026-08-13 13:28:03,308 INFO o.a.j.t.JMeterThread: Thread finished: Bac 3 — +50 VU (tong 100) 3-49
2026-08-13 13:28:03,308 INFO o.a.j.t.JMeterThread: Thread finished: Bac 3 — +50 VU (tong 100) 3-2
2026-08-13 13:28:03,311 INFO o.a.j.t.JMeterThread: Thread finished: Bac 4 — +100 VU (tong 200) 4-87
2026-08-13 13:28:03,311 INFO o.a.j.t.JMeterThread: Thread finished: Bac 4 — +100 VU (tong 200) 4-48
2026-08-13 13:28:03,312 INFO o.a.j.t.JMeterThread: Thread finished: Bac 2 — +25 VU (tong 50) 2-7
2026-08-13 13:28:03,312 INFO o.a.j.t.JMeterThread: Thread finished: Bac 4 — +100 VU (tong 200) 4-36
2026-08-13 13:28:03,313 INFO o.a.j.t.JMeterThread: Thread finished: Bac 2 — +25 VU (tong 50) 2-23
2026-08-13 13:28:03,313 INFO o.a.j.t.JMeterThread: Thread finished: Bac 4 — +100 VU (tong 200) 4-1
2026-08-13 13:28:03,313 INFO o.a.j.t.JMeterThread: Thread finished: Bac 1 — 25 VU 1-16
2026-08-13 13:28:03,313 INFO o.a.j.t.JMeterThread: Thread finished: Bac 1 — 25 VU 1-2
2026-08-13 13:28:03,314 INFO o.a.j.t.JMeterThread: Thread finished: Bac 4 — +100 VU (tong 200) 4-61
2026-08-13 13:28:03,314 INFO o.a.j.t.JMeterThread: Thread finished: Bac 3 — +50 VU (tong 100) 3-28
2026-08-13 13:28:03,315 INFO o.a.j.t.JMeterThread: Thread finished: Bac 4 — +100 VU (tong 200) 4-88
2026-08-13 13:28:03,316 INFO o.a.j.t.JMeterThread: Thread finished: Bac 2 — +25 VU (tong 50) 2-21
2026-08-13 13:28:03,316 INFO o.a.j.t.JMeterThread: Thread finished: Bac 2 — +25 VU (tong 50) 2-19
2026-08-13 13:28:03,317 INFO o.a.j.t.JMeterThread: Thread finished: Bac 2 — +25 VU (tong 50) 2-11
2026-08-13 13:28:03,317 INFO o.a.j.t.JMeterThread: Thread finished: Bac 4 — +100 VU (tong 200) 4-81
2026-08-13 13:28:03,318 INFO o.a.j.t.JMeterThread: Thread finished: Bac 4 — +100 VU (tong 200) 4-63
2026-08-13 13:28:03,319 INFO o.a.j.t.JMeterThread: Thread finished: Bac 3 — +50 VU (tong 100) 3-19
2026-08-13 13:28:03,319 INFO o.a.j.t.JMeterThread: Thread finished: Bac 4 — +100 VU (tong 200) 4-23
2026-08-13 13:28:03,319 INFO o.a.j.t.JMeterThread: Thread finished: Bac 2 — +25 VU (tong 50) 2-17
2026-08-13 13:28:03,320 INFO o.a.j.t.JMeterThread: Thread finished: Bac 4 — +100 VU (tong 200) 4-34
2026-08-13 13:28:03,321 INFO o.a.j.t.JMeterThread: Thread finished: Bac 4 — +100 VU (tong 200) 4-9
2026-08-13 13:28:03,321 INFO o.a.j.t.JMeterThread: Thread finished: Bac 1 — 25 VU 1-24
2026-08-13 13:28:03,323 INFO o.a.j.t.JMeterThread: Thread finished: Bac 3 — +50 VU (tong 100) 3-15
2026-08-13 13:28:03,325 INFO o.a.j.t.JMeterThread: Thread finished: Bac 4 — +100 VU (tong 200) 4-64
2026-08-13 13:28:03,326 INFO o.a.j.t.JMeterThread: Thread finished: Bac 3 — +50 VU (tong 100) 3-27
2026-08-13 13:28:03,327 INFO o.a.j.t.JMeterThread: Thread finished: Bac 2 — +25 VU (tong 50) 2-13
2026-08-13 13:28:03,328 INFO o.a.j.t.JMeterThread: Thread finished: Bac 4 — +100 VU (tong 200) 4-13
2026-08-13 13:28:03,329 INFO o.a.j.t.JMeterThread: Thread finished: Bac 3 — +50 VU (tong 100) 3-31
2026-08-13 13:28:03,329 INFO o.a.j.t.JMeterThread: Thread finished: Bac 4 — +100 VU (tong 200) 4-6
2026-08-13 13:28:03,330 INFO o.a.j.t.JMeterThread: Thread finished: Bac 4 — +100 VU (tong 200) 4-12
2026-08-13 13:28:03,330 INFO o.a.j.t.JMeterThread: Thread finished: Bac 4 — +100 VU (tong 200) 4-95
2026-08-13 13:28:03,331 INFO o.a.j.t.JMeterThread: Thread finished: Bac 4 — +100 VU (tong 200) 4-90
2026-08-13 13:28:03,332 INFO o.a.j.t.JMeterThread: Thread finished: Bac 4 — +100 VU (tong 200) 4-67
2026-08-13 13:28:03,333 INFO o.a.j.t.JMeterThread: Thread finished: Bac 3 — +50 VU (tong 100) 3-45
2026-08-13 13:28:03,334 INFO o.a.j.t.JMeterThread: Thread finished: Bac 4 — +100 VU (tong 200) 4-54
2026-08-13 13:28:03,336 INFO o.a.j.t.JMeterThread: Thread finished: Bac 4 — +100 VU (tong 200) 4-15
2026-08-13 13:28:03,336 INFO o.a.j.t.JMeterThread: Thread finished: Bac 4 — +100 VU (tong 200) 4-40
2026-08-13 13:28:03,337 INFO o.a.j.t.JMeterThread: Thread finished: Bac 3 — +50 VU (tong 100) 3-22
2026-08-13 13:28:03,337 INFO o.a.j.t.JMeterThread: Thread finished: Bac 3 — +50 VU (tong 100) 3-48
2026-08-13 13:28:03,338 INFO o.a.j.t.JMeterThread: Thread finished: Bac 1 — 25 VU 1-4
2026-08-13 13:28:03,338 INFO o.a.j.t.JMeterThread: Thread finished: Bac 4 — +100 VU (tong 200) 4-82
2026-08-13 13:28:03,338 INFO o.a.j.t.JMeterThread: Thread finished: Bac 3 — +50 VU (tong 100) 3-29
2026-08-13 13:28:03,338 INFO o.a.j.t.JMeterThread: Thread finished: Bac 4 — +100 VU (tong 200) 4-20
2026-08-13 13:28:03,339 INFO o.a.j.t.JMeterThread: Thread finished: Bac 1 — 25 VU 1-17
2026-08-13 13:28:03,339 INFO o.a.j.t.JMeterThread: Thread finished: Bac 4 — +100 VU (tong 200) 4-11
2026-08-13 13:28:03,342 INFO o.a.j.t.JMeterThread: Thread finished: Bac 4 — +100 VU (tong 200) 4-22
2026-08-13 13:28:03,342 INFO o.a.j.t.JMeterThread: Thread finished: Bac 4 — +100 VU (tong 200) 4-97
2026-08-13 13:28:03,342 INFO o.a.j.t.JMeterThread: Thread finished: Bac 4 — +100 VU (tong 200) 4-44
2026-08-13 13:28:03,344 INFO o.a.j.t.JMeterThread: Thread finished: Bac 4 — +100 VU (tong 200) 4-31
2026-08-13 13:28:03,344 INFO o.a.j.t.JMeterThread: Thread finished: Bac 3 — +50 VU (tong 100) 3-43
2026-08-13 13:28:03,345 INFO o.a.j.t.JMeterThread: Thread finished: Bac 4 — +100 VU (tong 200) 4-96
2026-08-13 13:28:03,347 INFO o.a.j.t.JMeterThread: Thread finished: Bac 3 — +50 VU (tong 100) 3-23
2026-08-13 13:28:03,348 INFO o.a.j.t.JMeterThread: Thread finished: Bac 4 — +100 VU (tong 200) 4-99
2026-08-13 13:28:03,348 INFO o.a.j.t.JMeterThread: Thread finished: Bac 4 — +100 VU (tong 200) 4-93
2026-08-13 13:28:03,349 INFO o.a.j.t.JMeterThread: Thread finished: Bac 4 — +100 VU (tong 200) 4-100
2026-08-13 13:28:03,350 INFO o.a.j.t.JMeterThread: Thread finished: Bac 4 — +100 VU (tong 200) 4-92
2026-08-13 13:28:03,351 INFO o.a.j.t.JMeterThread: Thread finished: Bac 4 — +100 VU (tong 200) 4-65
2026-08-13 13:28:03,352 INFO o.a.j.t.JMeterThread: Thread finished: Bac 1 — 25 VU 1-13
2026-08-13 13:28:03,352 INFO o.a.j.t.JMeterThread: Thread finished: Bac 2 — +25 VU (tong 50) 2-15
2026-08-13 13:28:03,353 INFO o.a.j.t.JMeterThread: Thread finished: Bac 4 — +100 VU (tong 200) 4-72
2026-08-13 13:28:03,354 INFO o.a.j.t.JMeterThread: Thread finished: Bac 4 — +100 VU (tong 200) 4-30
2026-08-13 13:28:03,354 INFO o.a.j.t.JMeterThread: Thread finished: Bac 4 — +100 VU (tong 200) 4-2
2026-08-13 13:28:03,356 INFO o.a.j.t.JMeterThread: Thread finished: Bac 4 — +100 VU (tong 200) 4-17
2026-08-13 13:28:03,357 INFO o.a.j.t.JMeterThread: Thread finished: Bac 4 — +100 VU (tong 200) 4-38
2026-08-13 13:28:03,359 INFO o.a.j.t.JMeterThread: Thread finished: Bac 3 — +50 VU (tong 100) 3-35
2026-08-13 13:28:03,359 INFO o.a.j.t.JMeterThread: Thread finished: Bac 3 — +50 VU (tong 100) 3-47
2026-08-13 13:28:03,363 INFO o.a.j.t.JMeterThread: Thread finished: Bac 4 — +100 VU (tong 200) 4-49
2026-08-13 13:28:03,364 INFO o.a.j.t.JMeterThread: Thread finished: Bac 3 — +50 VU (tong 100) 3-36
2026-08-13 13:28:03,364 INFO o.a.j.t.JMeterThread: Stopping because end time detected by thread: Bac 1 — 25 VU 1-23
2026-08-13 13:28:03,364 INFO o.a.j.t.JMeterThread: Thread finished: Bac 1 — 25 VU 1-23
2026-08-13 13:28:03,365 INFO o.a.j.t.JMeterThread: Thread finished: Bac 3 — +50 VU (tong 100) 3-26
2026-08-13 13:28:03,365 INFO o.a.j.t.JMeterThread: Stopping because end time detected by thread: Bac 2 — +25 VU (tong 50) 2-20
2026-08-13 13:28:03,365 INFO o.a.j.t.JMeterThread: Thread finished: Bac 2 — +25 VU (tong 50) 2-20
2026-08-13 13:28:03,366 INFO o.a.j.t.JMeterThread: Thread finished: Bac 4 — +100 VU (tong 200) 4-52
2026-08-13 13:28:03,366 INFO o.a.j.t.JMeterThread: Thread finished: Bac 4 — +100 VU (tong 200) 4-78
2026-08-13 13:28:03,370 INFO o.a.j.t.JMeterThread: Thread finished: Bac 4 — +100 VU (tong 200) 4-50
2026-08-13 13:28:03,373 INFO o.a.j.t.JMeterThread: Stopping because end time detected by thread: Bac 3 — +50 VU (tong 100) 3-10
2026-08-13 13:28:03,373 INFO o.a.j.t.JMeterThread: Thread finished: Bac 3 — +50 VU (tong 100) 3-10
2026-08-13 13:28:03,375 INFO o.a.j.t.JMeterThread: Thread finished: Bac 4 — +100 VU (tong 200) 4-35
2026-08-13 13:28:03,375 INFO o.a.j.t.JMeterThread: Thread finished: Bac 4 — +100 VU (tong 200) 4-53
2026-08-13 13:28:03,376 INFO o.a.j.t.JMeterThread: Thread finished: Bac 4 — +100 VU (tong 200) 4-77
2026-08-13 13:28:03,378 INFO o.a.j.t.JMeterThread: Thread finished: Bac 4 — +100 VU (tong 200) 4-56
2026-08-13 13:28:03,381 INFO o.a.j.t.JMeterThread: Stopping because end time detected by thread: Bac 3 — +50 VU (tong 100) 3-1
2026-08-13 13:28:03,381 INFO o.a.j.t.JMeterThread: Thread finished: Bac 3 — +50 VU (tong 100) 3-1
2026-08-13 13:28:03,382 INFO o.a.j.t.JMeterThread: Stopping because end time detected by thread: Bac 4 — +100 VU (tong 200) 4-4
2026-08-13 13:28:03,382 INFO o.a.j.t.JMeterThread: Thread finished: Bac 4 — +100 VU (tong 200) 4-4
2026-08-13 13:28:03,383 INFO o.a.j.t.JMeterThread: Thread finished: Bac 4 — +100 VU (tong 200) 4-75
2026-08-13 13:28:03,383 INFO o.a.j.t.JMeterThread: Stopping because end time detected by thread: Bac 3 — +50 VU (tong 100) 3-40
2026-08-13 13:28:03,383 INFO o.a.j.t.JMeterThread: Thread finished: Bac 3 — +50 VU (tong 100) 3-40
2026-08-13 13:28:03,383 INFO o.a.j.t.JMeterThread: Stopping because end time detected by thread: Bac 3 — +50 VU (tong 100) 3-13
2026-08-13 13:28:03,383 INFO o.a.j.t.JMeterThread: Thread finished: Bac 3 — +50 VU (tong 100) 3-13
2026-08-13 13:28:03,383 INFO o.a.j.t.JMeterThread: Thread finished: Bac 4 — +100 VU (tong 200) 4-29
2026-08-13 13:28:03,384 INFO o.a.j.t.JMeterThread: Thread finished: Bac 4 — +100 VU (tong 200) 4-98
2026-08-13 13:28:03,385 INFO o.a.j.t.JMeterThread: Thread finished: Bac 4 — +100 VU (tong 200) 4-85
2026-08-13 13:28:03,390 INFO o.a.j.t.JMeterThread: Thread finished: Bac 4 — +100 VU (tong 200) 4-94
2026-08-13 13:28:03,390 INFO o.a.j.t.JMeterThread: Thread finished: Bac 4 — +100 VU (tong 200) 4-73
2026-08-13 13:28:03,391 INFO o.a.j.t.JMeterThread: Thread finished: Bac 4 — +100 VU (tong 200) 4-66
2026-08-13 13:28:03,392 INFO o.a.j.t.JMeterThread: Thread finished: Bac 4 — +100 VU (tong 200) 4-55
2026-08-13 13:28:03,392 INFO o.a.j.t.JMeterThread: Stopping because end time detected by thread: Bac 4 — +100 VU (tong 200) 4-24
2026-08-13 13:28:03,392 INFO o.a.j.t.JMeterThread: Thread finished: Bac 4 — +100 VU (tong 200) 4-24
2026-08-13 13:28:03,393 INFO o.a.j.t.JMeterThread: Stopping because end time detected by thread: Bac 4 — +100 VU (tong 200) 4-28
2026-08-13 13:28:03,393 INFO o.a.j.t.JMeterThread: Thread finished: Bac 4 — +100 VU (tong 200) 4-28
2026-08-13 13:28:03,393 INFO o.a.j.t.JMeterThread: Stopping because end time detected by thread: Bac 4 — +100 VU (tong 200) 4-42
2026-08-13 13:28:03,393 INFO o.a.j.t.JMeterThread: Thread finished: Bac 4 — +100 VU (tong 200) 4-42
2026-08-13 13:28:03,394 INFO o.a.j.t.JMeterThread: Stopping because end time detected by thread: Bac 4 — +100 VU (tong 200) 4-32
2026-08-13 13:28:03,394 INFO o.a.j.t.JMeterThread: Thread finished: Bac 4 — +100 VU (tong 200) 4-32
2026-08-13 13:28:03,399 INFO o.a.j.t.JMeterThread: Thread finished: Bac 4 — +100 VU (tong 200) 4-83
2026-08-13 13:28:03,399 INFO o.a.j.t.JMeterThread: Thread finished: Bac 4 — +100 VU (tong 200) 4-91
2026-08-13 13:28:03,400 INFO o.a.j.t.JMeterThread: Stopping because end time detected by thread: Bac 4 — +100 VU (tong 200) 4-80
2026-08-13 13:28:03,400 INFO o.a.j.t.JMeterThread: Thread finished: Bac 4 — +100 VU (tong 200) 4-80
2026-08-13 13:28:03,400 INFO o.a.j.e.StandardJMeterEngine: Notifying test listeners of end of test
2026-08-13 13:28:03,400 INFO o.a.j.s.FileServer: Close: data/products_import.csv
2026-08-13 13:28:03,400 INFO o.a.j.s.FileServer: Close: data/orders.csv
2026-08-13 13:28:03,400 INFO o.a.j.s.FileServer: Close: data/users.csv
2026-08-13 13:28:03,400 INFO o.a.j.s.FileServer: Close: data/users_lockout.csv
2026-08-13 13:28:03,417 INFO o.a.j.r.Summariser: summary +   4249 in 00:00:03 = 1244.6/s Avg:     7 Min:     0 Max:   161 Err:     0 (0.00%) Active: 0 Started: 202 Finished: 202
2026-08-13 13:28:03,417 INFO o.a.j.r.Summariser: summary = 264141 in 00:08:00 =  550.2/s Avg:     6 Min:     0 Max:   716 Err:     0 (0.00%)
2026-08-13 13:28:03,419 INFO o.a.j.JMeter: Generating Dashboard
2026-08-13 13:28:03,419 INFO o.a.j.r.d.ReportGenerator: Flushing result collector before report Generation
2026-08-13 13:28:03,442 INFO o.a.j.r.p.NormalizerSampleConsumer: Using format, 'ms', to parse timeStamp field
2026-08-13 13:28:06,832 INFO o.a.j.r.p.AbstractSampleConsumer: class org.apache.jmeter.report.processor.AggregateConsumer#stopProducing(): beginDate produced 0 samples
2026-08-13 13:28:06,834 INFO o.a.j.r.p.AbstractSampleConsumer: class org.apache.jmeter.report.processor.AggregateConsumer#stopProducing(): endDate produced 0 samples
2026-08-13 13:28:06,837 INFO o.a.j.r.p.AbstractSampleConsumer: class org.apache.jmeter.report.processor.ApdexSummaryConsumer#stopProducing(): apdexSummary produced 0 samples
2026-08-13 13:28:06,837 INFO o.a.j.r.p.AbstractSampleConsumer: class org.apache.jmeter.report.processor.RequestsSummaryConsumer#stopProducing(): requestsSummary produced 0 samples
2026-08-13 13:28:06,850 INFO o.a.j.r.p.AbstractSampleConsumer: class org.apache.jmeter.report.processor.StatisticsSummaryConsumer#stopProducing(): statisticsSummary produced 0 samples
2026-08-13 13:28:06,860 INFO o.a.j.r.p.AbstractSampleConsumer: class org.apache.jmeter.report.processor.Top5ErrorsBySamplerConsumer#stopProducing(): top5ErrorsBySampler produced 0 samples
2026-08-13 13:28:06,860 INFO o.a.j.r.p.AbstractSampleConsumer: class org.apache.jmeter.report.processor.ErrorsSummaryConsumer#stopProducing(): errorsSummary produced 0 samples
2026-08-13 13:28:06,860 INFO o.a.j.r.p.AbstractSampleConsumer: class org.apache.jmeter.report.processor.graph.impl.HitsPerSecondGraphConsumer#stopProducing(): hitsPerSecond produced 0 samples
2026-08-13 13:28:07,796 INFO o.a.j.r.p.AbstractSampleConsumer: class org.apache.jmeter.report.processor.graph.impl.LatencyVSRequestGraphConsumer#stopProducing(): latencyVsRequest produced 0 samples
2026-08-13 13:28:07,800 INFO o.a.j.r.p.AbstractSampleConsumer: class org.apache.jmeter.report.processor.graph.impl.SyntheticResponseTimeDistributionGraphConsumer#stopProducing(): syntheticResponseTimeDistribution produced 0 samples
2026-08-13 13:28:07,800 INFO o.a.j.r.p.AbstractSampleConsumer: class org.apache.jmeter.report.processor.graph.impl.BytesThroughputGraphConsumer#stopProducing(): bytesThroughputOverTime produced 0 samples
2026-08-13 13:28:07,800 INFO o.a.j.r.p.AbstractSampleConsumer: class org.apache.jmeter.report.processor.graph.impl.CodesPerSecondGraphConsumer#stopProducing(): codesPerSecond produced 0 samples
2026-08-13 13:28:08,710 INFO o.a.j.r.p.AbstractSampleConsumer: class org.apache.jmeter.report.processor.graph.impl.ResponseTimeVSRequestGraphConsumer#stopProducing(): responseTimeVsRequest produced 0 samples
2026-08-13 13:28:08,713 INFO o.a.j.r.p.AbstractSampleConsumer: class org.apache.jmeter.report.processor.FilterConsumer#stopProducing(): startIntervalControlerFilter produced 1848987 samples
2026-08-13 13:28:08,713 INFO o.a.j.r.p.AbstractSampleConsumer: class org.apache.jmeter.report.processor.graph.impl.TotalTPSGraphConsumer#stopProducing(): totalTPS produced 0 samples
2026-08-13 13:28:08,713 INFO o.a.j.r.p.AbstractSampleConsumer: class org.apache.jmeter.report.processor.graph.impl.ActiveThreadsGraphConsumer#stopProducing(): activeThreadsOverTime produced 0 samples
2026-08-13 13:28:08,714 INFO o.a.j.r.p.AbstractSampleConsumer: class org.apache.jmeter.report.processor.graph.impl.TimeVSThreadGraphConsumer#stopProducing(): timeVsThreads produced 0 samples
2026-08-13 13:28:08,714 INFO o.a.j.r.p.AbstractSampleConsumer: class org.apache.jmeter.report.processor.graph.impl.ResponseTimeDistributionGraphConsumer#stopProducing(): responseTimeDistribution produced 0 samples
2026-08-13 13:28:08,714 INFO o.a.j.r.p.AbstractSampleConsumer: class org.apache.jmeter.report.processor.graph.impl.TransactionsPerSecondGraphConsumer#stopProducing(): transactionsPerSecond produced 0 samples
2026-08-13 13:28:08,715 INFO o.a.j.r.p.AbstractSampleConsumer: class org.apache.jmeter.report.processor.graph.impl.ResponseTimePercentilesGraphConsumer#stopProducing(): responseTimePercentiles produced 0 samples
2026-08-13 13:28:08,716 INFO o.a.j.r.p.AbstractSampleConsumer: class org.apache.jmeter.report.processor.graph.impl.ResponseTimePercentilesOverTimeGraphConsumer#stopProducing(): responseTimePercentilesOverTime produced 0 samples
2026-08-13 13:28:08,726 INFO o.a.j.r.p.AbstractSampleConsumer: class org.apache.jmeter.report.processor.graph.impl.ResponseTimeOverTimeGraphConsumer#stopProducing(): responseTimesOverTime produced 0 samples
2026-08-13 13:28:08,727 INFO o.a.j.r.p.AbstractSampleConsumer: class org.apache.jmeter.report.processor.graph.impl.ConnectTimeOverTimeGraphConsumer#stopProducing(): connectTimeOverTime produced 0 samples
2026-08-13 13:28:08,728 INFO o.a.j.r.p.AbstractSampleConsumer: class org.apache.jmeter.report.processor.graph.impl.LatencyOverTimeGraphConsumer#stopProducing(): latenciesOverTime produced 0 samples
2026-08-13 13:28:08,728 INFO o.a.j.r.p.AbstractSampleConsumer: class org.apache.jmeter.report.processor.FilterConsumer#stopProducing(): nameFilter produced 3962115 samples
2026-08-13 13:28:08,728 INFO o.a.j.r.p.AbstractSampleConsumer: class org.apache.jmeter.report.processor.FilterConsumer#stopProducing(): dateRangeFilter produced 792423 samples
2026-08-13 13:28:08,728 INFO o.a.j.r.p.AbstractSampleConsumer: class org.apache.jmeter.report.processor.NormalizerSampleConsumer#stopProducing(): normalizer produced 264141 samples
2026-08-13 13:28:08,729 INFO o.a.j.r.p.CsvFileSampleSource: produce(): 264141 samples produced in 5s 267 ms on channel 0
2026-08-13 13:28:08,729 INFO o.a.j.r.d.ReportGenerator: Exporting data using exporter:'json' of className:'org.apache.jmeter.report.dashboard.JsonExporter'
2026-08-13 13:28:08,769 INFO o.a.j.r.d.JsonExporter: Found data for consumer statisticsSummary in context
2026-08-13 13:28:08,769 INFO o.a.j.r.d.JsonExporter: Creating statistics for overall
2026-08-13 13:28:08,770 INFO o.a.j.r.d.JsonExporter: Creating statistics for other transactions
2026-08-13 13:28:08,770 INFO o.a.j.r.d.JsonExporter: Checking output folder
2026-08-13 13:28:08,770 INFO o.a.j.r.d.JsonExporter: Writing statistics JSON to /Users/macos/Documents/HK3_Nam3/kiem_thu/HW05-Performance-Testing/results/html/stress/statistics.json
2026-08-13 13:28:08,795 INFO o.a.j.r.d.ReportGenerator: Exporting data using exporter:'html' of className:'org.apache.jmeter.report.dashboard.HtmlTemplateExporter'
2026-08-13 13:28:08,799 INFO o.a.j.r.d.HtmlTemplateExporter: Will generate dashboard in folder: /Users/macos/Documents/HK3_Nam3/kiem_thu/HW05-Performance-Testing/results/html/stress
2026-08-13 13:28:08,892 INFO o.a.j.r.d.HtmlTemplateExporter: Report will be generated in: /Users/macos/Documents/HK3_Nam3/kiem_thu/HW05-Performance-Testing/results/html/stress, creating folder structure
2026-08-13 13:28:08,894 INFO o.a.j.r.d.TemplateVisitor: Copying folder from '/opt/homebrew/Cellar/jmeter/5.6.3/libexec/bin/report-template' to '/Users/macos/Documents/HK3_Nam3/kiem_thu/HW05-Performance-Testing/results/html/stress', got message: /Users/macos/Documents/HK3_Nam3/kiem_thu/HW05-Performance-Testing/results/html/stress, found non empty folder with following content [/Users/macos/Documents/HK3_Nam3/kiem_thu/HW05-Performance-Testing/results/html/stress/statistics.json], will be ignored
2026-08-13 13:28:09,049 INFO o.a.j.JMeter: Dashboard generated
